0<svg viewBox="-8 -4.5 16 9" xmlns="http://www.w3.org/2000/svg" xmlns:xlink="http://www.w3.org/1999/xlink" version="1.1" preserveAspectRatio="none"><g stroke-width="0.05" transform="scale(1, -1)"><g><g stroke-width="0" fill="#FFFFFF" transform="translate(-8, -4.5)" fill-opacity="1"><rect width="16" height="9" /></g><g stroke-width="0.1" stroke="#000000" fill-opacity="0"><g><path d="M0,0 Q1,1 2,0 Z" /></g></g></g></g></svg>
1<svg viewBox="-8 -4.5 16 9" xmlns="http://www.w3.org/2000/svg" xmlns:xlink="http://www.w3.org/1999/xlink" version="1.1" preserveAspectRatio="none"><g stroke-width="0.05" transform="scale(1, -1)"><g><g stroke-width="0" fill="#FFFFFF" transform="translate(-8, -4.5)" fill-opacity="1"><rect width="16" height="9" /></g><g stroke-width="0.1" stroke="#000000" fill-opacity="0"><g><g><path d="M2,0 L1.9375,0.067274 1.875,0.130208 1.8125,0.188802 1.75,0.243056 1.6875,0.292969 1.625,0.338542 1.5625,0.379774 1.5,0.416667 1.4375,0.449219 1.375,0.477431 1.3125,0.501302 1.25,0.520833 1.1875,0.536024 1.125,0.546875 1.0625,0.553385 1,0.555556 0.9375,0.553385 0.875,0.546875 0.8125,0.536024 0.75,0.520833 0.6875,0.501302 0.625,0.477431 0.5625,0.449219 0.5,0.416667 0.4375,0.379774 0.375,0.338542 0.3125,0.292969 0.25,0.243056 0.1875,0.188802 0.125,0.130208 0.0625,0.067274 0,0 Z" /></g></g></g></g></g></svg>
2<svg viewBox="-8 -4.5 16 9" xmlns="http://www.w3.org/2000/svg" xmlns:xlink="http://www.w3.org/1999/xlink" version="1.1" preserveAspectRatio="none"><g stroke-width="0.05" transform="scale(1, -1)"><g><g stroke-width="0" fill="#FFFFFF" transform="translate(-8, -4.5)" fill-opacity="1"><rect width="16" height="9" /></g><g stroke-width="0.1" stroke="#000000" fill-opacity="0"><g><g><path d="M2,0 L1.9375,0.074002 1.875,0.143229 1.8125,0.207682 1.75,0.267361 1.6875,0.322266 1.625,0.372396 1.5625,0.417752 1.5,0.458333 1.4375,0.494141 1.375,0.525174 1.3125,0.551432 1.25,0.572917 1.1875,0.589627 1.125,0.601563 1.0625,0.608724 1,0.611111 0.9375,0.608724 0.875,0.601563 0.8125,0.589627 0.75,0.572917 0.6875,0.551432 0.625,0.525174 0.5625,0.494141 0.5,0.458333 0.4375,0.417752 0.375,0.372396 0.3125,0.322266 0.25,0.267361 0.1875,0.207682 0.125,0.143229 0.0625,0.074002 0,0 Z" /></g></g></g></g></g></svg>
3<svg viewBox="-8 -4.5 16 9" xmlns="http://www.w3.org/2000/svg" xmlns:xlink="http://www.w3.org/1999/xlink" version="1.1" preserveAspectRatio="none"><g stroke-width="0.05" transform="scale(1, -1)"><g><g stroke-width="0" fill="#FFFFFF" transform="translate(-8, -4.5)" fill-opacity="1"><rect width="16" height="9" /></g><g stroke-width="0.1" stroke="#000000" fill-opacity="0"><g><g><path d="M2,0 L1.9375,0.080729 1.875,0.15625 1.8125,0.226563 1.75,0.291667 1.6875,0.351563 1.625,0.40625 1.5625,0.455729 1.5,0.5 1.4375,0.539063 1.375,0.572917 1.3125,0.601563 1.25,0.625 1.1875,0.643229 1.125,0.65625 1.0625,0.664063 1,0.666667 0.9375,0.664063 0.875,0.65625 0.8125,0.643229 0.75,0.625 0.6875,0.601563 0.625,0.572917 0.5625,0.539063 0.5,0.5 0.4375,0.455729 0.375,0.40625 0.3125,0.351563 0.25,0.291667 0.1875,0.226563 0.125,0.15625 0.0625,0.080729 0,0 Z" /></g></g></g></g></g></svg>
4<svg viewBox="-8 -4.5 16 9" xmlns="http://www.w3.org/2000/svg" xmlns:xlink="http://www.w3.org/1999/xlink" version="1.1" preserveAspectRatio="none"><g stroke-width="0.05" transform="scale(1, -1)"><g><g stroke-width="0" fill="#FFFFFF" transform="translate(-8, -4.5)" fill-opacity="1"><rect width="16" height="9" /></g><g stroke-width="0.1" stroke="#000000" fill-opacity="0"><g><g><path d="M2,0 L1.9375,0.087457 1.875,0.169271 1.8125,0.245443 1.75,0.315972 1.6875,0.380859 1.625,0.440104 1.5625,0.493707 1.5,0.541667 1.4375,0.583984 1.375,0.62066 1.3125,0.651693 1.25,0.677083 1.1875,0.696832 1.125,0.710938 1.0625,0.719401 1,0.722222 0.9375,0.719401 0.875,0.710938 0.8125,0.696832 0.75,0.677083 0.6875,0.651693 0.625,0.62066 0.5625,0.583984 0.5,0.541667 0.4375,0.493707 0.375,0.440104 0.3125,0.380859 0.25,0.315972 0.1875,0.245443 0.125,0.169271 0.0625,0.087457 0,0 Z" /></g></g></g></g></g></svg>
5<svg viewBox="-8 -4.5 16 9" xmlns="http://www.w3.org/2000/svg" xmlns:xlink="http://www.w3.org/1999/xlink" version="1.1" preserveAspectRatio="none"><g stroke-width="0.05" transform="scale(1, -1)"><g><g stroke-width="0" fill="#FFFFFF" transform="translate(-8, -4.5)" fill-opacity="1"><rect width="16" height="9" /></g><g stroke-width="0.1" stroke="#000000" fill-opacity="0"><g><g><path d="M2,0 L1.9375,0.094184 1.875,0.182292 1.8125,0.264323 1.75,0.340278 1.6875,0.410156 1.625,0.473958 1.5625,0.531684 1.5,0.583333 1.4375,0.628906 1.375,0.668403 1.3125,0.701823 1.25,0.729167 1.1875,0.750434 1.125,0.765625 1.0625,0.77474 1,0.777778 0.9375,0.77474 0.875,0.765625 0.8125,0.750434 0.75,0.729167 0.6875,0.701823 0.625,0.668403 0.5625,0.628906 0.5,0.583333 0.4375,0.531684 0.375,0.473958 0.3125,0.410156 0.25,0.340278 0.1875,0.264323 0.125,0.182292 0.0625,0.094184 0,0 Z" /></g></g></g></g></g></svg>
6<svg viewBox="-8 -4.5 16 9" xmlns="http://www.w3.org/2000/svg" xmlns:xlink="http://www.w3.org/1999/xlink" version="1.1" preserveAspectRatio="none"><g stroke-width="0.05" transform="scale(1, -1)"><g><g stroke-width="0" fill="#FFFFFF" transform="translate(-8, -4.5)" fill-opacity="1"><rect width="16" height="9" /></g><g stroke-width="0.1" stroke="#000000" fill-opacity="0"><g><g><path d="M2,0 L1.9375,0.100911 1.875,0.195312 1.8125,0.283203 1.75,0.364583 1.6875,0.439453 1.625,0.507813 1.5625,0.569661 1.5,0.625 1.4375,0.673828 1.375,0.716146 1.3125,0.751953 1.25,0.78125 1.1875,0.804036 1.125,0.820313 1.0625,0.830078 1,0.833333 0.9375,0.830078 0.875,0.820313 0.8125,0.804036 0.75,0.78125 0.6875,0.751953 0.625,0.716146 0.5625,0.673828 0.5,0.625 0.4375,0.569661 0.375,0.507813 0.3125,0.439453 0.25,0.364583 0.1875,0.283203 0.125,0.195312 0.0625,0.100911 0,0 Z" /></g></g></g></g></g></svg>
7<svg viewBox="-8 -4.5 16 9" xmlns="http://www.w3.org/2000/svg" xmlns:xlink="http://www.w3.org/1999/xlink" version="1.1" preserveAspectRatio="none"><g stroke-width="0.05" transform="scale(1, -1)"><g><g stroke-width="0" fill="#FFFFFF" transform="translate(-8, -4.5)" fill-opacity="1"><rect width="16" height="9" /></g><g stroke-width="0.1" stroke="#000000" fill-opacity="0"><g><g><path d="M2,0 L1.9375,0.107639 1.875,0.208333 1.8125,0.302083 1.75,0.388889 1.6875,0.46875 1.625,0.541667 1.5625,0.607639 1.5,0.666667 1.4375,0.71875 1.375,0.763889 1.3125,0.802083 1.25,0.833333 1.1875,0.857639 1.125,0.875 1.0625,0.885417 1,0.888889 0.9375,0.885417 0.875,0.875 0.8125,0.857639 0.75,0.833333 0.6875,0.802083 0.625,0.763889 0.5625,0.71875 0.5,0.666667 0.4375,0.607639 0.375,0.541667 0.3125,0.46875 0.25,0.388889 0.1875,0.302083 0.125,0.208333 0.0625,0.107639 0,0 Z" /></g></g></g></g></g></svg>
8<svg viewBox="-8 -4.5 16 9" xmlns="http://www.w3.org/2000/svg" xmlns:xlink="http://www.w3.org/1999/xlink" version="1.1" preserveAspectRatio="none"><g stroke-width="0.05" transform="scale(1, -1)"><g><g stroke-width="0" fill="#FFFFFF" transform="translate(-8, -4.5)" fill-opacity="1"><rect width="16" height="9" /></g><g stroke-width="0.1" stroke="#000000" fill-opacity="0"><g><g><path d="M2,0 L1.9375,0.114366 1.875,0.221354 1.8125,0.320964 1.75,0.413194 1.6875,0.498047 1.625,0.575521 1.5625,0.645616 1.5,0.708333 1.4375,0.763672 1.375,0.811632 1.3125,0.852214 1.25,0.885417 1.1875,0.911241 1.125,0.929688 1.0625,0.940755 1,0.944444 0.9375,0.940755 0.875,0.929688 0.8125,0.911241 0.75,0.885417 0.6875,0.852214 0.625,0.811632 0.5625,0.763672 0.5,0.708333 0.4375,0.645616 0.375,0.575521 0.3125,0.498047 0.25,0.413194 0.1875,0.320964 0.125,0.221354 0.0625,0.114366 0,0 Z" /></g></g></g></g></g></svg>
9<svg viewBox="-8 -4.5 16 9" xmlns="http://www.w3.org/2000/svg" xmlns:xlink="http://www.w3.org/1999/xlink" version="1.1" preserveAspectRatio="none"><g stroke-width="0.05" transform="scale(1, -1)"><g><g stroke-width="0" fill="#FFFFFF" transform="translate(-8, -4.5)" fill-opacity="1"><rect width="16" height="9" /></g><g stroke-width="0.1" stroke="#000000" fill-opacity="0"><g><path d="M0,0 Q1,2 2,0 Z" /></g></g></g></g></svg>
