0<svg viewBox="-8 -4.5 16 9" xmlns="http://www.w3.org/2000/svg" xmlns:xlink="http://www.w3.org/1999/xlink" version="1.1" preserveAspectRatio="none"><g stroke-width="0.05" transform="scale(1, -1)"><g><g stroke-width="0" fill="#FFFFFF" transform="translate(-8, -4.5)" fill-opacity="1"><rect width="16" height="9" /></g><g stroke-width="0.1" stroke="#000000" fill-opacity="0"><g transform="translate(0, 0)"><g transform="scale(0.0625, 9)"><g transform="scale(1, -1)"><image width="256" height="1" x="-128" y="-0.5" xlink:href="data:image/png;base64,iVBORw0KGgoAAAANSUhEUgAAAQAAAAABCAIAAAC+O+cgAAADDElEQVR4nAEBA/78AAAgUQAhUwAiVQAjVgAjWAAkWQAlWgAlXAAmXQAnXgAnXwAoYAApYQApYgAqYwArZAErZQIsZQMtZgQtZwUuZwUvaAYwaQcwaQgxagkyagsyagwzaw00aw40aw81bBA2bBI3bBM3bRQ4bRU5bRc5bRg6bRk7bRo7bRw8bh09bh4+biA+biE/biNAbiRAbiVBbidCbihDbilDbitEbixFbi5Fbi9GbjBHbjJIbjNIbjRJbjZKbjdKbjlLbjpMbjtNbj1Nbj5Obj9PbkFPbkJQbkNRbURSbUZSbUdTbUhUbUpUbUtVbUxWbU1XbU5XblBYblFZblJZblNablRbblZcbldcblhdblleblpebltfblxgbl1hbl5hbmBibmFjb2Jkb2Nkb2Rlb2Vmb2Zmb2dnb2hocGlpcGppcGtqcGxrcG1scG1scW5tcW9ucXBvcXFvcXJwcXNxcnRxcnVycnZzcnZ0cnd0c3h1c3l2c3p3c3t3dHt4dHx5dH16dH56dH97dYB8dYB9dYF9dYJ+dYN/doSAdoWAdoWBdoaCdoeDdoiEd4mEd4mFd4qGd4uHd4yHd42Id46JeI6KeI+KeJCLeJGMeJKNeJOOeJOOeJSPeJWQeJaReJeSeJiSeJmTeJqUeJuVeJuWeJyWeJ2XeJ6YeJ+ZeKCaeKGaeKKbeKOceKSdeKWed6aed6efd6igd6mhd6qidqujdqyjdq2kdq6lda+mdbCndbKodLOodLSpdLWqc7arc7escritcrqucruucbyvcb2wcL6xcL+yb8Gzb8K0bsO1bcS1bcW2bMe3bMi4a8m5asq6asy7ac28aM68aM+9Z9G+ZtK/ZtPAZdTBZNbCY9fDY9jEYtnFYdvGYNzGYN3HX97IXuDJXeHKXOLLXOPMW+TNWubOWefPWOjQWOnRV+rSVuvTVezUVO3UU+7VU/DWUvHXUfHYUPLZUPPaT/TbTvXcTfbdTffeTPjfS/jgS/nhSvriSfrjSfvkSPvlSPzmR/znRv3oRv3pRv3qRZkLZWrPPw90AAAAAElFTkSuQmCC" /></g></g></g></g></g></g></svg>
1<svg viewBox="-8 -4.5 16 9" xmlns="http://www.w3.org/2000/svg" xmlns:xlink="http://www.w3.org/1999/xlink" version="1.1" preserveAspectRatio="none"><g stroke-width="0.05" transform="scale(1, -1)"><g><g stroke-width="0" fill="#FFFFFF" transform="translate(-8, -4.5)" fill-opacity="1"><rect width="16" height="9" /></g><g stroke-width="0.1" stroke="#000000" fill-opacity="0"><g transform="translate(0, 0)"><g transform="scale(0.0625, 9)"><g transform="scale(1, -1)"><image width="256" height="1" x="-128" y="-0.5" xlink:href="data:image/png;base64,iVBORw0KGgoAAAANSUhEUgAAAQAAAAABCAIAAAC+O+cgAAADDElEQVR4nAEBA/78AAAgUQAhUwAiVQAjVgAjWAAkWQAlWgAlXAAmXQAnXgAnXwAoYAApYQApYgAqYwArZAErZQIsZQMtZgQtZwUuZwUvaAYwaQcwaQgxagkyagsyagwzaw00aw40aw81bBA2bBI3bBM3bRQ4bRU5bRc5bRg6bRk7bRo7bRw8bh09bh4+biA+biE/biNAbiRAbiVBbidCbihDbilDbitEbixFbi5Fbi9GbjBHbjJIbjNIbjRJbjZKbjdKbjlLbjpMbjtNbj1Nbj5Obj9PbkFPbkJQbkNRbURSbUZSbUdTbUhUbUpUbUtVbUxWbU1XbU5XblBYblFZblJZblNablRbblZcbldcblhdblleblpebltfblxgbl1hbl5hbmBibmFjb2Jkb2Nkb2Rlb2Vmb2Zmb2dnb2hocGlpcGppcGtqcGxrcG1scG1scW5tcW9ucXBvcXFvcXJwcXNxcnRxcnVycnZzcnZ0cnd0c3h1c3l2c3p3c3t3dHt4dHx5dH16dH56dH97dYB8dYB9dYF9dYJ+dYN/doSAdoWAdoWBdoaCdoeDdoiEd4mEd4mFd4qGd4uHd4yHd42Id46JeI6KeI+KeJCLeJGMeJKNeJOOeJOOeJSPeJWQeJaReJeSeJiSeJmTeJqUeJuVeJuWeJyWeJ2XeJ6YeJ+ZeKCaeKGaeKKbeKOceKSdeKWed6aed6efd6igd6mhd6qidqujdqyjdq2kdq6lda+mdbCndbKodLOodLSpdLWqc7arc7escritcrqucruucbyvcb2wcL6xcL+yb8Gzb8K0bsO1bcS1bcW2bMe3bMi4a8m5asq6asy7ac28aM68aM+9Z9G+ZtK/ZtPAZdTBZNbCY9fDY9jEYtnFYdvGYNzGYN3HX97IXuDJXeHKXOLLXOPMW+TNWubOWefPWOjQWOnRV+rSVuvTVezUVO3UU+7VU/DWUvHXUfHYUPLZUPPaT/TbTvXcTfbdTffeTPjfS/jgS/nhSvriSfrjSfvkSPvlSPzmR/znRv3oRv3pRv3qRZkLZWrPPw90AAAAAElFTkSuQmCC" /></g></g></g></g></g></g></svg>
2<svg viewBox="-8 -4.5 16 9" xmlns="http://www.w3.org/2000/svg" xmlns:xlink="http://www.w3.org/1999/xlink" version="1.1" preserveAspectRatio="none"><g stroke-width="0.05" transform="scale(1, -1)"><g><g stroke-width="0" fill="#FFFFFF" transform="translate(-8, -4.5)" fill-opacity="1"><rect width="16" height="9" /></g><g stroke-width="0.1" stroke="#000000" fill-opacity="0"><g transform="translate(0, 0)"><g transform="scale(0.0625, 9)"><g transform="scale(1, -1)"><image width="256" height="1" x="-128" y="-0.5" xlink:href="data:image/png;base64,iVBORw0KGgoAAAANSUhEUgAAAQAAAAABCAIAAAC+O+cgAAADDElEQVR4nAEBA/78AAAgUQAhUwAiVQAjVgAjWAAkWQAlWgAlXAAmXQAnXgAnXwAoYAApYQApYgAqYwArZAErZQIsZQMtZgQtZwUuZwUvaAYwaQcwaQgxagkyagsyagwzaw00aw40aw81bBA2bBI3bBM3bRQ4bRU5bRc5bRg6bRk7bRo7bRw8bh09bh4+biA+biE/biNAbiRAbiVBbidCbihDbilDbitEbixFbi5Fbi9GbjBHbjJIbjNIbjRJbjZKbjdKbjlLbjpMbjtNbj1Nbj5Obj9PbkFPbkJQbkNRbURSbUZSbUdTbUhUbUpUbUtVbUxWbU1XbU5XblBYblFZblJZblNablRbblZcbldcblhdblleblpebltfblxgbl1hbl5hbmBibmFjb2Jkb2Nkb2Rlb2Vmb2Zmb2dnb2hocGlpcGppcGtqcGxrcG1scG1scW5tcW9ucXBvcXFvcXJwcXNxcnRxcnVycnZzcnZ0cnd0c3h1c3l2c3p3c3t3dHt4dHx5dH16dH56dH97dYB8dYB9dYF9dYJ+dYN/doSAdoWAdoWBdoaCdoeDdoiEd4mEd4mFd4qGd4uHd4yHd42Id46JeI6KeI+KeJCLeJGMeJKNeJOOeJOOeJSPeJWQeJaReJeSeJiSeJmTeJqUeJuVeJuWeJyWeJ2XeJ6YeJ+ZeKCaeKGaeKKbeKOceKSdeKWed6aed6efd6igd6mhd6qidqujdqyjdq2kdq6lda+mdbCndbKodLOodLSpdLWqc7arc7escritcrqucruucbyvcb2wcL6xcL+yb8Gzb8K0bsO1bcS1bcW2bMe3bMi4a8m5asq6asy7ac28aM68aM+9Z9G+ZtK/ZtPAZdTBZNbCY9fDY9jEYtnFYdvGYNzGYN3HX97IXuDJXeHKXOLLXOPMW+TNWubOWefPWOjQWOnRV+rSVuvTVezUVO3UU+7VU/DWUvHXUfHYUPLZUPPaT/TbTvXcTfbdTffeTPjfS/jgS/nhSvriSfrjSfvkSPvlSPzmR/znRv3oRv3pRv3qRZkLZWrPPw90AAAAAElFTkSuQmCC" /></g></g></g></g></g></g></svg>
3<svg viewBox="-8 -4.5 16 9" xmlns="http://www.w3.org/2000/svg" xmlns:xlink="http://www.w3.org/1999/xlink" version="1.1" preserveAspectRatio="none"><g stroke-width="0.05" transform="scale(1, -1)"><g><g stroke-width="0" fill="#FFFFFF" transform="translate(-8, -4.5)" fill-opacity="1"><rect width="16" height="9" /></g><g stroke-width="0.1" stroke="#000000" fill-opacity="0"><g transform="translate(0, 0)"><g transform="scale(0.0625, 9)"><g transform="scale(1, -1)"><image width="256" height="1" x="-128" y="-0.5" xlink:href="data:image/png;base64,iVBORw0KGgoAAAANSUhEUgAAAQAAAAABCAIAAAC+O+cgAAADDElEQVR4nAEBA/78AAAgUQAhUwAiVQAjVgAjWAAkWQAlWgAlXAAmXQAnXgAnXwAoYAApYQApYgAqYwArZAErZQIsZQMtZgQtZwUuZwUvaAYwaQcwaQgxagkyagsyagwzaw00aw40aw81bBA2bBI3bBM3bRQ4bRU5bRc5bRg6bRk7bRo7bRw8bh09bh4+biA+biE/biNAbiRAbiVBbidCbihDbilDbitEbixFbi5Fbi9GbjBHbjJIbjNIbjRJbjZKbjdKbjlLbjpMbjtNbj1Nbj5Obj9PbkFPbkJQbkNRbURSbUZSbUdTbUhUbUpUbUtVbUxWbU1XbU5XblBYblFZblJZblNablRbblZcbldcblhdblleblpebltfblxgbl1hbl5hbmBibmFjb2Jkb2Nkb2Rlb2Vmb2Zmb2dnb2hocGlpcGppcGtqcGxrcG1scG1scW5tcW9ucXBvcXFvcXJwcXNxcnRxcnVycnZzcnZ0cnd0c3h1c3l2c3p3c3t3dHt4dHx5dH16dH56dH97dYB8dYB9dYF9dYJ+dYN/doSAdoWAdoWBdoaCdoeDdoiEd4mEd4mFd4qGd4uHd4yHd42Id46JeI6KeI+KeJCLeJGMeJKNeJOOeJOOeJSPeJWQeJaReJeSeJiSeJmTeJqUeJuVeJuWeJyWeJ2XeJ6YeJ+ZeKCaeKGaeKKbeKOceKSdeKWed6aed6efd6igd6mhd6qidqujdqyjdq2kdq6lda+mdbCndbKodLOodLSpdLWqc7arc7escritcrqucruucbyvcb2wcL6xcL+yb8Gzb8K0bsO1bcS1bcW2bMe3bMi4a8m5asq6asy7ac28aM68aM+9Z9G+ZtK/ZtPAZdTBZNbCY9fDY9jEYtnFYdvGYNzGYN3HX97IXuDJXeHKXOLLXOPMW+TNWubOWefPWOjQWOnRV+rSVuvTVezUVO3UU+7VU/DWUvHXUfHYUPLZUPPaT/TbTvXcTfbdTffeTPjfS/jgS/nhSvriSfrjSfvkSPvlSPzmR/znRv3oRv3pRv3qRZkLZWrPPw90AAAAAElFTkSuQmCC" /></g></g></g></g></g></g></svg>
4<svg viewBox="-8 -4.5 16 9" xmlns="http://www.w3.org/2000/svg" xmlns:xlink="http://www.w3.org/1999/xlink" version="1.1" preserveAspectRatio="none"><g stroke-width="0.05" transform="scale(1, -1)"><g><g stroke-width="0" fill="#FFFFFF" transform="translate(-8, -4.5)" fill-opacity="1"><rect width="16" height="9" /></g><g stroke-width="0.1" stroke="#000000" fill-opacity="0"><g transform="translate(0, 0)"><g transform="scale(0.0625, 9)"><g transform="scale(1, -1)"><image width="256" height="1" x="-128" y="-0.5" xlink:href="data:image/png;base64,iVBORw0KGgoAAAANSUhEUgAAAQAAAAABCAIAAAC+O+cgAAADDElEQVR4nAEBA/78AAAgUQAhUwAiVQAjVgAjWAAkWQAlWgAlXAAmXQAnXgAnXwAoYAApYQApYgAqYwArZAErZQIsZQMtZgQtZwUuZwUvaAYwaQcwaQgxagkyagsyagwzaw00aw40aw81bBA2bBI3bBM3bRQ4bRU5bRc5bRg6bRk7bRo7bRw8bh09bh4+biA+biE/biNAbiRAbiVBbidCbihDbilDbitEbixFbi5Fbi9GbjBHbjJIbjNIbjRJbjZKbjdKbjlLbjpMbjtNbj1Nbj5Obj9PbkFPbkJQbkNRbURSbUZSbUdTbUhUbUpUbUtVbUxWbU1XbU5XblBYblFZblJZblNablRbblZcbldcblhdblleblpebltfblxgbl1hbl5hbmBibmFjb2Jkb2Nkb2Rlb2Vmb2Zmb2dnb2hocGlpcGppcGtqcGxrcG1scG1scW5tcW9ucXBvcXFvcXJwcXNxcnRxcnVycnZzcnZ0cnd0c3h1c3l2c3p3c3t3dHt4dHx5dH16dH56dH97dYB8dYB9dYF9dYJ+dYN/doSAdoWAdoWBdoaCdoeDdoiEd4mEd4mFd4qGd4uHd4yHd42Id46JeI6KeI+KeJCLeJGMeJKNeJOOeJOOeJSPeJWQeJaReJeSeJiSeJmTeJqUeJuVeJuWeJyWeJ2XeJ6YeJ+ZeKCaeKGaeKKbeKOceKSdeKWed6aed6efd6igd6mhd6qidqujdqyjdq2kdq6lda+mdbCndbKodLOodLSpdLWqc7arc7escritcrqucruucbyvcb2wcL6xcL+yb8Gzb8K0bsO1bcS1bcW2bMe3bMi4a8m5asq6asy7ac28aM68aM+9Z9G+ZtK/ZtPAZdTBZNbCY9fDY9jEYtnFYdvGYNzGYN3HX97IXuDJXeHKXOLLXOPMW+TNWubOWefPWOjQWOnRV+rSVuvTVezUVO3UU+7VU/DWUvHXUfHYUPLZUPPaT/TbTvXcTfbdTffeTPjfS/jgS/nhSvriSfrjSfvkSPvlSPzmR/znRv3oRv3pRv3qRZkLZWrPPw90AAAAAElFTkSuQmCC" /></g></g></g></g></g></g></svg>
5<svg viewBox="-8 -4.5 16 9" xmlns="http://www.w3.org/2000/svg" xmlns:xlink="http://www.w3.org/1999/xlink" version="1.1" preserveAspectRatio="none"><g stroke-width="0.05" transform="scale(1, -1)"><g><g stroke-width="0" fill="#FFFFFF" transform="translate(-8, -4.5)" fill-opacity="1"><rect width="16" height="9" /></g><g stroke-width="0.1" stroke="#000000" fill-opacity="0"><g transform="translate(0, 0)"><g transform="scale(0.0625, 9)"><g transform="scale(1, -1)"><image width="256" height="1" x="-128" y="-0.5" xlink:href="data:image/png;base64,iVBORw0KGgoAAAANSUhEUgAAAQAAAAABCAIAAAC+O+cgAAADDElEQVR4nAEBA/78AAAgUQAhUwAiVQAjVgAjWAAkWQAlWgAlXAAmXQAnXgAnXwAoYAApYQApYgAqYwArZAErZQIsZQMtZgQtZwUuZwUvaAYwaQcwaQgxagkyagsyagwzaw00aw40aw81bBA2bBI3bBM3bRQ4bRU5bRc5bRg6bRk7bRo7bRw8bh09bh4+biA+biE/biNAbiRAbiVBbidCbihDbilDbitEbixFbi5Fbi9GbjBHbjJIbjNIbjRJbjZKbjdKbjlLbjpMbjtNbj1Nbj5Obj9PbkFPbkJQbkNRbURSbUZSbUdTbUhUbUpUbUtVbUxWbU1XbU5XblBYblFZblJZblNablRbblZcbldcblhdblleblpebltfblxgbl1hbl5hbmBibmFjb2Jkb2Nkb2Rlb2Vmb2Zmb2dnb2hocGlpcGppcGtqcGxrcG1scG1scW5tcW9ucXBvcXFvcXJwcXNxcnRxcnVycnZzcnZ0cnd0c3h1c3l2c3p3c3t3dHt4dHx5dH16dH56dH97dYB8dYB9dYF9dYJ+dYN/doSAdoWAdoWBdoaCdoeDdoiEd4mEd4mFd4qGd4uHd4yHd42Id46JeI6KeI+KeJCLeJGMeJKNeJOOeJOOeJSPeJWQeJaReJeSeJiSeJmTeJqUeJuVeJuWeJyWeJ2XeJ6YeJ+ZeKCaeKGaeKKbeKOceKSdeKWed6aed6efd6igd6mhd6qidqujdqyjdq2kdq6lda+mdbCndbKodLOodLSpdLWqc7arc7escritcrqucruucbyvcb2wcL6xcL+yb8Gzb8K0bsO1bcS1bcW2bMe3bMi4a8m5asq6asy7ac28aM68aM+9Z9G+ZtK/ZtPAZdTBZNbCY9fDY9jEYtnFYdvGYNzGYN3HX97IXuDJXeHKXOLLXOPMW+TNWubOWefPWOjQWOnRV+rSVuvTVezUVO3UU+7VU/DWUvHXUfHYUPLZUPPaT/TbTvXcTfbdTffeTPjfS/jgS/nhSvriSfrjSfvkSPvlSPzmR/znRv3oRv3pRv3qRZkLZWrPPw90AAAAAElFTkSuQmCC" /></g></g></g></g></g></g></svg>
6<svg viewBox="-8 -4.5 16 9" xmlns="http://www.w3.org/2000/svg" xmlns:xlink="http://www.w3.org/1999/xlink" version="1.1" preserveAspectRatio="none"><g stroke-width="0.05" transform="scale(1, -1)"><g><g stroke-width="0" fill="#FFFFFF" transform="translate(-8, -4.5)" fill-opacity="1"><rect width="16" height="9" /></g><g stroke-width="0.1" stroke="#000000" fill-opacity="0"><g transform="translate(0, 0)"><g transform="scale(0.0625, 9)"><g transform="scale(1, -1)"><image width="256" height="1" x="-128" y="-0.5" xlink:href="data:image/png;base64,iVBORw0KGgoAAAANSUhEUgAAAQAAAAABCAIAAAC+O+cgAAADDElEQVR4nAEBA/78AAAgUQAhUwAiVQAjVgAjWAAkWQAlWgAlXAAmXQAnXgAnXwAoYAApYQApYgAqYwArZAErZQIsZQMtZgQtZwUuZwUvaAYwaQcwaQgxagkyagsyagwzaw00aw40aw81bBA2bBI3bBM3bRQ4bRU5bRc5bRg6bRk7bRo7bRw8bh09bh4+biA+biE/biNAbiRAbiVBbidCbihDbilDbitEbixFbi5Fbi9GbjBHbjJIbjNIbjRJbjZKbjdKbjlLbjpMbjtNbj1Nbj5Obj9PbkFPbkJQbkNRbURSbUZSbUdTbUhUbUpUbUtVbUxWbU1XbU5XblBYblFZblJZblNablRbblZcbldcblhdblleblpebltfblxgbl1hbl5hbmBibmFjb2Jkb2Nkb2Rlb2Vmb2Zmb2dnb2hocGlpcGppcGtqcGxrcG1scG1scW5tcW9ucXBvcXFvcXJwcXNxcnRxcnVycnZzcnZ0cnd0c3h1c3l2c3p3c3t3dHt4dHx5dH16dH56dH97dYB8dYB9dYF9dYJ+dYN/doSAdoWAdoWBdoaCdoeDdoiEd4mEd4mFd4qGd4uHd4yHd42Id46JeI6KeI+KeJCLeJGMeJKNeJOOeJOOeJSPeJWQeJaReJeSeJiSeJmTeJqUeJuVeJuWeJyWeJ2XeJ6YeJ+ZeKCaeKGaeKKbeKOceKSdeKWed6aed6efd6igd6mhd6qidqujdqyjdq2kdq6lda+mdbCndbKodLOodLSpdLWqc7arc7escritcrqucruucbyvcb2wcL6xcL+yb8Gzb8K0bsO1bcS1bcW2bMe3bMi4a8m5asq6asy7ac28aM68aM+9Z9G+ZtK/ZtPAZdTBZNbCY9fDY9jEYtnFYdvGYNzGYN3HX97IXuDJXeHKXOLLXOPMW+TNWubOWefPWOjQWOnRV+rSVuvTVezUVO3UU+7VU/DWUvHXUfHYUPLZUPPaT/TbTvXcTfbdTffeTPjfS/jgS/nhSvriSfrjSfvkSPvlSPzmR/znRv3oRv3pRv3qRZkLZWrPPw90AAAAAElFTkSuQmCC" /></g></g></g></g></g></g></svg>
7<svg viewBox="-8 -4.5 16 9" xmlns="http://www.w3.org/2000/svg" xmlns:xlink="http://www.w3.org/1999/xlink" version="1.1" preserveAspectRatio="none"><g stroke-width="0.05" transform="scale(1, -1)"><g><g stroke-width="0" fill="#FFFFFF" transform="translate(-8, -4.5)" fill-opacity="1"><rect width="16" height="9" /></g><g stroke-width="0.1" stroke="#000000" fill-opacity="0"><g transform="translate(0, 0)"><g transform="scale(0.0625, 9)"><g transform="scale(1, -1)"><image width="256" height="1" x="-128" y="-0.5" xlink:href="data:image/png;base64,iVBORw0KGgoAAAANSUhEUgAAAQAAAAABCAIAAAC+O+cgAAADDElEQVR4nAEBA/78AAAgUQAhUwAiVQAjVgAjWAAkWQAlWgAlXAAmXQAnXgAnXwAoYAApYQApYgAqYwArZAErZQIsZQMtZgQtZwUuZwUvaAYwaQcwaQgxagkyagsyagwzaw00aw40aw81bBA2bBI3bBM3bRQ4bRU5bRc5bRg6bRk7bRo7bRw8bh09bh4+biA+biE/biNAbiRAbiVBbidCbihDbilDbitEbixFbi5Fbi9GbjBHbjJIbjNIbjRJbjZKbjdKbjlLbjpMbjtNbj1Nbj5Obj9PbkFPbkJQbkNRbURSbUZSbUdTbUhUbUpUbUtVbUxWbU1XbU5XblBYblFZblJZblNablRbblZcbldcblhdblleblpebltfblxgbl1hbl5hbmBibmFjb2Jkb2Nkb2Rlb2Vmb2Zmb2dnb2hocGlpcGppcGtqcGxrcG1scG1scW5tcW9ucXBvcXFvcXJwcXNxcnRxcnVycnZzcnZ0cnd0c3h1c3l2c3p3c3t3dHt4dHx5dH16dH56dH97dYB8dYB9dYF9dYJ+dYN/doSAdoWAdoWBdoaCdoeDdoiEd4mEd4mFd4qGd4uHd4yHd42Id46JeI6KeI+KeJCLeJGMeJKNeJOOeJOOeJSPeJWQeJaReJeSeJiSeJmTeJqUeJuVeJuWeJyWeJ2XeJ6YeJ+ZeKCaeKGaeKKbeKOceKSdeKWed6aed6efd6igd6mhd6qidqujdqyjdq2kdq6lda+mdbCndbKodLOodLSpdLWqc7arc7escritcrqucruucbyvcb2wcL6xcL+yb8Gzb8K0bsO1bcS1bcW2bMe3bMi4a8m5asq6asy7ac28aM68aM+9Z9G+ZtK/ZtPAZdTBZNbCY9fDY9jEYtnFYdvGYNzGYN3HX97IXuDJXeHKXOLLXOPMW+TNWubOWefPWOjQWOnRV+rSVuvTVezUVO3UU+7VU/DWUvHXUfHYUPLZUPPaT/TbTvXcTfbdTffeTPjfS/jgS/nhSvriSfrjSfvkSPvlSPzmR/znRv3oRv3pRv3qRZkLZWrPPw90AAAAAElFTkSuQmCC" /></g></g></g></g></g></g></svg>
8<svg viewBox="-8 -4.5 16 9" xmlns="http://www.w3.org/2000/svg" xmlns:xlink="http://www.w3.org/1999/xlink" version="1.1" preserveAspectRatio="none"><g stroke-width="0.05" transform="scale(1, -1)"><g><g stroke-width="0" fill="#FFFFFF" transform="translate(-8, -4.5)" fill-opacity="1"><rect width="16" height="9" /></g><g stroke-width="0.1" stroke="#000000" fill-opacity="0"><g transform="translate(0, 0)"><g transform="scale(0.0625, 9)"><g transform="scale(1, -1)"><image width="256" height="1" x="-128" y="-0.5" xlink:href="data:image/png;base64,iVBORw0KGgoAAAANSUhEUgAAAQAAAAABCAIAAAC+O+cgAAADDElEQVR4nAEBA/78AAAgUQAhUwAiVQAjVgAjWAAkWQAlWgAlXAAmXQAnXgAnXwAoYAApYQApYgAqYwArZAErZQIsZQMtZgQtZwUuZwUvaAYwaQcwaQgxagkyagsyagwzaw00aw40aw81bBA2bBI3bBM3bRQ4bRU5bRc5bRg6bRk7bRo7bRw8bh09bh4+biA+biE/biNAbiRAbiVBbidCbihDbilDbitEbixFbi5Fbi9GbjBHbjJIbjNIbjRJbjZKbjdKbjlLbjpMbjtNbj1Nbj5Obj9PbkFPbkJQbkNRbURSbUZSbUdTbUhUbUpUbUtVbUxWbU1XbU5XblBYblFZblJZblNablRbblZcbldcblhdblleblpebltfblxgbl1hbl5hbmBibmFjb2Jkb2Nkb2Rlb2Vmb2Zmb2dnb2hocGlpcGppcGtqcGxrcG1scG1scW5tcW9ucXBvcXFvcXJwcXNxcnRxcnVycnZzcnZ0cnd0c3h1c3l2c3p3c3t3dHt4dHx5dH16dH56dH97dYB8dYB9dYF9dYJ+dYN/doSAdoWAdoWBdoaCdoeDdoiEd4mEd4mFd4qGd4uHd4yHd42Id46JeI6KeI+KeJCLeJGMeJKNeJOOeJOOeJSPeJWQeJaReJeSeJiSeJmTeJqUeJuVeJuWeJyWeJ2XeJ6YeJ+ZeKCaeKGaeKKbeKOceKSdeKWed6aed6efd6igd6mhd6qidqujdqyjdq2kdq6lda+mdbCndbKodLOodLSpdLWqc7arc7escritcrqucruucbyvcb2wcL6xcL+yb8Gzb8K0bsO1bcS1bcW2bMe3bMi4a8m5asq6asy7ac28aM68aM+9Z9G+ZtK/ZtPAZdTBZNbCY9fDY9jEYtnFYdvGYNzGYN3HX97IXuDJXeHKXOLLXOPMW+TNWubOWefPWOjQWOnRV+rSVuvTVezUVO3UU+7VU/DWUvHXUfHYUPLZUPPaT/TbTvXcTfbdTffeTPjfS/jgS/nhSvriSfrjSfvkSPvlSPzmR/znRv3oRv3pRv3qRZkLZWrPPw90AAAAAElFTkSuQmCC" /></g></g></g></g></g></g></svg>
9<svg viewBox="-8 -4.5 16 9" xmlns="http://www.w3.org/2000/svg" xmlns:xlink="http://www.w3.org/1999/xlink" version="1.1" preserveAspectRatio="none"><g stroke-width="0.05" transform="scale(1, -1)"><g><g stroke-width="0" fill="#FFFFFF" transform="translate(-8, -4.5)" fill-opacity="1"><rect width="16" height="9" /></g><g stroke-width="0.1" stroke="#000000" fill-opacity="0"><g transform="translate(0, 0)"><g transform="scale(0.0625, 9)"><g transform="scale(1, -1)"><image width="256" height="1" x="-128" y="-0.5" xlink:href="data:image/png;base64,iVBORw0KGgoAAAANSUhEUgAAAQAAAAABCAIAAAC+O+cgAAADDElEQVR4nAEBA/78AAAgUQAhUwAiVQAjVgAjWAAkWQAlWgAlXAAmXQAnXgAnXwAoYAApYQApYgAqYwArZAErZQIsZQMtZgQtZwUuZwUvaAYwaQcwaQgxagkyagsyagwzaw00aw40aw81bBA2bBI3bBM3bRQ4bRU5bRc5bRg6bRk7bRo7bRw8bh09bh4+biA+biE/biNAbiRAbiVBbidCbihDbilDbitEbixFbi5Fbi9GbjBHbjJIbjNIbjRJbjZKbjdKbjlLbjpMbjtNbj1Nbj5Obj9PbkFPbkJQbkNRbURSbUZSbUdTbUhUbUpUbUtVbUxWbU1XbU5XblBYblFZblJZblNablRbblZcbldcblhdblleblpebltfblxgbl1hbl5hbmBibmFjb2Jkb2Nkb2Rlb2Vmb2Zmb2dnb2hocGlpcGppcGtqcGxrcG1scG1scW5tcW9ucXBvcXFvcXJwcXNxcnRxcnVycnZzcnZ0cnd0c3h1c3l2c3p3c3t3dHt4dHx5dH16dH56dH97dYB8dYB9dYF9dYJ+dYN/doSAdoWAdoWBdoaCdoeDdoiEd4mEd4mFd4qGd4uHd4yHd42Id46JeI6KeI+KeJCLeJGMeJKNeJOOeJOOeJSPeJWQeJaReJeSeJiSeJmTeJqUeJuVeJuWeJyWeJ2XeJ6YeJ+ZeKCaeKGaeKKbeKOceKSdeKWed6aed6efd6igd6mhd6qidqujdqyjdq2kdq6lda+mdbCndbKodLOodLSpdLWqc7arc7escritcrqucruucbyvcb2wcL6xcL+yb8Gzb8K0bsO1bcS1bcW2bMe3bMi4a8m5asq6asy7ac28aM68aM+9Z9G+ZtK/ZtPAZdTBZNbCY9fDY9jEYtnFYdvGYNzGYN3HX97IXuDJXeHKXOLLXOPMW+TNWubOWefPWOjQWOnRV+rSVuvTVezUVO3UU+7VU/DWUvHXUfHYUPLZUPPaT/TbTvXcTfbdTffeTPjfS/jgS/nhSvriSfrjSfvkSPvlSPzmR/znRv3oRv3pRv3qRZkLZWrPPw90AAAAAElFTkSuQmCC" /></g></g></g></g></g></g></svg>
