0<svg viewBox="-8 -4.5 16 9" xmlns="http://www.w3.org/2000/svg" xmlns:xlink="http://www.w3.org/1999/xlink" version="1.1" preserveAspectRatio="none"><g stroke-width="0.05" transform="scale(1, -1)"><g><g stroke-width="0" fill="#FFFFFF" transform="translate(-8, -4.5)" fill-opacity="1"><rect width="16" height="9" /></g><g stroke-width="0.1" stroke="#000000" fill-opacity="0"><g transform="translate(-4, -2.25)"><path stroke-linecap="square" d="M0,0 L0,0" /></g></g></g></g></svg>
1<svg viewBox="-8 -4.5 16 9" xmlns="http://www.w3.org/2000/svg" xmlns:xlink="http://www.w3.org/1999/xlink" version="1.1" preserveAspectRatio="none"><g stroke-width="0.05" transform="scale(1, -1)"><g><g stroke-width="0" fill="#FFFFFF" transform="translate(-8, -4.5)" fill-opacity="1"><rect width="16" height="9" /></g><g stroke-width="0.1" stroke="#000000" fill-opacity="0"><g transform="translate(-4, -2.25)"><path stroke-linecap="square" d="M0,0 L4.861111,0" /></g></g></g></g></svg>
2<svg viewBox="-8 -4.5 16 9" xmlns="http://www.w3.org/2000/svg" xmlns:xlink="http://www.w3.org/1999/xlink" version="1.1" preserveAspectRatio="none"><g stroke-width="0.05" transform="scale(1, -1)"><g><g stroke-width="0" fill="#FFFFFF" transform="translate(-8, -4.5)" fill-opacity="1"><rect width="16" height="9" /></g><g stroke-width="0.1" stroke="#000000" fill-opacity="0"><g transform="translate(-4, -2.25)"><path stroke-linecap="square" d="M0,0 L8,0 L8,1.722222" /></g></g></g></g></svg>
3<svg viewBox="-8 -4.5 16 9" xmlns="http://www.w3.org/2000/svg" xmlns:xlink="http://www.w3.org/1999/xlink" version="1.1" preserveAspectRatio="none"><g stroke-width="0.05" transform="scale(1, -1)"><g><g stroke-width="0" fill="#FFFFFF" transform="translate(-8, -4.5)" fill-opacity="1"><rect width="16" height="9" /></g><g stroke-width="0.1" stroke="#000000" fill-opacity="0"><g transform="translate(-4, -2.25)"><path stroke-linecap="square" d="M0,0 L8,0 L8,4.5 L5.916667,4.5" /></g></g></g></g></svg>
4<svg viewBox="-8 -4.5 16 9" xmlns="http://www.w3.org/2000/svg" xmlns:xlink="http://www.w3.org/1999/xlink" version="1.1" preserveAspectRatio="none"><g stroke-width="0.05" transform="scale(1, -1)"><g><g stroke-width="0" fill="#FFFFFF" transform="translate(-8, -4.5)" fill-opacity="1"><rect width="16" height="9" /></g><g stroke-width="0.1" stroke="#000000" fill-opacity="0"><g><g transform="translate(-4, -2.25)" opacity="0.888889"><path stroke-linecap="square" d="M0,0 L8,0 L8,4.5 L1.055556,4.5" /></g><path opacity="0.111111" d="M-3,0 C-3,0.184095 -2.983418,0.364317 -2.951666,0.539254" /></g></g></g></g></svg>
5<svg viewBox="-8 -4.5 16 9" xmlns="http://www.w3.org/2000/svg" xmlns:xlink="http://www.w3.org/1999/xlink" version="1.1" preserveAspectRatio="none"><g stroke-width="0.05" transform="scale(1, -1)"><g><g stroke-width="0" fill="#FFFFFF" transform="translate(-8, -4.5)" fill-opacity="1"><rect width="16" height="9" /></g><g stroke-width="0.1" stroke="#000000" fill-opacity="0"><g><g transform="translate(-4, -2.25)" opacity="0.111111"><path stroke-linecap="square" d="M0,0 L8,0 L8,4.5 L0,4.5 L0,0.694444" /></g><path opacity="0.888889" d="M-3,0 C-3,1.472759 -1.938749,2.69765 -0.539254,2.951666" /></g></g></g></g></svg>
6<svg viewBox="-8 -4.5 16 9" xmlns="http://www.w3.org/2000/svg" xmlns:xlink="http://www.w3.org/1999/xlink" version="1.1" preserveAspectRatio="none"><g stroke-width="0.05" transform="scale(1, -1)"><g><g stroke-width="0" fill="#FFFFFF" transform="translate(-8, -4.5)" fill-opacity="1"><rect width="16" height="9" /></g><g stroke-width="0.1" stroke="#000000" fill-opacity="0"><path d="M-3,0 C-3,1.656854 -1.656854,3 0,3 C1.104569,3 2.069713,2.403046 2.590412,1.514157" /></g></g></g></svg>
7<svg viewBox="-8 -4.5 16 9" xmlns="http://www.w3.org/2000/svg" xmlns:xlink="http://www.w3.org/1999/xlink" version="1.1" preserveAspectRatio="none"><g stroke-width="0.05" transform="scale(1, -1)"><g><g stroke-width="0" fill="#FFFFFF" transform="translate(-8, -4.5)" fill-opacity="1"><rect width="16" height="9" /></g><g stroke-width="0.1" stroke="#000000" fill-opacity="0"><path d="M-3,0 C-3,1.656854 -1.656854,3 0,3 C1.656854,3 3,1.656854 3,0 C3,-0.73638 2.734687,-1.410792 2.294438,-1.932862" /></g></g></g></svg>
8<svg viewBox="-8 -4.5 16 9" xmlns="http://www.w3.org/2000/svg" xmlns:xlink="http://www.w3.org/1999/xlink" version="1.1" preserveAspectRatio="none"><g stroke-width="0.05" transform="scale(1, -1)"><g><g stroke-width="0" fill="#FFFFFF" transform="translate(-8, -4.5)" fill-opacity="1"><rect width="16" height="9" /></g><g stroke-width="0.1" stroke="#000000" fill-opacity="0"><path d="M-3,0 C-3,1.656854 -1.656854,3 0,3 C1.656854,3 3,1.656854 3,0 C3,-1.656854 1.656854,-3 0,-3 C-0.36819,-3 -0.720888,-2.933672 -1.046797,-2.812312" /></g></g></g></svg>
9<svg viewBox="-8 -4.5 16 9" xmlns="http://www.w3.org/2000/svg" xmlns:xlink="http://www.w3.org/1999/xlink" version="1.1" preserveAspectRatio="none"><g stroke-width="0.05" transform="scale(1, -1)"><g><g stroke-width="0" fill="#FFFFFF" transform="translate(-8, -4.5)" fill-opacity="1"><rect width="16" height="9" /></g><g stroke-width="0.1" stroke="#000000" fill-opacity="0"><path d="M-3,0 a3 3 0 1 0 6,0 3 3 0 1 0 -6,0" /></g></g></g></svg>
