0<svg viewBox="-8 -4.5 16 9" xmlns="http://www.w3.org/2000/svg" xmlns:xlink="http://www.w3.org/1999/xlink" version="1.1" preserveAspectRatio="none"><g stroke-width="0.05" transform="scale(1, -1)"><g><g stroke-width="0" fill="#FFFFFF" transform="translate(-8, -4.5)" fill-opacity="1"><rect width="16" height="9" /></g><g stroke-width="0.1" stroke="#000000" fill-opacity="0"><g transform="translate(0, 0)"><g transform="scale(0.0625, 9)"><g transform="scale(1, -1)"><image width="256" height="1" x="-128" y="-0.5" xlink:href="data:image/png;base64,iVBORw0KGgoAAAANSUhEUgAAAQAAAAABCAIAAAC+O+cgAAADDElEQVR4nAEBA/78AP//AP7+Af39Avz8A/v7BPr6Bfn5Bvj4B/f3CPb2CfX1CvT0C/PzDPLyDfHxDvDwD+/vEO7uEe3tEuzsE+vrFOrqFenpFujoF+fnGObmGeXlGuTkG+PjHOLiHeHhHuDgH9/fIN7eId3dItzcI9vbJNraJdnZJtjYJ9fXKNbWKdXVKtTUK9PTLNLSLdHRLtDQL8/PMM7OMc3NMszMM8vLNMrKNcnJNsjIN8fHOMbGOcXFOsTEO8PDPMLCPcHBPsDAP7+/QL6+Qb29Qry8Q7u7RLq6Rbm5Rri4R7e3SLa2SbW1SrS0S7OzTLKyTbGxTrCwT6+vUK6uUa2tUqysU6urVKqqVampVqioV6enWKamWaWlWqSkW6OjXKKiXaGhXqCgX5+fYJ6eYZ2dYpycY5ubZJqaZZmZZpiYZ5eXaJaWaZWVapSUa5OTbJKSbZGRbpCQb4+PcI6OcY2NcoyMc4uLdIqKdYmJdoiId4eHeIaGeYWFeoSEe4ODfIKCfYGBfoCAf39/gH5+gX19gnx8g3t7hHp6hXl5hnh4h3d3iHZ2iXV1inR0i3NzjHJyjXFxjnBwj29vkG5ukW1tkmxsk2trlGpqlWlplmhol2dnmGZmmWVlmmRkm2NjnGJinWFhnmBgn19foF5eoV1dolxco1tbpFpapVlZplhYp1dXqFZWqVVVqlRUq1NTrFJSrVFRrlBQr09PsE5OsU1NskxMs0tLtEpKtUlJtkhIt0dHuEZGuUVFukREu0NDvEJCvUFBvkBAvz8/wD4+wT09wjw8wzs7xDo6xTk5xjg4xzc3yDY2yTU1yjQ0yzMzzDIyzTExzjAwzy8v0C4u0S0t0iws0ysr1Coq1Skp1igo1ycn2CYm2SUl2iQk2yMj3CIi3SEh3iAg3x8f4B4e4R0d4hwc4xsb5Boa5RkZ5hgY5xcX6BYW6RUV6hQU6xMT7BIS7RER7hAQ7w8P8A4O8Q0N8gwM8wsL9AoK9QkJ9ggI9wcH+AYG+QUF+gQE+wMD/AIC/QEB/gAA/6djfpDD/FhZAAAAAElFTkSuQmCC" /></g></g></g></g></g></g></svg>
1<svg viewBox="-8 -4.5 16 9" xmlns="http://www.w3.org/2000/svg" xmlns:xlink="http://www.w3.org/1999/xlink" version="1.1" preserveAspectRatio="none"><g stroke-width="0.05" transform="scale(1, -1)"><g><g stroke-width="0" fill="#FFFFFF" transform="translate(-8, -4.5)" fill-opacity="1"><rect width="16" height="9" /></g><g stroke-width="0.1" stroke="#000000" fill-opacity="0"><g transform="translate(0, 0)"><g transform="scale(0.0625, 9)"><g transform="scale(1, -1)"><image width="256" height="1" x="-128" y="-0.5" xlink:href="data:image/png;base64,iVBORw0KGgoAAAANSUhEUgAAAQAAAAABCAIAAAC+O+cgAAADDElEQVR4nAEBA/78AP//AP7+Af39Avz8A/v7BPr6Bfn5Bvj4B/f3CPb2CfX1CvT0C/PzDPLyDfHxDvDwD+/vEO7uEe3tEuzsE+vrFOrqFenpFujoF+fnGObmGeXlGuTkG+PjHOLiHeHhHuDgH9/fIN7eId3dItzcI9vbJNraJdnZJtjYJ9fXKNbWKdXVKtTUK9PTLNLSLdHRLtDQL8/PMM7OMc3NMszMM8vLNMrKNcnJNsjIN8fHOMbGOcXFOsTEO8PDPMLCPcHBPsDAP7+/QL6+Qb29Qry8Q7u7RLq6Rbm5Rri4R7e3SLa2SbW1SrS0S7OzTLKyTbGxTrCwT6+vUK6uUa2tUqysU6urVKqqVampVqioV6enWKamWaWlWqSkW6OjXKKiXaGhXqCgX5+fYJ6eYZ2dYpycY5ubZJqaZZmZZpiYZ5eXaJaWaZWVapSUa5OTbJKSbZGRbpCQb4+PcI6OcY2NcoyMc4uLdIqKdYmJdoiId4eHeIaGeYWFeoSEe4ODfIKCfYGBfoCAf39/gH5+gX19gnx8g3t7hHp6hXl5hnh4h3d3iHZ2iXV1inR0i3NzjHJyjXFxjnBwj29vkG5ukW1tkmxsk2trlGpqlWlplmhol2dnmGZmmWVlmmRkm2NjnGJinWFhnmBgn19foF5eoV1dolxco1tbpFpapVlZplhYp1dXqFZWqVVVqlRUq1NTrFJSrVFRrlBQr09PsE5OsU1NskxMs0tLtEpKtUlJtkhIt0dHuEZGuUVFukREu0NDvEJCvUFBvkBAvz8/wD4+wT09wjw8wzs7xDo6xTk5xjg4xzc3yDY2yTU1yjQ0yzMzzDIyzTExzjAwzy8v0C4u0S0t0iws0ysr1Coq1Skp1igo1ycn2CYm2SUl2iQk2yMj3CIi3SEh3iAg3x8f4B4e4R0d4hwc4xsb5Boa5RkZ5hgY5xcX6BYW6RUV6hQU6xMT7BIS7RER7hAQ7w8P8A4O8Q0N8gwM8wsL9AoK9QkJ9ggI9wcH+AYG+QUF+gQE+wMD/AIC/QEB/gAA/6djfpDD/FhZAAAAAElFTkSuQmCC" /></g></g></g></g></g></g></svg>
2<svg viewBox="-8 -4.5 16 9" xmlns="http://www.w3.org/2000/svg" xmlns:xlink="http://www.w3.org/1999/xlink" version="1.1" preserveAspectRatio="none"><g stroke-width="0.05" transform="scale(1, -1)"><g><g stroke-width="0" fill="#FFFFFF" transform="translate(-8, -4.5)" fill-opacity="1"><rect width="16" height="9" /></g><g stroke-width="0.1" stroke="#000000" fill-opacity="0"><g transform="translate(0, 0)"><g transform="scale(0.0625, 9)"><g transform="scale(1, -1)"><image width="256" height="1" x="-128" y="-0.5" xlink:href="data:image/png;base64,iVBORw0KGgoAAAANSUhEUgAAAQAAAAABCAIAAAC+O+cgAAADDElEQVR4nAEBA/78AP//AP7+Af39Avz8A/v7BPr6Bfn5Bvj4B/f3CPb2CfX1CvT0C/PzDPLyDfHxDvDwD+/vEO7uEe3tEuzsE+vrFOrqFenpFujoF+fnGObmGeXlGuTkG+PjHOLiHeHhHuDgH9/fIN7eId3dItzcI9vbJNraJdnZJtjYJ9fXKNbWKdXVKtTUK9PTLNLSLdHRLtDQL8/PMM7OMc3NMszMM8vLNMrKNcnJNsjIN8fHOMbGOcXFOsTEO8PDPMLCPcHBPsDAP7+/QL6+Qb29Qry8Q7u7RLq6Rbm5Rri4R7e3SLa2SbW1SrS0S7OzTLKyTbGxTrCwT6+vUK6uUa2tUqysU6urVKqqVampVqioV6enWKamWaWlWqSkW6OjXKKiXaGhXqCgX5+fYJ6eYZ2dYpycY5ubZJqaZZmZZpiYZ5eXaJaWaZWVapSUa5OTbJKSbZGRbpCQb4+PcI6OcY2NcoyMc4uLdIqKdYmJdoiId4eHeIaGeYWFeoSEe4ODfIKCfYGBfoCAf39/gH5+gX19gnx8g3t7hHp6hXl5hnh4h3d3iHZ2iXV1inR0i3NzjHJyjXFxjnBwj29vkG5ukW1tkmxsk2trlGpqlWlplmhol2dnmGZmmWVlmmRkm2NjnGJinWFhnmBgn19foF5eoV1dolxco1tbpFpapVlZplhYp1dXqFZWqVVVqlRUq1NTrFJSrVFRrlBQr09PsE5OsU1NskxMs0tLtEpKtUlJtkhIt0dHuEZGuUVFukREu0NDvEJCvUFBvkBAvz8/wD4+wT09wjw8wzs7xDo6xTk5xjg4xzc3yDY2yTU1yjQ0yzMzzDIyzTExzjAwzy8v0C4u0S0t0iws0ysr1Coq1Skp1igo1ycn2CYm2SUl2iQk2yMj3CIi3SEh3iAg3x8f4B4e4R0d4hwc4xsb5Boa5RkZ5hgY5xcX6BYW6RUV6hQU6xMT7BIS7RER7hAQ7w8P8A4O8Q0N8gwM8wsL9AoK9QkJ9ggI9wcH+AYG+QUF+gQE+wMD/AIC/QEB/gAA/6djfpDD/FhZAAAAAElFTkSuQmCC" /></g></g></g></g></g></g></svg>
3<svg viewBox="-8 -4.5 16 9" xmlns="http://www.w3.org/2000/svg" xmlns:xlink="http://www.w3.org/1999/xlink" version="1.1" preserveAspectRatio="none"><g stroke-width="0.05" transform="scale(1, -1)"><g><g stroke-width="0" fill="#FFFFFF" transform="translate(-8, -4.5)" fill-opacity="1"><rect width="16" height="9" /></g><g stroke-width="0.1" stroke="#000000" fill-opacity="0"><g transform="translate(0, 0)"><g transform="scale(0.0625, 9)"><g transform="scale(1, -1)"><image width="256" height="1" x="-128" y="-0.5" xlink:href="data:image/png;base64,iVBORw0KGgoAAAANSUhEUgAAAQAAAAABCAIAAAC+O+cgAAADDElEQVR4nAEBA/78AP//AP7+Af39Avz8A/v7BPr6Bfn5Bvj4B/f3CPb2CfX1CvT0C/PzDPLyDfHxDvDwD+/vEO7uEe3tEuzsE+vrFOrqFenpFujoF+fnGObmGeXlGuTkG+PjHOLiHeHhHuDgH9/fIN7eId3dItzcI9vbJNraJdnZJtjYJ9fXKNbWKdXVKtTUK9PTLNLSLdHRLtDQL8/PMM7OMc3NMszMM8vLNMrKNcnJNsjIN8fHOMbGOcXFOsTEO8PDPMLCPcHBPsDAP7+/QL6+Qb29Qry8Q7u7RLq6Rbm5Rri4R7e3SLa2SbW1SrS0S7OzTLKyTbGxTrCwT6+vUK6uUa2tUqysU6urVKqqVampVqioV6enWKamWaWlWqSkW6OjXKKiXaGhXqCgX5+fYJ6eYZ2dYpycY5ubZJqaZZmZZpiYZ5eXaJaWaZWVapSUa5OTbJKSbZGRbpCQb4+PcI6OcY2NcoyMc4uLdIqKdYmJdoiId4eHeIaGeYWFeoSEe4ODfIKCfYGBfoCAf39/gH5+gX19gnx8g3t7hHp6hXl5hnh4h3d3iHZ2iXV1inR0i3NzjHJyjXFxjnBwj29vkG5ukW1tkmxsk2trlGpqlWlplmhol2dnmGZmmWVlmmRkm2NjnGJinWFhnmBgn19foF5eoV1dolxco1tbpFpapVlZplhYp1dXqFZWqVVVqlRUq1NTrFJSrVFRrlBQr09PsE5OsU1NskxMs0tLtEpKtUlJtkhIt0dHuEZGuUVFukREu0NDvEJCvUFBvkBAvz8/wD4+wT09wjw8wzs7xDo6xTk5xjg4xzc3yDY2yTU1yjQ0yzMzzDIyzTExzjAwzy8v0C4u0S0t0iws0ysr1Coq1Skp1igo1ycn2CYm2SUl2iQk2yMj3CIi3SEh3iAg3x8f4B4e4R0d4hwc4xsb5Boa5RkZ5hgY5xcX6BYW6RUV6hQU6xMT7BIS7RER7hAQ7w8P8A4O8Q0N8gwM8wsL9AoK9QkJ9ggI9wcH+AYG+QUF+gQE+wMD/AIC/QEB/gAA/6djfpDD/FhZAAAAAElFTkSuQmCC" /></g></g></g></g></g></g></svg>
4<svg viewBox="-8 -4.5 16 9" xmlns="http://www.w3.org/2000/svg" xmlns:xlink="http://www.w3.org/1999/xlink" version="1.1" preserveAspectRatio="none"><g stroke-width="0.05" transform="scale(1, -1)"><g><g stroke-width="0" fill="#FFFFFF" transform="translate(-8, -4.5)" fill-opacity="1"><rect width="16" height="9" /></g><g stroke-width="0.1" stroke="#000000" fill-opacity="0"><g transform="translate(0, 0)"><g transform="scale(0.0625, 9)"><g transform="scale(1, -1)"><image width="256" height="1" x="-128" y="-0.5" xlink:href="data:image/png;base64,iVBORw0KGgoAAAANSUhEUgAAAQAAAAABCAIAAAC+O+cgAAADDElEQVR4nAEBA/78AP//AP7+Af39Avz8A/v7BPr6Bfn5Bvj4B/f3CPb2CfX1CvT0C/PzDPLyDfHxDvDwD+/vEO7uEe3tEuzsE+vrFOrqFenpFujoF+fnGObmGeXlGuTkG+PjHOLiHeHhHuDgH9/fIN7eId3dItzcI9vbJNraJdnZJtjYJ9fXKNbWKdXVKtTUK9PTLNLSLdHRLtDQL8/PMM7OMc3NMszMM8vLNMrKNcnJNsjIN8fHOMbGOcXFOsTEO8PDPMLCPcHBPsDAP7+/QL6+Qb29Qry8Q7u7RLq6Rbm5Rri4R7e3SLa2SbW1SrS0S7OzTLKyTbGxTrCwT6+vUK6uUa2tUqysU6urVKqqVampVqioV6enWKamWaWlWqSkW6OjXKKiXaGhXqCgX5+fYJ6eYZ2dYpycY5ubZJqaZZmZZpiYZ5eXaJaWaZWVapSUa5OTbJKSbZGRbpCQb4+PcI6OcY2NcoyMc4uLdIqKdYmJdoiId4eHeIaGeYWFeoSEe4ODfIKCfYGBfoCAf39/gH5+gX19gnx8g3t7hHp6hXl5hnh4h3d3iHZ2iXV1inR0i3NzjHJyjXFxjnBwj29vkG5ukW1tkmxsk2trlGpqlWlplmhol2dnmGZmmWVlmmRkm2NjnGJinWFhnmBgn19foF5eoV1dolxco1tbpFpapVlZplhYp1dXqFZWqVVVqlRUq1NTrFJSrVFRrlBQr09PsE5OsU1NskxMs0tLtEpKtUlJtkhIt0dHuEZGuUVFukREu0NDvEJCvUFBvkBAvz8/wD4+wT09wjw8wzs7xDo6xTk5xjg4xzc3yDY2yTU1yjQ0yzMzzDIyzTExzjAwzy8v0C4u0S0t0iws0ysr1Coq1Skp1igo1ycn2CYm2SUl2iQk2yMj3CIi3SEh3iAg3x8f4B4e4R0d4hwc4xsb5Boa5RkZ5hgY5xcX6BYW6RUV6hQU6xMT7BIS7RER7hAQ7w8P8A4O8Q0N8gwM8wsL9AoK9QkJ9ggI9wcH+AYG+QUF+gQE+wMD/AIC/QEB/gAA/6djfpDD/FhZAAAAAElFTkSuQmCC" /></g></g></g></g></g></g></svg>
5<svg viewBox="-8 -4.5 16 9" xmlns="http://www.w3.org/2000/svg" xmlns:xlink="http://www.w3.org/1999/xlink" version="1.1" preserveAspectRatio="none"><g stroke-width="0.05" transform="scale(1, -1)"><g><g stroke-width="0" fill="#FFFFFF" transform="translate(-8, -4.5)" fill-opacity="1"><rect width="16" height="9" /></g><g stroke-width="0.1" stroke="#000000" fill-opacity="0"><g transform="translate(0, 0)"><g transform="scale(0.0625, 9)"><g transform="scale(1, -1)"><image width="256" height="1" x="-128" y="-0.5" xlink:href="data:image/png;base64,iVBORw0KGgoAAAANSUhEUgAAAQAAAAABCAIAAAC+O+cgAAADDElEQVR4nAEBA/78AP//AP7+Af39Avz8A/v7BPr6Bfn5Bvj4B/f3CPb2CfX1CvT0C/PzDPLyDfHxDvDwD+/vEO7uEe3tEuzsE+vrFOrqFenpFujoF+fnGObmGeXlGuTkG+PjHOLiHeHhHuDgH9/fIN7eId3dItzcI9vbJNraJdnZJtjYJ9fXKNbWKdXVKtTUK9PTLNLSLdHRLtDQL8/PMM7OMc3NMszMM8vLNMrKNcnJNsjIN8fHOMbGOcXFOsTEO8PDPMLCPcHBPsDAP7+/QL6+Qb29Qry8Q7u7RLq6Rbm5Rri4R7e3SLa2SbW1SrS0S7OzTLKyTbGxTrCwT6+vUK6uUa2tUqysU6urVKqqVampVqioV6enWKamWaWlWqSkW6OjXKKiXaGhXqCgX5+fYJ6eYZ2dYpycY5ubZJqaZZmZZpiYZ5eXaJaWaZWVapSUa5OTbJKSbZGRbpCQb4+PcI6OcY2NcoyMc4uLdIqKdYmJdoiId4eHeIaGeYWFeoSEe4ODfIKCfYGBfoCAf39/gH5+gX19gnx8g3t7hHp6hXl5hnh4h3d3iHZ2iXV1inR0i3NzjHJyjXFxjnBwj29vkG5ukW1tkmxsk2trlGpqlWlplmhol2dnmGZmmWVlmmRkm2NjnGJinWFhnmBgn19foF5eoV1dolxco1tbpFpapVlZplhYp1dXqFZWqVVVqlRUq1NTrFJSrVFRrlBQr09PsE5OsU1NskxMs0tLtEpKtUlJtkhIt0dHuEZGuUVFukREu0NDvEJCvUFBvkBAvz8/wD4+wT09wjw8wzs7xDo6xTk5xjg4xzc3yDY2yTU1yjQ0yzMzzDIyzTExzjAwzy8v0C4u0S0t0iws0ysr1Coq1Skp1igo1ycn2CYm2SUl2iQk2yMj3CIi3SEh3iAg3x8f4B4e4R0d4hwc4xsb5Boa5RkZ5hgY5xcX6BYW6RUV6hQU6xMT7BIS7RER7hAQ7w8P8A4O8Q0N8gwM8wsL9AoK9QkJ9ggI9wcH+AYG+QUF+gQE+wMD/AIC/QEB/gAA/6djfpDD/FhZAAAAAElFTkSuQmCC" /></g></g></g></g></g></g></svg>
6<svg viewBox="-8 -4.5 16 9" xmlns="http://www.w3.org/2000/svg" xmlns:xlink="http://www.w3.org/1999/xlink" version="1.1" preserveAspectRatio="none"><g stroke-width="0.05" transform="scale(1, -1)"><g><g stroke-width="0" fill="#FFFFFF" transform="translate(-8, -4.5)" fill-opacity="1"><rect width="16" height="9" /></g><g stroke-width="0.1" stroke="#000000" fill-opacity="0"><g transform="translate(0, 0)"><g transform="scale(0.0625, 9)"><g transform="scale(1, -1)"><image width="256" height="1" x="-128" y="-0.5" xlink:href="data:image/png;base64,iVBORw0KGgoAAAANSUhEUgAAAQAAAAABCAIAAAC+O+cgAAADDElEQVR4nAEBA/78AP//AP7+Af39Avz8A/v7BPr6Bfn5Bvj4B/f3CPb2CfX1CvT0C/PzDPLyDfHxDvDwD+/vEO7uEe3tEuzsE+vrFOrqFenpFujoF+fnGObmGeXlGuTkG+PjHOLiHeHhHuDgH9/fIN7eId3dItzcI9vbJNraJdnZJtjYJ9fXKNbWKdXVKtTUK9PTLNLSLdHRLtDQL8/PMM7OMc3NMszMM8vLNMrKNcnJNsjIN8fHOMbGOcXFOsTEO8PDPMLCPcHBPsDAP7+/QL6+Qb29Qry8Q7u7RLq6Rbm5Rri4R7e3SLa2SbW1SrS0S7OzTLKyTbGxTrCwT6+vUK6uUa2tUqysU6urVKqqVampVqioV6enWKamWaWlWqSkW6OjXKKiXaGhXqCgX5+fYJ6eYZ2dYpycY5ubZJqaZZmZZpiYZ5eXaJaWaZWVapSUa5OTbJKSbZGRbpCQb4+PcI6OcY2NcoyMc4uLdIqKdYmJdoiId4eHeIaGeYWFeoSEe4ODfIKCfYGBfoCAf39/gH5+gX19gnx8g3t7hHp6hXl5hnh4h3d3iHZ2iXV1inR0i3NzjHJyjXFxjnBwj29vkG5ukW1tkmxsk2trlGpqlWlplmhol2dnmGZmmWVlmmRkm2NjnGJinWFhnmBgn19foF5eoV1dolxco1tbpFpapVlZplhYp1dXqFZWqVVVqlRUq1NTrFJSrVFRrlBQr09PsE5OsU1NskxMs0tLtEpKtUlJtkhIt0dHuEZGuUVFukREu0NDvEJCvUFBvkBAvz8/wD4+wT09wjw8wzs7xDo6xTk5xjg4xzc3yDY2yTU1yjQ0yzMzzDIyzTExzjAwzy8v0C4u0S0t0iws0ysr1Coq1Skp1igo1ycn2CYm2SUl2iQk2yMj3CIi3SEh3iAg3x8f4B4e4R0d4hwc4xsb5Boa5RkZ5hgY5xcX6BYW6RUV6hQU6xMT7BIS7RER7hAQ7w8P8A4O8Q0N8gwM8wsL9AoK9QkJ9ggI9wcH+AYG+QUF+gQE+wMD/AIC/QEB/gAA/6djfpDD/FhZAAAAAElFTkSuQmCC" /></g></g></g></g></g></g></svg>
7<svg viewBox="-8 -4.5 16 9" xmlns="http://www.w3.org/2000/svg" xmlns:xlink="http://www.w3.org/1999/xlink" version="1.1" preserveAspectRatio="none"><g stroke-width="0.05" transform="scale(1, -1)"><g><g stroke-width="0" fill="#FFFFFF" transform="translate(-8, -4.5)" fill-opacity="1"><rect width="16" height="9" /></g><g stroke-width="0.1" stroke="#000000" fill-opacity="0"><g transform="translate(0, 0)"><g transform="scale(0.0625, 9)"><g transform="scale(1, -1)"><image width="256" height="1" x="-128" y="-0.5" xlink:href="data:image/png;base64,iVBORw0KGgoAAAANSUhEUgAAAQAAAAABCAIAAAC+O+cgAAADDElEQVR4nAEBA/78AP//AP7+Af39Avz8A/v7BPr6Bfn5Bvj4B/f3CPb2CfX1CvT0C/PzDPLyDfHxDvDwD+/vEO7uEe3tEuzsE+vrFOrqFenpFujoF+fnGObmGeXlGuTkG+PjHOLiHeHhHuDgH9/fIN7eId3dItzcI9vbJNraJdnZJtjYJ9fXKNbWKdXVKtTUK9PTLNLSLdHRLtDQL8/PMM7OMc3NMszMM8vLNMrKNcnJNsjIN8fHOMbGOcXFOsTEO8PDPMLCPcHBPsDAP7+/QL6+Qb29Qry8Q7u7RLq6Rbm5Rri4R7e3SLa2SbW1SrS0S7OzTLKyTbGxTrCwT6+vUK6uUa2tUqysU6urVKqqVampVqioV6enWKamWaWlWqSkW6OjXKKiXaGhXqCgX5+fYJ6eYZ2dYpycY5ubZJqaZZmZZpiYZ5eXaJaWaZWVapSUa5OTbJKSbZGRbpCQb4+PcI6OcY2NcoyMc4uLdIqKdYmJdoiId4eHeIaGeYWFeoSEe4ODfIKCfYGBfoCAf39/gH5+gX19gnx8g3t7hHp6hXl5hnh4h3d3iHZ2iXV1inR0i3NzjHJyjXFxjnBwj29vkG5ukW1tkmxsk2trlGpqlWlplmhol2dnmGZmmWVlmmRkm2NjnGJinWFhnmBgn19foF5eoV1dolxco1tbpFpapVlZplhYp1dXqFZWqVVVqlRUq1NTrFJSrVFRrlBQr09PsE5OsU1NskxMs0tLtEpKtUlJtkhIt0dHuEZGuUVFukREu0NDvEJCvUFBvkBAvz8/wD4+wT09wjw8wzs7xDo6xTk5xjg4xzc3yDY2yTU1yjQ0yzMzzDIyzTExzjAwzy8v0C4u0S0t0iws0ysr1Coq1Skp1igo1ycn2CYm2SUl2iQk2yMj3CIi3SEh3iAg3x8f4B4e4R0d4hwc4xsb5Boa5RkZ5hgY5xcX6BYW6RUV6hQU6xMT7BIS7RER7hAQ7w8P8A4O8Q0N8gwM8wsL9AoK9QkJ9ggI9wcH+AYG+QUF+gQE+wMD/AIC/QEB/gAA/6djfpDD/FhZAAAAAElFTkSuQmCC" /></g></g></g></g></g></g></svg>
8<svg viewBox="-8 -4.5 16 9" xmlns="http://www.w3.org/2000/svg" xmlns:xlink="http://www.w3.org/1999/xlink" version="1.1" preserveAspectRatio="none"><g stroke-width="0.05" transform="scale(1, -1)"><g><g stroke-width="0" fill="#FFFFFF" transform="translate(-8, -4.5)" fill-opacity="1"><rect width="16" height="9" /></g><g stroke-width="0.1" stroke="#000000" fill-opacity="0"><g transform="translate(0, 0)"><g transform="scale(0.0625, 9)"><g transform="scale(1, -1)"><image width="256" height="1" x="-128" y="-0.5" xlink:href="data:image/png;base64,iVBORw0KGgoAAAANSUhEUgAAAQAAAAABCAIAAAC+O+cgAAADDElEQVR4nAEBA/78AP//AP7+Af39Avz8A/v7BPr6Bfn5Bvj4B/f3CPb2CfX1CvT0C/PzDPLyDfHxDvDwD+/vEO7uEe3tEuzsE+vrFOrqFenpFujoF+fnGObmGeXlGuTkG+PjHOLiHeHhHuDgH9/fIN7eId3dItzcI9vbJNraJdnZJtjYJ9fXKNbWKdXVKtTUK9PTLNLSLdHRLtDQL8/PMM7OMc3NMszMM8vLNMrKNcnJNsjIN8fHOMbGOcXFOsTEO8PDPMLCPcHBPsDAP7+/QL6+Qb29Qry8Q7u7RLq6Rbm5Rri4R7e3SLa2SbW1SrS0S7OzTLKyTbGxTrCwT6+vUK6uUa2tUqysU6urVKqqVampVqioV6enWKamWaWlWqSkW6OjXKKiXaGhXqCgX5+fYJ6eYZ2dYpycY5ubZJqaZZmZZpiYZ5eXaJaWaZWVapSUa5OTbJKSbZGRbpCQb4+PcI6OcY2NcoyMc4uLdIqKdYmJdoiId4eHeIaGeYWFeoSEe4ODfIKCfYGBfoCAf39/gH5+gX19gnx8g3t7hHp6hXl5hnh4h3d3iHZ2iXV1inR0i3NzjHJyjXFxjnBwj29vkG5ukW1tkmxsk2trlGpqlWlplmhol2dnmGZmmWVlmmRkm2NjnGJinWFhnmBgn19foF5eoV1dolxco1tbpFpapVlZplhYp1dXqFZWqVVVqlRUq1NTrFJSrVFRrlBQr09PsE5OsU1NskxMs0tLtEpKtUlJtkhIt0dHuEZGuUVFukREu0NDvEJCvUFBvkBAvz8/wD4+wT09wjw8wzs7xDo6xTk5xjg4xzc3yDY2yTU1yjQ0yzMzzDIyzTExzjAwzy8v0C4u0S0t0iws0ysr1Coq1Skp1igo1ycn2CYm2SUl2iQk2yMj3CIi3SEh3iAg3x8f4B4e4R0d4hwc4xsb5Boa5RkZ5hgY5xcX6BYW6RUV6hQU6xMT7BIS7RER7hAQ7w8P8A4O8Q0N8gwM8wsL9AoK9QkJ9ggI9wcH+AYG+QUF+gQE+wMD/AIC/QEB/gAA/6djfpDD/FhZAAAAAElFTkSuQmCC" /></g></g></g></g></g></g></svg>
9<svg viewBox="-8 -4.5 16 9" xmlns="http://www.w3.org/2000/svg" xmlns:xlink="http://www.w3.org/1999/xlink" version="1.1" preserveAspectRatio="none"><g stroke-width="0.05" transform="scale(1, -1)"><g><g stroke-width="0" fill="#FFFFFF" transform="translate(-8, -4.5)" fill-opacity="1"><rect width="16" height="9" /></g><g stroke-width="0.1" stroke="#000000" fill-opacity="0"><g transform="translate(0, 0)"><g transform="scale(0.0625, 9)"><g transform="scale(1, -1)"><image width="256" height="1" x="-128" y="-0.5" xlink:href="data:image/png;base64,iVBORw0KGgoAAAANSUhEUgAAAQAAAAABCAIAAAC+O+cgAAADDElEQVR4nAEBA/78AP//AP7+Af39Avz8A/v7BPr6Bfn5Bvj4B/f3CPb2CfX1CvT0C/PzDPLyDfHxDvDwD+/vEO7uEe3tEuzsE+vrFOrqFenpFujoF+fnGObmGeXlGuTkG+PjHOLiHeHhHuDgH9/fIN7eId3dItzcI9vbJNraJdnZJtjYJ9fXKNbWKdXVKtTUK9PTLNLSLdHRLtDQL8/PMM7OMc3NMszMM8vLNMrKNcnJNsjIN8fHOMbGOcXFOsTEO8PDPMLCPcHBPsDAP7+/QL6+Qb29Qry8Q7u7RLq6Rbm5Rri4R7e3SLa2SbW1SrS0S7OzTLKyTbGxTrCwT6+vUK6uUa2tUqysU6urVKqqVampVqioV6enWKamWaWlWqSkW6OjXKKiXaGhXqCgX5+fYJ6eYZ2dYpycY5ubZJqaZZmZZpiYZ5eXaJaWaZWVapSUa5OTbJKSbZGRbpCQb4+PcI6OcY2NcoyMc4uLdIqKdYmJdoiId4eHeIaGeYWFeoSEe4ODfIKCfYGBfoCAf39/gH5+gX19gnx8g3t7hHp6hXl5hnh4h3d3iHZ2iXV1inR0i3NzjHJyjXFxjnBwj29vkG5ukW1tkmxsk2trlGpqlWlplmhol2dnmGZmmWVlmmRkm2NjnGJinWFhnmBgn19foF5eoV1dolxco1tbpFpapVlZplhYp1dXqFZWqVVVqlRUq1NTrFJSrVFRrlBQr09PsE5OsU1NskxMs0tLtEpKtUlJtkhIt0dHuEZGuUVFukREu0NDvEJCvUFBvkBAvz8/wD4+wT09wjw8wzs7xDo6xTk5xjg4xzc3yDY2yTU1yjQ0yzMzzDIyzTExzjAwzy8v0C4u0S0t0iws0ysr1Coq1Skp1igo1ycn2CYm2SUl2iQk2yMj3CIi3SEh3iAg3x8f4B4e4R0d4hwc4xsb5Boa5RkZ5hgY5xcX6BYW6RUV6hQU6xMT7BIS7RER7hAQ7w8P8A4O8Q0N8gwM8wsL9AoK9QkJ9ggI9wcH+AYG+QUF+gQE+wMD/AIC/QEB/gAA/6djfpDD/FhZAAAAAElFTkSuQmCC" /></g></g></g></g></g></g></svg>
