0<svg viewBox="-8 -4.5 16 9" xmlns="http://www.w3.org/2000/svg" xmlns:xlink="http://www.w3.org/1999/xlink" version="1.1" preserveAspectRatio="none"><g stroke-width="0.05" transform="scale(1, -1)"><g><g stroke-width="0" fill="#FFFFFF" transform="translate(-8, -4.5)" fill-opacity="1"><rect width="16" height="9" /></g><g stroke-width="0.1" stroke="#000000" fill-opacity="0"><g transform="translate(0, 0)"><g transform="scale(0.0625, 9)"><g transform="scale(1, -1)"><image width="256" height="1" x="-128" y="-0.5" xlink:href="data:image/png;base64,iVBORw0KGgoAAAANSUhEUgAAAQAAAAABCAIAAAC+O+cgAAABPUlEQVR4nOXRgUYDAABAwUeMiBgjxogRMUaMERExxogYMcYYY8QYY0TEGBFjxBgRY0RExIgYY8QYESNGRESMiJe+I+4PDuVHvmUhX/IpH/IubzKXV5nJizzLVCbyJGMZyVAe5UEGci93cis3ci196cmVXEpXOnIhbWnJuZxJUxpyKidyLHWpSVUqciRlKUlRCpKXnBxKVg5kXzKSlpTsya7syLYkJSFbEpeYbMqGRGVdIhKWNQlJUFZlRZYlIEvCnyUM4DKu4CoGMYRrGMYIrmMUN3ATYxjHLUxgErdxB3dxD1OYxgzu4wFm8RBzmMcCFrGEZTzCClaxhnU8xhM8xQY28QzPsYVtvMAOdvESr7CHfbzGG7zFO7zHAT7gIw5xhGN8wglO8RlfcIavOMc3fMcP/MQvXOA3/vDv+38BFeJ+kBPM0CgAAAAASUVORK5CYII=" /></g></g></g></g></g></g></svg>
1<svg viewBox="-8 -4.5 16 9" xmlns="http://www.w3.org/2000/svg" xmlns:xlink="http://www.w3.org/1999/xlink" version="1.1" preserveAspectRatio="none"><g stroke-width="0.05" transform="scale(1, -1)"><g><g stroke-width="0" fill="#FFFFFF" transform="translate(-8, -4.5)" fill-opacity="1"><rect width="16" height="9" /></g><g stroke-width="0.1" stroke="#000000" fill-opacity="0"><g transform="translate(0, 0)"><g transform="scale(0.0625, 9)"><g transform="scale(1, -1)"><image width="256" height="1" x="-128" y="-0.5" xlink:href="data:image/png;base64,iVBORw0KGgoAAAANSUhEUgAAAQAAAAABCAIAAAC+O+cgAAABPUlEQVR4nOXRgUYDAABAwUeMiBgjxogRMUaMERExxogYMcYYY8QYY0TEGBFjxBgRY0RExIgYY8QYESNGRESMiJe+I+4PDuVHvmUhX/IpH/IubzKXV5nJizzLVCbyJGMZyVAe5UEGci93cis3ci196cmVXEpXOnIhbWnJuZxJUxpyKidyLHWpSVUqciRlKUlRCpKXnBxKVg5kXzKSlpTsya7syLYkJSFbEpeYbMqGRGVdIhKWNQlJUFZlRZYlIEvCnyUM4DKu4CoGMYRrGMYIrmMUN3ATYxjHLUxgErdxB3dxD1OYxgzu4wFm8RBzmMcCFrGEZTzCClaxhnU8xhM8xQY28QzPsYVtvMAOdvESr7CHfbzGG7zFO7zHAT7gIw5xhGN8wglO8RlfcIavOMc3fMcP/MQvXOA3/vDv+38BFeJ+kBPM0CgAAAAASUVORK5CYII=" /></g></g></g></g></g></g></svg>
2<svg viewBox="-8 -4.5 16 9" xmlns="http://www.w3.org/2000/svg" xmlns:xlink="http://www.w3.org/1999/xlink" version="1.1" preserveAspectRatio="none"><g stroke-width="0.05" transform="scale(1, -1)"><g><g stroke-width="0" fill="#FFFFFF" transform="translate(-8, -4.5)" fill-opacity="1"><rect width="16" height="9" /></g><g stroke-width="0.1" stroke="#000000" fill-opacity="0"><g transform="translate(0, 0)"><g transform="scale(0.0625, 9)"><g transform="scale(1, -1)"><image width="256" height="1" x="-128" y="-0.5" xlink:href="data:image/png;base64,iVBORw0KGgoAAAANSUhEUgAAAQAAAAABCAIAAAC+O+cgAAABPUlEQVR4nOXRgUYDAABAwUeMiBgjxogRMUaMERExxogYMcYYY8QYY0TEGBFjxBgRY0RExIgYY8QYESNGRESMiJe+I+4PDuVHvmUhX/IpH/IubzKXV5nJizzLVCbyJGMZyVAe5UEGci93cis3ci196cmVXEpXOnIhbWnJuZxJUxpyKidyLHWpSVUqciRlKUlRCpKXnBxKVg5kXzKSlpTsya7syLYkJSFbEpeYbMqGRGVdIhKWNQlJUFZlRZYlIEvCnyUM4DKu4CoGMYRrGMYIrmMUN3ATYxjHLUxgErdxB3dxD1OYxgzu4wFm8RBzmMcCFrGEZTzCClaxhnU8xhM8xQY28QzPsYVtvMAOdvESr7CHfbzGG7zFO7zHAT7gIw5xhGN8wglO8RlfcIavOMc3fMcP/MQvXOA3/vDv+38BFeJ+kBPM0CgAAAAASUVORK5CYII=" /></g></g></g></g></g></g></svg>
3<svg viewBox="-8 -4.5 16 9" xmlns="http://www.w3.org/2000/svg" xmlns:xlink="http://www.w3.org/1999/xlink" version="1.1" preserveAspectRatio="none"><g stroke-width="0.05" transform="scale(1, -1)"><g><g stroke-width="0" fill="#FFFFFF" transform="translate(-8, -4.5)" fill-opacity="1"><rect width="16" height="9" /></g><g stroke-width="0.1" stroke="#000000" fill-opacity="0"><g transform="translate(0, 0)"><g transform="scale(0.0625, 9)"><g transform="scale(1, -1)"><image width="256" height="1" x="-128" y="-0.5" xlink:href="data:image/png;base64,iVBORw0KGgoAAAANSUhEUgAAAQAAAAABCAIAAAC+O+cgAAABPUlEQVR4nOXRgUYDAABAwUeMiBgjxogRMUaMERExxogYMcYYY8QYY0TEGBFjxBgRY0RExIgYY8QYESNGRESMiJe+I+4PDuVHvmUhX/IpH/IubzKXV5nJizzLVCbyJGMZyVAe5UEGci93cis3ci196cmVXEpXOnIhbWnJuZxJUxpyKidyLHWpSVUqciRlKUlRCpKXnBxKVg5kXzKSlpTsya7syLYkJSFbEpeYbMqGRGVdIhKWNQlJUFZlRZYlIEvCnyUM4DKu4CoGMYRrGMYIrmMUN3ATYxjHLUxgErdxB3dxD1OYxgzu4wFm8RBzmMcCFrGEZTzCClaxhnU8xhM8xQY28QzPsYVtvMAOdvESr7CHfbzGG7zFO7zHAT7gIw5xhGN8wglO8RlfcIavOMc3fMcP/MQvXOA3/vDv+38BFeJ+kBPM0CgAAAAASUVORK5CYII=" /></g></g></g></g></g></g></svg>
4<svg viewBox="-8 -4.5 16 9" xmlns="http://www.w3.org/2000/svg" xmlns:xlink="http://www.w3.org/1999/xlink" version="1.1" preserveAspectRatio="none"><g stroke-width="0.05" transform="scale(1, -1)"><g><g stroke-width="0" fill="#FFFFFF" transform="translate(-8, -4.5)" fill-opacity="1"><rect width="16" height="9" /></g><g stroke-width="0.1" stroke="#000000" fill-opacity="0"><g transform="translate(0, 0)"><g transform="scale(0.0625, 9)"><g transform="scale(1, -1)"><image width="256" height="1" x="-128" y="-0.5" xlink:href="data:image/png;base64,iVBORw0KGgoAAAANSUhEUgAAAQAAAAABCAIAAAC+O+cgAAABPUlEQVR4nOXRgUYDAABAwUeMiBgjxogRMUaMERExxogYMcYYY8QYY0TEGBFjxBgRY0RExIgYY8QYESNGRESMiJe+I+4PDuVHvmUhX/IpH/IubzKXV5nJizzLVCbyJGMZyVAe5UEGci93cis3ci196cmVXEpXOnIhbWnJuZxJUxpyKidyLHWpSVUqciRlKUlRCpKXnBxKVg5kXzKSlpTsya7syLYkJSFbEpeYbMqGRGVdIhKWNQlJUFZlRZYlIEvCnyUM4DKu4CoGMYRrGMYIrmMUN3ATYxjHLUxgErdxB3dxD1OYxgzu4wFm8RBzmMcCFrGEZTzCClaxhnU8xhM8xQY28QzPsYVtvMAOdvESr7CHfbzGG7zFO7zHAT7gIw5xhGN8wglO8RlfcIavOMc3fMcP/MQvXOA3/vDv+38BFeJ+kBPM0CgAAAAASUVORK5CYII=" /></g></g></g></g></g></g></svg>
5<svg viewBox="-8 -4.5 16 9" xmlns="http://www.w3.org/2000/svg" xmlns:xlink="http://www.w3.org/1999/xlink" version="1.1" preserveAspectRatio="none"><g stroke-width="0.05" transform="scale(1, -1)"><g><g stroke-width="0" fill="#FFFFFF" transform="translate(-8, -4.5)" fill-opacity="1"><rect width="16" height="9" /></g><g stroke-width="0.1" stroke="#000000" fill-opacity="0"><g transform="translate(0, 0)"><g transform="scale(0.0625, 9)"><g transform="scale(1, -1)"><image width="256" height="1" x="-128" y="-0.5" xlink:href="data:image/png;base64,iVBORw0KGgoAAAANSUhEUgAAAQAAAAABCAIAAAC+O+cgAAABPUlEQVR4nOXRgUYDAABAwUeMiBgjxogRMUaMERExxogYMcYYY8QYY0TEGBFjxBgRY0RExIgYY8QYESNGRESMiJe+I+4PDuVHvmUhX/IpH/IubzKXV5nJizzLVCbyJGMZyVAe5UEGci93cis3ci196cmVXEpXOnIhbWnJuZxJUxpyKidyLHWpSVUqciRlKUlRCpKXnBxKVg5kXzKSlpTsya7syLYkJSFbEpeYbMqGRGVdIhKWNQlJUFZlRZYlIEvCnyUM4DKu4CoGMYRrGMYIrmMUN3ATYxjHLUxgErdxB3dxD1OYxgzu4wFm8RBzmMcCFrGEZTzCClaxhnU8xhM8xQY28QzPsYVtvMAOdvESr7CHfbzGG7zFO7zHAT7gIw5xhGN8wglO8RlfcIavOMc3fMcP/MQvXOA3/vDv+38BFeJ+kBPM0CgAAAAASUVORK5CYII=" /></g></g></g></g></g></g></svg>
6<svg viewBox="-8 -4.5 16 9" xmlns="http://www.w3.org/2000/svg" xmlns:xlink="http://www.w3.org/1999/xlink" version="1.1" preserveAspectRatio="none"><g stroke-width="0.05" transform="scale(1, -1)"><g><g stroke-width="0" fill="#FFFFFF" transform="translate(-8, -4.5)" fill-opacity="1"><rect width="16" height="9" /></g><g stroke-width="0.1" stroke="#000000" fill-opacity="0"><g transform="translate(0, 0)"><g transform="scale(0.0625, 9)"><g transform="scale(1, -1)"><image width="256" height="1" x="-128" y="-0.5" xlink:href="data:image/png;base64,iVBORw0KGgoAAAANSUhEUgAAAQAAAAABCAIAAAC+O+cgAAABPUlEQVR4nOXRgUYDAABAwUeMiBgjxogRMUaMERExxogYMcYYY8QYY0TEGBFjxBgRY0RExIgYY8QYESNGRESMiJe+I+4PDuVHvmUhX/IpH/IubzKXV5nJizzLVCbyJGMZyVAe5UEGci93cis3ci196cmVXEpXOnIhbWnJuZxJUxpyKidyLHWpSVUqciRlKUlRCpKXnBxKVg5kXzKSlpTsya7syLYkJSFbEpeYbMqGRGVdIhKWNQlJUFZlRZYlIEvCnyUM4DKu4CoGMYRrGMYIrmMUN3ATYxjHLUxgErdxB3dxD1OYxgzu4wFm8RBzmMcCFrGEZTzCClaxhnU8xhM8xQY28QzPsYVtvMAOdvESr7CHfbzGG7zFO7zHAT7gIw5xhGN8wglO8RlfcIavOMc3fMcP/MQvXOA3/vDv+38BFeJ+kBPM0CgAAAAASUVORK5CYII=" /></g></g></g></g></g></g></svg>
7<svg viewBox="-8 -4.5 16 9" xmlns="http://www.w3.org/2000/svg" xmlns:xlink="http://www.w3.org/1999/xlink" version="1.1" preserveAspectRatio="none"><g stroke-width="0.05" transform="scale(1, -1)"><g><g stroke-width="0" fill="#FFFFFF" transform="translate(-8, -4.5)" fill-opacity="1"><rect width="16" height="9" /></g><g stroke-width="0.1" stroke="#000000" fill-opacity="0"><g transform="translate(0, 0)"><g transform="scale(0.0625, 9)"><g transform="scale(1, -1)"><image width="256" height="1" x="-128" y="-0.5" xlink:href="data:image/png;base64,iVBORw0KGgoAAAANSUhEUgAAAQAAAAABCAIAAAC+O+cgAAABPUlEQVR4nOXRgUYDAABAwUeMiBgjxogRMUaMERExxogYMcYYY8QYY0TEGBFjxBgRY0RExIgYY8QYESNGRESMiJe+I+4PDuVHvmUhX/IpH/IubzKXV5nJizzLVCbyJGMZyVAe5UEGci93cis3ci196cmVXEpXOnIhbWnJuZxJUxpyKidyLHWpSVUqciRlKUlRCpKXnBxKVg5kXzKSlpTsya7syLYkJSFbEpeYbMqGRGVdIhKWNQlJUFZlRZYlIEvCnyUM4DKu4CoGMYRrGMYIrmMUN3ATYxjHLUxgErdxB3dxD1OYxgzu4wFm8RBzmMcCFrGEZTzCClaxhnU8xhM8xQY28QzPsYVtvMAOdvESr7CHfbzGG7zFO7zHAT7gIw5xhGN8wglO8RlfcIavOMc3fMcP/MQvXOA3/vDv+38BFeJ+kBPM0CgAAAAASUVORK5CYII=" /></g></g></g></g></g></g></svg>
8<svg viewBox="-8 -4.5 16 9" xmlns="http://www.w3.org/2000/svg" xmlns:xlink="http://www.w3.org/1999/xlink" version="1.1" preserveAspectRatio="none"><g stroke-width="0.05" transform="scale(1, -1)"><g><g stroke-width="0" fill="#FFFFFF" transform="translate(-8, -4.5)" fill-opacity="1"><rect width="16" height="9" /></g><g stroke-width="0.1" stroke="#000000" fill-opacity="0"><g transform="translate(0, 0)"><g transform="scale(0.0625, 9)"><g transform="scale(1, -1)"><image width="256" height="1" x="-128" y="-0.5" xlink:href="data:image/png;base64,iVBORw0KGgoAAAANSUhEUgAAAQAAAAABCAIAAAC+O+cgAAABPUlEQVR4nOXRgUYDAABAwUeMiBgjxogRMUaMERExxogYMcYYY8QYY0TEGBFjxBgRY0RExIgYY8QYESNGRESMiJe+I+4PDuVHvmUhX/IpH/IubzKXV5nJizzLVCbyJGMZyVAe5UEGci93cis3ci196cmVXEpXOnIhbWnJuZxJUxpyKidyLHWpSVUqciRlKUlRCpKXnBxKVg5kXzKSlpTsya7syLYkJSFbEpeYbMqGRGVdIhKWNQlJUFZlRZYlIEvCnyUM4DKu4CoGMYRrGMYIrmMUN3ATYxjHLUxgErdxB3dxD1OYxgzu4wFm8RBzmMcCFrGEZTzCClaxhnU8xhM8xQY28QzPsYVtvMAOdvESr7CHfbzGG7zFO7zHAT7gIw5xhGN8wglO8RlfcIavOMc3fMcP/MQvXOA3/vDv+38BFeJ+kBPM0CgAAAAASUVORK5CYII=" /></g></g></g></g></g></g></svg>
9<svg viewBox="-8 -4.5 16 9" xmlns="http://www.w3.org/2000/svg" xmlns:xlink="http://www.w3.org/1999/xlink" version="1.1" preserveAspectRatio="none"><g stroke-width="0.05" transform="scale(1, -1)"><g><g stroke-width="0" fill="#FFFFFF" transform="translate(-8, -4.5)" fill-opacity="1"><rect width="16" height="9" /></g><g stroke-width="0.1" stroke="#000000" fill-opacity="0"><g transform="translate(0, 0)"><g transform="scale(0.0625, 9)"><g transform="scale(1, -1)"><image width="256" height="1" x="-128" y="-0.5" xlink:href="data:image/png;base64,iVBORw0KGgoAAAANSUhEUgAAAQAAAAABCAIAAAC+O+cgAAABPUlEQVR4nOXRgUYDAABAwUeMiBgjxogRMUaMERExxogYMcYYY8QYY0TEGBFjxBgRY0RExIgYY8QYESNGRESMiJe+I+4PDuVHvmUhX/IpH/IubzKXV5nJizzLVCbyJGMZyVAe5UEGci93cis3ci196cmVXEpXOnIhbWnJuZxJUxpyKidyLHWpSVUqciRlKUlRCpKXnBxKVg5kXzKSlpTsya7syLYkJSFbEpeYbMqGRGVdIhKWNQlJUFZlRZYlIEvCnyUM4DKu4CoGMYRrGMYIrmMUN3ATYxjHLUxgErdxB3dxD1OYxgzu4wFm8RBzmMcCFrGEZTzCClaxhnU8xhM8xQY28QzPsYVtvMAOdvESr7CHfbzGG7zFO7zHAT7gIw5xhGN8wglO8RlfcIavOMc3fMcP/MQvXOA3/vDv+38BFeJ+kBPM0CgAAAAASUVORK5CYII=" /></g></g></g></g></g></g></svg>
