0<svg viewBox="-8 -4.5 16 9" xmlns="http://www.w3.org/2000/svg" xmlns:xlink="http://www.w3.org/1999/xlink" version="1.1" preserveAspectRatio="none"><g stroke-width="0.05" transform="scale(1, -1)"><g><g stroke-width="0" fill="#FFFFFF" transform="translate(-8, -4.5)" fill-opacity="1"><rect width="16" height="9" /></g><g stroke-width="0.1" stroke="#000000" fill-opacity="0"><g transform="translate(0, 0)"><g transform="scale(0.0625, 9)"><g transform="scale(1, -1)"><image width="256" height="1" x="-128" y="-0.5" xlink:href="data:image/png;base64,iVBORw0KGgoAAAANSUhEUgAAAQAAAAABCAIAAAC+O+cgAAACFklEQVR4nB3SbWuNAQCA4VtZIWRqQm1NWSGEmlC0ZIUQamJFkhUysZpQ01qTYeRlk62lE1uG0bDJ1lonthgjZpOtpROWjZG3Ca3djucfXB8uIBfyoQAK4TScgwtQBiG4DJVQBdVwB+5BA4ThATyCVngOL+E1dEME3kEv9MNX+AG/YRAkRkbIGBkncTJR4iVRkmSazJI5kiwLZLGkSKosl9WyVtJko2yWrZIhOyRT9kq2HJAcyZV8OSaFclqKpETKJCTlclWqpFpqpE4aJCxN0iKt8lzapVO6JSLvpU/65av8lD8y6DCHYvw7yoGxfo/1S5wfJ9uT4Nspvkmya4Yds22b67NkHy+yeYn3l9qYav1Ka9d4e70307yWbsUWL23zYoaluyze49ksT2V7/JBHDpuX5+EjHjrm/pNmnTXzvDtLzbjotktuqTD9qhtuuP62q++6ot7URpfed0mzi1qc/9R5bc565fQuk9445a0JPU7uc8Jnx393zC9H/jVmKMofxD84gN+wH3vxPUawGzuxA19gKz7CJgxjA9ZhLd7CKqzEcgxhGZZgMZ7BQizAfMzFHDyI2bgPd+MO3I5bcTNuwjRch6twOS7DFFyMCzEZ5+JMnIZTMRHjcRLGYSyOxhE4PFrnf6Boo59BqU/wIUgWCcJF27UHBZ/AwyBlOAgabVoTlL0OV4LEoSB0tHVRUPwEHA3SR+v/A2yPbcQv3pluAAAAAElFTkSuQmCC" /></g></g></g></g></g></g></svg>
1<svg viewBox="-8 -4.5 16 9" xmlns="http://www.w3.org/2000/svg" xmlns:xlink="http://www.w3.org/1999/xlink" version="1.1" preserveAspectRatio="none"><g stroke-width="0.05" transform="scale(1, -1)"><g><g stroke-width="0" fill="#FFFFFF" transform="translate(-8, -4.5)" fill-opacity="1"><rect width="16" height="9" /></g><g stroke-width="0.1" stroke="#000000" fill-opacity="0"><g transform="translate(0, 0)"><g transform="scale(0.0625, 9)"><g transform="scale(1, -1)"><image width="256" height="1" x="-128" y="-0.5" xlink:href="data:image/png;base64,iVBORw0KGgoAAAANSUhEUgAAAQAAAAABCAIAAAC+O+cgAAACFklEQVR4nB3SbWuNAQCA4VtZIWRqQm1NWSGEmlC0ZIUQamJFkhUysZpQ01qTYeRlk62lE1uG0bDJ1lonthgjZpOtpROWjZG3Ca3djucfXB8uIBfyoQAK4TScgwtQBiG4DJVQBdVwB+5BA4ThATyCVngOL+E1dEME3kEv9MNX+AG/YRAkRkbIGBkncTJR4iVRkmSazJI5kiwLZLGkSKosl9WyVtJko2yWrZIhOyRT9kq2HJAcyZV8OSaFclqKpETKJCTlclWqpFpqpE4aJCxN0iKt8lzapVO6JSLvpU/65av8lD8y6DCHYvw7yoGxfo/1S5wfJ9uT4Nspvkmya4Yds22b67NkHy+yeYn3l9qYav1Ka9d4e70307yWbsUWL23zYoaluyze49ksT2V7/JBHDpuX5+EjHjrm/pNmnTXzvDtLzbjotktuqTD9qhtuuP62q++6ot7URpfed0mzi1qc/9R5bc565fQuk9445a0JPU7uc8Jnx393zC9H/jVmKMofxD84gN+wH3vxPUawGzuxA19gKz7CJgxjA9ZhLd7CKqzEcgxhGZZgMZ7BQizAfMzFHDyI2bgPd+MO3I5bcTNuwjRch6twOS7DFFyMCzEZ5+JMnIZTMRHjcRLGYSyOxhE4PFrnf6Boo59BqU/wIUgWCcJF27UHBZ/AwyBlOAgabVoTlL0OV4LEoSB0tHVRUPwEHA3SR+v/A2yPbcQv3pluAAAAAElFTkSuQmCC" /></g></g></g></g></g></g></svg>
2<svg viewBox="-8 -4.5 16 9" xmlns="http://www.w3.org/2000/svg" xmlns:xlink="http://www.w3.org/1999/xlink" version="1.1" preserveAspectRatio="none"><g stroke-width="0.05" transform="scale(1, -1)"><g><g stroke-width="0" fill="#FFFFFF" transform="translate(-8, -4.5)" fill-opacity="1"><rect width="16" height="9" /></g><g stroke-width="0.1" stroke="#000000" fill-opacity="0"><g transform="translate(0, 0)"><g transform="scale(0.0625, 9)"><g transform="scale(1, -1)"><image width="256" height="1" x="-128" y="-0.5" xlink:href="data:image/png;base64,iVBORw0KGgoAAAANSUhEUgAAAQAAAAABCAIAAAC+O+cgAAACFklEQVR4nB3SbWuNAQCA4VtZIWRqQm1NWSGEmlC0ZIUQamJFkhUysZpQ01qTYeRlk62lE1uG0bDJ1lonthgjZpOtpROWjZG3Ca3djucfXB8uIBfyoQAK4TScgwtQBiG4DJVQBdVwB+5BA4ThATyCVngOL+E1dEME3kEv9MNX+AG/YRAkRkbIGBkncTJR4iVRkmSazJI5kiwLZLGkSKosl9WyVtJko2yWrZIhOyRT9kq2HJAcyZV8OSaFclqKpETKJCTlclWqpFpqpE4aJCxN0iKt8lzapVO6JSLvpU/65av8lD8y6DCHYvw7yoGxfo/1S5wfJ9uT4Nspvkmya4Yds22b67NkHy+yeYn3l9qYav1Ka9d4e70307yWbsUWL23zYoaluyze49ksT2V7/JBHDpuX5+EjHjrm/pNmnTXzvDtLzbjotktuqTD9qhtuuP62q++6ot7URpfed0mzi1qc/9R5bc565fQuk9445a0JPU7uc8Jnx393zC9H/jVmKMofxD84gN+wH3vxPUawGzuxA19gKz7CJgxjA9ZhLd7CKqzEcgxhGZZgMZ7BQizAfMzFHDyI2bgPd+MO3I5bcTNuwjRch6twOS7DFFyMCzEZ5+JMnIZTMRHjcRLGYSyOxhE4PFrnf6Boo59BqU/wIUgWCcJF27UHBZ/AwyBlOAgabVoTlL0OV4LEoSB0tHVRUPwEHA3SR+v/A2yPbcQv3pluAAAAAElFTkSuQmCC" /></g></g></g></g></g></g></svg>
3<svg viewBox="-8 -4.5 16 9" xmlns="http://www.w3.org/2000/svg" xmlns:xlink="http://www.w3.org/1999/xlink" version="1.1" preserveAspectRatio="none"><g stroke-width="0.05" transform="scale(1, -1)"><g><g stroke-width="0" fill="#FFFFFF" transform="translate(-8, -4.5)" fill-opacity="1"><rect width="16" height="9" /></g><g stroke-width="0.1" stroke="#000000" fill-opacity="0"><g transform="translate(0, 0)"><g transform="scale(0.0625, 9)"><g transform="scale(1, -1)"><image width="256" height="1" x="-128" y="-0.5" xlink:href="data:image/png;base64,iVBORw0KGgoAAAANSUhEUgAAAQAAAAABCAIAAAC+O+cgAAACFklEQVR4nB3SbWuNAQCA4VtZIWRqQm1NWSGEmlC0ZIUQamJFkhUysZpQ01qTYeRlk62lE1uG0bDJ1lonthgjZpOtpROWjZG3Ca3djucfXB8uIBfyoQAK4TScgwtQBiG4DJVQBdVwB+5BA4ThATyCVngOL+E1dEME3kEv9MNX+AG/YRAkRkbIGBkncTJR4iVRkmSazJI5kiwLZLGkSKosl9WyVtJko2yWrZIhOyRT9kq2HJAcyZV8OSaFclqKpETKJCTlclWqpFpqpE4aJCxN0iKt8lzapVO6JSLvpU/65av8lD8y6DCHYvw7yoGxfo/1S5wfJ9uT4Nspvkmya4Yds22b67NkHy+yeYn3l9qYav1Ka9d4e70307yWbsUWL23zYoaluyze49ksT2V7/JBHDpuX5+EjHjrm/pNmnTXzvDtLzbjotktuqTD9qhtuuP62q++6ot7URpfed0mzi1qc/9R5bc565fQuk9445a0JPU7uc8Jnx393zC9H/jVmKMofxD84gN+wH3vxPUawGzuxA19gKz7CJgxjA9ZhLd7CKqzEcgxhGZZgMZ7BQizAfMzFHDyI2bgPd+MO3I5bcTNuwjRch6twOS7DFFyMCzEZ5+JMnIZTMRHjcRLGYSyOxhE4PFrnf6Boo59BqU/wIUgWCcJF27UHBZ/AwyBlOAgabVoTlL0OV4LEoSB0tHVRUPwEHA3SR+v/A2yPbcQv3pluAAAAAElFTkSuQmCC" /></g></g></g></g></g></g></svg>
4<svg viewBox="-8 -4.5 16 9" xmlns="http://www.w3.org/2000/svg" xmlns:xlink="http://www.w3.org/1999/xlink" version="1.1" preserveAspectRatio="none"><g stroke-width="0.05" transform="scale(1, -1)"><g><g stroke-width="0" fill="#FFFFFF" transform="translate(-8, -4.5)" fill-opacity="1"><rect width="16" height="9" /></g><g stroke-width="0.1" stroke="#000000" fill-opacity="0"><g transform="translate(0, 0)"><g transform="scale(0.0625, 9)"><g transform="scale(1, -1)"><image width="256" height="1" x="-128" y="-0.5" xlink:href="data:image/png;base64,iVBORw0KGgoAAAANSUhEUgAAAQAAAAABCAIAAAC+O+cgAAACFklEQVR4nB3SbWuNAQCA4VtZIWRqQm1NWSGEmlC0ZIUQamJFkhUysZpQ01qTYeRlk62lE1uG0bDJ1lonthgjZpOtpROWjZG3Ca3djucfXB8uIBfyoQAK4TScgwtQBiG4DJVQBdVwB+5BA4ThATyCVngOL+E1dEME3kEv9MNX+AG/YRAkRkbIGBkncTJR4iVRkmSazJI5kiwLZLGkSKosl9WyVtJko2yWrZIhOyRT9kq2HJAcyZV8OSaFclqKpETKJCTlclWqpFpqpE4aJCxN0iKt8lzapVO6JSLvpU/65av8lD8y6DCHYvw7yoGxfo/1S5wfJ9uT4Nspvkmya4Yds22b67NkHy+yeYn3l9qYav1Ka9d4e70307yWbsUWL23zYoaluyze49ksT2V7/JBHDpuX5+EjHjrm/pNmnTXzvDtLzbjotktuqTD9qhtuuP62q++6ot7URpfed0mzi1qc/9R5bc565fQuk9445a0JPU7uc8Jnx393zC9H/jVmKMofxD84gN+wH3vxPUawGzuxA19gKz7CJgxjA9ZhLd7CKqzEcgxhGZZgMZ7BQizAfMzFHDyI2bgPd+MO3I5bcTNuwjRch6twOS7DFFyMCzEZ5+JMnIZTMRHjcRLGYSyOxhE4PFrnf6Boo59BqU/wIUgWCcJF27UHBZ/AwyBlOAgabVoTlL0OV4LEoSB0tHVRUPwEHA3SR+v/A2yPbcQv3pluAAAAAElFTkSuQmCC" /></g></g></g></g></g></g></svg>
5<svg viewBox="-8 -4.5 16 9" xmlns="http://www.w3.org/2000/svg" xmlns:xlink="http://www.w3.org/1999/xlink" version="1.1" preserveAspectRatio="none"><g stroke-width="0.05" transform="scale(1, -1)"><g><g stroke-width="0" fill="#FFFFFF" transform="translate(-8, -4.5)" fill-opacity="1"><rect width="16" height="9" /></g><g stroke-width="0.1" stroke="#000000" fill-opacity="0"><g transform="translate(0, 0)"><g transform="scale(0.0625, 9)"><g transform="scale(1, -1)"><image width="256" height="1" x="-128" y="-0.5" xlink:href="data:image/png;base64,iVBORw0KGgoAAAANSUhEUgAAAQAAAAABCAIAAAC+O+cgAAACFklEQVR4nB3SbWuNAQCA4VtZIWRqQm1NWSGEmlC0ZIUQamJFkhUysZpQ01qTYeRlk62lE1uG0bDJ1lonthgjZpOtpROWjZG3Ca3djucfXB8uIBfyoQAK4TScgwtQBiG4DJVQBdVwB+5BA4ThATyCVngOL+E1dEME3kEv9MNX+AG/YRAkRkbIGBkncTJR4iVRkmSazJI5kiwLZLGkSKosl9WyVtJko2yWrZIhOyRT9kq2HJAcyZV8OSaFclqKpETKJCTlclWqpFpqpE4aJCxN0iKt8lzapVO6JSLvpU/65av8lD8y6DCHYvw7yoGxfo/1S5wfJ9uT4Nspvkmya4Yds22b67NkHy+yeYn3l9qYav1Ka9d4e70307yWbsUWL23zYoaluyze49ksT2V7/JBHDpuX5+EjHjrm/pNmnTXzvDtLzbjotktuqTD9qhtuuP62q++6ot7URpfed0mzi1qc/9R5bc565fQuk9445a0JPU7uc8Jnx393zC9H/jVmKMofxD84gN+wH3vxPUawGzuxA19gKz7CJgxjA9ZhLd7CKqzEcgxhGZZgMZ7BQizAfMzFHDyI2bgPd+MO3I5bcTNuwjRch6twOS7DFFyMCzEZ5+JMnIZTMRHjcRLGYSyOxhE4PFrnf6Boo59BqU/wIUgWCcJF27UHBZ/AwyBlOAgabVoTlL0OV4LEoSB0tHVRUPwEHA3SR+v/A2yPbcQv3pluAAAAAElFTkSuQmCC" /></g></g></g></g></g></g></svg>
6<svg viewBox="-8 -4.5 16 9" xmlns="http://www.w3.org/2000/svg" xmlns:xlink="http://www.w3.org/1999/xlink" version="1.1" preserveAspectRatio="none"><g stroke-width="0.05" transform="scale(1, -1)"><g><g stroke-width="0" fill="#FFFFFF" transform="translate(-8, -4.5)" fill-opacity="1"><rect width="16" height="9" /></g><g stroke-width="0.1" stroke="#000000" fill-opacity="0"><g transform="translate(0, 0)"><g transform="scale(0.0625, 9)"><g transform="scale(1, -1)"><image width="256" height="1" x="-128" y="-0.5" xlink:href="data:image/png;base64,iVBORw0KGgoAAAANSUhEUgAAAQAAAAABCAIAAAC+O+cgAAACFklEQVR4nB3SbWuNAQCA4VtZIWRqQm1NWSGEmlC0ZIUQamJFkhUysZpQ01qTYeRlk62lE1uG0bDJ1lonthgjZpOtpROWjZG3Ca3djucfXB8uIBfyoQAK4TScgwtQBiG4DJVQBdVwB+5BA4ThATyCVngOL+E1dEME3kEv9MNX+AG/YRAkRkbIGBkncTJR4iVRkmSazJI5kiwLZLGkSKosl9WyVtJko2yWrZIhOyRT9kq2HJAcyZV8OSaFclqKpETKJCTlclWqpFpqpE4aJCxN0iKt8lzapVO6JSLvpU/65av8lD8y6DCHYvw7yoGxfo/1S5wfJ9uT4Nspvkmya4Yds22b67NkHy+yeYn3l9qYav1Ka9d4e70307yWbsUWL23zYoaluyze49ksT2V7/JBHDpuX5+EjHjrm/pNmnTXzvDtLzbjotktuqTD9qhtuuP62q++6ot7URpfed0mzi1qc/9R5bc565fQuk9445a0JPU7uc8Jnx393zC9H/jVmKMofxD84gN+wH3vxPUawGzuxA19gKz7CJgxjA9ZhLd7CKqzEcgxhGZZgMZ7BQizAfMzFHDyI2bgPd+MO3I5bcTNuwjRch6twOS7DFFyMCzEZ5+JMnIZTMRHjcRLGYSyOxhE4PFrnf6Boo59BqU/wIUgWCcJF27UHBZ/AwyBlOAgabVoTlL0OV4LEoSB0tHVRUPwEHA3SR+v/A2yPbcQv3pluAAAAAElFTkSuQmCC" /></g></g></g></g></g></g></svg>
7<svg viewBox="-8 -4.5 16 9" xmlns="http://www.w3.org/2000/svg" xmlns:xlink="http://www.w3.org/1999/xlink" version="1.1" preserveAspectRatio="none"><g stroke-width="0.05" transform="scale(1, -1)"><g><g stroke-width="0" fill="#FFFFFF" transform="translate(-8, -4.5)" fill-opacity="1"><rect width="16" height="9" /></g><g stroke-width="0.1" stroke="#000000" fill-opacity="0"><g transform="translate(0, 0)"><g transform="scale(0.0625, 9)"><g transform="scale(1, -1)"><image width="256" height="1" x="-128" y="-0.5" xlink:href="data:image/png;base64,iVBORw0KGgoAAAANSUhEUgAAAQAAAAABCAIAAAC+O+cgAAACFklEQVR4nB3SbWuNAQCA4VtZIWRqQm1NWSGEmlC0ZIUQamJFkhUysZpQ01qTYeRlk62lE1uG0bDJ1lonthgjZpOtpROWjZG3Ca3djucfXB8uIBfyoQAK4TScgwtQBiG4DJVQBdVwB+5BA4ThATyCVngOL+E1dEME3kEv9MNX+AG/YRAkRkbIGBkncTJR4iVRkmSazJI5kiwLZLGkSKosl9WyVtJko2yWrZIhOyRT9kq2HJAcyZV8OSaFclqKpETKJCTlclWqpFpqpE4aJCxN0iKt8lzapVO6JSLvpU/65av8lD8y6DCHYvw7yoGxfo/1S5wfJ9uT4Nspvkmya4Yds22b67NkHy+yeYn3l9qYav1Ka9d4e70307yWbsUWL23zYoaluyze49ksT2V7/JBHDpuX5+EjHjrm/pNmnTXzvDtLzbjotktuqTD9qhtuuP62q++6ot7URpfed0mzi1qc/9R5bc565fQuk9445a0JPU7uc8Jnx393zC9H/jVmKMofxD84gN+wH3vxPUawGzuxA19gKz7CJgxjA9ZhLd7CKqzEcgxhGZZgMZ7BQizAfMzFHDyI2bgPd+MO3I5bcTNuwjRch6twOS7DFFyMCzEZ5+JMnIZTMRHjcRLGYSyOxhE4PFrnf6Boo59BqU/wIUgWCcJF27UHBZ/AwyBlOAgabVoTlL0OV4LEoSB0tHVRUPwEHA3SR+v/A2yPbcQv3pluAAAAAElFTkSuQmCC" /></g></g></g></g></g></g></svg>
8<svg viewBox="-8 -4.5 16 9" xmlns="http://www.w3.org/2000/svg" xmlns:xlink="http://www.w3.org/1999/xlink" version="1.1" preserveAspectRatio="none"><g stroke-width="0.05" transform="scale(1, -1)"><g><g stroke-width="0" fill="#FFFFFF" transform="translate(-8, -4.5)" fill-opacity="1"><rect width="16" height="9" /></g><g stroke-width="0.1" stroke="#000000" fill-opacity="0"><g transform="translate(0, 0)"><g transform="scale(0.0625, 9)"><g transform="scale(1, -1)"><image width="256" height="1" x="-128" y="-0.5" xlink:href="data:image/png;base64,iVBORw0KGgoAAAANSUhEUgAAAQAAAAABCAIAAAC+O+cgAAACFklEQVR4nB3SbWuNAQCA4VtZIWRqQm1NWSGEmlC0ZIUQamJFkhUysZpQ01qTYeRlk62lE1uG0bDJ1lonthgjZpOtpROWjZG3Ca3djucfXB8uIBfyoQAK4TScgwtQBiG4DJVQBdVwB+5BA4ThATyCVngOL+E1dEME3kEv9MNX+AG/YRAkRkbIGBkncTJR4iVRkmSazJI5kiwLZLGkSKosl9WyVtJko2yWrZIhOyRT9kq2HJAcyZV8OSaFclqKpETKJCTlclWqpFpqpE4aJCxN0iKt8lzapVO6JSLvpU/65av8lD8y6DCHYvw7yoGxfo/1S5wfJ9uT4Nspvkmya4Yds22b67NkHy+yeYn3l9qYav1Ka9d4e70307yWbsUWL23zYoaluyze49ksT2V7/JBHDpuX5+EjHjrm/pNmnTXzvDtLzbjotktuqTD9qhtuuP62q++6ot7URpfed0mzi1qc/9R5bc565fQuk9445a0JPU7uc8Jnx393zC9H/jVmKMofxD84gN+wH3vxPUawGzuxA19gKz7CJgxjA9ZhLd7CKqzEcgxhGZZgMZ7BQizAfMzFHDyI2bgPd+MO3I5bcTNuwjRch6twOS7DFFyMCzEZ5+JMnIZTMRHjcRLGYSyOxhE4PFrnf6Boo59BqU/wIUgWCcJF27UHBZ/AwyBlOAgabVoTlL0OV4LEoSB0tHVRUPwEHA3SR+v/A2yPbcQv3pluAAAAAElFTkSuQmCC" /></g></g></g></g></g></g></svg>
9<svg viewBox="-8 -4.5 16 9" xmlns="http://www.w3.org/2000/svg" xmlns:xlink="http://www.w3.org/1999/xlink" version="1.1" preserveAspectRatio="none"><g stroke-width="0.05" transform="scale(1, -1)"><g><g stroke-width="0" fill="#FFFFFF" transform="translate(-8, -4.5)" fill-opacity="1"><rect width="16" height="9" /></g><g stroke-width="0.1" stroke="#000000" fill-opacity="0"><g transform="translate(0, 0)"><g transform="scale(0.0625, 9)"><g transform="scale(1, -1)"><image width="256" height="1" x="-128" y="-0.5" xlink:href="data:image/png;base64,iVBORw0KGgoAAAANSUhEUgAAAQAAAAABCAIAAAC+O+cgAAACFklEQVR4nB3SbWuNAQCA4VtZIWRqQm1NWSGEmlC0ZIUQamJFkhUysZpQ01qTYeRlk62lE1uG0bDJ1lonthgjZpOtpROWjZG3Ca3djucfXB8uIBfyoQAK4TScgwtQBiG4DJVQBdVwB+5BA4ThATyCVngOL+E1dEME3kEv9MNX+AG/YRAkRkbIGBkncTJR4iVRkmSazJI5kiwLZLGkSKosl9WyVtJko2yWrZIhOyRT9kq2HJAcyZV8OSaFclqKpETKJCTlclWqpFpqpE4aJCxN0iKt8lzapVO6JSLvpU/65av8lD8y6DCHYvw7yoGxfo/1S5wfJ9uT4Nspvkmya4Yds22b67NkHy+yeYn3l9qYav1Ka9d4e70307yWbsUWL23zYoaluyze49ksT2V7/JBHDpuX5+EjHjrm/pNmnTXzvDtLzbjotktuqTD9qhtuuP62q++6ot7URpfed0mzi1qc/9R5bc565fQuk9445a0JPU7uc8Jnx393zC9H/jVmKMofxD84gN+wH3vxPUawGzuxA19gKz7CJgxjA9ZhLd7CKqzEcgxhGZZgMZ7BQizAfMzFHDyI2bgPd+MO3I5bcTNuwjRch6twOS7DFFyMCzEZ5+JMnIZTMRHjcRLGYSyOxhE4PFrnf6Boo59BqU/wIUgWCcJF27UHBZ/AwyBlOAgabVoTlL0OV4LEoSB0tHVRUPwEHA3SR+v/A2yPbcQv3pluAAAAAElFTkSuQmCC" /></g></g></g></g></g></g></svg>
