0<svg viewBox="-8 -4.5 16 9" xmlns="http://www.w3.org/2000/svg" xmlns:xlink="http://www.w3.org/1999/xlink" version="1.1" preserveAspectRatio="none"><g stroke-width="0.05" transform="scale(1, -1)"><g><g stroke-width="0" fill="#FFFFFF" transform="translate(-8, -4.5)" fill-opacity="1"><rect width="16" height="9" /></g><g stroke-width="0.1" stroke="#000000" fill-opacity="0"><g transform="translate(0, 0)"><g transform="scale(0.0625, 9)"><g transform="scale(1, -1)"><image width="256" height="1" x="-128" y="-0.5" xlink:href="data:image/png;base64,iVBORw0KGgoAAAANSUhEUgAAAQAAAAABCAIAAAC+O+cgAAADDElEQVR4nAEBA/78ADUqhzUsijYtjTYvkDYwkzYyljYzmTY1nDY2oDY4ozY5pjY7qTU9rDU+rzRAszNBtjJDuTFFvDBGvy5IwyxKxipMySdOzCRQ0CFS0x1U1hlX2RVZ2xBb3Qxd3ghf4AVh4ANi4QJk4QJl4QFm4QFo4QJp4QJq4QNr4QRs4AVt4AZu3wdv3whw3wlx3gpy3gtz3Qx03Q113A523A932xB42hB52hF62RJ72RJ82BN92BN+1xN/1xSA1hSB1hSC1RSD1RSE1BSF1BSG0xSH0xOI0xOJ0xKK0hKM0hGN0hCO0g+P0g6R0g2S0gyT0guV0gqW0gmX0QmY0QiZ0Qia0Aeb0AeczwedzwaezgafzgagzQahzAaiywajywakygakyQalyAamxwanxganxQaoxAapwwepwgeqwQirwAmrvwqsvgusvQytvA2uug+uuRCvuBKvtxOwthWwtBexsxiyshqysRyzrx6zriC0rSK0qyS1qia1qSi2pyu2pi23pS+3ozG4ojS4oDa5nzm5nTu6nD66mkC6mUO7l0a7lkm8lEu8k068kVG9kFS9jle9jVq9i12+imC+iGO+h2a+hWm+hGy/g2+/gXG/gHS/f3e/fnq/fH2/e4C/eoK/eYW/eIi/d4q/do2/dY+/dJK/cpS/cpe/cZm/cJy/b56+bqC+baO+bKW+a6e+aqq+aay+aK6+Z7C9ZrO9ZbW9Zbe9ZLm9Y7u9Yr28YcC8YMK8X8S8X8a8Xsi8Xcq7XMy7W867WtC7WdK7WdS7WNa6V9i6Vtq6Vdy6VN66U+C6UuK5UeS5UOa5T+i5Tuq5Tey5TO65S/C5SvK5SfS5SPa6Rvi6Rfm7Q/u8Qvy8QP29Pv6/Pf7AO//BOf/COP/EN//FNf7GNP7IM/7JMv3KMf3MMPzNLvzOLfvPLPvRK/rSKvnTKfnVKPjWJ/jXJvfZJffaJPbbI/bdIvXeIfXgIPXhH/XjHvTkHfTmHPToGvXpGfXrGPXtF/XvFvbxFPbzE/f1Evj3Efj5D/n7DgVgme6hHgXOAAAAAElFTkSuQmCC" /></g></g></g></g></g></g></svg>
1<svg viewBox="-8 -4.5 16 9" xmlns="http://www.w3.org/2000/svg" xmlns:xlink="http://www.w3.org/1999/xlink" version="1.1" preserveAspectRatio="none"><g stroke-width="0.05" transform="scale(1, -1)"><g><g stroke-width="0" fill="#FFFFFF" transform="translate(-8, -4.5)" fill-opacity="1"><rect width="16" height="9" /></g><g stroke-width="0.1" stroke="#000000" fill-opacity="0"><g transform="translate(0, 0)"><g transform="scale(0.0625, 9)"><g transform="scale(1, -1)"><image width="256" height="1" x="-128" y="-0.5" xlink:href="data:image/png;base64,iVBORw0KGgoAAAANSUhEUgAAAQAAAAABCAIAAAC+O+cgAAADDElEQVR4nAEBA/78ADUqhzUsijYtjTYvkDYwkzYyljYzmTY1nDY2oDY4ozY5pjY7qTU9rDU+rzRAszNBtjJDuTFFvDBGvy5IwyxKxipMySdOzCRQ0CFS0x1U1hlX2RVZ2xBb3Qxd3ghf4AVh4ANi4QJk4QJl4QFm4QFo4QJp4QJq4QNr4QRs4AVt4AZu3wdv3whw3wlx3gpy3gtz3Qx03Q113A523A932xB42hB52hF62RJ72RJ82BN92BN+1xN/1xSA1hSB1hSC1RSD1RSE1BSF1BSG0xSH0xOI0xOJ0xKK0hKM0hGN0hCO0g+P0g6R0g2S0gyT0guV0gqW0gmX0QmY0QiZ0Qia0Aeb0AeczwedzwaezgafzgagzQahzAaiywajywakygakyQalyAamxwanxganxQaoxAapwwepwgeqwQirwAmrvwqsvgusvQytvA2uug+uuRCvuBKvtxOwthWwtBexsxiyshqysRyzrx6zriC0rSK0qyS1qia1qSi2pyu2pi23pS+3ozG4ojS4oDa5nzm5nTu6nD66mkC6mUO7l0a7lkm8lEu8k068kVG9kFS9jle9jVq9i12+imC+iGO+h2a+hWm+hGy/g2+/gXG/gHS/f3e/fnq/fH2/e4C/eoK/eYW/eIi/d4q/do2/dY+/dJK/cpS/cpe/cZm/cJy/b56+bqC+baO+bKW+a6e+aqq+aay+aK6+Z7C9ZrO9ZbW9Zbe9ZLm9Y7u9Yr28YcC8YMK8X8S8X8a8Xsi8Xcq7XMy7W867WtC7WdK7WdS7WNa6V9i6Vtq6Vdy6VN66U+C6UuK5UeS5UOa5T+i5Tuq5Tey5TO65S/C5SvK5SfS5SPa6Rvi6Rfm7Q/u8Qvy8QP29Pv6/Pf7AO//BOf/COP/EN//FNf7GNP7IM/7JMv3KMf3MMPzNLvzOLfvPLPvRK/rSKvnTKfnVKPjWJ/jXJvfZJffaJPbbI/bdIvXeIfXgIPXhH/XjHvTkHfTmHPToGvXpGfXrGPXtF/XvFvbxFPbzE/f1Evj3Efj5D/n7DgVgme6hHgXOAAAAAElFTkSuQmCC" /></g></g></g></g></g></g></svg>
2<svg viewBox="-8 -4.5 16 9" xmlns="http://www.w3.org/2000/svg" xmlns:xlink="http://www.w3.org/1999/xlink" version="1.1" preserveAspectRatio="none"><g stroke-width="0.05" transform="scale(1, -1)"><g><g stroke-width="0" fill="#FFFFFF" transform="translate(-8, -4.5)" fill-opacity="1"><rect width="16" height="9" /></g><g stroke-width="0.1" stroke="#000000" fill-opacity="0"><g transform="translate(0, 0)"><g transform="scale(0.0625, 9)"><g transform="scale(1, -1)"><image width="256" height="1" x="-128" y="-0.5" xlink:href="data:image/png;base64,iVBORw0KGgoAAAANSUhEUgAAAQAAAAABCAIAAAC+O+cgAAADDElEQVR4nAEBA/78ADUqhzUsijYtjTYvkDYwkzYyljYzmTY1nDY2oDY4ozY5pjY7qTU9rDU+rzRAszNBtjJDuTFFvDBGvy5IwyxKxipMySdOzCRQ0CFS0x1U1hlX2RVZ2xBb3Qxd3ghf4AVh4ANi4QJk4QJl4QFm4QFo4QJp4QJq4QNr4QRs4AVt4AZu3wdv3whw3wlx3gpy3gtz3Qx03Q113A523A932xB42hB52hF62RJ72RJ82BN92BN+1xN/1xSA1hSB1hSC1RSD1RSE1BSF1BSG0xSH0xOI0xOJ0xKK0hKM0hGN0hCO0g+P0g6R0g2S0gyT0guV0gqW0gmX0QmY0QiZ0Qia0Aeb0AeczwedzwaezgafzgagzQahzAaiywajywakygakyQalyAamxwanxganxQaoxAapwwepwgeqwQirwAmrvwqsvgusvQytvA2uug+uuRCvuBKvtxOwthWwtBexsxiyshqysRyzrx6zriC0rSK0qyS1qia1qSi2pyu2pi23pS+3ozG4ojS4oDa5nzm5nTu6nD66mkC6mUO7l0a7lkm8lEu8k068kVG9kFS9jle9jVq9i12+imC+iGO+h2a+hWm+hGy/g2+/gXG/gHS/f3e/fnq/fH2/e4C/eoK/eYW/eIi/d4q/do2/dY+/dJK/cpS/cpe/cZm/cJy/b56+bqC+baO+bKW+a6e+aqq+aay+aK6+Z7C9ZrO9ZbW9Zbe9ZLm9Y7u9Yr28YcC8YMK8X8S8X8a8Xsi8Xcq7XMy7W867WtC7WdK7WdS7WNa6V9i6Vtq6Vdy6VN66U+C6UuK5UeS5UOa5T+i5Tuq5Tey5TO65S/C5SvK5SfS5SPa6Rvi6Rfm7Q/u8Qvy8QP29Pv6/Pf7AO//BOf/COP/EN//FNf7GNP7IM/7JMv3KMf3MMPzNLvzOLfvPLPvRK/rSKvnTKfnVKPjWJ/jXJvfZJffaJPbbI/bdIvXeIfXgIPXhH/XjHvTkHfTmHPToGvXpGfXrGPXtF/XvFvbxFPbzE/f1Evj3Efj5D/n7DgVgme6hHgXOAAAAAElFTkSuQmCC" /></g></g></g></g></g></g></svg>
3<svg viewBox="-8 -4.5 16 9" xmlns="http://www.w3.org/2000/svg" xmlns:xlink="http://www.w3.org/1999/xlink" version="1.1" preserveAspectRatio="none"><g stroke-width="0.05" transform="scale(1, -1)"><g><g stroke-width="0" fill="#FFFFFF" transform="translate(-8, -4.5)" fill-opacity="1"><rect width="16" height="9" /></g><g stroke-width="0.1" stroke="#000000" fill-opacity="0"><g transform="translate(0, 0)"><g transform="scale(0.0625, 9)"><g transform="scale(1, -1)"><image width="256" height="1" x="-128" y="-0.5" xlink:href="data:image/png;base64,iVBORw0KGgoAAAANSUhEUgAAAQAAAAABCAIAAAC+O+cgAAADDElEQVR4nAEBA/78ADUqhzUsijYtjTYvkDYwkzYyljYzmTY1nDY2oDY4ozY5pjY7qTU9rDU+rzRAszNBtjJDuTFFvDBGvy5IwyxKxipMySdOzCRQ0CFS0x1U1hlX2RVZ2xBb3Qxd3ghf4AVh4ANi4QJk4QJl4QFm4QFo4QJp4QJq4QNr4QRs4AVt4AZu3wdv3whw3wlx3gpy3gtz3Qx03Q113A523A932xB42hB52hF62RJ72RJ82BN92BN+1xN/1xSA1hSB1hSC1RSD1RSE1BSF1BSG0xSH0xOI0xOJ0xKK0hKM0hGN0hCO0g+P0g6R0g2S0gyT0guV0gqW0gmX0QmY0QiZ0Qia0Aeb0AeczwedzwaezgafzgagzQahzAaiywajywakygakyQalyAamxwanxganxQaoxAapwwepwgeqwQirwAmrvwqsvgusvQytvA2uug+uuRCvuBKvtxOwthWwtBexsxiyshqysRyzrx6zriC0rSK0qyS1qia1qSi2pyu2pi23pS+3ozG4ojS4oDa5nzm5nTu6nD66mkC6mUO7l0a7lkm8lEu8k068kVG9kFS9jle9jVq9i12+imC+iGO+h2a+hWm+hGy/g2+/gXG/gHS/f3e/fnq/fH2/e4C/eoK/eYW/eIi/d4q/do2/dY+/dJK/cpS/cpe/cZm/cJy/b56+bqC+baO+bKW+a6e+aqq+aay+aK6+Z7C9ZrO9ZbW9Zbe9ZLm9Y7u9Yr28YcC8YMK8X8S8X8a8Xsi8Xcq7XMy7W867WtC7WdK7WdS7WNa6V9i6Vtq6Vdy6VN66U+C6UuK5UeS5UOa5T+i5Tuq5Tey5TO65S/C5SvK5SfS5SPa6Rvi6Rfm7Q/u8Qvy8QP29Pv6/Pf7AO//BOf/COP/EN//FNf7GNP7IM/7JMv3KMf3MMPzNLvzOLfvPLPvRK/rSKvnTKfnVKPjWJ/jXJvfZJffaJPbbI/bdIvXeIfXgIPXhH/XjHvTkHfTmHPToGvXpGfXrGPXtF/XvFvbxFPbzE/f1Evj3Efj5D/n7DgVgme6hHgXOAAAAAElFTkSuQmCC" /></g></g></g></g></g></g></svg>
4<svg viewBox="-8 -4.5 16 9" xmlns="http://www.w3.org/2000/svg" xmlns:xlink="http://www.w3.org/1999/xlink" version="1.1" preserveAspectRatio="none"><g stroke-width="0.05" transform="scale(1, -1)"><g><g stroke-width="0" fill="#FFFFFF" transform="translate(-8, -4.5)" fill-opacity="1"><rect width="16" height="9" /></g><g stroke-width="0.1" stroke="#000000" fill-opacity="0"><g transform="translate(0, 0)"><g transform="scale(0.0625, 9)"><g transform="scale(1, -1)"><image width="256" height="1" x="-128" y="-0.5" xlink:href="data:image/png;base64,iVBORw0KGgoAAAANSUhEUgAAAQAAAAABCAIAAAC+O+cgAAADDElEQVR4nAEBA/78ADUqhzUsijYtjTYvkDYwkzYyljYzmTY1nDY2oDY4ozY5pjY7qTU9rDU+rzRAszNBtjJDuTFFvDBGvy5IwyxKxipMySdOzCRQ0CFS0x1U1hlX2RVZ2xBb3Qxd3ghf4AVh4ANi4QJk4QJl4QFm4QFo4QJp4QJq4QNr4QRs4AVt4AZu3wdv3whw3wlx3gpy3gtz3Qx03Q113A523A932xB42hB52hF62RJ72RJ82BN92BN+1xN/1xSA1hSB1hSC1RSD1RSE1BSF1BSG0xSH0xOI0xOJ0xKK0hKM0hGN0hCO0g+P0g6R0g2S0gyT0guV0gqW0gmX0QmY0QiZ0Qia0Aeb0AeczwedzwaezgafzgagzQahzAaiywajywakygakyQalyAamxwanxganxQaoxAapwwepwgeqwQirwAmrvwqsvgusvQytvA2uug+uuRCvuBKvtxOwthWwtBexsxiyshqysRyzrx6zriC0rSK0qyS1qia1qSi2pyu2pi23pS+3ozG4ojS4oDa5nzm5nTu6nD66mkC6mUO7l0a7lkm8lEu8k068kVG9kFS9jle9jVq9i12+imC+iGO+h2a+hWm+hGy/g2+/gXG/gHS/f3e/fnq/fH2/e4C/eoK/eYW/eIi/d4q/do2/dY+/dJK/cpS/cpe/cZm/cJy/b56+bqC+baO+bKW+a6e+aqq+aay+aK6+Z7C9ZrO9ZbW9Zbe9ZLm9Y7u9Yr28YcC8YMK8X8S8X8a8Xsi8Xcq7XMy7W867WtC7WdK7WdS7WNa6V9i6Vtq6Vdy6VN66U+C6UuK5UeS5UOa5T+i5Tuq5Tey5TO65S/C5SvK5SfS5SPa6Rvi6Rfm7Q/u8Qvy8QP29Pv6/Pf7AO//BOf/COP/EN//FNf7GNP7IM/7JMv3KMf3MMPzNLvzOLfvPLPvRK/rSKvnTKfnVKPjWJ/jXJvfZJffaJPbbI/bdIvXeIfXgIPXhH/XjHvTkHfTmHPToGvXpGfXrGPXtF/XvFvbxFPbzE/f1Evj3Efj5D/n7DgVgme6hHgXOAAAAAElFTkSuQmCC" /></g></g></g></g></g></g></svg>
5<svg viewBox="-8 -4.5 16 9" xmlns="http://www.w3.org/2000/svg" xmlns:xlink="http://www.w3.org/1999/xlink" version="1.1" preserveAspectRatio="none"><g stroke-width="0.05" transform="scale(1, -1)"><g><g stroke-width="0" fill="#FFFFFF" transform="translate(-8, -4.5)" fill-opacity="1"><rect width="16" height="9" /></g><g stroke-width="0.1" stroke="#000000" fill-opacity="0"><g transform="translate(0, 0)"><g transform="scale(0.0625, 9)"><g transform="scale(1, -1)"><image width="256" height="1" x="-128" y="-0.5" xlink:href="data:image/png;base64,iVBORw0KGgoAAAANSUhEUgAAAQAAAAABCAIAAAC+O+cgAAADDElEQVR4nAEBA/78ADUqhzUsijYtjTYvkDYwkzYyljYzmTY1nDY2oDY4ozY5pjY7qTU9rDU+rzRAszNBtjJDuTFFvDBGvy5IwyxKxipMySdOzCRQ0CFS0x1U1hlX2RVZ2xBb3Qxd3ghf4AVh4ANi4QJk4QJl4QFm4QFo4QJp4QJq4QNr4QRs4AVt4AZu3wdv3whw3wlx3gpy3gtz3Qx03Q113A523A932xB42hB52hF62RJ72RJ82BN92BN+1xN/1xSA1hSB1hSC1RSD1RSE1BSF1BSG0xSH0xOI0xOJ0xKK0hKM0hGN0hCO0g+P0g6R0g2S0gyT0guV0gqW0gmX0QmY0QiZ0Qia0Aeb0AeczwedzwaezgafzgagzQahzAaiywajywakygakyQalyAamxwanxganxQaoxAapwwepwgeqwQirwAmrvwqsvgusvQytvA2uug+uuRCvuBKvtxOwthWwtBexsxiyshqysRyzrx6zriC0rSK0qyS1qia1qSi2pyu2pi23pS+3ozG4ojS4oDa5nzm5nTu6nD66mkC6mUO7l0a7lkm8lEu8k068kVG9kFS9jle9jVq9i12+imC+iGO+h2a+hWm+hGy/g2+/gXG/gHS/f3e/fnq/fH2/e4C/eoK/eYW/eIi/d4q/do2/dY+/dJK/cpS/cpe/cZm/cJy/b56+bqC+baO+bKW+a6e+aqq+aay+aK6+Z7C9ZrO9ZbW9Zbe9ZLm9Y7u9Yr28YcC8YMK8X8S8X8a8Xsi8Xcq7XMy7W867WtC7WdK7WdS7WNa6V9i6Vtq6Vdy6VN66U+C6UuK5UeS5UOa5T+i5Tuq5Tey5TO65S/C5SvK5SfS5SPa6Rvi6Rfm7Q/u8Qvy8QP29Pv6/Pf7AO//BOf/COP/EN//FNf7GNP7IM/7JMv3KMf3MMPzNLvzOLfvPLPvRK/rSKvnTKfnVKPjWJ/jXJvfZJffaJPbbI/bdIvXeIfXgIPXhH/XjHvTkHfTmHPToGvXpGfXrGPXtF/XvFvbxFPbzE/f1Evj3Efj5D/n7DgVgme6hHgXOAAAAAElFTkSuQmCC" /></g></g></g></g></g></g></svg>
6<svg viewBox="-8 -4.5 16 9" xmlns="http://www.w3.org/2000/svg" xmlns:xlink="http://www.w3.org/1999/xlink" version="1.1" preserveAspectRatio="none"><g stroke-width="0.05" transform="scale(1, -1)"><g><g stroke-width="0" fill="#FFFFFF" transform="translate(-8, -4.5)" fill-opacity="1"><rect width="16" height="9" /></g><g stroke-width="0.1" stroke="#000000" fill-opacity="0"><g transform="translate(0, 0)"><g transform="scale(0.0625, 9)"><g transform="scale(1, -1)"><image width="256" height="1" x="-128" y="-0.5" xlink:href="data:image/png;base64,iVBORw0KGgoAAAANSUhEUgAAAQAAAAABCAIAAAC+O+cgAAADDElEQVR4nAEBA/78ADUqhzUsijYtjTYvkDYwkzYyljYzmTY1nDY2oDY4ozY5pjY7qTU9rDU+rzRAszNBtjJDuTFFvDBGvy5IwyxKxipMySdOzCRQ0CFS0x1U1hlX2RVZ2xBb3Qxd3ghf4AVh4ANi4QJk4QJl4QFm4QFo4QJp4QJq4QNr4QRs4AVt4AZu3wdv3whw3wlx3gpy3gtz3Qx03Q113A523A932xB42hB52hF62RJ72RJ82BN92BN+1xN/1xSA1hSB1hSC1RSD1RSE1BSF1BSG0xSH0xOI0xOJ0xKK0hKM0hGN0hCO0g+P0g6R0g2S0gyT0guV0gqW0gmX0QmY0QiZ0Qia0Aeb0AeczwedzwaezgafzgagzQahzAaiywajywakygakyQalyAamxwanxganxQaoxAapwwepwgeqwQirwAmrvwqsvgusvQytvA2uug+uuRCvuBKvtxOwthWwtBexsxiyshqysRyzrx6zriC0rSK0qyS1qia1qSi2pyu2pi23pS+3ozG4ojS4oDa5nzm5nTu6nD66mkC6mUO7l0a7lkm8lEu8k068kVG9kFS9jle9jVq9i12+imC+iGO+h2a+hWm+hGy/g2+/gXG/gHS/f3e/fnq/fH2/e4C/eoK/eYW/eIi/d4q/do2/dY+/dJK/cpS/cpe/cZm/cJy/b56+bqC+baO+bKW+a6e+aqq+aay+aK6+Z7C9ZrO9ZbW9Zbe9ZLm9Y7u9Yr28YcC8YMK8X8S8X8a8Xsi8Xcq7XMy7W867WtC7WdK7WdS7WNa6V9i6Vtq6Vdy6VN66U+C6UuK5UeS5UOa5T+i5Tuq5Tey5TO65S/C5SvK5SfS5SPa6Rvi6Rfm7Q/u8Qvy8QP29Pv6/Pf7AO//BOf/COP/EN//FNf7GNP7IM/7JMv3KMf3MMPzNLvzOLfvPLPvRK/rSKvnTKfnVKPjWJ/jXJvfZJffaJPbbI/bdIvXeIfXgIPXhH/XjHvTkHfTmHPToGvXpGfXrGPXtF/XvFvbxFPbzE/f1Evj3Efj5D/n7DgVgme6hHgXOAAAAAElFTkSuQmCC" /></g></g></g></g></g></g></svg>
7<svg viewBox="-8 -4.5 16 9" xmlns="http://www.w3.org/2000/svg" xmlns:xlink="http://www.w3.org/1999/xlink" version="1.1" preserveAspectRatio="none"><g stroke-width="0.05" transform="scale(1, -1)"><g><g stroke-width="0" fill="#FFFFFF" transform="translate(-8, -4.5)" fill-opacity="1"><rect width="16" height="9" /></g><g stroke-width="0.1" stroke="#000000" fill-opacity="0"><g transform="translate(0, 0)"><g transform="scale(0.0625, 9)"><g transform="scale(1, -1)"><image width="256" height="1" x="-128" y="-0.5" xlink:href="data:image/png;base64,iVBORw0KGgoAAAANSUhEUgAAAQAAAAABCAIAAAC+O+cgAAADDElEQVR4nAEBA/78ADUqhzUsijYtjTYvkDYwkzYyljYzmTY1nDY2oDY4ozY5pjY7qTU9rDU+rzRAszNBtjJDuTFFvDBGvy5IwyxKxipMySdOzCRQ0CFS0x1U1hlX2RVZ2xBb3Qxd3ghf4AVh4ANi4QJk4QJl4QFm4QFo4QJp4QJq4QNr4QRs4AVt4AZu3wdv3whw3wlx3gpy3gtz3Qx03Q113A523A932xB42hB52hF62RJ72RJ82BN92BN+1xN/1xSA1hSB1hSC1RSD1RSE1BSF1BSG0xSH0xOI0xOJ0xKK0hKM0hGN0hCO0g+P0g6R0g2S0gyT0guV0gqW0gmX0QmY0QiZ0Qia0Aeb0AeczwedzwaezgafzgagzQahzAaiywajywakygakyQalyAamxwanxganxQaoxAapwwepwgeqwQirwAmrvwqsvgusvQytvA2uug+uuRCvuBKvtxOwthWwtBexsxiyshqysRyzrx6zriC0rSK0qyS1qia1qSi2pyu2pi23pS+3ozG4ojS4oDa5nzm5nTu6nD66mkC6mUO7l0a7lkm8lEu8k068kVG9kFS9jle9jVq9i12+imC+iGO+h2a+hWm+hGy/g2+/gXG/gHS/f3e/fnq/fH2/e4C/eoK/eYW/eIi/d4q/do2/dY+/dJK/cpS/cpe/cZm/cJy/b56+bqC+baO+bKW+a6e+aqq+aay+aK6+Z7C9ZrO9ZbW9Zbe9ZLm9Y7u9Yr28YcC8YMK8X8S8X8a8Xsi8Xcq7XMy7W867WtC7WdK7WdS7WNa6V9i6Vtq6Vdy6VN66U+C6UuK5UeS5UOa5T+i5Tuq5Tey5TO65S/C5SvK5SfS5SPa6Rvi6Rfm7Q/u8Qvy8QP29Pv6/Pf7AO//BOf/COP/EN//FNf7GNP7IM/7JMv3KMf3MMPzNLvzOLfvPLPvRK/rSKvnTKfnVKPjWJ/jXJvfZJffaJPbbI/bdIvXeIfXgIPXhH/XjHvTkHfTmHPToGvXpGfXrGPXtF/XvFvbxFPbzE/f1Evj3Efj5D/n7DgVgme6hHgXOAAAAAElFTkSuQmCC" /></g></g></g></g></g></g></svg>
8<svg viewBox="-8 -4.5 16 9" xmlns="http://www.w3.org/2000/svg" xmlns:xlink="http://www.w3.org/1999/xlink" version="1.1" preserveAspectRatio="none"><g stroke-width="0.05" transform="scale(1, -1)"><g><g stroke-width="0" fill="#FFFFFF" transform="translate(-8, -4.5)" fill-opacity="1"><rect width="16" height="9" /></g><g stroke-width="0.1" stroke="#000000" fill-opacity="0"><g transform="translate(0, 0)"><g transform="scale(0.0625, 9)"><g transform="scale(1, -1)"><image width="256" height="1" x="-128" y="-0.5" xlink:href="data:image/png;base64,iVBORw0KGgoAAAANSUhEUgAAAQAAAAABCAIAAAC+O+cgAAADDElEQVR4nAEBA/78ADUqhzUsijYtjTYvkDYwkzYyljYzmTY1nDY2oDY4ozY5pjY7qTU9rDU+rzRAszNBtjJDuTFFvDBGvy5IwyxKxipMySdOzCRQ0CFS0x1U1hlX2RVZ2xBb3Qxd3ghf4AVh4ANi4QJk4QJl4QFm4QFo4QJp4QJq4QNr4QRs4AVt4AZu3wdv3whw3wlx3gpy3gtz3Qx03Q113A523A932xB42hB52hF62RJ72RJ82BN92BN+1xN/1xSA1hSB1hSC1RSD1RSE1BSF1BSG0xSH0xOI0xOJ0xKK0hKM0hGN0hCO0g+P0g6R0g2S0gyT0guV0gqW0gmX0QmY0QiZ0Qia0Aeb0AeczwedzwaezgafzgagzQahzAaiywajywakygakyQalyAamxwanxganxQaoxAapwwepwgeqwQirwAmrvwqsvgusvQytvA2uug+uuRCvuBKvtxOwthWwtBexsxiyshqysRyzrx6zriC0rSK0qyS1qia1qSi2pyu2pi23pS+3ozG4ojS4oDa5nzm5nTu6nD66mkC6mUO7l0a7lkm8lEu8k068kVG9kFS9jle9jVq9i12+imC+iGO+h2a+hWm+hGy/g2+/gXG/gHS/f3e/fnq/fH2/e4C/eoK/eYW/eIi/d4q/do2/dY+/dJK/cpS/cpe/cZm/cJy/b56+bqC+baO+bKW+a6e+aqq+aay+aK6+Z7C9ZrO9ZbW9Zbe9ZLm9Y7u9Yr28YcC8YMK8X8S8X8a8Xsi8Xcq7XMy7W867WtC7WdK7WdS7WNa6V9i6Vtq6Vdy6VN66U+C6UuK5UeS5UOa5T+i5Tuq5Tey5TO65S/C5SvK5SfS5SPa6Rvi6Rfm7Q/u8Qvy8QP29Pv6/Pf7AO//BOf/COP/EN//FNf7GNP7IM/7JMv3KMf3MMPzNLvzOLfvPLPvRK/rSKvnTKfnVKPjWJ/jXJvfZJffaJPbbI/bdIvXeIfXgIPXhH/XjHvTkHfTmHPToGvXpGfXrGPXtF/XvFvbxFPbzE/f1Evj3Efj5D/n7DgVgme6hHgXOAAAAAElFTkSuQmCC" /></g></g></g></g></g></g></svg>
9<svg viewBox="-8 -4.5 16 9" xmlns="http://www.w3.org/2000/svg" xmlns:xlink="http://www.w3.org/1999/xlink" version="1.1" preserveAspectRatio="none"><g stroke-width="0.05" transform="scale(1, -1)"><g><g stroke-width="0" fill="#FFFFFF" transform="translate(-8, -4.5)" fill-opacity="1"><rect width="16" height="9" /></g><g stroke-width="0.1" stroke="#000000" fill-opacity="0"><g transform="translate(0, 0)"><g transform="scale(0.0625, 9)"><g transform="scale(1, -1)"><image width="256" height="1" x="-128" y="-0.5" xlink:href="data:image/png;base64,iVBORw0KGgoAAAANSUhEUgAAAQAAAAABCAIAAAC+O+cgAAADDElEQVR4nAEBA/78ADUqhzUsijYtjTYvkDYwkzYyljYzmTY1nDY2oDY4ozY5pjY7qTU9rDU+rzRAszNBtjJDuTFFvDBGvy5IwyxKxipMySdOzCRQ0CFS0x1U1hlX2RVZ2xBb3Qxd3ghf4AVh4ANi4QJk4QJl4QFm4QFo4QJp4QJq4QNr4QRs4AVt4AZu3wdv3whw3wlx3gpy3gtz3Qx03Q113A523A932xB42hB52hF62RJ72RJ82BN92BN+1xN/1xSA1hSB1hSC1RSD1RSE1BSF1BSG0xSH0xOI0xOJ0xKK0hKM0hGN0hCO0g+P0g6R0g2S0gyT0guV0gqW0gmX0QmY0QiZ0Qia0Aeb0AeczwedzwaezgafzgagzQahzAaiywajywakygakyQalyAamxwanxganxQaoxAapwwepwgeqwQirwAmrvwqsvgusvQytvA2uug+uuRCvuBKvtxOwthWwtBexsxiyshqysRyzrx6zriC0rSK0qyS1qia1qSi2pyu2pi23pS+3ozG4ojS4oDa5nzm5nTu6nD66mkC6mUO7l0a7lkm8lEu8k068kVG9kFS9jle9jVq9i12+imC+iGO+h2a+hWm+hGy/g2+/gXG/gHS/f3e/fnq/fH2/e4C/eoK/eYW/eIi/d4q/do2/dY+/dJK/cpS/cpe/cZm/cJy/b56+bqC+baO+bKW+a6e+aqq+aay+aK6+Z7C9ZrO9ZbW9Zbe9ZLm9Y7u9Yr28YcC8YMK8X8S8X8a8Xsi8Xcq7XMy7W867WtC7WdK7WdS7WNa6V9i6Vtq6Vdy6VN66U+C6UuK5UeS5UOa5T+i5Tuq5Tey5TO65S/C5SvK5SfS5SPa6Rvi6Rfm7Q/u8Qvy8QP29Pv6/Pf7AO//BOf/COP/EN//FNf7GNP7IM/7JMv3KMf3MMPzNLvzOLfvPLPvRK/rSKvnTKfnVKPjWJ/jXJvfZJffaJPbbI/bdIvXeIfXgIPXhH/XjHvTkHfTmHPToGvXpGfXrGPXtF/XvFvbxFPbzE/f1Evj3Efj5D/n7DgVgme6hHgXOAAAAAElFTkSuQmCC" /></g></g></g></g></g></g></svg>
