0<svg viewBox="-8 -4.5 16 9" xmlns="http://www.w3.org/2000/svg" xmlns:xlink="http://www.w3.org/1999/xlink" version="1.1" preserveAspectRatio="none"><g stroke-width="0.05" transform="scale(1, -1)"><g><g stroke-width="0" fill="#FFFFFF" transform="translate(-8, -4.5)" fill-opacity="1"><rect width="16" height="9" /></g><g stroke-width="0.1" stroke="#000000" fill-opacity="0"><g transform="translate(0, 0)"><g transform="scale(0.0625, 9)"><g transform="scale(1, -1)"><image width="256" height="1" x="-128" y="-0.5" xlink:href="data:image/png;base64,iVBORw0KGgoAAAANSUhEUgAAAQAAAAABCAIAAAC+O+cgAAAClUlEQVR4nHXRW6cqYQAA0G9muquUpCRJJIlsEolIREREREREREREDxERET1EREREREQkIhKRSCKJJElKSulmqpk5DJv9cn7CsgBhNhMWE2E1EjYDbtfjDh3u/MFcWsyt+XrUH6/q7VOifgUakL+CsmdI+ghL7hHxLSq6xoSXuOCc4J+SvGOKe0hz9hn2Lsva5pibPGNdoK+KtGWJuihT5hVkVkWmNXhSh8cNaNSEhi0waIN+B/S6oNsDnT5oD0BrCJojqDGG6hO4NoWrM6QyR8oLSmlJLa5ohTU9v2HktszsjpXZs9MHTurITZ54iTM/fhHErsLoTRS5i8MPSegpDb5kAVTuRxW+t9L7UXm+ajemcWFaJ/7jwHV2XG8jDFbCaCFMZsJsIixGwmogbHrcrsMdP7hTi7k0mFv99ag+XuXbp0D9cjQgewWlz5DkERbfI6JbVHiNCS5x/jnBOyW5xxTnkGbvM6xdlrnNMTZ5+rpAWxWpyxJlUUZIP0z6IdIP/uOHSD9M+hHSTykvqKUlrbiiF9aM/IaZ27KyO3Zmz0kfuKkjL3niJ86C+EUYu4qiN3HkLgk/pKGnLPiSB1CFH1X63irvR+35atyY1oX9OHGdA9fbcYONMFoJk+VvPvGbj5P5mEf99ao+PuWbzEeDsldI+gxLHhHxPSq6xYTXuOCS4J+TvFOKe0xzDhn2Psva5ZjbPGNToK+LtFWJuixTFhVkXkVmNXhahycNaNyERi0wbINBB/S7oNcD3T7oDEB7CFojqDmGGhO4PoVrM6Q6RyoLSnlJLa1oxTW9sGHkt8zcjpXdszMHTvrITZ14yTM/cRHEr8LYTRS9iyMPSfgpDb1kQZT0v5W+j8r7VXsw0o//+ok//n/CrH6kwe5bLgAAAABJRU5ErkJggg==" /></g></g></g></g></g></g></svg>
1<svg viewBox="-8 -4.5 16 9" xmlns="http://www.w3.org/2000/svg" xmlns:xlink="http://www.w3.org/1999/xlink" version="1.1" preserveAspectRatio="none"><g stroke-width="0.05" transform="scale(1, -1)"><g><g stroke-width="0" fill="#FFFFFF" transform="translate(-8, -4.5)" fill-opacity="1"><rect width="16" height="9" /></g><g stroke-width="0.1" stroke="#000000" fill-opacity="0"><g transform="translate(0, 0)"><g transform="scale(0.0625, 9)"><g transform="scale(1, -1)"><image width="256" height="1" x="-128" y="-0.5" xlink:href="data:image/png;base64,iVBORw0KGgoAAAANSUhEUgAAAQAAAAABCAIAAAC+O+cgAAAClUlEQVR4nHXRW6cqYQAA0G9muquUpCRJJIlsEolIREREREREREREDxERET1EREREREQkIhKRSCKJJElKSulmqpk5DJv9cn7CsgBhNhMWE2E1EjYDbtfjDh3u/MFcWsyt+XrUH6/q7VOifgUakL+CsmdI+ghL7hHxLSq6xoSXuOCc4J+SvGOKe0hz9hn2Lsva5pibPGNdoK+KtGWJuihT5hVkVkWmNXhSh8cNaNSEhi0waIN+B/S6oNsDnT5oD0BrCJojqDGG6hO4NoWrM6QyR8oLSmlJLa5ohTU9v2HktszsjpXZs9MHTurITZ54iTM/fhHErsLoTRS5i8MPSegpDb5kAVTuRxW+t9L7UXm+ajemcWFaJ/7jwHV2XG8jDFbCaCFMZsJsIixGwmogbHrcrsMdP7hTi7k0mFv99ag+XuXbp0D9cjQgewWlz5DkERbfI6JbVHiNCS5x/jnBOyW5xxTnkGbvM6xdlrnNMTZ5+rpAWxWpyxJlUUZIP0z6IdIP/uOHSD9M+hHSTykvqKUlrbiiF9aM/IaZ27KyO3Zmz0kfuKkjL3niJ86C+EUYu4qiN3HkLgk/pKGnLPiSB1CFH1X63irvR+35atyY1oX9OHGdA9fbcYONMFoJk+VvPvGbj5P5mEf99ao+PuWbzEeDsldI+gxLHhHxPSq6xYTXuOCS4J+TvFOKe0xzDhn2Psva5ZjbPGNToK+LtFWJuixTFhVkXkVmNXhahycNaNyERi0wbINBB/S7oNcD3T7oDEB7CFojqDmGGhO4PoVrM6Q6RyoLSnlJLa1oxTW9sGHkt8zcjpXdszMHTvrITZ14yTM/cRHEr8LYTRS9iyMPSfgpDb1kQZT0v5W+j8r7VXsw0o//+ok//n/CrH6kwe5bLgAAAABJRU5ErkJggg==" /></g></g></g></g></g></g></svg>
2<svg viewBox="-8 -4.5 16 9" xmlns="http://www.w3.org/2000/svg" xmlns:xlink="http://www.w3.org/1999/xlink" version="1.1" preserveAspectRatio="none"><g stroke-width="0.05" transform="scale(1, -1)"><g><g stroke-width="0" fill="#FFFFFF" transform="translate(-8, -4.5)" fill-opacity="1"><rect width="16" height="9" /></g><g stroke-width="0.1" stroke="#000000" fill-opacity="0"><g transform="translate(0, 0)"><g transform="scale(0.0625, 9)"><g transform="scale(1, -1)"><image width="256" height="1" x="-128" y="-0.5" xlink:href="data:image/png;base64,iVBORw0KGgoAAAANSUhEUgAAAQAAAAABCAIAAAC+O+cgAAAClUlEQVR4nHXRW6cqYQAA0G9muquUpCRJJIlsEolIREREREREREREDxERET1EREREREQkIhKRSCKJJElKSulmqpk5DJv9cn7CsgBhNhMWE2E1EjYDbtfjDh3u/MFcWsyt+XrUH6/q7VOifgUakL+CsmdI+ghL7hHxLSq6xoSXuOCc4J+SvGOKe0hz9hn2Lsva5pibPGNdoK+KtGWJuihT5hVkVkWmNXhSh8cNaNSEhi0waIN+B/S6oNsDnT5oD0BrCJojqDGG6hO4NoWrM6QyR8oLSmlJLa5ohTU9v2HktszsjpXZs9MHTurITZ54iTM/fhHErsLoTRS5i8MPSegpDb5kAVTuRxW+t9L7UXm+ajemcWFaJ/7jwHV2XG8jDFbCaCFMZsJsIixGwmogbHrcrsMdP7hTi7k0mFv99ag+XuXbp0D9cjQgewWlz5DkERbfI6JbVHiNCS5x/jnBOyW5xxTnkGbvM6xdlrnNMTZ5+rpAWxWpyxJlUUZIP0z6IdIP/uOHSD9M+hHSTykvqKUlrbiiF9aM/IaZ27KyO3Zmz0kfuKkjL3niJ86C+EUYu4qiN3HkLgk/pKGnLPiSB1CFH1X63irvR+35atyY1oX9OHGdA9fbcYONMFoJk+VvPvGbj5P5mEf99ao+PuWbzEeDsldI+gxLHhHxPSq6xYTXuOCS4J+TvFOKe0xzDhn2Psva5ZjbPGNToK+LtFWJuixTFhVkXkVmNXhahycNaNyERi0wbINBB/S7oNcD3T7oDEB7CFojqDmGGhO4PoVrM6Q6RyoLSnlJLa1oxTW9sGHkt8zcjpXdszMHTvrITZ14yTM/cRHEr8LYTRS9iyMPSfgpDb1kQZT0v5W+j8r7VXsw0o//+ok//n/CrH6kwe5bLgAAAABJRU5ErkJggg==" /></g></g></g></g></g></g></svg>
3<svg viewBox="-8 -4.5 16 9" xmlns="http://www.w3.org/2000/svg" xmlns:xlink="http://www.w3.org/1999/xlink" version="1.1" preserveAspectRatio="none"><g stroke-width="0.05" transform="scale(1, -1)"><g><g stroke-width="0" fill="#FFFFFF" transform="translate(-8, -4.5)" fill-opacity="1"><rect width="16" height="9" /></g><g stroke-width="0.1" stroke="#000000" fill-opacity="0"><g transform="translate(0, 0)"><g transform="scale(0.0625, 9)"><g transform="scale(1, -1)"><image width="256" height="1" x="-128" y="-0.5" xlink:href="data:image/png;base64,iVBORw0KGgoAAAANSUhEUgAAAQAAAAABCAIAAAC+O+cgAAAClUlEQVR4nHXRW6cqYQAA0G9muquUpCRJJIlsEolIREREREREREREDxERET1EREREREQkIhKRSCKJJElKSulmqpk5DJv9cn7CsgBhNhMWE2E1EjYDbtfjDh3u/MFcWsyt+XrUH6/q7VOifgUakL+CsmdI+ghL7hHxLSq6xoSXuOCc4J+SvGOKe0hz9hn2Lsva5pibPGNdoK+KtGWJuihT5hVkVkWmNXhSh8cNaNSEhi0waIN+B/S6oNsDnT5oD0BrCJojqDGG6hO4NoWrM6QyR8oLSmlJLa5ohTU9v2HktszsjpXZs9MHTurITZ54iTM/fhHErsLoTRS5i8MPSegpDb5kAVTuRxW+t9L7UXm+ajemcWFaJ/7jwHV2XG8jDFbCaCFMZsJsIixGwmogbHrcrsMdP7hTi7k0mFv99ag+XuXbp0D9cjQgewWlz5DkERbfI6JbVHiNCS5x/jnBOyW5xxTnkGbvM6xdlrnNMTZ5+rpAWxWpyxJlUUZIP0z6IdIP/uOHSD9M+hHSTykvqKUlrbiiF9aM/IaZ27KyO3Zmz0kfuKkjL3niJ86C+EUYu4qiN3HkLgk/pKGnLPiSB1CFH1X63irvR+35atyY1oX9OHGdA9fbcYONMFoJk+VvPvGbj5P5mEf99ao+PuWbzEeDsldI+gxLHhHxPSq6xYTXuOCS4J+TvFOKe0xzDhn2Psva5ZjbPGNToK+LtFWJuixTFhVkXkVmNXhahycNaNyERi0wbINBB/S7oNcD3T7oDEB7CFojqDmGGhO4PoVrM6Q6RyoLSnlJLa1oxTW9sGHkt8zcjpXdszMHTvrITZ14yTM/cRHEr8LYTRS9iyMPSfgpDb1kQZT0v5W+j8r7VXsw0o//+ok//n/CrH6kwe5bLgAAAABJRU5ErkJggg==" /></g></g></g></g></g></g></svg>
4<svg viewBox="-8 -4.5 16 9" xmlns="http://www.w3.org/2000/svg" xmlns:xlink="http://www.w3.org/1999/xlink" version="1.1" preserveAspectRatio="none"><g stroke-width="0.05" transform="scale(1, -1)"><g><g stroke-width="0" fill="#FFFFFF" transform="translate(-8, -4.5)" fill-opacity="1"><rect width="16" height="9" /></g><g stroke-width="0.1" stroke="#000000" fill-opacity="0"><g transform="translate(0, 0)"><g transform="scale(0.0625, 9)"><g transform="scale(1, -1)"><image width="256" height="1" x="-128" y="-0.5" xlink:href="data:image/png;base64,iVBORw0KGgoAAAANSUhEUgAAAQAAAAABCAIAAAC+O+cgAAAClUlEQVR4nHXRW6cqYQAA0G9muquUpCRJJIlsEolIREREREREREREDxERET1EREREREQkIhKRSCKJJElKSulmqpk5DJv9cn7CsgBhNhMWE2E1EjYDbtfjDh3u/MFcWsyt+XrUH6/q7VOifgUakL+CsmdI+ghL7hHxLSq6xoSXuOCc4J+SvGOKe0hz9hn2Lsva5pibPGNdoK+KtGWJuihT5hVkVkWmNXhSh8cNaNSEhi0waIN+B/S6oNsDnT5oD0BrCJojqDGG6hO4NoWrM6QyR8oLSmlJLa5ohTU9v2HktszsjpXZs9MHTurITZ54iTM/fhHErsLoTRS5i8MPSegpDb5kAVTuRxW+t9L7UXm+ajemcWFaJ/7jwHV2XG8jDFbCaCFMZsJsIixGwmogbHrcrsMdP7hTi7k0mFv99ag+XuXbp0D9cjQgewWlz5DkERbfI6JbVHiNCS5x/jnBOyW5xxTnkGbvM6xdlrnNMTZ5+rpAWxWpyxJlUUZIP0z6IdIP/uOHSD9M+hHSTykvqKUlrbiiF9aM/IaZ27KyO3Zmz0kfuKkjL3niJ86C+EUYu4qiN3HkLgk/pKGnLPiSB1CFH1X63irvR+35atyY1oX9OHGdA9fbcYONMFoJk+VvPvGbj5P5mEf99ao+PuWbzEeDsldI+gxLHhHxPSq6xYTXuOCS4J+TvFOKe0xzDhn2Psva5ZjbPGNToK+LtFWJuixTFhVkXkVmNXhahycNaNyERi0wbINBB/S7oNcD3T7oDEB7CFojqDmGGhO4PoVrM6Q6RyoLSnlJLa1oxTW9sGHkt8zcjpXdszMHTvrITZ14yTM/cRHEr8LYTRS9iyMPSfgpDb1kQZT0v5W+j8r7VXsw0o//+ok//n/CrH6kwe5bLgAAAABJRU5ErkJggg==" /></g></g></g></g></g></g></svg>
5<svg viewBox="-8 -4.5 16 9" xmlns="http://www.w3.org/2000/svg" xmlns:xlink="http://www.w3.org/1999/xlink" version="1.1" preserveAspectRatio="none"><g stroke-width="0.05" transform="scale(1, -1)"><g><g stroke-width="0" fill="#FFFFFF" transform="translate(-8, -4.5)" fill-opacity="1"><rect width="16" height="9" /></g><g stroke-width="0.1" stroke="#000000" fill-opacity="0"><g transform="translate(0, 0)"><g transform="scale(0.0625, 9)"><g transform="scale(1, -1)"><image width="256" height="1" x="-128" y="-0.5" xlink:href="data:image/png;base64,iVBORw0KGgoAAAANSUhEUgAAAQAAAAABCAIAAAC+O+cgAAAClUlEQVR4nHXRW6cqYQAA0G9muquUpCRJJIlsEolIREREREREREREDxERET1EREREREQkIhKRSCKJJElKSulmqpk5DJv9cn7CsgBhNhMWE2E1EjYDbtfjDh3u/MFcWsyt+XrUH6/q7VOifgUakL+CsmdI+ghL7hHxLSq6xoSXuOCc4J+SvGOKe0hz9hn2Lsva5pibPGNdoK+KtGWJuihT5hVkVkWmNXhSh8cNaNSEhi0waIN+B/S6oNsDnT5oD0BrCJojqDGG6hO4NoWrM6QyR8oLSmlJLa5ohTU9v2HktszsjpXZs9MHTurITZ54iTM/fhHErsLoTRS5i8MPSegpDb5kAVTuRxW+t9L7UXm+ajemcWFaJ/7jwHV2XG8jDFbCaCFMZsJsIixGwmogbHrcrsMdP7hTi7k0mFv99ag+XuXbp0D9cjQgewWlz5DkERbfI6JbVHiNCS5x/jnBOyW5xxTnkGbvM6xdlrnNMTZ5+rpAWxWpyxJlUUZIP0z6IdIP/uOHSD9M+hHSTykvqKUlrbiiF9aM/IaZ27KyO3Zmz0kfuKkjL3niJ86C+EUYu4qiN3HkLgk/pKGnLPiSB1CFH1X63irvR+35atyY1oX9OHGdA9fbcYONMFoJk+VvPvGbj5P5mEf99ao+PuWbzEeDsldI+gxLHhHxPSq6xYTXuOCS4J+TvFOKe0xzDhn2Psva5ZjbPGNToK+LtFWJuixTFhVkXkVmNXhahycNaNyERi0wbINBB/S7oNcD3T7oDEB7CFojqDmGGhO4PoVrM6Q6RyoLSnlJLa1oxTW9sGHkt8zcjpXdszMHTvrITZ14yTM/cRHEr8LYTRS9iyMPSfgpDb1kQZT0v5W+j8r7VXsw0o//+ok//n/CrH6kwe5bLgAAAABJRU5ErkJggg==" /></g></g></g></g></g></g></svg>
6<svg viewBox="-8 -4.5 16 9" xmlns="http://www.w3.org/2000/svg" xmlns:xlink="http://www.w3.org/1999/xlink" version="1.1" preserveAspectRatio="none"><g stroke-width="0.05" transform="scale(1, -1)"><g><g stroke-width="0" fill="#FFFFFF" transform="translate(-8, -4.5)" fill-opacity="1"><rect width="16" height="9" /></g><g stroke-width="0.1" stroke="#000000" fill-opacity="0"><g transform="translate(0, 0)"><g transform="scale(0.0625, 9)"><g transform="scale(1, -1)"><image width="256" height="1" x="-128" y="-0.5" xlink:href="data:image/png;base64,iVBORw0KGgoAAAANSUhEUgAAAQAAAAABCAIAAAC+O+cgAAAClUlEQVR4nHXRW6cqYQAA0G9muquUpCRJJIlsEolIREREREREREREDxERET1EREREREQkIhKRSCKJJElKSulmqpk5DJv9cn7CsgBhNhMWE2E1EjYDbtfjDh3u/MFcWsyt+XrUH6/q7VOifgUakL+CsmdI+ghL7hHxLSq6xoSXuOCc4J+SvGOKe0hz9hn2Lsva5pibPGNdoK+KtGWJuihT5hVkVkWmNXhSh8cNaNSEhi0waIN+B/S6oNsDnT5oD0BrCJojqDGG6hO4NoWrM6QyR8oLSmlJLa5ohTU9v2HktszsjpXZs9MHTurITZ54iTM/fhHErsLoTRS5i8MPSegpDb5kAVTuRxW+t9L7UXm+ajemcWFaJ/7jwHV2XG8jDFbCaCFMZsJsIixGwmogbHrcrsMdP7hTi7k0mFv99ag+XuXbp0D9cjQgewWlz5DkERbfI6JbVHiNCS5x/jnBOyW5xxTnkGbvM6xdlrnNMTZ5+rpAWxWpyxJlUUZIP0z6IdIP/uOHSD9M+hHSTykvqKUlrbiiF9aM/IaZ27KyO3Zmz0kfuKkjL3niJ86C+EUYu4qiN3HkLgk/pKGnLPiSB1CFH1X63irvR+35atyY1oX9OHGdA9fbcYONMFoJk+VvPvGbj5P5mEf99ao+PuWbzEeDsldI+gxLHhHxPSq6xYTXuOCS4J+TvFOKe0xzDhn2Psva5ZjbPGNToK+LtFWJuixTFhVkXkVmNXhahycNaNyERi0wbINBB/S7oNcD3T7oDEB7CFojqDmGGhO4PoVrM6Q6RyoLSnlJLa1oxTW9sGHkt8zcjpXdszMHTvrITZ14yTM/cRHEr8LYTRS9iyMPSfgpDb1kQZT0v5W+j8r7VXsw0o//+ok//n/CrH6kwe5bLgAAAABJRU5ErkJggg==" /></g></g></g></g></g></g></svg>
7<svg viewBox="-8 -4.5 16 9" xmlns="http://www.w3.org/2000/svg" xmlns:xlink="http://www.w3.org/1999/xlink" version="1.1" preserveAspectRatio="none"><g stroke-width="0.05" transform="scale(1, -1)"><g><g stroke-width="0" fill="#FFFFFF" transform="translate(-8, -4.5)" fill-opacity="1"><rect width="16" height="9" /></g><g stroke-width="0.1" stroke="#000000" fill-opacity="0"><g transform="translate(0, 0)"><g transform="scale(0.0625, 9)"><g transform="scale(1, -1)"><image width="256" height="1" x="-128" y="-0.5" xlink:href="data:image/png;base64,iVBORw0KGgoAAAANSUhEUgAAAQAAAAABCAIAAAC+O+cgAAAClUlEQVR4nHXRW6cqYQAA0G9muquUpCRJJIlsEolIREREREREREREDxERET1EREREREQkIhKRSCKJJElKSulmqpk5DJv9cn7CsgBhNhMWE2E1EjYDbtfjDh3u/MFcWsyt+XrUH6/q7VOifgUakL+CsmdI+ghL7hHxLSq6xoSXuOCc4J+SvGOKe0hz9hn2Lsva5pibPGNdoK+KtGWJuihT5hVkVkWmNXhSh8cNaNSEhi0waIN+B/S6oNsDnT5oD0BrCJojqDGG6hO4NoWrM6QyR8oLSmlJLa5ohTU9v2HktszsjpXZs9MHTurITZ54iTM/fhHErsLoTRS5i8MPSegpDb5kAVTuRxW+t9L7UXm+ajemcWFaJ/7jwHV2XG8jDFbCaCFMZsJsIixGwmogbHrcrsMdP7hTi7k0mFv99ag+XuXbp0D9cjQgewWlz5DkERbfI6JbVHiNCS5x/jnBOyW5xxTnkGbvM6xdlrnNMTZ5+rpAWxWpyxJlUUZIP0z6IdIP/uOHSD9M+hHSTykvqKUlrbiiF9aM/IaZ27KyO3Zmz0kfuKkjL3niJ86C+EUYu4qiN3HkLgk/pKGnLPiSB1CFH1X63irvR+35atyY1oX9OHGdA9fbcYONMFoJk+VvPvGbj5P5mEf99ao+PuWbzEeDsldI+gxLHhHxPSq6xYTXuOCS4J+TvFOKe0xzDhn2Psva5ZjbPGNToK+LtFWJuixTFhVkXkVmNXhahycNaNyERi0wbINBB/S7oNcD3T7oDEB7CFojqDmGGhO4PoVrM6Q6RyoLSnlJLa1oxTW9sGHkt8zcjpXdszMHTvrITZ14yTM/cRHEr8LYTRS9iyMPSfgpDb1kQZT0v5W+j8r7VXsw0o//+ok//n/CrH6kwe5bLgAAAABJRU5ErkJggg==" /></g></g></g></g></g></g></svg>
8<svg viewBox="-8 -4.5 16 9" xmlns="http://www.w3.org/2000/svg" xmlns:xlink="http://www.w3.org/1999/xlink" version="1.1" preserveAspectRatio="none"><g stroke-width="0.05" transform="scale(1, -1)"><g><g stroke-width="0" fill="#FFFFFF" transform="translate(-8, -4.5)" fill-opacity="1"><rect width="16" height="9" /></g><g stroke-width="0.1" stroke="#000000" fill-opacity="0"><g transform="translate(0, 0)"><g transform="scale(0.0625, 9)"><g transform="scale(1, -1)"><image width="256" height="1" x="-128" y="-0.5" xlink:href="data:image/png;base64,iVBORw0KGgoAAAANSUhEUgAAAQAAAAABCAIAAAC+O+cgAAAClUlEQVR4nHXRW6cqYQAA0G9muquUpCRJJIlsEolIREREREREREREDxERET1EREREREQkIhKRSCKJJElKSulmqpk5DJv9cn7CsgBhNhMWE2E1EjYDbtfjDh3u/MFcWsyt+XrUH6/q7VOifgUakL+CsmdI+ghL7hHxLSq6xoSXuOCc4J+SvGOKe0hz9hn2Lsva5pibPGNdoK+KtGWJuihT5hVkVkWmNXhSh8cNaNSEhi0waIN+B/S6oNsDnT5oD0BrCJojqDGG6hO4NoWrM6QyR8oLSmlJLa5ohTU9v2HktszsjpXZs9MHTurITZ54iTM/fhHErsLoTRS5i8MPSegpDb5kAVTuRxW+t9L7UXm+ajemcWFaJ/7jwHV2XG8jDFbCaCFMZsJsIixGwmogbHrcrsMdP7hTi7k0mFv99ag+XuXbp0D9cjQgewWlz5DkERbfI6JbVHiNCS5x/jnBOyW5xxTnkGbvM6xdlrnNMTZ5+rpAWxWpyxJlUUZIP0z6IdIP/uOHSD9M+hHSTykvqKUlrbiiF9aM/IaZ27KyO3Zmz0kfuKkjL3niJ86C+EUYu4qiN3HkLgk/pKGnLPiSB1CFH1X63irvR+35atyY1oX9OHGdA9fbcYONMFoJk+VvPvGbj5P5mEf99ao+PuWbzEeDsldI+gxLHhHxPSq6xYTXuOCS4J+TvFOKe0xzDhn2Psva5ZjbPGNToK+LtFWJuixTFhVkXkVmNXhahycNaNyERi0wbINBB/S7oNcD3T7oDEB7CFojqDmGGhO4PoVrM6Q6RyoLSnlJLa1oxTW9sGHkt8zcjpXdszMHTvrITZ14yTM/cRHEr8LYTRS9iyMPSfgpDb1kQZT0v5W+j8r7VXsw0o//+ok//n/CrH6kwe5bLgAAAABJRU5ErkJggg==" /></g></g></g></g></g></g></svg>
9<svg viewBox="-8 -4.5 16 9" xmlns="http://www.w3.org/2000/svg" xmlns:xlink="http://www.w3.org/1999/xlink" version="1.1" preserveAspectRatio="none"><g stroke-width="0.05" transform="scale(1, -1)"><g><g stroke-width="0" fill="#FFFFFF" transform="translate(-8, -4.5)" fill-opacity="1"><rect width="16" height="9" /></g><g stroke-width="0.1" stroke="#000000" fill-opacity="0"><g transform="translate(0, 0)"><g transform="scale(0.0625, 9)"><g transform="scale(1, -1)"><image width="256" height="1" x="-128" y="-0.5" xlink:href="data:image/png;base64,iVBORw0KGgoAAAANSUhEUgAAAQAAAAABCAIAAAC+O+cgAAAClUlEQVR4nHXRW6cqYQAA0G9muquUpCRJJIlsEolIREREREREREREDxERET1EREREREQkIhKRSCKJJElKSulmqpk5DJv9cn7CsgBhNhMWE2E1EjYDbtfjDh3u/MFcWsyt+XrUH6/q7VOifgUakL+CsmdI+ghL7hHxLSq6xoSXuOCc4J+SvGOKe0hz9hn2Lsva5pibPGNdoK+KtGWJuihT5hVkVkWmNXhSh8cNaNSEhi0waIN+B/S6oNsDnT5oD0BrCJojqDGG6hO4NoWrM6QyR8oLSmlJLa5ohTU9v2HktszsjpXZs9MHTurITZ54iTM/fhHErsLoTRS5i8MPSegpDb5kAVTuRxW+t9L7UXm+ajemcWFaJ/7jwHV2XG8jDFbCaCFMZsJsIixGwmogbHrcrsMdP7hTi7k0mFv99ag+XuXbp0D9cjQgewWlz5DkERbfI6JbVHiNCS5x/jnBOyW5xxTnkGbvM6xdlrnNMTZ5+rpAWxWpyxJlUUZIP0z6IdIP/uOHSD9M+hHSTykvqKUlrbiiF9aM/IaZ27KyO3Zmz0kfuKkjL3niJ86C+EUYu4qiN3HkLgk/pKGnLPiSB1CFH1X63irvR+35atyY1oX9OHGdA9fbcYONMFoJk+VvPvGbj5P5mEf99ao+PuWbzEeDsldI+gxLHhHxPSq6xYTXuOCS4J+TvFOKe0xzDhn2Psva5ZjbPGNToK+LtFWJuixTFhVkXkVmNXhahycNaNyERi0wbINBB/S7oNcD3T7oDEB7CFojqDmGGhO4PoVrM6Q6RyoLSnlJLa1oxTW9sGHkt8zcjpXdszMHTvrITZ14yTM/cRHEr8LYTRS9iyMPSfgpDb1kQZT0v5W+j8r7VXsw0o//+ok//n/CrH6kwe5bLgAAAABJRU5ErkJggg==" /></g></g></g></g></g></g></svg>
