0<svg viewBox="-8 -4.5 16 9" xmlns="http://www.w3.org/2000/svg" xmlns:xlink="http://www.w3.org/1999/xlink" version="1.1" preserveAspectRatio="none"><g stroke-width="0.05" transform="scale(1, -1)"><g><g stroke-width="0" fill="#FFFFFF" transform="translate(-8, -4.5)" fill-opacity="1"><rect width="16" height="9" /></g><g stroke-width="0.1" stroke="#000000" fill-opacity="0"><g><g><g transform="translate(0, 0)"><path d="M-3,0 C-3,0 -3,0 -3,0" /></g><g transform="translate(0, 0)"><g transform="translate(0, -9)"><g><g stroke-width="0" fill="#000000" transform="translate(-8, -4.5)" fill-opacity="1"><rect width="16" height="9" /></g><g transform="scale(-1, 1)"><path stroke="#FFFFFF" d="M-3,0 C-3,0 -3,0 -3,0" /></g></g></g></g></g></g></g></g></g></svg>
1<svg viewBox="-8 -4.5 16 9" xmlns="http://www.w3.org/2000/svg" xmlns:xlink="http://www.w3.org/1999/xlink" version="1.1" preserveAspectRatio="none"><g stroke-width="0.05" transform="scale(1, -1)"><g><g stroke-width="0" fill="#FFFFFF" transform="translate(-8, -4.5)" fill-opacity="1"><rect width="16" height="9" /></g><g stroke-width="0.1" stroke="#000000" fill-opacity="0"><g><g><g transform="translate(0, 0.5)"><path d="M-3,0 C-3,0.36819 -2.933672,0.720888 -2.812312,1.046797" /></g><g transform="translate(0, 0.5)"><g transform="translate(0, -9)"><g><g stroke-width="0" fill="#000000" transform="translate(-8, -4.5)" fill-opacity="1"><rect width="16" height="9" /></g><g transform="scale(-1, 1)"><path stroke="#FFFFFF" d="M-3,0 C-3,0.36819 -2.933672,0.720888 -2.812312,1.046797" /></g></g></g></g></g></g></g></g></g></svg>
2<svg viewBox="-8 -4.5 16 9" xmlns="http://www.w3.org/2000/svg" xmlns:xlink="http://www.w3.org/1999/xlink" version="1.1" preserveAspectRatio="none"><g stroke-width="0.05" transform="scale(1, -1)"><g><g stroke-width="0" fill="#FFFFFF" transform="translate(-8, -4.5)" fill-opacity="1"><rect width="16" height="9" /></g><g stroke-width="0.1" stroke="#000000" fill-opacity="0"><g><g><g transform="translate(0, 2)"><path d="M-3,0 C-3,1.472759 -1.938749,2.69765 -0.539254,2.951666" /></g><g transform="translate(0, 2)"><g transform="translate(0, -9)"><g><g stroke-width="0" fill="#000000" transform="translate(-8, -4.5)" fill-opacity="1"><rect width="16" height="9" /></g><g transform="scale(-1, 1)"><path stroke="#FFFFFF" d="M-3,0 C-3,1.472759 -1.938749,2.69765 -0.539254,2.951666" /></g></g></g></g></g></g></g></g></g></svg>
3<svg viewBox="-8 -4.5 16 9" xmlns="http://www.w3.org/2000/svg" xmlns:xlink="http://www.w3.org/1999/xlink" version="1.1" preserveAspectRatio="none"><g stroke-width="0.05" transform="scale(1, -1)"><g><g stroke-width="0" fill="#FFFFFF" transform="translate(-8, -4.5)" fill-opacity="1"><rect width="16" height="9" /></g><g stroke-width="0.1" stroke="#000000" fill-opacity="0"><g><g><g transform="translate(0, 4.5)"><path d="M-3,0 C-3,1.656854 -1.656854,3 0,3 C1.656854,3 3,1.656854 3,0 C3,0 3,0 3,0" /></g><g transform="translate(0, 4.5)"><g transform="translate(0, -9)"><g><g stroke-width="0" fill="#000000" transform="translate(-8, -4.5)" fill-opacity="1"><rect width="16" height="9" /></g><g transform="scale(-1, 1)"><path stroke="#FFFFFF" d="M-3,0 C-3,1.656854 -1.656854,3 0,3 C1.656854,3 3,1.656854 3,0 C3,0 3,0 3,0" /></g></g></g></g></g></g></g></g></g></svg>
4<svg viewBox="-8 -4.5 16 9" xmlns="http://www.w3.org/2000/svg" xmlns:xlink="http://www.w3.org/1999/xlink" version="1.1" preserveAspectRatio="none"><g stroke-width="0.05" transform="scale(1, -1)"><g><g stroke-width="0" fill="#FFFFFF" transform="translate(-8, -4.5)" fill-opacity="1"><rect width="16" height="9" /></g><g stroke-width="0.1" stroke="#000000" fill-opacity="0"><g><g><g transform="translate(0, 7)"><path d="M-3,0 C-3,1.656854 -1.656854,3 0,3 C1.656854,3 3,1.656854 3,0 C3,-1.656854 1.656854,-3 0,-3 C-0.184095,-3 -0.364317,-2.983418 -0.539254,-2.951666" /></g><g transform="translate(0, 7)"><g transform="translate(0, -9)"><g><g stroke-width="0" fill="#000000" transform="translate(-8, -4.5)" fill-opacity="1"><rect width="16" height="9" /></g><g transform="scale(-1, 1)"><path stroke="#FFFFFF" d="M-3,0 C-3,1.656854 -1.656854,3 0,3 C1.656854,3 3,1.656854 3,0 C3,-1.656854 1.656854,-3 0,-3 C-0.184095,-3 -0.364317,-2.983418 -0.539254,-2.951666" /></g></g></g></g></g></g></g></g></g></svg>
5<svg viewBox="-8 -4.5 16 9" xmlns="http://www.w3.org/2000/svg" xmlns:xlink="http://www.w3.org/1999/xlink" version="1.1" preserveAspectRatio="none"><g stroke-width="0.05" transform="scale(1, -1)"><g><g stroke-width="0" fill="#FFFFFF" transform="translate(-8, -4.5)" fill-opacity="1"><rect width="16" height="9" /></g><g stroke-width="0.1" stroke="#000000" fill-opacity="0"><g><g><g transform="translate(0, 8.5)"><path d="M-3,0 C-3,1.656854 -1.656854,3 0,3 C1.656854,3 3,1.656854 3,0 C3,-1.656854 1.656854,-3 0,-3 C-1.288664,-3 -2.387555,-2.18748 -2.812312,-1.046797" /></g><g transform="translate(0, 8.5)"><g transform="translate(0, -9)"><g><g stroke-width="0" fill="#000000" transform="translate(-8, -4.5)" fill-opacity="1"><rect width="16" height="9" /></g><g transform="scale(-1, 1)"><path stroke="#FFFFFF" d="M-3,0 C-3,1.656854 -1.656854,3 0,3 C1.656854,3 3,1.656854 3,0 C3,-1.656854 1.656854,-3 0,-3 C-1.288664,-3 -2.387555,-2.18748 -2.812312,-1.046797" /></g></g></g></g></g></g></g></g></g></svg>
6<svg viewBox="-8 -4.5 16 9" xmlns="http://www.w3.org/2000/svg" xmlns:xlink="http://www.w3.org/1999/xlink" version="1.1" preserveAspectRatio="none"><g stroke-width="0.05" transform="scale(1, -1)"><g><g stroke-width="0" fill="#FFFFFF" transform="translate(-8, -4.5)" fill-opacity="1"><rect width="16" height="9" /></g><g stroke-width="0.1" stroke="#000000" fill-opacity="0"><g><g><g transform="translate(0, 9)"><path d="M-3,0 a3 3 0 1 0 6,0 3 3 0 1 0 -6,0" /></g><g transform="translate(0, 9)"><g transform="translate(0, -9)"><g><g stroke-width="0" fill="#000000" transform="translate(-8, -4.5)" fill-opacity="1"><rect width="16" height="9" /></g><g transform="scale(-1, 1)"><path stroke="#FFFFFF" d="M-3,0 a3 3 0 1 0 6,0 3 3 0 1 0 -6,0" /></g></g></g></g></g></g></g></g></g></svg>
7<svg viewBox="-8 -4.5 16 9" xmlns="http://www.w3.org/2000/svg" xmlns:xlink="http://www.w3.org/1999/xlink" version="1.1" preserveAspectRatio="none"><g stroke-width="0.05" transform="scale(1, -1)"><g><g stroke-width="0" fill="#FFFFFF" transform="translate(-8, -4.5)" fill-opacity="1"><rect width="16" height="9" /></g><g stroke-width="0.1" stroke="#000000" fill-opacity="0"><g><g><g transform="translate(0, 9)"><path d="M-3,0 a3 3 0 1 0 6,0 3 3 0 1 0 -6,0" /></g><g transform="translate(0, 9)"><g transform="translate(0, -9)"><g><g stroke-width="0" fill="#000000" transform="translate(-8, -4.5)" fill-opacity="1"><rect width="16" height="9" /></g><g transform="scale(-1, 1)"><path stroke="#FFFFFF" d="M-3,0 a3 3 0 1 0 6,0 3 3 0 1 0 -6,0" /></g></g></g></g></g></g></g></g></g></svg>
8<svg viewBox="-8 -4.5 16 9" xmlns="http://www.w3.org/2000/svg" xmlns:xlink="http://www.w3.org/1999/xlink" version="1.1" preserveAspectRatio="none"><g stroke-width="0.05" transform="scale(1, -1)"><g><g stroke-width="0" fill="#FFFFFF" transform="translate(-8, -4.5)" fill-opacity="1"><rect width="16" height="9" /></g><g stroke-width="0.1" stroke="#000000" fill-opacity="0"><g><g><g transform="translate(0, 9)"><path d="M-3,0 a3 3 0 1 0 6,0 3 3 0 1 0 -6,0" /></g><g transform="translate(0, 9)"><g transform="translate(0, -9)"><g><g stroke-width="0" fill="#000000" transform="translate(-8, -4.5)" fill-opacity="1"><rect width="16" height="9" /></g><g transform="scale(-1, 1)"><path stroke="#FFFFFF" d="M-3,0 a3 3 0 1 0 6,0 3 3 0 1 0 -6,0" /></g></g></g></g></g></g></g></g></g></svg>
9<svg viewBox="-8 -4.5 16 9" xmlns="http://www.w3.org/2000/svg" xmlns:xlink="http://www.w3.org/1999/xlink" version="1.1" preserveAspectRatio="none"><g stroke-width="0.05" transform="scale(1, -1)"><g><g stroke-width="0" fill="#FFFFFF" transform="translate(-8, -4.5)" fill-opacity="1"><rect width="16" height="9" /></g><g stroke-width="0.1" stroke="#000000" fill-opacity="0"><g><g><g transform="translate(0, 9)"><path d="M-3,0 a3 3 0 1 0 6,0 3 3 0 1 0 -6,0" /></g><g transform="translate(0, 9)"><g transform="translate(0, -9)"><g><g stroke-width="0" fill="#000000" transform="translate(-8, -4.5)" fill-opacity="1"><rect width="16" height="9" /></g><g transform="scale(-1, 1)"><path stroke="#FFFFFF" d="M-3,0 a3 3 0 1 0 6,0 3 3 0 1 0 -6,0" /></g></g></g></g></g></g></g></g></g></svg>
