0<svg viewBox="-8 -4.5 16 9" xmlns="http://www.w3.org/2000/svg" xmlns:xlink="http://www.w3.org/1999/xlink" version="1.1" preserveAspectRatio="none"><g stroke-width="0.05" transform="scale(1, -1)"><g><g stroke-width="0" fill="#FFFFFF" transform="translate(-8, -4.5)" fill-opacity="1"><rect width="16" height="9" /></g><g stroke-width="0.1" stroke="#000000" fill-opacity="0"><g transform="translate(0, 0)"><g transform="scale(0.0625, 9)"><g transform="scale(1, -1)"><image width="256" height="1" x="-128" y="-0.5" xlink:href="data:image/png;base64,iVBORw0KGgoAAAANSUhEUgAAAQAAAAABCAIAAAC+O+cgAAAC50lEQVR4nA3D2SvDcQAA8P0DXj158uDBwx6UUlJSWpIkkUREE0KOnLnPueaYuZn7vm9m7jEbY7PZ2Gn3+dv92/Hb4VufDyoQQAUCQX5/sN8f4vOF+nxhXm+414tGkAgEiUSQKI8n2uOJcbtj3e44lyve5cI4nQlOZyIMJ8FwMgynOBypDkea3Z5ut2fYbJk2W5bVmm215lgsuRZLntmcbzZjTaYCk6kQgoogqBiCSozGUqOxzGAoNxgq9PpKvb5Kp6vW6Wq02lqttk6jqddoGtTqRrW6SaVqVqlalMpWpbJNoWhXKDrk8k65vEsm65bJev7+cFJpr1TaJ5H0SyQDYvGgWIwXiYZEomGhcEQoHBUICALB2O8vQPz5GefzJ/j8SR5viseb/v6eAbjcWS53jsOZ53BIX18kNnuBzV5ksZZYrOXPT2Dl42OVyVxjMtff34GNt7dNBmMLoNO36fSd19ddGg3Ye3nZB56fD6jUQyr16OkJOH58PHl4AE7v78/u7oDz29uLm5tLgEK5olDI19dkMhmkXF1RLi9vgIuL2/Pzu7Mz4P709OHkBHg8Pn46OgKoh4fUg4Pn/f0XYG+PtrsLvO7s0Le36VtbDGBz821j4319HWCurTFXVz9WVj6XlwHW0hJrcZG9sMAmkb5IJM78PGdujjs7y52Z+Qamp3lTU7zJSf7EBH98/IdI/B0bAwQEgmB0VDgyIhweFg0NifB48eCgeGBA0t8v6euT9vZKcbi/nh5Zd7esq0ve2Snv6FC0tyva2pStrcqWFlVzs6qpSd3YqG5o0NTXa+rqtLW12poaXXW1rqpKX1mpr6gwlJcbysqMpaXGkhKouBgqKoIKC00FBSYs1pyfb87Ls+TmWnJyrNnZ1qwsW2amLSPDnp5uT0tzpKY6UlLg5GQ4KQlOTHQmJDgxGFd8vCsuzh0b646J8URHe6KikMhIJCICQaO94eHesDBfaKgvJMQfHOwPCgqgUIF/ZAgPPpFVLu0AAAAASUVORK5CYII=" /></g></g></g></g></g></g></svg>
1<svg viewBox="-8 -4.5 16 9" xmlns="http://www.w3.org/2000/svg" xmlns:xlink="http://www.w3.org/1999/xlink" version="1.1" preserveAspectRatio="none"><g stroke-width="0.05" transform="scale(1, -1)"><g><g stroke-width="0" fill="#FFFFFF" transform="translate(-8, -4.5)" fill-opacity="1"><rect width="16" height="9" /></g><g stroke-width="0.1" stroke="#000000" fill-opacity="0"><g transform="translate(0, 0)"><g transform="scale(0.0625, 9)"><g transform="scale(1, -1)"><image width="256" height="1" x="-128" y="-0.5" xlink:href="data:image/png;base64,iVBORw0KGgoAAAANSUhEUgAAAQAAAAABCAIAAAC+O+cgAAAC50lEQVR4nA3D2SvDcQAA8P0DXj158uDBwx6UUlJSWpIkkUREE0KOnLnPueaYuZn7vm9m7jEbY7PZ2Gn3+dv92/Hb4VufDyoQQAUCQX5/sN8f4vOF+nxhXm+414tGkAgEiUSQKI8n2uOJcbtj3e44lyve5cI4nQlOZyIMJ8FwMgynOBypDkea3Z5ut2fYbJk2W5bVmm215lgsuRZLntmcbzZjTaYCk6kQgoogqBiCSozGUqOxzGAoNxgq9PpKvb5Kp6vW6Wq02lqttk6jqddoGtTqRrW6SaVqVqlalMpWpbJNoWhXKDrk8k65vEsm65bJev7+cFJpr1TaJ5H0SyQDYvGgWIwXiYZEomGhcEQoHBUICALB2O8vQPz5GefzJ/j8SR5viseb/v6eAbjcWS53jsOZ53BIX18kNnuBzV5ksZZYrOXPT2Dl42OVyVxjMtff34GNt7dNBmMLoNO36fSd19ddGg3Ye3nZB56fD6jUQyr16OkJOH58PHl4AE7v78/u7oDz29uLm5tLgEK5olDI19dkMhmkXF1RLi9vgIuL2/Pzu7Mz4P709OHkBHg8Pn46OgKoh4fUg4Pn/f0XYG+PtrsLvO7s0Le36VtbDGBz821j4319HWCurTFXVz9WVj6XlwHW0hJrcZG9sMAmkb5IJM78PGdujjs7y52Z+Qamp3lTU7zJSf7EBH98/IdI/B0bAwQEgmB0VDgyIhweFg0NifB48eCgeGBA0t8v6euT9vZKcbi/nh5Zd7esq0ve2Snv6FC0tyva2pStrcqWFlVzs6qpSd3YqG5o0NTXa+rqtLW12poaXXW1rqpKX1mpr6gwlJcbysqMpaXGkhKouBgqKoIKC00FBSYs1pyfb87Ls+TmWnJyrNnZ1qwsW2amLSPDnp5uT0tzpKY6UlLg5GQ4KQlOTHQmJDgxGFd8vCsuzh0b646J8URHe6KikMhIJCICQaO94eHesDBfaKgvJMQfHOwPCgqgUIF/ZAgPPpFVLu0AAAAASUVORK5CYII=" /></g></g></g></g></g></g></svg>
2<svg viewBox="-8 -4.5 16 9" xmlns="http://www.w3.org/2000/svg" xmlns:xlink="http://www.w3.org/1999/xlink" version="1.1" preserveAspectRatio="none"><g stroke-width="0.05" transform="scale(1, -1)"><g><g stroke-width="0" fill="#FFFFFF" transform="translate(-8, -4.5)" fill-opacity="1"><rect width="16" height="9" /></g><g stroke-width="0.1" stroke="#000000" fill-opacity="0"><g transform="translate(0, 0)"><g transform="scale(0.0625, 9)"><g transform="scale(1, -1)"><image width="256" height="1" x="-128" y="-0.5" xlink:href="data:image/png;base64,iVBORw0KGgoAAAANSUhEUgAAAQAAAAABCAIAAAC+O+cgAAAC50lEQVR4nA3D2SvDcQAA8P0DXj158uDBwx6UUlJSWpIkkUREE0KOnLnPueaYuZn7vm9m7jEbY7PZ2Gn3+dv92/Hb4VufDyoQQAUCQX5/sN8f4vOF+nxhXm+414tGkAgEiUSQKI8n2uOJcbtj3e44lyve5cI4nQlOZyIMJ8FwMgynOBypDkea3Z5ut2fYbJk2W5bVmm215lgsuRZLntmcbzZjTaYCk6kQgoogqBiCSozGUqOxzGAoNxgq9PpKvb5Kp6vW6Wq02lqttk6jqddoGtTqRrW6SaVqVqlalMpWpbJNoWhXKDrk8k65vEsm65bJev7+cFJpr1TaJ5H0SyQDYvGgWIwXiYZEomGhcEQoHBUICALB2O8vQPz5GefzJ/j8SR5viseb/v6eAbjcWS53jsOZ53BIX18kNnuBzV5ksZZYrOXPT2Dl42OVyVxjMtff34GNt7dNBmMLoNO36fSd19ddGg3Ye3nZB56fD6jUQyr16OkJOH58PHl4AE7v78/u7oDz29uLm5tLgEK5olDI19dkMhmkXF1RLi9vgIuL2/Pzu7Mz4P709OHkBHg8Pn46OgKoh4fUg4Pn/f0XYG+PtrsLvO7s0Le36VtbDGBz821j4319HWCurTFXVz9WVj6XlwHW0hJrcZG9sMAmkb5IJM78PGdujjs7y52Z+Qamp3lTU7zJSf7EBH98/IdI/B0bAwQEgmB0VDgyIhweFg0NifB48eCgeGBA0t8v6euT9vZKcbi/nh5Zd7esq0ve2Snv6FC0tyva2pStrcqWFlVzs6qpSd3YqG5o0NTXa+rqtLW12poaXXW1rqpKX1mpr6gwlJcbysqMpaXGkhKouBgqKoIKC00FBSYs1pyfb87Ls+TmWnJyrNnZ1qwsW2amLSPDnp5uT0tzpKY6UlLg5GQ4KQlOTHQmJDgxGFd8vCsuzh0b646J8URHe6KikMhIJCICQaO94eHesDBfaKgvJMQfHOwPCgqgUIF/ZAgPPpFVLu0AAAAASUVORK5CYII=" /></g></g></g></g></g></g></svg>
3<svg viewBox="-8 -4.5 16 9" xmlns="http://www.w3.org/2000/svg" xmlns:xlink="http://www.w3.org/1999/xlink" version="1.1" preserveAspectRatio="none"><g stroke-width="0.05" transform="scale(1, -1)"><g><g stroke-width="0" fill="#FFFFFF" transform="translate(-8, -4.5)" fill-opacity="1"><rect width="16" height="9" /></g><g stroke-width="0.1" stroke="#000000" fill-opacity="0"><g transform="translate(0, 0)"><g transform="scale(0.0625, 9)"><g transform="scale(1, -1)"><image width="256" height="1" x="-128" y="-0.5" xlink:href="data:image/png;base64,iVBORw0KGgoAAAANSUhEUgAAAQAAAAABCAIAAAC+O+cgAAAC50lEQVR4nA3D2SvDcQAA8P0DXj158uDBwx6UUlJSWpIkkUREE0KOnLnPueaYuZn7vm9m7jEbY7PZ2Gn3+dv92/Hb4VufDyoQQAUCQX5/sN8f4vOF+nxhXm+414tGkAgEiUSQKI8n2uOJcbtj3e44lyve5cI4nQlOZyIMJ8FwMgynOBypDkea3Z5ut2fYbJk2W5bVmm215lgsuRZLntmcbzZjTaYCk6kQgoogqBiCSozGUqOxzGAoNxgq9PpKvb5Kp6vW6Wq02lqttk6jqddoGtTqRrW6SaVqVqlalMpWpbJNoWhXKDrk8k65vEsm65bJev7+cFJpr1TaJ5H0SyQDYvGgWIwXiYZEomGhcEQoHBUICALB2O8vQPz5GefzJ/j8SR5viseb/v6eAbjcWS53jsOZ53BIX18kNnuBzV5ksZZYrOXPT2Dl42OVyVxjMtff34GNt7dNBmMLoNO36fSd19ddGg3Ye3nZB56fD6jUQyr16OkJOH58PHl4AE7v78/u7oDz29uLm5tLgEK5olDI19dkMhmkXF1RLi9vgIuL2/Pzu7Mz4P709OHkBHg8Pn46OgKoh4fUg4Pn/f0XYG+PtrsLvO7s0Le36VtbDGBz821j4319HWCurTFXVz9WVj6XlwHW0hJrcZG9sMAmkb5IJM78PGdujjs7y52Z+Qamp3lTU7zJSf7EBH98/IdI/B0bAwQEgmB0VDgyIhweFg0NifB48eCgeGBA0t8v6euT9vZKcbi/nh5Zd7esq0ve2Snv6FC0tyva2pStrcqWFlVzs6qpSd3YqG5o0NTXa+rqtLW12poaXXW1rqpKX1mpr6gwlJcbysqMpaXGkhKouBgqKoIKC00FBSYs1pyfb87Ls+TmWnJyrNnZ1qwsW2amLSPDnp5uT0tzpKY6UlLg5GQ4KQlOTHQmJDgxGFd8vCsuzh0b646J8URHe6KikMhIJCICQaO94eHesDBfaKgvJMQfHOwPCgqgUIF/ZAgPPpFVLu0AAAAASUVORK5CYII=" /></g></g></g></g></g></g></svg>
4<svg viewBox="-8 -4.5 16 9" xmlns="http://www.w3.org/2000/svg" xmlns:xlink="http://www.w3.org/1999/xlink" version="1.1" preserveAspectRatio="none"><g stroke-width="0.05" transform="scale(1, -1)"><g><g stroke-width="0" fill="#FFFFFF" transform="translate(-8, -4.5)" fill-opacity="1"><rect width="16" height="9" /></g><g stroke-width="0.1" stroke="#000000" fill-opacity="0"><g transform="translate(0, 0)"><g transform="scale(0.0625, 9)"><g transform="scale(1, -1)"><image width="256" height="1" x="-128" y="-0.5" xlink:href="data:image/png;base64,iVBORw0KGgoAAAANSUhEUgAAAQAAAAABCAIAAAC+O+cgAAAC50lEQVR4nA3D2SvDcQAA8P0DXj158uDBwx6UUlJSWpIkkUREE0KOnLnPueaYuZn7vm9m7jEbY7PZ2Gn3+dv92/Hb4VufDyoQQAUCQX5/sN8f4vOF+nxhXm+414tGkAgEiUSQKI8n2uOJcbtj3e44lyve5cI4nQlOZyIMJ8FwMgynOBypDkea3Z5ut2fYbJk2W5bVmm215lgsuRZLntmcbzZjTaYCk6kQgoogqBiCSozGUqOxzGAoNxgq9PpKvb5Kp6vW6Wq02lqttk6jqddoGtTqRrW6SaVqVqlalMpWpbJNoWhXKDrk8k65vEsm65bJev7+cFJpr1TaJ5H0SyQDYvGgWIwXiYZEomGhcEQoHBUICALB2O8vQPz5GefzJ/j8SR5viseb/v6eAbjcWS53jsOZ53BIX18kNnuBzV5ksZZYrOXPT2Dl42OVyVxjMtff34GNt7dNBmMLoNO36fSd19ddGg3Ye3nZB56fD6jUQyr16OkJOH58PHl4AE7v78/u7oDz29uLm5tLgEK5olDI19dkMhmkXF1RLi9vgIuL2/Pzu7Mz4P709OHkBHg8Pn46OgKoh4fUg4Pn/f0XYG+PtrsLvO7s0Le36VtbDGBz821j4319HWCurTFXVz9WVj6XlwHW0hJrcZG9sMAmkb5IJM78PGdujjs7y52Z+Qamp3lTU7zJSf7EBH98/IdI/B0bAwQEgmB0VDgyIhweFg0NifB48eCgeGBA0t8v6euT9vZKcbi/nh5Zd7esq0ve2Snv6FC0tyva2pStrcqWFlVzs6qpSd3YqG5o0NTXa+rqtLW12poaXXW1rqpKX1mpr6gwlJcbysqMpaXGkhKouBgqKoIKC00FBSYs1pyfb87Ls+TmWnJyrNnZ1qwsW2amLSPDnp5uT0tzpKY6UlLg5GQ4KQlOTHQmJDgxGFd8vCsuzh0b646J8URHe6KikMhIJCICQaO94eHesDBfaKgvJMQfHOwPCgqgUIF/ZAgPPpFVLu0AAAAASUVORK5CYII=" /></g></g></g></g></g></g></svg>
5<svg viewBox="-8 -4.5 16 9" xmlns="http://www.w3.org/2000/svg" xmlns:xlink="http://www.w3.org/1999/xlink" version="1.1" preserveAspectRatio="none"><g stroke-width="0.05" transform="scale(1, -1)"><g><g stroke-width="0" fill="#FFFFFF" transform="translate(-8, -4.5)" fill-opacity="1"><rect width="16" height="9" /></g><g stroke-width="0.1" stroke="#000000" fill-opacity="0"><g transform="translate(0, 0)"><g transform="scale(0.0625, 9)"><g transform="scale(1, -1)"><image width="256" height="1" x="-128" y="-0.5" xlink:href="data:image/png;base64,iVBORw0KGgoAAAANSUhEUgAAAQAAAAABCAIAAAC+O+cgAAAC50lEQVR4nA3D2SvDcQAA8P0DXj158uDBwx6UUlJSWpIkkUREE0KOnLnPueaYuZn7vm9m7jEbY7PZ2Gn3+dv92/Hb4VufDyoQQAUCQX5/sN8f4vOF+nxhXm+414tGkAgEiUSQKI8n2uOJcbtj3e44lyve5cI4nQlOZyIMJ8FwMgynOBypDkea3Z5ut2fYbJk2W5bVmm215lgsuRZLntmcbzZjTaYCk6kQgoogqBiCSozGUqOxzGAoNxgq9PpKvb5Kp6vW6Wq02lqttk6jqddoGtTqRrW6SaVqVqlalMpWpbJNoWhXKDrk8k65vEsm65bJev7+cFJpr1TaJ5H0SyQDYvGgWIwXiYZEomGhcEQoHBUICALB2O8vQPz5GefzJ/j8SR5viseb/v6eAbjcWS53jsOZ53BIX18kNnuBzV5ksZZYrOXPT2Dl42OVyVxjMtff34GNt7dNBmMLoNO36fSd19ddGg3Ye3nZB56fD6jUQyr16OkJOH58PHl4AE7v78/u7oDz29uLm5tLgEK5olDI19dkMhmkXF1RLi9vgIuL2/Pzu7Mz4P709OHkBHg8Pn46OgKoh4fUg4Pn/f0XYG+PtrsLvO7s0Le36VtbDGBz821j4319HWCurTFXVz9WVj6XlwHW0hJrcZG9sMAmkb5IJM78PGdujjs7y52Z+Qamp3lTU7zJSf7EBH98/IdI/B0bAwQEgmB0VDgyIhweFg0NifB48eCgeGBA0t8v6euT9vZKcbi/nh5Zd7esq0ve2Snv6FC0tyva2pStrcqWFlVzs6qpSd3YqG5o0NTXa+rqtLW12poaXXW1rqpKX1mpr6gwlJcbysqMpaXGkhKouBgqKoIKC00FBSYs1pyfb87Ls+TmWnJyrNnZ1qwsW2amLSPDnp5uT0tzpKY6UlLg5GQ4KQlOTHQmJDgxGFd8vCsuzh0b646J8URHe6KikMhIJCICQaO94eHesDBfaKgvJMQfHOwPCgqgUIF/ZAgPPpFVLu0AAAAASUVORK5CYII=" /></g></g></g></g></g></g></svg>
6<svg viewBox="-8 -4.5 16 9" xmlns="http://www.w3.org/2000/svg" xmlns:xlink="http://www.w3.org/1999/xlink" version="1.1" preserveAspectRatio="none"><g stroke-width="0.05" transform="scale(1, -1)"><g><g stroke-width="0" fill="#FFFFFF" transform="translate(-8, -4.5)" fill-opacity="1"><rect width="16" height="9" /></g><g stroke-width="0.1" stroke="#000000" fill-opacity="0"><g transform="translate(0, 0)"><g transform="scale(0.0625, 9)"><g transform="scale(1, -1)"><image width="256" height="1" x="-128" y="-0.5" xlink:href="data:image/png;base64,iVBORw0KGgoAAAANSUhEUgAAAQAAAAABCAIAAAC+O+cgAAAC50lEQVR4nA3D2SvDcQAA8P0DXj158uDBwx6UUlJSWpIkkUREE0KOnLnPueaYuZn7vm9m7jEbY7PZ2Gn3+dv92/Hb4VufDyoQQAUCQX5/sN8f4vOF+nxhXm+414tGkAgEiUSQKI8n2uOJcbtj3e44lyve5cI4nQlOZyIMJ8FwMgynOBypDkea3Z5ut2fYbJk2W5bVmm215lgsuRZLntmcbzZjTaYCk6kQgoogqBiCSozGUqOxzGAoNxgq9PpKvb5Kp6vW6Wq02lqttk6jqddoGtTqRrW6SaVqVqlalMpWpbJNoWhXKDrk8k65vEsm65bJev7+cFJpr1TaJ5H0SyQDYvGgWIwXiYZEomGhcEQoHBUICALB2O8vQPz5GefzJ/j8SR5viseb/v6eAbjcWS53jsOZ53BIX18kNnuBzV5ksZZYrOXPT2Dl42OVyVxjMtff34GNt7dNBmMLoNO36fSd19ddGg3Ye3nZB56fD6jUQyr16OkJOH58PHl4AE7v78/u7oDz29uLm5tLgEK5olDI19dkMhmkXF1RLi9vgIuL2/Pzu7Mz4P709OHkBHg8Pn46OgKoh4fUg4Pn/f0XYG+PtrsLvO7s0Le36VtbDGBz821j4319HWCurTFXVz9WVj6XlwHW0hJrcZG9sMAmkb5IJM78PGdujjs7y52Z+Qamp3lTU7zJSf7EBH98/IdI/B0bAwQEgmB0VDgyIhweFg0NifB48eCgeGBA0t8v6euT9vZKcbi/nh5Zd7esq0ve2Snv6FC0tyva2pStrcqWFlVzs6qpSd3YqG5o0NTXa+rqtLW12poaXXW1rqpKX1mpr6gwlJcbysqMpaXGkhKouBgqKoIKC00FBSYs1pyfb87Ls+TmWnJyrNnZ1qwsW2amLSPDnp5uT0tzpKY6UlLg5GQ4KQlOTHQmJDgxGFd8vCsuzh0b646J8URHe6KikMhIJCICQaO94eHesDBfaKgvJMQfHOwPCgqgUIF/ZAgPPpFVLu0AAAAASUVORK5CYII=" /></g></g></g></g></g></g></svg>
7<svg viewBox="-8 -4.5 16 9" xmlns="http://www.w3.org/2000/svg" xmlns:xlink="http://www.w3.org/1999/xlink" version="1.1" preserveAspectRatio="none"><g stroke-width="0.05" transform="scale(1, -1)"><g><g stroke-width="0" fill="#FFFFFF" transform="translate(-8, -4.5)" fill-opacity="1"><rect width="16" height="9" /></g><g stroke-width="0.1" stroke="#000000" fill-opacity="0"><g transform="translate(0, 0)"><g transform="scale(0.0625, 9)"><g transform="scale(1, -1)"><image width="256" height="1" x="-128" y="-0.5" xlink:href="data:image/png;base64,iVBORw0KGgoAAAANSUhEUgAAAQAAAAABCAIAAAC+O+cgAAAC50lEQVR4nA3D2SvDcQAA8P0DXj158uDBwx6UUlJSWpIkkUREE0KOnLnPueaYuZn7vm9m7jEbY7PZ2Gn3+dv92/Hb4VufDyoQQAUCQX5/sN8f4vOF+nxhXm+414tGkAgEiUSQKI8n2uOJcbtj3e44lyve5cI4nQlOZyIMJ8FwMgynOBypDkea3Z5ut2fYbJk2W5bVmm215lgsuRZLntmcbzZjTaYCk6kQgoogqBiCSozGUqOxzGAoNxgq9PpKvb5Kp6vW6Wq02lqttk6jqddoGtTqRrW6SaVqVqlalMpWpbJNoWhXKDrk8k65vEsm65bJev7+cFJpr1TaJ5H0SyQDYvGgWIwXiYZEomGhcEQoHBUICALB2O8vQPz5GefzJ/j8SR5viseb/v6eAbjcWS53jsOZ53BIX18kNnuBzV5ksZZYrOXPT2Dl42OVyVxjMtff34GNt7dNBmMLoNO36fSd19ddGg3Ye3nZB56fD6jUQyr16OkJOH58PHl4AE7v78/u7oDz29uLm5tLgEK5olDI19dkMhmkXF1RLi9vgIuL2/Pzu7Mz4P709OHkBHg8Pn46OgKoh4fUg4Pn/f0XYG+PtrsLvO7s0Le36VtbDGBz821j4319HWCurTFXVz9WVj6XlwHW0hJrcZG9sMAmkb5IJM78PGdujjs7y52Z+Qamp3lTU7zJSf7EBH98/IdI/B0bAwQEgmB0VDgyIhweFg0NifB48eCgeGBA0t8v6euT9vZKcbi/nh5Zd7esq0ve2Snv6FC0tyva2pStrcqWFlVzs6qpSd3YqG5o0NTXa+rqtLW12poaXXW1rqpKX1mpr6gwlJcbysqMpaXGkhKouBgqKoIKC00FBSYs1pyfb87Ls+TmWnJyrNnZ1qwsW2amLSPDnp5uT0tzpKY6UlLg5GQ4KQlOTHQmJDgxGFd8vCsuzh0b646J8URHe6KikMhIJCICQaO94eHesDBfaKgvJMQfHOwPCgqgUIF/ZAgPPpFVLu0AAAAASUVORK5CYII=" /></g></g></g></g></g></g></svg>
8<svg viewBox="-8 -4.5 16 9" xmlns="http://www.w3.org/2000/svg" xmlns:xlink="http://www.w3.org/1999/xlink" version="1.1" preserveAspectRatio="none"><g stroke-width="0.05" transform="scale(1, -1)"><g><g stroke-width="0" fill="#FFFFFF" transform="translate(-8, -4.5)" fill-opacity="1"><rect width="16" height="9" /></g><g stroke-width="0.1" stroke="#000000" fill-opacity="0"><g transform="translate(0, 0)"><g transform="scale(0.0625, 9)"><g transform="scale(1, -1)"><image width="256" height="1" x="-128" y="-0.5" xlink:href="data:image/png;base64,iVBORw0KGgoAAAANSUhEUgAAAQAAAAABCAIAAAC+O+cgAAAC50lEQVR4nA3D2SvDcQAA8P0DXj158uDBwx6UUlJSWpIkkUREE0KOnLnPueaYuZn7vm9m7jEbY7PZ2Gn3+dv92/Hb4VufDyoQQAUCQX5/sN8f4vOF+nxhXm+414tGkAgEiUSQKI8n2uOJcbtj3e44lyve5cI4nQlOZyIMJ8FwMgynOBypDkea3Z5ut2fYbJk2W5bVmm215lgsuRZLntmcbzZjTaYCk6kQgoogqBiCSozGUqOxzGAoNxgq9PpKvb5Kp6vW6Wq02lqttk6jqddoGtTqRrW6SaVqVqlalMpWpbJNoWhXKDrk8k65vEsm65bJev7+cFJpr1TaJ5H0SyQDYvGgWIwXiYZEomGhcEQoHBUICALB2O8vQPz5GefzJ/j8SR5viseb/v6eAbjcWS53jsOZ53BIX18kNnuBzV5ksZZYrOXPT2Dl42OVyVxjMtff34GNt7dNBmMLoNO36fSd19ddGg3Ye3nZB56fD6jUQyr16OkJOH58PHl4AE7v78/u7oDz29uLm5tLgEK5olDI19dkMhmkXF1RLi9vgIuL2/Pzu7Mz4P709OHkBHg8Pn46OgKoh4fUg4Pn/f0XYG+PtrsLvO7s0Le36VtbDGBz821j4319HWCurTFXVz9WVj6XlwHW0hJrcZG9sMAmkb5IJM78PGdujjs7y52Z+Qamp3lTU7zJSf7EBH98/IdI/B0bAwQEgmB0VDgyIhweFg0NifB48eCgeGBA0t8v6euT9vZKcbi/nh5Zd7esq0ve2Snv6FC0tyva2pStrcqWFlVzs6qpSd3YqG5o0NTXa+rqtLW12poaXXW1rqpKX1mpr6gwlJcbysqMpaXGkhKouBgqKoIKC00FBSYs1pyfb87Ls+TmWnJyrNnZ1qwsW2amLSPDnp5uT0tzpKY6UlLg5GQ4KQlOTHQmJDgxGFd8vCsuzh0b646J8URHe6KikMhIJCICQaO94eHesDBfaKgvJMQfHOwPCgqgUIF/ZAgPPpFVLu0AAAAASUVORK5CYII=" /></g></g></g></g></g></g></svg>
9<svg viewBox="-8 -4.5 16 9" xmlns="http://www.w3.org/2000/svg" xmlns:xlink="http://www.w3.org/1999/xlink" version="1.1" preserveAspectRatio="none"><g stroke-width="0.05" transform="scale(1, -1)"><g><g stroke-width="0" fill="#FFFFFF" transform="translate(-8, -4.5)" fill-opacity="1"><rect width="16" height="9" /></g><g stroke-width="0.1" stroke="#000000" fill-opacity="0"><g transform="translate(0, 0)"><g transform="scale(0.0625, 9)"><g transform="scale(1, -1)"><image width="256" height="1" x="-128" y="-0.5" xlink:href="data:image/png;base64,iVBORw0KGgoAAAANSUhEUgAAAQAAAAABCAIAAAC+O+cgAAAC50lEQVR4nA3D2SvDcQAA8P0DXj158uDBwx6UUlJSWpIkkUREE0KOnLnPueaYuZn7vm9m7jEbY7PZ2Gn3+dv92/Hb4VufDyoQQAUCQX5/sN8f4vOF+nxhXm+414tGkAgEiUSQKI8n2uOJcbtj3e44lyve5cI4nQlOZyIMJ8FwMgynOBypDkea3Z5ut2fYbJk2W5bVmm215lgsuRZLntmcbzZjTaYCk6kQgoogqBiCSozGUqOxzGAoNxgq9PpKvb5Kp6vW6Wq02lqttk6jqddoGtTqRrW6SaVqVqlalMpWpbJNoWhXKDrk8k65vEsm65bJev7+cFJpr1TaJ5H0SyQDYvGgWIwXiYZEomGhcEQoHBUICALB2O8vQPz5GefzJ/j8SR5viseb/v6eAbjcWS53jsOZ53BIX18kNnuBzV5ksZZYrOXPT2Dl42OVyVxjMtff34GNt7dNBmMLoNO36fSd19ddGg3Ye3nZB56fD6jUQyr16OkJOH58PHl4AE7v78/u7oDz29uLm5tLgEK5olDI19dkMhmkXF1RLi9vgIuL2/Pzu7Mz4P709OHkBHg8Pn46OgKoh4fUg4Pn/f0XYG+PtrsLvO7s0Le36VtbDGBz821j4319HWCurTFXVz9WVj6XlwHW0hJrcZG9sMAmkb5IJM78PGdujjs7y52Z+Qamp3lTU7zJSf7EBH98/IdI/B0bAwQEgmB0VDgyIhweFg0NifB48eCgeGBA0t8v6euT9vZKcbi/nh5Zd7esq0ve2Snv6FC0tyva2pStrcqWFlVzs6qpSd3YqG5o0NTXa+rqtLW12poaXXW1rqpKX1mpr6gwlJcbysqMpaXGkhKouBgqKoIKC00FBSYs1pyfb87Ls+TmWnJyrNnZ1qwsW2amLSPDnp5uT0tzpKY6UlLg5GQ4KQlOTHQmJDgxGFd8vCsuzh0b646J8URHe6KikMhIJCICQaO94eHesDBfaKgvJMQfHOwPCgqgUIF/ZAgPPpFVLu0AAAAASUVORK5CYII=" /></g></g></g></g></g></g></svg>
