0<svg viewBox="-8 -4.5 16 9" xmlns="http://www.w3.org/2000/svg" xmlns:xlink="http://www.w3.org/1999/xlink" version="1.1" preserveAspectRatio="none"><g stroke-width="0.05" transform="scale(1, -1)"><g><g stroke-width="0" fill="#FFFFFF" transform="translate(-8, -4.5)" fill-opacity="1"><rect width="16" height="9" /></g><g stroke-width="0.1" stroke="#000000" fill-opacity="0"><g transform="translate(0, 0)"><g transform="scale(0.0625, 9)"><g transform="scale(1, -1)"><image width="256" height="1" x="-128" y="-0.5" xlink:href="data:image/png;base64,iVBORw0KGgoAAAANSUhEUgAAAQAAAAABCAIAAAC+O+cgAAADDElEQVR4nAEBA/78AAAABAEABQEBBgEBCAIBCgICDAICDgMCEAQDEgQDFAUEFwYEGQcFGwgFHQkGHwoHIgsHJAwIJg0IKQ4JKxAJLREKMBIKMhQLNBULNxYLORgMPBkMPhsMQRwMQx4MRR8MSCEMSiMMTCQMTyYMUSgLUykLVSsLVy0LWS8KWzEKXDIKXjQKXzYJYTgJYjkJYzsJZD0JZT4JZkAKZ0IKaEQKaEUKaUcLakkLakoMa0wMa00NbE8NbFEObFIObVQPbVUPbVcQblkQbloRblwSbl0Sbl8TbmETbmIUbmQVbmUVbmcWbmkWbmoXbmwYbm0Ybm8ZbnEZbnIabnQabnUbbnccbXgcbXodbXwdbX0ebX8ebIAfbIIgbIQga4Uha4cha4giaooiaowjaY0jaY8kaZAlaJIlaJMmZ5UmZ5cnZpgnZpooZZspZJ0pZJ8qY6AqY6IrYqMsYaUsYKYtYKguX6kuXqsvXq0wXa4wXLAxW7EyWrMyWrQzWbY0WLc1V7k1Vro2Vbw3VL04U785UsA6UcE6UMM7T8Q8TsY9Tcc+TMg/S8pASstBScxCSM5DR89ERtBFRdJGRNNHQ9RIQtVKQddLP9hMPtlNPdpOPNtQO91ROt5SON9TN+BVNuFWNeJXNONZM+RaMeVcMOZdL+deLuhgLelhK+pjKutkKetmKOxnJu1pJe5qJO9sI+9uIfBvIPFxH/FzHfJ0HPN2G/N4GfR5GPV7F/V9FfZ+FPaAE/eCEveEEPiFD/iHDviJDPmLC/mMCvmOCfqQCPqSB/qUB/uWBvuXBvuZBvubBvudB/yfB/yhCPyjCfylCvymDPyoDfyqD/ysEfyuEvywFPyyFvy0GPu2Gvu4Hfu6H/u8Ifu+I/rAJvrCKPrEKvrGLfnHL/nJMvnLNfjNN/jPOvfRPffTQPbVQ/bXRvXZSfXbTPTdT/TfU/ThVvPjWvPlXfLmYfLoZfLqafHsbfHtcfHvdfHxefLyffL0gvP1hvP2ivT4jvX5kvb6lvj7mvn8nfr9ofz/pNKDO/afWurNAAAAAElFTkSuQmCC" /></g></g></g></g></g></g></svg>
1<svg viewBox="-8 -4.5 16 9" xmlns="http://www.w3.org/2000/svg" xmlns:xlink="http://www.w3.org/1999/xlink" version="1.1" preserveAspectRatio="none"><g stroke-width="0.05" transform="scale(1, -1)"><g><g stroke-width="0" fill="#FFFFFF" transform="translate(-8, -4.5)" fill-opacity="1"><rect width="16" height="9" /></g><g stroke-width="0.1" stroke="#000000" fill-opacity="0"><g transform="translate(0, 0)"><g transform="scale(0.0625, 9)"><g transform="scale(1, -1)"><image width="256" height="1" x="-128" y="-0.5" xlink:href="data:image/png;base64,iVBORw0KGgoAAAANSUhEUgAAAQAAAAABCAIAAAC+O+cgAAADDElEQVR4nAEBA/78AAAABAEABQEBBgEBCAIBCgICDAICDgMCEAQDEgQDFAUEFwYEGQcFGwgFHQkGHwoHIgsHJAwIJg0IKQ4JKxAJLREKMBIKMhQLNBULNxYLORgMPBkMPhsMQRwMQx4MRR8MSCEMSiMMTCQMTyYMUSgLUykLVSsLVy0LWS8KWzEKXDIKXjQKXzYJYTgJYjkJYzsJZD0JZT4JZkAKZ0IKaEQKaEUKaUcLakkLakoMa0wMa00NbE8NbFEObFIObVQPbVUPbVcQblkQbloRblwSbl0Sbl8TbmETbmIUbmQVbmUVbmcWbmkWbmoXbmwYbm0Ybm8ZbnEZbnIabnQabnUbbnccbXgcbXodbXwdbX0ebX8ebIAfbIIgbIQga4Uha4cha4giaooiaowjaY0jaY8kaZAlaJIlaJMmZ5UmZ5cnZpgnZpooZZspZJ0pZJ8qY6AqY6IrYqMsYaUsYKYtYKguX6kuXqsvXq0wXa4wXLAxW7EyWrMyWrQzWbY0WLc1V7k1Vro2Vbw3VL04U785UsA6UcE6UMM7T8Q8TsY9Tcc+TMg/S8pASstBScxCSM5DR89ERtBFRdJGRNNHQ9RIQtVKQddLP9hMPtlNPdpOPNtQO91ROt5SON9TN+BVNuFWNeJXNONZM+RaMeVcMOZdL+deLuhgLelhK+pjKutkKetmKOxnJu1pJe5qJO9sI+9uIfBvIPFxH/FzHfJ0HPN2G/N4GfR5GPV7F/V9FfZ+FPaAE/eCEveEEPiFD/iHDviJDPmLC/mMCvmOCfqQCPqSB/qUB/uWBvuXBvuZBvubBvudB/yfB/yhCPyjCfylCvymDPyoDfyqD/ysEfyuEvywFPyyFvy0GPu2Gvu4Hfu6H/u8Ifu+I/rAJvrCKPrEKvrGLfnHL/nJMvnLNfjNN/jPOvfRPffTQPbVQ/bXRvXZSfXbTPTdT/TfU/ThVvPjWvPlXfLmYfLoZfLqafHsbfHtcfHvdfHxefLyffL0gvP1hvP2ivT4jvX5kvb6lvj7mvn8nfr9ofz/pNKDO/afWurNAAAAAElFTkSuQmCC" /></g></g></g></g></g></g></svg>
2<svg viewBox="-8 -4.5 16 9" xmlns="http://www.w3.org/2000/svg" xmlns:xlink="http://www.w3.org/1999/xlink" version="1.1" preserveAspectRatio="none"><g stroke-width="0.05" transform="scale(1, -1)"><g><g stroke-width="0" fill="#FFFFFF" transform="translate(-8, -4.5)" fill-opacity="1"><rect width="16" height="9" /></g><g stroke-width="0.1" stroke="#000000" fill-opacity="0"><g transform="translate(0, 0)"><g transform="scale(0.0625, 9)"><g transform="scale(1, -1)"><image width="256" height="1" x="-128" y="-0.5" xlink:href="data:image/png;base64,iVBORw0KGgoAAAANSUhEUgAAAQAAAAABCAIAAAC+O+cgAAADDElEQVR4nAEBA/78AAAABAEABQEBBgEBCAIBCgICDAICDgMCEAQDEgQDFAUEFwYEGQcFGwgFHQkGHwoHIgsHJAwIJg0IKQ4JKxAJLREKMBIKMhQLNBULNxYLORgMPBkMPhsMQRwMQx4MRR8MSCEMSiMMTCQMTyYMUSgLUykLVSsLVy0LWS8KWzEKXDIKXjQKXzYJYTgJYjkJYzsJZD0JZT4JZkAKZ0IKaEQKaEUKaUcLakkLakoMa0wMa00NbE8NbFEObFIObVQPbVUPbVcQblkQbloRblwSbl0Sbl8TbmETbmIUbmQVbmUVbmcWbmkWbmoXbmwYbm0Ybm8ZbnEZbnIabnQabnUbbnccbXgcbXodbXwdbX0ebX8ebIAfbIIgbIQga4Uha4cha4giaooiaowjaY0jaY8kaZAlaJIlaJMmZ5UmZ5cnZpgnZpooZZspZJ0pZJ8qY6AqY6IrYqMsYaUsYKYtYKguX6kuXqsvXq0wXa4wXLAxW7EyWrMyWrQzWbY0WLc1V7k1Vro2Vbw3VL04U785UsA6UcE6UMM7T8Q8TsY9Tcc+TMg/S8pASstBScxCSM5DR89ERtBFRdJGRNNHQ9RIQtVKQddLP9hMPtlNPdpOPNtQO91ROt5SON9TN+BVNuFWNeJXNONZM+RaMeVcMOZdL+deLuhgLelhK+pjKutkKetmKOxnJu1pJe5qJO9sI+9uIfBvIPFxH/FzHfJ0HPN2G/N4GfR5GPV7F/V9FfZ+FPaAE/eCEveEEPiFD/iHDviJDPmLC/mMCvmOCfqQCPqSB/qUB/uWBvuXBvuZBvubBvudB/yfB/yhCPyjCfylCvymDPyoDfyqD/ysEfyuEvywFPyyFvy0GPu2Gvu4Hfu6H/u8Ifu+I/rAJvrCKPrEKvrGLfnHL/nJMvnLNfjNN/jPOvfRPffTQPbVQ/bXRvXZSfXbTPTdT/TfU/ThVvPjWvPlXfLmYfLoZfLqafHsbfHtcfHvdfHxefLyffL0gvP1hvP2ivT4jvX5kvb6lvj7mvn8nfr9ofz/pNKDO/afWurNAAAAAElFTkSuQmCC" /></g></g></g></g></g></g></svg>
3<svg viewBox="-8 -4.5 16 9" xmlns="http://www.w3.org/2000/svg" xmlns:xlink="http://www.w3.org/1999/xlink" version="1.1" preserveAspectRatio="none"><g stroke-width="0.05" transform="scale(1, -1)"><g><g stroke-width="0" fill="#FFFFFF" transform="translate(-8, -4.5)" fill-opacity="1"><rect width="16" height="9" /></g><g stroke-width="0.1" stroke="#000000" fill-opacity="0"><g transform="translate(0, 0)"><g transform="scale(0.0625, 9)"><g transform="scale(1, -1)"><image width="256" height="1" x="-128" y="-0.5" xlink:href="data:image/png;base64,iVBORw0KGgoAAAANSUhEUgAAAQAAAAABCAIAAAC+O+cgAAADDElEQVR4nAEBA/78AAAABAEABQEBBgEBCAIBCgICDAICDgMCEAQDEgQDFAUEFwYEGQcFGwgFHQkGHwoHIgsHJAwIJg0IKQ4JKxAJLREKMBIKMhQLNBULNxYLORgMPBkMPhsMQRwMQx4MRR8MSCEMSiMMTCQMTyYMUSgLUykLVSsLVy0LWS8KWzEKXDIKXjQKXzYJYTgJYjkJYzsJZD0JZT4JZkAKZ0IKaEQKaEUKaUcLakkLakoMa0wMa00NbE8NbFEObFIObVQPbVUPbVcQblkQbloRblwSbl0Sbl8TbmETbmIUbmQVbmUVbmcWbmkWbmoXbmwYbm0Ybm8ZbnEZbnIabnQabnUbbnccbXgcbXodbXwdbX0ebX8ebIAfbIIgbIQga4Uha4cha4giaooiaowjaY0jaY8kaZAlaJIlaJMmZ5UmZ5cnZpgnZpooZZspZJ0pZJ8qY6AqY6IrYqMsYaUsYKYtYKguX6kuXqsvXq0wXa4wXLAxW7EyWrMyWrQzWbY0WLc1V7k1Vro2Vbw3VL04U785UsA6UcE6UMM7T8Q8TsY9Tcc+TMg/S8pASstBScxCSM5DR89ERtBFRdJGRNNHQ9RIQtVKQddLP9hMPtlNPdpOPNtQO91ROt5SON9TN+BVNuFWNeJXNONZM+RaMeVcMOZdL+deLuhgLelhK+pjKutkKetmKOxnJu1pJe5qJO9sI+9uIfBvIPFxH/FzHfJ0HPN2G/N4GfR5GPV7F/V9FfZ+FPaAE/eCEveEEPiFD/iHDviJDPmLC/mMCvmOCfqQCPqSB/qUB/uWBvuXBvuZBvubBvudB/yfB/yhCPyjCfylCvymDPyoDfyqD/ysEfyuEvywFPyyFvy0GPu2Gvu4Hfu6H/u8Ifu+I/rAJvrCKPrEKvrGLfnHL/nJMvnLNfjNN/jPOvfRPffTQPbVQ/bXRvXZSfXbTPTdT/TfU/ThVvPjWvPlXfLmYfLoZfLqafHsbfHtcfHvdfHxefLyffL0gvP1hvP2ivT4jvX5kvb6lvj7mvn8nfr9ofz/pNKDO/afWurNAAAAAElFTkSuQmCC" /></g></g></g></g></g></g></svg>
4<svg viewBox="-8 -4.5 16 9" xmlns="http://www.w3.org/2000/svg" xmlns:xlink="http://www.w3.org/1999/xlink" version="1.1" preserveAspectRatio="none"><g stroke-width="0.05" transform="scale(1, -1)"><g><g stroke-width="0" fill="#FFFFFF" transform="translate(-8, -4.5)" fill-opacity="1"><rect width="16" height="9" /></g><g stroke-width="0.1" stroke="#000000" fill-opacity="0"><g transform="translate(0, 0)"><g transform="scale(0.0625, 9)"><g transform="scale(1, -1)"><image width="256" height="1" x="-128" y="-0.5" xlink:href="data:image/png;base64,iVBORw0KGgoAAAANSUhEUgAAAQAAAAABCAIAAAC+O+cgAAADDElEQVR4nAEBA/78AAAABAEABQEBBgEBCAIBCgICDAICDgMCEAQDEgQDFAUEFwYEGQcFGwgFHQkGHwoHIgsHJAwIJg0IKQ4JKxAJLREKMBIKMhQLNBULNxYLORgMPBkMPhsMQRwMQx4MRR8MSCEMSiMMTCQMTyYMUSgLUykLVSsLVy0LWS8KWzEKXDIKXjQKXzYJYTgJYjkJYzsJZD0JZT4JZkAKZ0IKaEQKaEUKaUcLakkLakoMa0wMa00NbE8NbFEObFIObVQPbVUPbVcQblkQbloRblwSbl0Sbl8TbmETbmIUbmQVbmUVbmcWbmkWbmoXbmwYbm0Ybm8ZbnEZbnIabnQabnUbbnccbXgcbXodbXwdbX0ebX8ebIAfbIIgbIQga4Uha4cha4giaooiaowjaY0jaY8kaZAlaJIlaJMmZ5UmZ5cnZpgnZpooZZspZJ0pZJ8qY6AqY6IrYqMsYaUsYKYtYKguX6kuXqsvXq0wXa4wXLAxW7EyWrMyWrQzWbY0WLc1V7k1Vro2Vbw3VL04U785UsA6UcE6UMM7T8Q8TsY9Tcc+TMg/S8pASstBScxCSM5DR89ERtBFRdJGRNNHQ9RIQtVKQddLP9hMPtlNPdpOPNtQO91ROt5SON9TN+BVNuFWNeJXNONZM+RaMeVcMOZdL+deLuhgLelhK+pjKutkKetmKOxnJu1pJe5qJO9sI+9uIfBvIPFxH/FzHfJ0HPN2G/N4GfR5GPV7F/V9FfZ+FPaAE/eCEveEEPiFD/iHDviJDPmLC/mMCvmOCfqQCPqSB/qUB/uWBvuXBvuZBvubBvudB/yfB/yhCPyjCfylCvymDPyoDfyqD/ysEfyuEvywFPyyFvy0GPu2Gvu4Hfu6H/u8Ifu+I/rAJvrCKPrEKvrGLfnHL/nJMvnLNfjNN/jPOvfRPffTQPbVQ/bXRvXZSfXbTPTdT/TfU/ThVvPjWvPlXfLmYfLoZfLqafHsbfHtcfHvdfHxefLyffL0gvP1hvP2ivT4jvX5kvb6lvj7mvn8nfr9ofz/pNKDO/afWurNAAAAAElFTkSuQmCC" /></g></g></g></g></g></g></svg>
5<svg viewBox="-8 -4.5 16 9" xmlns="http://www.w3.org/2000/svg" xmlns:xlink="http://www.w3.org/1999/xlink" version="1.1" preserveAspectRatio="none"><g stroke-width="0.05" transform="scale(1, -1)"><g><g stroke-width="0" fill="#FFFFFF" transform="translate(-8, -4.5)" fill-opacity="1"><rect width="16" height="9" /></g><g stroke-width="0.1" stroke="#000000" fill-opacity="0"><g transform="translate(0, 0)"><g transform="scale(0.0625, 9)"><g transform="scale(1, -1)"><image width="256" height="1" x="-128" y="-0.5" xlink:href="data:image/png;base64,iVBORw0KGgoAAAANSUhEUgAAAQAAAAABCAIAAAC+O+cgAAADDElEQVR4nAEBA/78AAAABAEABQEBBgEBCAIBCgICDAICDgMCEAQDEgQDFAUEFwYEGQcFGwgFHQkGHwoHIgsHJAwIJg0IKQ4JKxAJLREKMBIKMhQLNBULNxYLORgMPBkMPhsMQRwMQx4MRR8MSCEMSiMMTCQMTyYMUSgLUykLVSsLVy0LWS8KWzEKXDIKXjQKXzYJYTgJYjkJYzsJZD0JZT4JZkAKZ0IKaEQKaEUKaUcLakkLakoMa0wMa00NbE8NbFEObFIObVQPbVUPbVcQblkQbloRblwSbl0Sbl8TbmETbmIUbmQVbmUVbmcWbmkWbmoXbmwYbm0Ybm8ZbnEZbnIabnQabnUbbnccbXgcbXodbXwdbX0ebX8ebIAfbIIgbIQga4Uha4cha4giaooiaowjaY0jaY8kaZAlaJIlaJMmZ5UmZ5cnZpgnZpooZZspZJ0pZJ8qY6AqY6IrYqMsYaUsYKYtYKguX6kuXqsvXq0wXa4wXLAxW7EyWrMyWrQzWbY0WLc1V7k1Vro2Vbw3VL04U785UsA6UcE6UMM7T8Q8TsY9Tcc+TMg/S8pASstBScxCSM5DR89ERtBFRdJGRNNHQ9RIQtVKQddLP9hMPtlNPdpOPNtQO91ROt5SON9TN+BVNuFWNeJXNONZM+RaMeVcMOZdL+deLuhgLelhK+pjKutkKetmKOxnJu1pJe5qJO9sI+9uIfBvIPFxH/FzHfJ0HPN2G/N4GfR5GPV7F/V9FfZ+FPaAE/eCEveEEPiFD/iHDviJDPmLC/mMCvmOCfqQCPqSB/qUB/uWBvuXBvuZBvubBvudB/yfB/yhCPyjCfylCvymDPyoDfyqD/ysEfyuEvywFPyyFvy0GPu2Gvu4Hfu6H/u8Ifu+I/rAJvrCKPrEKvrGLfnHL/nJMvnLNfjNN/jPOvfRPffTQPbVQ/bXRvXZSfXbTPTdT/TfU/ThVvPjWvPlXfLmYfLoZfLqafHsbfHtcfHvdfHxefLyffL0gvP1hvP2ivT4jvX5kvb6lvj7mvn8nfr9ofz/pNKDO/afWurNAAAAAElFTkSuQmCC" /></g></g></g></g></g></g></svg>
6<svg viewBox="-8 -4.5 16 9" xmlns="http://www.w3.org/2000/svg" xmlns:xlink="http://www.w3.org/1999/xlink" version="1.1" preserveAspectRatio="none"><g stroke-width="0.05" transform="scale(1, -1)"><g><g stroke-width="0" fill="#FFFFFF" transform="translate(-8, -4.5)" fill-opacity="1"><rect width="16" height="9" /></g><g stroke-width="0.1" stroke="#000000" fill-opacity="0"><g transform="translate(0, 0)"><g transform="scale(0.0625, 9)"><g transform="scale(1, -1)"><image width="256" height="1" x="-128" y="-0.5" xlink:href="data:image/png;base64,iVBORw0KGgoAAAANSUhEUgAAAQAAAAABCAIAAAC+O+cgAAADDElEQVR4nAEBA/78AAAABAEABQEBBgEBCAIBCgICDAICDgMCEAQDEgQDFAUEFwYEGQcFGwgFHQkGHwoHIgsHJAwIJg0IKQ4JKxAJLREKMBIKMhQLNBULNxYLORgMPBkMPhsMQRwMQx4MRR8MSCEMSiMMTCQMTyYMUSgLUykLVSsLVy0LWS8KWzEKXDIKXjQKXzYJYTgJYjkJYzsJZD0JZT4JZkAKZ0IKaEQKaEUKaUcLakkLakoMa0wMa00NbE8NbFEObFIObVQPbVUPbVcQblkQbloRblwSbl0Sbl8TbmETbmIUbmQVbmUVbmcWbmkWbmoXbmwYbm0Ybm8ZbnEZbnIabnQabnUbbnccbXgcbXodbXwdbX0ebX8ebIAfbIIgbIQga4Uha4cha4giaooiaowjaY0jaY8kaZAlaJIlaJMmZ5UmZ5cnZpgnZpooZZspZJ0pZJ8qY6AqY6IrYqMsYaUsYKYtYKguX6kuXqsvXq0wXa4wXLAxW7EyWrMyWrQzWbY0WLc1V7k1Vro2Vbw3VL04U785UsA6UcE6UMM7T8Q8TsY9Tcc+TMg/S8pASstBScxCSM5DR89ERtBFRdJGRNNHQ9RIQtVKQddLP9hMPtlNPdpOPNtQO91ROt5SON9TN+BVNuFWNeJXNONZM+RaMeVcMOZdL+deLuhgLelhK+pjKutkKetmKOxnJu1pJe5qJO9sI+9uIfBvIPFxH/FzHfJ0HPN2G/N4GfR5GPV7F/V9FfZ+FPaAE/eCEveEEPiFD/iHDviJDPmLC/mMCvmOCfqQCPqSB/qUB/uWBvuXBvuZBvubBvudB/yfB/yhCPyjCfylCvymDPyoDfyqD/ysEfyuEvywFPyyFvy0GPu2Gvu4Hfu6H/u8Ifu+I/rAJvrCKPrEKvrGLfnHL/nJMvnLNfjNN/jPOvfRPffTQPbVQ/bXRvXZSfXbTPTdT/TfU/ThVvPjWvPlXfLmYfLoZfLqafHsbfHtcfHvdfHxefLyffL0gvP1hvP2ivT4jvX5kvb6lvj7mvn8nfr9ofz/pNKDO/afWurNAAAAAElFTkSuQmCC" /></g></g></g></g></g></g></svg>
7<svg viewBox="-8 -4.5 16 9" xmlns="http://www.w3.org/2000/svg" xmlns:xlink="http://www.w3.org/1999/xlink" version="1.1" preserveAspectRatio="none"><g stroke-width="0.05" transform="scale(1, -1)"><g><g stroke-width="0" fill="#FFFFFF" transform="translate(-8, -4.5)" fill-opacity="1"><rect width="16" height="9" /></g><g stroke-width="0.1" stroke="#000000" fill-opacity="0"><g transform="translate(0, 0)"><g transform="scale(0.0625, 9)"><g transform="scale(1, -1)"><image width="256" height="1" x="-128" y="-0.5" xlink:href="data:image/png;base64,iVBORw0KGgoAAAANSUhEUgAAAQAAAAABCAIAAAC+O+cgAAADDElEQVR4nAEBA/78AAAABAEABQEBBgEBCAIBCgICDAICDgMCEAQDEgQDFAUEFwYEGQcFGwgFHQkGHwoHIgsHJAwIJg0IKQ4JKxAJLREKMBIKMhQLNBULNxYLORgMPBkMPhsMQRwMQx4MRR8MSCEMSiMMTCQMTyYMUSgLUykLVSsLVy0LWS8KWzEKXDIKXjQKXzYJYTgJYjkJYzsJZD0JZT4JZkAKZ0IKaEQKaEUKaUcLakkLakoMa0wMa00NbE8NbFEObFIObVQPbVUPbVcQblkQbloRblwSbl0Sbl8TbmETbmIUbmQVbmUVbmcWbmkWbmoXbmwYbm0Ybm8ZbnEZbnIabnQabnUbbnccbXgcbXodbXwdbX0ebX8ebIAfbIIgbIQga4Uha4cha4giaooiaowjaY0jaY8kaZAlaJIlaJMmZ5UmZ5cnZpgnZpooZZspZJ0pZJ8qY6AqY6IrYqMsYaUsYKYtYKguX6kuXqsvXq0wXa4wXLAxW7EyWrMyWrQzWbY0WLc1V7k1Vro2Vbw3VL04U785UsA6UcE6UMM7T8Q8TsY9Tcc+TMg/S8pASstBScxCSM5DR89ERtBFRdJGRNNHQ9RIQtVKQddLP9hMPtlNPdpOPNtQO91ROt5SON9TN+BVNuFWNeJXNONZM+RaMeVcMOZdL+deLuhgLelhK+pjKutkKetmKOxnJu1pJe5qJO9sI+9uIfBvIPFxH/FzHfJ0HPN2G/N4GfR5GPV7F/V9FfZ+FPaAE/eCEveEEPiFD/iHDviJDPmLC/mMCvmOCfqQCPqSB/qUB/uWBvuXBvuZBvubBvudB/yfB/yhCPyjCfylCvymDPyoDfyqD/ysEfyuEvywFPyyFvy0GPu2Gvu4Hfu6H/u8Ifu+I/rAJvrCKPrEKvrGLfnHL/nJMvnLNfjNN/jPOvfRPffTQPbVQ/bXRvXZSfXbTPTdT/TfU/ThVvPjWvPlXfLmYfLoZfLqafHsbfHtcfHvdfHxefLyffL0gvP1hvP2ivT4jvX5kvb6lvj7mvn8nfr9ofz/pNKDO/afWurNAAAAAElFTkSuQmCC" /></g></g></g></g></g></g></svg>
8<svg viewBox="-8 -4.5 16 9" xmlns="http://www.w3.org/2000/svg" xmlns:xlink="http://www.w3.org/1999/xlink" version="1.1" preserveAspectRatio="none"><g stroke-width="0.05" transform="scale(1, -1)"><g><g stroke-width="0" fill="#FFFFFF" transform="translate(-8, -4.5)" fill-opacity="1"><rect width="16" height="9" /></g><g stroke-width="0.1" stroke="#000000" fill-opacity="0"><g transform="translate(0, 0)"><g transform="scale(0.0625, 9)"><g transform="scale(1, -1)"><image width="256" height="1" x="-128" y="-0.5" xlink:href="data:image/png;base64,iVBORw0KGgoAAAANSUhEUgAAAQAAAAABCAIAAAC+O+cgAAADDElEQVR4nAEBA/78AAAABAEABQEBBgEBCAIBCgICDAICDgMCEAQDEgQDFAUEFwYEGQcFGwgFHQkGHwoHIgsHJAwIJg0IKQ4JKxAJLREKMBIKMhQLNBULNxYLORgMPBkMPhsMQRwMQx4MRR8MSCEMSiMMTCQMTyYMUSgLUykLVSsLVy0LWS8KWzEKXDIKXjQKXzYJYTgJYjkJYzsJZD0JZT4JZkAKZ0IKaEQKaEUKaUcLakkLakoMa0wMa00NbE8NbFEObFIObVQPbVUPbVcQblkQbloRblwSbl0Sbl8TbmETbmIUbmQVbmUVbmcWbmkWbmoXbmwYbm0Ybm8ZbnEZbnIabnQabnUbbnccbXgcbXodbXwdbX0ebX8ebIAfbIIgbIQga4Uha4cha4giaooiaowjaY0jaY8kaZAlaJIlaJMmZ5UmZ5cnZpgnZpooZZspZJ0pZJ8qY6AqY6IrYqMsYaUsYKYtYKguX6kuXqsvXq0wXa4wXLAxW7EyWrMyWrQzWbY0WLc1V7k1Vro2Vbw3VL04U785UsA6UcE6UMM7T8Q8TsY9Tcc+TMg/S8pASstBScxCSM5DR89ERtBFRdJGRNNHQ9RIQtVKQddLP9hMPtlNPdpOPNtQO91ROt5SON9TN+BVNuFWNeJXNONZM+RaMeVcMOZdL+deLuhgLelhK+pjKutkKetmKOxnJu1pJe5qJO9sI+9uIfBvIPFxH/FzHfJ0HPN2G/N4GfR5GPV7F/V9FfZ+FPaAE/eCEveEEPiFD/iHDviJDPmLC/mMCvmOCfqQCPqSB/qUB/uWBvuXBvuZBvubBvudB/yfB/yhCPyjCfylCvymDPyoDfyqD/ysEfyuEvywFPyyFvy0GPu2Gvu4Hfu6H/u8Ifu+I/rAJvrCKPrEKvrGLfnHL/nJMvnLNfjNN/jPOvfRPffTQPbVQ/bXRvXZSfXbTPTdT/TfU/ThVvPjWvPlXfLmYfLoZfLqafHsbfHtcfHvdfHxefLyffL0gvP1hvP2ivT4jvX5kvb6lvj7mvn8nfr9ofz/pNKDO/afWurNAAAAAElFTkSuQmCC" /></g></g></g></g></g></g></svg>
9<svg viewBox="-8 -4.5 16 9" xmlns="http://www.w3.org/2000/svg" xmlns:xlink="http://www.w3.org/1999/xlink" version="1.1" preserveAspectRatio="none"><g stroke-width="0.05" transform="scale(1, -1)"><g><g stroke-width="0" fill="#FFFFFF" transform="translate(-8, -4.5)" fill-opacity="1"><rect width="16" height="9" /></g><g stroke-width="0.1" stroke="#000000" fill-opacity="0"><g transform="translate(0, 0)"><g transform="scale(0.0625, 9)"><g transform="scale(1, -1)"><image width="256" height="1" x="-128" y="-0.5" xlink:href="data:image/png;base64,iVBORw0KGgoAAAANSUhEUgAAAQAAAAABCAIAAAC+O+cgAAADDElEQVR4nAEBA/78AAAABAEABQEBBgEBCAIBCgICDAICDgMCEAQDEgQDFAUEFwYEGQcFGwgFHQkGHwoHIgsHJAwIJg0IKQ4JKxAJLREKMBIKMhQLNBULNxYLORgMPBkMPhsMQRwMQx4MRR8MSCEMSiMMTCQMTyYMUSgLUykLVSsLVy0LWS8KWzEKXDIKXjQKXzYJYTgJYjkJYzsJZD0JZT4JZkAKZ0IKaEQKaEUKaUcLakkLakoMa0wMa00NbE8NbFEObFIObVQPbVUPbVcQblkQbloRblwSbl0Sbl8TbmETbmIUbmQVbmUVbmcWbmkWbmoXbmwYbm0Ybm8ZbnEZbnIabnQabnUbbnccbXgcbXodbXwdbX0ebX8ebIAfbIIgbIQga4Uha4cha4giaooiaowjaY0jaY8kaZAlaJIlaJMmZ5UmZ5cnZpgnZpooZZspZJ0pZJ8qY6AqY6IrYqMsYaUsYKYtYKguX6kuXqsvXq0wXa4wXLAxW7EyWrMyWrQzWbY0WLc1V7k1Vro2Vbw3VL04U785UsA6UcE6UMM7T8Q8TsY9Tcc+TMg/S8pASstBScxCSM5DR89ERtBFRdJGRNNHQ9RIQtVKQddLP9hMPtlNPdpOPNtQO91ROt5SON9TN+BVNuFWNeJXNONZM+RaMeVcMOZdL+deLuhgLelhK+pjKutkKetmKOxnJu1pJe5qJO9sI+9uIfBvIPFxH/FzHfJ0HPN2G/N4GfR5GPV7F/V9FfZ+FPaAE/eCEveEEPiFD/iHDviJDPmLC/mMCvmOCfqQCPqSB/qUB/uWBvuXBvuZBvubBvudB/yfB/yhCPyjCfylCvymDPyoDfyqD/ysEfyuEvywFPyyFvy0GPu2Gvu4Hfu6H/u8Ifu+I/rAJvrCKPrEKvrGLfnHL/nJMvnLNfjNN/jPOvfRPffTQPbVQ/bXRvXZSfXbTPTdT/TfU/ThVvPjWvPlXfLmYfLoZfLqafHsbfHtcfHvdfHxefLyffL0gvP1hvP2ivT4jvX5kvb6lvj7mvn8nfr9ofz/pNKDO/afWurNAAAAAElFTkSuQmCC" /></g></g></g></g></g></g></svg>
