0<svg viewBox="-8 -4.5 16 9" xmlns="http://www.w3.org/2000/svg" xmlns:xlink="http://www.w3.org/1999/xlink" version="1.1" preserveAspectRatio="none"><g stroke-width="0.05" transform="scale(1, -1)"><g><g stroke-width="0" fill="#FFFFFF" transform="translate(-8, -4.5)" fill-opacity="1"><rect width="16" height="9" /></g><g stroke-width="0.1" stroke="#000000" fill-opacity="0"><g transform="translate(0, 0)"><g transform="scale(0.0625, 9)"><g transform="scale(1, -1)"><image width="256" height="1" x="-128" y="-0.5" xlink:href="data:image/png;base64,iVBORw0KGgoAAAANSUhEUgAAAQAAAAABCAIAAAC+O+cgAAADDElEQVR4nAEBA/78AP//AP/+Cf79EP78Fv77Gv76Hv35Iv34Jf34KP33K/z2Lfz1MPz0MvvzNPvyNvvxOPrwOvrvPPruPvrtQPnsQvnsQ/nrRfjqR/jpSPjoSvfnS/fmTfflTvbkT/bjUfbiUvXhU/XgVfXgVvTfV/TeWfTdWvPcW/PbXPPaXfLZX/LYYPLXYfHWYvHVY/HUZPDUZfDTZu/SZ+/Rae/Qau7Pa+7ObO7Nbe3Mbu3Lb+zKcOzJcezJcuvIc+vHdOrGderFdurEdunDd+nCeOjBeejAeui/e+e/fOe+fea9fua8f+W7gOW6gOW5geS4guS3g+O2hOO1heK1huK0huGzh+GyiOCxieCwiuCvi9+ui9+tjN6sjd6rjt2rj92qkNypkNyokdunktumk9qlk9qklNmjldmiltihl9ihl9egmNefmdaemtWdmtWcm9SbnNSandOZntOYntKXn9KXoNGWodGVodCUos+To8+So86RpM6Qpc2PpsyOpsyOp8uNqMuMqcqLqcmKqsmJq8iIrMiHrMeGrcaFrsaErsWEr8SDsMSCscOBscKAssJ/s8F+s8B9tMB8tb97tb56tr56t715uLx4uLx3ubt2urp1url0u7lzvLhyvLdxvbdwvrZwvrVvv7RuwLNtwLNswbJrwrFqw7Bpw7BoxK9nxa5mxa1lxqxlx6tkx6tjyKpiyalhyahgyqdfy6Zey6VdzKVczaRbzaNazqJZz6FZz6BY0J9X0Z5W0Z1V0pxU05tT05pS1JlR1ZhQ1ZdP1pZO15VN15RM2JNL2ZJK2ZFJ2pBI245H241G3IxG3YtF3YpE3olD34dC34ZB4IVA4IQ/4YI+4oE94oA843475H065Hw55Xo45nk35nc153Y06HQz6HMy6XEx6nAw6m4v620u7Gst7Gks7Wcr7mYq7mQo72In72Am8F4l8Vwk8Voi8lgh81Ug81Mf9FEd9U4c9Uwb9kkZ90YY90MW+EAV+T0T+TkR+jUP+jEN+y0L/CcJ/CEH/RoE/hAC/gAA/75y5blmNXSSAAAAAElFTkSuQmCC" /></g></g></g></g></g></g></svg>
1<svg viewBox="-8 -4.5 16 9" xmlns="http://www.w3.org/2000/svg" xmlns:xlink="http://www.w3.org/1999/xlink" version="1.1" preserveAspectRatio="none"><g stroke-width="0.05" transform="scale(1, -1)"><g><g stroke-width="0" fill="#FFFFFF" transform="translate(-8, -4.5)" fill-opacity="1"><rect width="16" height="9" /></g><g stroke-width="0.1" stroke="#000000" fill-opacity="0"><g transform="translate(0, 0)"><g transform="scale(0.0625, 9)"><g transform="scale(1, -1)"><image width="256" height="1" x="-128" y="-0.5" xlink:href="data:image/png;base64,iVBORw0KGgoAAAANSUhEUgAAAQAAAAABCAIAAAC+O+cgAAADDElEQVR4nAEBA/78AP//AP/+Cf79EP78Fv77Gv76Hv35Iv34Jf34KP33K/z2Lfz1MPz0MvvzNPvyNvvxOPrwOvrvPPruPvrtQPnsQvnsQ/nrRfjqR/jpSPjoSvfnS/fmTfflTvbkT/bjUfbiUvXhU/XgVfXgVvTfV/TeWfTdWvPcW/PbXPPaXfLZX/LYYPLXYfHWYvHVY/HUZPDUZfDTZu/SZ+/Rae/Qau7Pa+7ObO7Nbe3Mbu3Lb+zKcOzJcezJcuvIc+vHdOrGderFdurEdunDd+nCeOjBeejAeui/e+e/fOe+fea9fua8f+W7gOW6gOW5geS4guS3g+O2hOO1heK1huK0huGzh+GyiOCxieCwiuCvi9+ui9+tjN6sjd6rjt2rj92qkNypkNyokdunktumk9qlk9qklNmjldmiltihl9ihl9egmNefmdaemtWdmtWcm9SbnNSandOZntOYntKXn9KXoNGWodGVodCUos+To8+So86RpM6Qpc2PpsyOpsyOp8uNqMuMqcqLqcmKqsmJq8iIrMiHrMeGrcaFrsaErsWEr8SDsMSCscOBscKAssJ/s8F+s8B9tMB8tb97tb56tr56t715uLx4uLx3ubt2urp1url0u7lzvLhyvLdxvbdwvrZwvrVvv7RuwLNtwLNswbJrwrFqw7Bpw7BoxK9nxa5mxa1lxqxlx6tkx6tjyKpiyalhyahgyqdfy6Zey6VdzKVczaRbzaNazqJZz6FZz6BY0J9X0Z5W0Z1V0pxU05tT05pS1JlR1ZhQ1ZdP1pZO15VN15RM2JNL2ZJK2ZFJ2pBI245H241G3IxG3YtF3YpE3olD34dC34ZB4IVA4IQ/4YI+4oE94oA843475H065Hw55Xo45nk35nc153Y06HQz6HMy6XEx6nAw6m4v620u7Gst7Gks7Wcr7mYq7mQo72In72Am8F4l8Vwk8Voi8lgh81Ug81Mf9FEd9U4c9Uwb9kkZ90YY90MW+EAV+T0T+TkR+jUP+jEN+y0L/CcJ/CEH/RoE/hAC/gAA/75y5blmNXSSAAAAAElFTkSuQmCC" /></g></g></g></g></g></g></svg>
2<svg viewBox="-8 -4.5 16 9" xmlns="http://www.w3.org/2000/svg" xmlns:xlink="http://www.w3.org/1999/xlink" version="1.1" preserveAspectRatio="none"><g stroke-width="0.05" transform="scale(1, -1)"><g><g stroke-width="0" fill="#FFFFFF" transform="translate(-8, -4.5)" fill-opacity="1"><rect width="16" height="9" /></g><g stroke-width="0.1" stroke="#000000" fill-opacity="0"><g transform="translate(0, 0)"><g transform="scale(0.0625, 9)"><g transform="scale(1, -1)"><image width="256" height="1" x="-128" y="-0.5" xlink:href="data:image/png;base64,iVBORw0KGgoAAAANSUhEUgAAAQAAAAABCAIAAAC+O+cgAAADDElEQVR4nAEBA/78AP//AP/+Cf79EP78Fv77Gv76Hv35Iv34Jf34KP33K/z2Lfz1MPz0MvvzNPvyNvvxOPrwOvrvPPruPvrtQPnsQvnsQ/nrRfjqR/jpSPjoSvfnS/fmTfflTvbkT/bjUfbiUvXhU/XgVfXgVvTfV/TeWfTdWvPcW/PbXPPaXfLZX/LYYPLXYfHWYvHVY/HUZPDUZfDTZu/SZ+/Rae/Qau7Pa+7ObO7Nbe3Mbu3Lb+zKcOzJcezJcuvIc+vHdOrGderFdurEdunDd+nCeOjBeejAeui/e+e/fOe+fea9fua8f+W7gOW6gOW5geS4guS3g+O2hOO1heK1huK0huGzh+GyiOCxieCwiuCvi9+ui9+tjN6sjd6rjt2rj92qkNypkNyokdunktumk9qlk9qklNmjldmiltihl9ihl9egmNefmdaemtWdmtWcm9SbnNSandOZntOYntKXn9KXoNGWodGVodCUos+To8+So86RpM6Qpc2PpsyOpsyOp8uNqMuMqcqLqcmKqsmJq8iIrMiHrMeGrcaFrsaErsWEr8SDsMSCscOBscKAssJ/s8F+s8B9tMB8tb97tb56tr56t715uLx4uLx3ubt2urp1url0u7lzvLhyvLdxvbdwvrZwvrVvv7RuwLNtwLNswbJrwrFqw7Bpw7BoxK9nxa5mxa1lxqxlx6tkx6tjyKpiyalhyahgyqdfy6Zey6VdzKVczaRbzaNazqJZz6FZz6BY0J9X0Z5W0Z1V0pxU05tT05pS1JlR1ZhQ1ZdP1pZO15VN15RM2JNL2ZJK2ZFJ2pBI245H241G3IxG3YtF3YpE3olD34dC34ZB4IVA4IQ/4YI+4oE94oA843475H065Hw55Xo45nk35nc153Y06HQz6HMy6XEx6nAw6m4v620u7Gst7Gks7Wcr7mYq7mQo72In72Am8F4l8Vwk8Voi8lgh81Ug81Mf9FEd9U4c9Uwb9kkZ90YY90MW+EAV+T0T+TkR+jUP+jEN+y0L/CcJ/CEH/RoE/hAC/gAA/75y5blmNXSSAAAAAElFTkSuQmCC" /></g></g></g></g></g></g></svg>
3<svg viewBox="-8 -4.5 16 9" xmlns="http://www.w3.org/2000/svg" xmlns:xlink="http://www.w3.org/1999/xlink" version="1.1" preserveAspectRatio="none"><g stroke-width="0.05" transform="scale(1, -1)"><g><g stroke-width="0" fill="#FFFFFF" transform="translate(-8, -4.5)" fill-opacity="1"><rect width="16" height="9" /></g><g stroke-width="0.1" stroke="#000000" fill-opacity="0"><g transform="translate(0, 0)"><g transform="scale(0.0625, 9)"><g transform="scale(1, -1)"><image width="256" height="1" x="-128" y="-0.5" xlink:href="data:image/png;base64,iVBORw0KGgoAAAANSUhEUgAAAQAAAAABCAIAAAC+O+cgAAADDElEQVR4nAEBA/78AP//AP/+Cf79EP78Fv77Gv76Hv35Iv34Jf34KP33K/z2Lfz1MPz0MvvzNPvyNvvxOPrwOvrvPPruPvrtQPnsQvnsQ/nrRfjqR/jpSPjoSvfnS/fmTfflTvbkT/bjUfbiUvXhU/XgVfXgVvTfV/TeWfTdWvPcW/PbXPPaXfLZX/LYYPLXYfHWYvHVY/HUZPDUZfDTZu/SZ+/Rae/Qau7Pa+7ObO7Nbe3Mbu3Lb+zKcOzJcezJcuvIc+vHdOrGderFdurEdunDd+nCeOjBeejAeui/e+e/fOe+fea9fua8f+W7gOW6gOW5geS4guS3g+O2hOO1heK1huK0huGzh+GyiOCxieCwiuCvi9+ui9+tjN6sjd6rjt2rj92qkNypkNyokdunktumk9qlk9qklNmjldmiltihl9ihl9egmNefmdaemtWdmtWcm9SbnNSandOZntOYntKXn9KXoNGWodGVodCUos+To8+So86RpM6Qpc2PpsyOpsyOp8uNqMuMqcqLqcmKqsmJq8iIrMiHrMeGrcaFrsaErsWEr8SDsMSCscOBscKAssJ/s8F+s8B9tMB8tb97tb56tr56t715uLx4uLx3ubt2urp1url0u7lzvLhyvLdxvbdwvrZwvrVvv7RuwLNtwLNswbJrwrFqw7Bpw7BoxK9nxa5mxa1lxqxlx6tkx6tjyKpiyalhyahgyqdfy6Zey6VdzKVczaRbzaNazqJZz6FZz6BY0J9X0Z5W0Z1V0pxU05tT05pS1JlR1ZhQ1ZdP1pZO15VN15RM2JNL2ZJK2ZFJ2pBI245H241G3IxG3YtF3YpE3olD34dC34ZB4IVA4IQ/4YI+4oE94oA843475H065Hw55Xo45nk35nc153Y06HQz6HMy6XEx6nAw6m4v620u7Gst7Gks7Wcr7mYq7mQo72In72Am8F4l8Vwk8Voi8lgh81Ug81Mf9FEd9U4c9Uwb9kkZ90YY90MW+EAV+T0T+TkR+jUP+jEN+y0L/CcJ/CEH/RoE/hAC/gAA/75y5blmNXSSAAAAAElFTkSuQmCC" /></g></g></g></g></g></g></svg>
4<svg viewBox="-8 -4.5 16 9" xmlns="http://www.w3.org/2000/svg" xmlns:xlink="http://www.w3.org/1999/xlink" version="1.1" preserveAspectRatio="none"><g stroke-width="0.05" transform="scale(1, -1)"><g><g stroke-width="0" fill="#FFFFFF" transform="translate(-8, -4.5)" fill-opacity="1"><rect width="16" height="9" /></g><g stroke-width="0.1" stroke="#000000" fill-opacity="0"><g transform="translate(0, 0)"><g transform="scale(0.0625, 9)"><g transform="scale(1, -1)"><image width="256" height="1" x="-128" y="-0.5" xlink:href="data:image/png;base64,iVBORw0KGgoAAAANSUhEUgAAAQAAAAABCAIAAAC+O+cgAAADDElEQVR4nAEBA/78AP//AP/+Cf79EP78Fv77Gv76Hv35Iv34Jf34KP33K/z2Lfz1MPz0MvvzNPvyNvvxOPrwOvrvPPruPvrtQPnsQvnsQ/nrRfjqR/jpSPjoSvfnS/fmTfflTvbkT/bjUfbiUvXhU/XgVfXgVvTfV/TeWfTdWvPcW/PbXPPaXfLZX/LYYPLXYfHWYvHVY/HUZPDUZfDTZu/SZ+/Rae/Qau7Pa+7ObO7Nbe3Mbu3Lb+zKcOzJcezJcuvIc+vHdOrGderFdurEdunDd+nCeOjBeejAeui/e+e/fOe+fea9fua8f+W7gOW6gOW5geS4guS3g+O2hOO1heK1huK0huGzh+GyiOCxieCwiuCvi9+ui9+tjN6sjd6rjt2rj92qkNypkNyokdunktumk9qlk9qklNmjldmiltihl9ihl9egmNefmdaemtWdmtWcm9SbnNSandOZntOYntKXn9KXoNGWodGVodCUos+To8+So86RpM6Qpc2PpsyOpsyOp8uNqMuMqcqLqcmKqsmJq8iIrMiHrMeGrcaFrsaErsWEr8SDsMSCscOBscKAssJ/s8F+s8B9tMB8tb97tb56tr56t715uLx4uLx3ubt2urp1url0u7lzvLhyvLdxvbdwvrZwvrVvv7RuwLNtwLNswbJrwrFqw7Bpw7BoxK9nxa5mxa1lxqxlx6tkx6tjyKpiyalhyahgyqdfy6Zey6VdzKVczaRbzaNazqJZz6FZz6BY0J9X0Z5W0Z1V0pxU05tT05pS1JlR1ZhQ1ZdP1pZO15VN15RM2JNL2ZJK2ZFJ2pBI245H241G3IxG3YtF3YpE3olD34dC34ZB4IVA4IQ/4YI+4oE94oA843475H065Hw55Xo45nk35nc153Y06HQz6HMy6XEx6nAw6m4v620u7Gst7Gks7Wcr7mYq7mQo72In72Am8F4l8Vwk8Voi8lgh81Ug81Mf9FEd9U4c9Uwb9kkZ90YY90MW+EAV+T0T+TkR+jUP+jEN+y0L/CcJ/CEH/RoE/hAC/gAA/75y5blmNXSSAAAAAElFTkSuQmCC" /></g></g></g></g></g></g></svg>
5<svg viewBox="-8 -4.5 16 9" xmlns="http://www.w3.org/2000/svg" xmlns:xlink="http://www.w3.org/1999/xlink" version="1.1" preserveAspectRatio="none"><g stroke-width="0.05" transform="scale(1, -1)"><g><g stroke-width="0" fill="#FFFFFF" transform="translate(-8, -4.5)" fill-opacity="1"><rect width="16" height="9" /></g><g stroke-width="0.1" stroke="#000000" fill-opacity="0"><g transform="translate(0, 0)"><g transform="scale(0.0625, 9)"><g transform="scale(1, -1)"><image width="256" height="1" x="-128" y="-0.5" xlink:href="data:image/png;base64,iVBORw0KGgoAAAANSUhEUgAAAQAAAAABCAIAAAC+O+cgAAADDElEQVR4nAEBA/78AP//AP/+Cf79EP78Fv77Gv76Hv35Iv34Jf34KP33K/z2Lfz1MPz0MvvzNPvyNvvxOPrwOvrvPPruPvrtQPnsQvnsQ/nrRfjqR/jpSPjoSvfnS/fmTfflTvbkT/bjUfbiUvXhU/XgVfXgVvTfV/TeWfTdWvPcW/PbXPPaXfLZX/LYYPLXYfHWYvHVY/HUZPDUZfDTZu/SZ+/Rae/Qau7Pa+7ObO7Nbe3Mbu3Lb+zKcOzJcezJcuvIc+vHdOrGderFdurEdunDd+nCeOjBeejAeui/e+e/fOe+fea9fua8f+W7gOW6gOW5geS4guS3g+O2hOO1heK1huK0huGzh+GyiOCxieCwiuCvi9+ui9+tjN6sjd6rjt2rj92qkNypkNyokdunktumk9qlk9qklNmjldmiltihl9ihl9egmNefmdaemtWdmtWcm9SbnNSandOZntOYntKXn9KXoNGWodGVodCUos+To8+So86RpM6Qpc2PpsyOpsyOp8uNqMuMqcqLqcmKqsmJq8iIrMiHrMeGrcaFrsaErsWEr8SDsMSCscOBscKAssJ/s8F+s8B9tMB8tb97tb56tr56t715uLx4uLx3ubt2urp1url0u7lzvLhyvLdxvbdwvrZwvrVvv7RuwLNtwLNswbJrwrFqw7Bpw7BoxK9nxa5mxa1lxqxlx6tkx6tjyKpiyalhyahgyqdfy6Zey6VdzKVczaRbzaNazqJZz6FZz6BY0J9X0Z5W0Z1V0pxU05tT05pS1JlR1ZhQ1ZdP1pZO15VN15RM2JNL2ZJK2ZFJ2pBI245H241G3IxG3YtF3YpE3olD34dC34ZB4IVA4IQ/4YI+4oE94oA843475H065Hw55Xo45nk35nc153Y06HQz6HMy6XEx6nAw6m4v620u7Gst7Gks7Wcr7mYq7mQo72In72Am8F4l8Vwk8Voi8lgh81Ug81Mf9FEd9U4c9Uwb9kkZ90YY90MW+EAV+T0T+TkR+jUP+jEN+y0L/CcJ/CEH/RoE/hAC/gAA/75y5blmNXSSAAAAAElFTkSuQmCC" /></g></g></g></g></g></g></svg>
6<svg viewBox="-8 -4.5 16 9" xmlns="http://www.w3.org/2000/svg" xmlns:xlink="http://www.w3.org/1999/xlink" version="1.1" preserveAspectRatio="none"><g stroke-width="0.05" transform="scale(1, -1)"><g><g stroke-width="0" fill="#FFFFFF" transform="translate(-8, -4.5)" fill-opacity="1"><rect width="16" height="9" /></g><g stroke-width="0.1" stroke="#000000" fill-opacity="0"><g transform="translate(0, 0)"><g transform="scale(0.0625, 9)"><g transform="scale(1, -1)"><image width="256" height="1" x="-128" y="-0.5" xlink:href="data:image/png;base64,iVBORw0KGgoAAAANSUhEUgAAAQAAAAABCAIAAAC+O+cgAAADDElEQVR4nAEBA/78AP//AP/+Cf79EP78Fv77Gv76Hv35Iv34Jf34KP33K/z2Lfz1MPz0MvvzNPvyNvvxOPrwOvrvPPruPvrtQPnsQvnsQ/nrRfjqR/jpSPjoSvfnS/fmTfflTvbkT/bjUfbiUvXhU/XgVfXgVvTfV/TeWfTdWvPcW/PbXPPaXfLZX/LYYPLXYfHWYvHVY/HUZPDUZfDTZu/SZ+/Rae/Qau7Pa+7ObO7Nbe3Mbu3Lb+zKcOzJcezJcuvIc+vHdOrGderFdurEdunDd+nCeOjBeejAeui/e+e/fOe+fea9fua8f+W7gOW6gOW5geS4guS3g+O2hOO1heK1huK0huGzh+GyiOCxieCwiuCvi9+ui9+tjN6sjd6rjt2rj92qkNypkNyokdunktumk9qlk9qklNmjldmiltihl9ihl9egmNefmdaemtWdmtWcm9SbnNSandOZntOYntKXn9KXoNGWodGVodCUos+To8+So86RpM6Qpc2PpsyOpsyOp8uNqMuMqcqLqcmKqsmJq8iIrMiHrMeGrcaFrsaErsWEr8SDsMSCscOBscKAssJ/s8F+s8B9tMB8tb97tb56tr56t715uLx4uLx3ubt2urp1url0u7lzvLhyvLdxvbdwvrZwvrVvv7RuwLNtwLNswbJrwrFqw7Bpw7BoxK9nxa5mxa1lxqxlx6tkx6tjyKpiyalhyahgyqdfy6Zey6VdzKVczaRbzaNazqJZz6FZz6BY0J9X0Z5W0Z1V0pxU05tT05pS1JlR1ZhQ1ZdP1pZO15VN15RM2JNL2ZJK2ZFJ2pBI245H241G3IxG3YtF3YpE3olD34dC34ZB4IVA4IQ/4YI+4oE94oA843475H065Hw55Xo45nk35nc153Y06HQz6HMy6XEx6nAw6m4v620u7Gst7Gks7Wcr7mYq7mQo72In72Am8F4l8Vwk8Voi8lgh81Ug81Mf9FEd9U4c9Uwb9kkZ90YY90MW+EAV+T0T+TkR+jUP+jEN+y0L/CcJ/CEH/RoE/hAC/gAA/75y5blmNXSSAAAAAElFTkSuQmCC" /></g></g></g></g></g></g></svg>
7<svg viewBox="-8 -4.5 16 9" xmlns="http://www.w3.org/2000/svg" xmlns:xlink="http://www.w3.org/1999/xlink" version="1.1" preserveAspectRatio="none"><g stroke-width="0.05" transform="scale(1, -1)"><g><g stroke-width="0" fill="#FFFFFF" transform="translate(-8, -4.5)" fill-opacity="1"><rect width="16" height="9" /></g><g stroke-width="0.1" stroke="#000000" fill-opacity="0"><g transform="translate(0, 0)"><g transform="scale(0.0625, 9)"><g transform="scale(1, -1)"><image width="256" height="1" x="-128" y="-0.5" xlink:href="data:image/png;base64,iVBORw0KGgoAAAANSUhEUgAAAQAAAAABCAIAAAC+O+cgAAADDElEQVR4nAEBA/78AP//AP/+Cf79EP78Fv77Gv76Hv35Iv34Jf34KP33K/z2Lfz1MPz0MvvzNPvyNvvxOPrwOvrvPPruPvrtQPnsQvnsQ/nrRfjqR/jpSPjoSvfnS/fmTfflTvbkT/bjUfbiUvXhU/XgVfXgVvTfV/TeWfTdWvPcW/PbXPPaXfLZX/LYYPLXYfHWYvHVY/HUZPDUZfDTZu/SZ+/Rae/Qau7Pa+7ObO7Nbe3Mbu3Lb+zKcOzJcezJcuvIc+vHdOrGderFdurEdunDd+nCeOjBeejAeui/e+e/fOe+fea9fua8f+W7gOW6gOW5geS4guS3g+O2hOO1heK1huK0huGzh+GyiOCxieCwiuCvi9+ui9+tjN6sjd6rjt2rj92qkNypkNyokdunktumk9qlk9qklNmjldmiltihl9ihl9egmNefmdaemtWdmtWcm9SbnNSandOZntOYntKXn9KXoNGWodGVodCUos+To8+So86RpM6Qpc2PpsyOpsyOp8uNqMuMqcqLqcmKqsmJq8iIrMiHrMeGrcaFrsaErsWEr8SDsMSCscOBscKAssJ/s8F+s8B9tMB8tb97tb56tr56t715uLx4uLx3ubt2urp1url0u7lzvLhyvLdxvbdwvrZwvrVvv7RuwLNtwLNswbJrwrFqw7Bpw7BoxK9nxa5mxa1lxqxlx6tkx6tjyKpiyalhyahgyqdfy6Zey6VdzKVczaRbzaNazqJZz6FZz6BY0J9X0Z5W0Z1V0pxU05tT05pS1JlR1ZhQ1ZdP1pZO15VN15RM2JNL2ZJK2ZFJ2pBI245H241G3IxG3YtF3YpE3olD34dC34ZB4IVA4IQ/4YI+4oE94oA843475H065Hw55Xo45nk35nc153Y06HQz6HMy6XEx6nAw6m4v620u7Gst7Gks7Wcr7mYq7mQo72In72Am8F4l8Vwk8Voi8lgh81Ug81Mf9FEd9U4c9Uwb9kkZ90YY90MW+EAV+T0T+TkR+jUP+jEN+y0L/CcJ/CEH/RoE/hAC/gAA/75y5blmNXSSAAAAAElFTkSuQmCC" /></g></g></g></g></g></g></svg>
8<svg viewBox="-8 -4.5 16 9" xmlns="http://www.w3.org/2000/svg" xmlns:xlink="http://www.w3.org/1999/xlink" version="1.1" preserveAspectRatio="none"><g stroke-width="0.05" transform="scale(1, -1)"><g><g stroke-width="0" fill="#FFFFFF" transform="translate(-8, -4.5)" fill-opacity="1"><rect width="16" height="9" /></g><g stroke-width="0.1" stroke="#000000" fill-opacity="0"><g transform="translate(0, 0)"><g transform="scale(0.0625, 9)"><g transform="scale(1, -1)"><image width="256" height="1" x="-128" y="-0.5" xlink:href="data:image/png;base64,iVBORw0KGgoAAAANSUhEUgAAAQAAAAABCAIAAAC+O+cgAAADDElEQVR4nAEBA/78AP//AP/+Cf79EP78Fv77Gv76Hv35Iv34Jf34KP33K/z2Lfz1MPz0MvvzNPvyNvvxOPrwOvrvPPruPvrtQPnsQvnsQ/nrRfjqR/jpSPjoSvfnS/fmTfflTvbkT/bjUfbiUvXhU/XgVfXgVvTfV/TeWfTdWvPcW/PbXPPaXfLZX/LYYPLXYfHWYvHVY/HUZPDUZfDTZu/SZ+/Rae/Qau7Pa+7ObO7Nbe3Mbu3Lb+zKcOzJcezJcuvIc+vHdOrGderFdurEdunDd+nCeOjBeejAeui/e+e/fOe+fea9fua8f+W7gOW6gOW5geS4guS3g+O2hOO1heK1huK0huGzh+GyiOCxieCwiuCvi9+ui9+tjN6sjd6rjt2rj92qkNypkNyokdunktumk9qlk9qklNmjldmiltihl9ihl9egmNefmdaemtWdmtWcm9SbnNSandOZntOYntKXn9KXoNGWodGVodCUos+To8+So86RpM6Qpc2PpsyOpsyOp8uNqMuMqcqLqcmKqsmJq8iIrMiHrMeGrcaFrsaErsWEr8SDsMSCscOBscKAssJ/s8F+s8B9tMB8tb97tb56tr56t715uLx4uLx3ubt2urp1url0u7lzvLhyvLdxvbdwvrZwvrVvv7RuwLNtwLNswbJrwrFqw7Bpw7BoxK9nxa5mxa1lxqxlx6tkx6tjyKpiyalhyahgyqdfy6Zey6VdzKVczaRbzaNazqJZz6FZz6BY0J9X0Z5W0Z1V0pxU05tT05pS1JlR1ZhQ1ZdP1pZO15VN15RM2JNL2ZJK2ZFJ2pBI245H241G3IxG3YtF3YpE3olD34dC34ZB4IVA4IQ/4YI+4oE94oA843475H065Hw55Xo45nk35nc153Y06HQz6HMy6XEx6nAw6m4v620u7Gst7Gks7Wcr7mYq7mQo72In72Am8F4l8Vwk8Voi8lgh81Ug81Mf9FEd9U4c9Uwb9kkZ90YY90MW+EAV+T0T+TkR+jUP+jEN+y0L/CcJ/CEH/RoE/hAC/gAA/75y5blmNXSSAAAAAElFTkSuQmCC" /></g></g></g></g></g></g></svg>
9<svg viewBox="-8 -4.5 16 9" xmlns="http://www.w3.org/2000/svg" xmlns:xlink="http://www.w3.org/1999/xlink" version="1.1" preserveAspectRatio="none"><g stroke-width="0.05" transform="scale(1, -1)"><g><g stroke-width="0" fill="#FFFFFF" transform="translate(-8, -4.5)" fill-opacity="1"><rect width="16" height="9" /></g><g stroke-width="0.1" stroke="#000000" fill-opacity="0"><g transform="translate(0, 0)"><g transform="scale(0.0625, 9)"><g transform="scale(1, -1)"><image width="256" height="1" x="-128" y="-0.5" xlink:href="data:image/png;base64,iVBORw0KGgoAAAANSUhEUgAAAQAAAAABCAIAAAC+O+cgAAADDElEQVR4nAEBA/78AP//AP/+Cf79EP78Fv77Gv76Hv35Iv34Jf34KP33K/z2Lfz1MPz0MvvzNPvyNvvxOPrwOvrvPPruPvrtQPnsQvnsQ/nrRfjqR/jpSPjoSvfnS/fmTfflTvbkT/bjUfbiUvXhU/XgVfXgVvTfV/TeWfTdWvPcW/PbXPPaXfLZX/LYYPLXYfHWYvHVY/HUZPDUZfDTZu/SZ+/Rae/Qau7Pa+7ObO7Nbe3Mbu3Lb+zKcOzJcezJcuvIc+vHdOrGderFdurEdunDd+nCeOjBeejAeui/e+e/fOe+fea9fua8f+W7gOW6gOW5geS4guS3g+O2hOO1heK1huK0huGzh+GyiOCxieCwiuCvi9+ui9+tjN6sjd6rjt2rj92qkNypkNyokdunktumk9qlk9qklNmjldmiltihl9ihl9egmNefmdaemtWdmtWcm9SbnNSandOZntOYntKXn9KXoNGWodGVodCUos+To8+So86RpM6Qpc2PpsyOpsyOp8uNqMuMqcqLqcmKqsmJq8iIrMiHrMeGrcaFrsaErsWEr8SDsMSCscOBscKAssJ/s8F+s8B9tMB8tb97tb56tr56t715uLx4uLx3ubt2urp1url0u7lzvLhyvLdxvbdwvrZwvrVvv7RuwLNtwLNswbJrwrFqw7Bpw7BoxK9nxa5mxa1lxqxlx6tkx6tjyKpiyalhyahgyqdfy6Zey6VdzKVczaRbzaNazqJZz6FZz6BY0J9X0Z5W0Z1V0pxU05tT05pS1JlR1ZhQ1ZdP1pZO15VN15RM2JNL2ZJK2ZFJ2pBI245H241G3IxG3YtF3YpE3olD34dC34ZB4IVA4IQ/4YI+4oE94oA843475H065Hw55Xo45nk35nc153Y06HQz6HMy6XEx6nAw6m4v620u7Gst7Gks7Wcr7mYq7mQo72In72Am8F4l8Vwk8Voi8lgh81Ug81Mf9FEd9U4c9Uwb9kkZ90YY90MW+EAV+T0T+TkR+jUP+jEN+y0L/CcJ/CEH/RoE/hAC/gAA/75y5blmNXSSAAAAAElFTkSuQmCC" /></g></g></g></g></g></g></svg>
