0<svg viewBox="-8 -4.5 16 9" xmlns="http://www.w3.org/2000/svg" xmlns:xlink="http://www.w3.org/1999/xlink" version="1.1" preserveAspectRatio="none"><g stroke-width="0.05" transform="scale(1, -1)"><g><g stroke-width="0" fill="#FFFFFF" transform="translate(-8, -4.5)" fill-opacity="1"><rect width="16" height="9" /></g><g stroke-width="0.1" stroke="#000000" fill-opacity="0"><g transform="translate(0, 0)"><g transform="scale(0.0625, 9)"><g transform="scale(1, -1)"><image width="256" height="1" x="-128" y="-0.5" xlink:href="data:image/png;base64,iVBORw0KGgoAAAANSUhEUgAAAQAAAAABCAIAAAC+O+cgAAADDElEQVR4nAEBA/78AAAABAEABQEBBgEBCAIBCQICCwICDQMDDwMDEgQEFAUEFgYFGAYFGgcGHAgHHgkHIAoIIgsJJAwJJg0KKQ4LKxALLREMLxINMRMNNBQONhUOOBYPOxgPPRkQPxoQQhwQRB0RRx4RSSARSyERTiIRUCQSUyUSVScSWCkRWioRXCwRXy0RYS8RYzERZTMQZzQQaTYQazgQbDkPbjsPcD0PcT8PckAPdEIPdUQPdkUQd0cQeEkQeEoQeUwRek4Re08Se1ESfFITfFQTfVYUfVcVflkVfloWflwWf10Xf18Yf2AYgGIZgGQagGUagGcbgGgcgWocgWsdgW0dgW4egXAfgXIfgXMggXUhgXYhgXgigXkignsjgnwjgn4kgoAlgoElgYMmgYQmgYYngYgngYkogYspgYwpgY4qgZAqgZErgZMrgJQsgJYsgJgtgJktgJsuf5wuf54vf6Avf6EwfqMwfqUxfqYxfagyfaozfaszfK00fK40e7A1e7I1e7M2erU2erc3ebg3ebo4eLw5eL05d786d8A6dsI7dcQ8dcU8dMc9c8g+c8o+csw/cc1Acc9AcNBBb9JCb9NDbtVEbdZFbNhFbNlGa9tHatxIad5JaN9KaOBMZ+JNZuNOZeRPZOVQZOdSY+hTYulUYupWYetXYOxYYO1aX+5bXu9dXvBfXvFgXfJiXfJkXPNlXPRnXPRpXPVrXPZsXPZuXPdwXPdyXPh0XPh2XPl4Xfl5Xfl7Xfp9Xvp/XvqBX/uDX/uFYPuHYfyJYfyKYvyMY/yOZPyQZf2SZv2UZ/2WaP2Yaf2aav2ba/6dbP6fbf6hbv6jb/6lcf6ncv6pc/6qdP6sdv6ud/6weP6yev60e/62fP63fv65f/67gf69gv6/hP7Bhf7Ch/7EiP7Giv7IjP7Kjf7Mj/7NkP7Pkv7RlP7Tlf7Vl/7Xmf7Ymv3anP3cnv3eoP3gof3io/3jpf3lp/3nqf3pqv3rrPzsrvzusPzwsvzytPz0tvz2uPz3ufz5u/z7vfz9v2XLYBfYljPoAAAAAElFTkSuQmCC" /></g></g></g></g></g></g></svg>
1<svg viewBox="-8 -4.5 16 9" xmlns="http://www.w3.org/2000/svg" xmlns:xlink="http://www.w3.org/1999/xlink" version="1.1" preserveAspectRatio="none"><g stroke-width="0.05" transform="scale(1, -1)"><g><g stroke-width="0" fill="#FFFFFF" transform="translate(-8, -4.5)" fill-opacity="1"><rect width="16" height="9" /></g><g stroke-width="0.1" stroke="#000000" fill-opacity="0"><g transform="translate(0, 0)"><g transform="scale(0.0625, 9)"><g transform="scale(1, -1)"><image width="256" height="1" x="-128" y="-0.5" xlink:href="data:image/png;base64,iVBORw0KGgoAAAANSUhEUgAAAQAAAAABCAIAAAC+O+cgAAADDElEQVR4nAEBA/78AAAABAEABQEBBgEBCAIBCQICCwICDQMDDwMDEgQEFAUEFgYFGAYFGgcGHAgHHgkHIAoIIgsJJAwJJg0KKQ4LKxALLREMLxINMRMNNBQONhUOOBYPOxgPPRkQPxoQQhwQRB0RRx4RSSARSyERTiIRUCQSUyUSVScSWCkRWioRXCwRXy0RYS8RYzERZTMQZzQQaTYQazgQbDkPbjsPcD0PcT8PckAPdEIPdUQPdkUQd0cQeEkQeEoQeUwRek4Re08Se1ESfFITfFQTfVYUfVcVflkVfloWflwWf10Xf18Yf2AYgGIZgGQagGUagGcbgGgcgWocgWsdgW0dgW4egXAfgXIfgXMggXUhgXYhgXgigXkignsjgnwjgn4kgoAlgoElgYMmgYQmgYYngYgngYkogYspgYwpgY4qgZAqgZErgZMrgJQsgJYsgJgtgJktgJsuf5wuf54vf6Avf6EwfqMwfqUxfqYxfagyfaozfaszfK00fK40e7A1e7I1e7M2erU2erc3ebg3ebo4eLw5eL05d786d8A6dsI7dcQ8dcU8dMc9c8g+c8o+csw/cc1Acc9AcNBBb9JCb9NDbtVEbdZFbNhFbNlGa9tHatxIad5JaN9KaOBMZ+JNZuNOZeRPZOVQZOdSY+hTYulUYupWYetXYOxYYO1aX+5bXu9dXvBfXvFgXfJiXfJkXPNlXPRnXPRpXPVrXPZsXPZuXPdwXPdyXPh0XPh2XPl4Xfl5Xfl7Xfp9Xvp/XvqBX/uDX/uFYPuHYfyJYfyKYvyMY/yOZPyQZf2SZv2UZ/2WaP2Yaf2aav2ba/6dbP6fbf6hbv6jb/6lcf6ncv6pc/6qdP6sdv6ud/6weP6yev60e/62fP63fv65f/67gf69gv6/hP7Bhf7Ch/7EiP7Giv7IjP7Kjf7Mj/7NkP7Pkv7RlP7Tlf7Vl/7Xmf7Ymv3anP3cnv3eoP3gof3io/3jpf3lp/3nqf3pqv3rrPzsrvzusPzwsvzytPz0tvz2uPz3ufz5u/z7vfz9v2XLYBfYljPoAAAAAElFTkSuQmCC" /></g></g></g></g></g></g></svg>
2<svg viewBox="-8 -4.5 16 9" xmlns="http://www.w3.org/2000/svg" xmlns:xlink="http://www.w3.org/1999/xlink" version="1.1" preserveAspectRatio="none"><g stroke-width="0.05" transform="scale(1, -1)"><g><g stroke-width="0" fill="#FFFFFF" transform="translate(-8, -4.5)" fill-opacity="1"><rect width="16" height="9" /></g><g stroke-width="0.1" stroke="#000000" fill-opacity="0"><g transform="translate(0, 0)"><g transform="scale(0.0625, 9)"><g transform="scale(1, -1)"><image width="256" height="1" x="-128" y="-0.5" xlink:href="data:image/png;base64,iVBORw0KGgoAAAANSUhEUgAAAQAAAAABCAIAAAC+O+cgAAADDElEQVR4nAEBA/78AAAABAEABQEBBgEBCAIBCQICCwICDQMDDwMDEgQEFAUEFgYFGAYFGgcGHAgHHgkHIAoIIgsJJAwJJg0KKQ4LKxALLREMLxINMRMNNBQONhUOOBYPOxgPPRkQPxoQQhwQRB0RRx4RSSARSyERTiIRUCQSUyUSVScSWCkRWioRXCwRXy0RYS8RYzERZTMQZzQQaTYQazgQbDkPbjsPcD0PcT8PckAPdEIPdUQPdkUQd0cQeEkQeEoQeUwRek4Re08Se1ESfFITfFQTfVYUfVcVflkVfloWflwWf10Xf18Yf2AYgGIZgGQagGUagGcbgGgcgWocgWsdgW0dgW4egXAfgXIfgXMggXUhgXYhgXgigXkignsjgnwjgn4kgoAlgoElgYMmgYQmgYYngYgngYkogYspgYwpgY4qgZAqgZErgZMrgJQsgJYsgJgtgJktgJsuf5wuf54vf6Avf6EwfqMwfqUxfqYxfagyfaozfaszfK00fK40e7A1e7I1e7M2erU2erc3ebg3ebo4eLw5eL05d786d8A6dsI7dcQ8dcU8dMc9c8g+c8o+csw/cc1Acc9AcNBBb9JCb9NDbtVEbdZFbNhFbNlGa9tHatxIad5JaN9KaOBMZ+JNZuNOZeRPZOVQZOdSY+hTYulUYupWYetXYOxYYO1aX+5bXu9dXvBfXvFgXfJiXfJkXPNlXPRnXPRpXPVrXPZsXPZuXPdwXPdyXPh0XPh2XPl4Xfl5Xfl7Xfp9Xvp/XvqBX/uDX/uFYPuHYfyJYfyKYvyMY/yOZPyQZf2SZv2UZ/2WaP2Yaf2aav2ba/6dbP6fbf6hbv6jb/6lcf6ncv6pc/6qdP6sdv6ud/6weP6yev60e/62fP63fv65f/67gf69gv6/hP7Bhf7Ch/7EiP7Giv7IjP7Kjf7Mj/7NkP7Pkv7RlP7Tlf7Vl/7Xmf7Ymv3anP3cnv3eoP3gof3io/3jpf3lp/3nqf3pqv3rrPzsrvzusPzwsvzytPz0tvz2uPz3ufz5u/z7vfz9v2XLYBfYljPoAAAAAElFTkSuQmCC" /></g></g></g></g></g></g></svg>
3<svg viewBox="-8 -4.5 16 9" xmlns="http://www.w3.org/2000/svg" xmlns:xlink="http://www.w3.org/1999/xlink" version="1.1" preserveAspectRatio="none"><g stroke-width="0.05" transform="scale(1, -1)"><g><g stroke-width="0" fill="#FFFFFF" transform="translate(-8, -4.5)" fill-opacity="1"><rect width="16" height="9" /></g><g stroke-width="0.1" stroke="#000000" fill-opacity="0"><g transform="translate(0, 0)"><g transform="scale(0.0625, 9)"><g transform="scale(1, -1)"><image width="256" height="1" x="-128" y="-0.5" xlink:href="data:image/png;base64,iVBORw0KGgoAAAANSUhEUgAAAQAAAAABCAIAAAC+O+cgAAADDElEQVR4nAEBA/78AAAABAEABQEBBgEBCAIBCQICCwICDQMDDwMDEgQEFAUEFgYFGAYFGgcGHAgHHgkHIAoIIgsJJAwJJg0KKQ4LKxALLREMLxINMRMNNBQONhUOOBYPOxgPPRkQPxoQQhwQRB0RRx4RSSARSyERTiIRUCQSUyUSVScSWCkRWioRXCwRXy0RYS8RYzERZTMQZzQQaTYQazgQbDkPbjsPcD0PcT8PckAPdEIPdUQPdkUQd0cQeEkQeEoQeUwRek4Re08Se1ESfFITfFQTfVYUfVcVflkVfloWflwWf10Xf18Yf2AYgGIZgGQagGUagGcbgGgcgWocgWsdgW0dgW4egXAfgXIfgXMggXUhgXYhgXgigXkignsjgnwjgn4kgoAlgoElgYMmgYQmgYYngYgngYkogYspgYwpgY4qgZAqgZErgZMrgJQsgJYsgJgtgJktgJsuf5wuf54vf6Avf6EwfqMwfqUxfqYxfagyfaozfaszfK00fK40e7A1e7I1e7M2erU2erc3ebg3ebo4eLw5eL05d786d8A6dsI7dcQ8dcU8dMc9c8g+c8o+csw/cc1Acc9AcNBBb9JCb9NDbtVEbdZFbNhFbNlGa9tHatxIad5JaN9KaOBMZ+JNZuNOZeRPZOVQZOdSY+hTYulUYupWYetXYOxYYO1aX+5bXu9dXvBfXvFgXfJiXfJkXPNlXPRnXPRpXPVrXPZsXPZuXPdwXPdyXPh0XPh2XPl4Xfl5Xfl7Xfp9Xvp/XvqBX/uDX/uFYPuHYfyJYfyKYvyMY/yOZPyQZf2SZv2UZ/2WaP2Yaf2aav2ba/6dbP6fbf6hbv6jb/6lcf6ncv6pc/6qdP6sdv6ud/6weP6yev60e/62fP63fv65f/67gf69gv6/hP7Bhf7Ch/7EiP7Giv7IjP7Kjf7Mj/7NkP7Pkv7RlP7Tlf7Vl/7Xmf7Ymv3anP3cnv3eoP3gof3io/3jpf3lp/3nqf3pqv3rrPzsrvzusPzwsvzytPz0tvz2uPz3ufz5u/z7vfz9v2XLYBfYljPoAAAAAElFTkSuQmCC" /></g></g></g></g></g></g></svg>
4<svg viewBox="-8 -4.5 16 9" xmlns="http://www.w3.org/2000/svg" xmlns:xlink="http://www.w3.org/1999/xlink" version="1.1" preserveAspectRatio="none"><g stroke-width="0.05" transform="scale(1, -1)"><g><g stroke-width="0" fill="#FFFFFF" transform="translate(-8, -4.5)" fill-opacity="1"><rect width="16" height="9" /></g><g stroke-width="0.1" stroke="#000000" fill-opacity="0"><g transform="translate(0, 0)"><g transform="scale(0.0625, 9)"><g transform="scale(1, -1)"><image width="256" height="1" x="-128" y="-0.5" xlink:href="data:image/png;base64,iVBORw0KGgoAAAANSUhEUgAAAQAAAAABCAIAAAC+O+cgAAADDElEQVR4nAEBA/78AAAABAEABQEBBgEBCAIBCQICCwICDQMDDwMDEgQEFAUEFgYFGAYFGgcGHAgHHgkHIAoIIgsJJAwJJg0KKQ4LKxALLREMLxINMRMNNBQONhUOOBYPOxgPPRkQPxoQQhwQRB0RRx4RSSARSyERTiIRUCQSUyUSVScSWCkRWioRXCwRXy0RYS8RYzERZTMQZzQQaTYQazgQbDkPbjsPcD0PcT8PckAPdEIPdUQPdkUQd0cQeEkQeEoQeUwRek4Re08Se1ESfFITfFQTfVYUfVcVflkVfloWflwWf10Xf18Yf2AYgGIZgGQagGUagGcbgGgcgWocgWsdgW0dgW4egXAfgXIfgXMggXUhgXYhgXgigXkignsjgnwjgn4kgoAlgoElgYMmgYQmgYYngYgngYkogYspgYwpgY4qgZAqgZErgZMrgJQsgJYsgJgtgJktgJsuf5wuf54vf6Avf6EwfqMwfqUxfqYxfagyfaozfaszfK00fK40e7A1e7I1e7M2erU2erc3ebg3ebo4eLw5eL05d786d8A6dsI7dcQ8dcU8dMc9c8g+c8o+csw/cc1Acc9AcNBBb9JCb9NDbtVEbdZFbNhFbNlGa9tHatxIad5JaN9KaOBMZ+JNZuNOZeRPZOVQZOdSY+hTYulUYupWYetXYOxYYO1aX+5bXu9dXvBfXvFgXfJiXfJkXPNlXPRnXPRpXPVrXPZsXPZuXPdwXPdyXPh0XPh2XPl4Xfl5Xfl7Xfp9Xvp/XvqBX/uDX/uFYPuHYfyJYfyKYvyMY/yOZPyQZf2SZv2UZ/2WaP2Yaf2aav2ba/6dbP6fbf6hbv6jb/6lcf6ncv6pc/6qdP6sdv6ud/6weP6yev60e/62fP63fv65f/67gf69gv6/hP7Bhf7Ch/7EiP7Giv7IjP7Kjf7Mj/7NkP7Pkv7RlP7Tlf7Vl/7Xmf7Ymv3anP3cnv3eoP3gof3io/3jpf3lp/3nqf3pqv3rrPzsrvzusPzwsvzytPz0tvz2uPz3ufz5u/z7vfz9v2XLYBfYljPoAAAAAElFTkSuQmCC" /></g></g></g></g></g></g></svg>
5<svg viewBox="-8 -4.5 16 9" xmlns="http://www.w3.org/2000/svg" xmlns:xlink="http://www.w3.org/1999/xlink" version="1.1" preserveAspectRatio="none"><g stroke-width="0.05" transform="scale(1, -1)"><g><g stroke-width="0" fill="#FFFFFF" transform="translate(-8, -4.5)" fill-opacity="1"><rect width="16" height="9" /></g><g stroke-width="0.1" stroke="#000000" fill-opacity="0"><g transform="translate(0, 0)"><g transform="scale(0.0625, 9)"><g transform="scale(1, -1)"><image width="256" height="1" x="-128" y="-0.5" xlink:href="data:image/png;base64,iVBORw0KGgoAAAANSUhEUgAAAQAAAAABCAIAAAC+O+cgAAADDElEQVR4nAEBA/78AAAABAEABQEBBgEBCAIBCQICCwICDQMDDwMDEgQEFAUEFgYFGAYFGgcGHAgHHgkHIAoIIgsJJAwJJg0KKQ4LKxALLREMLxINMRMNNBQONhUOOBYPOxgPPRkQPxoQQhwQRB0RRx4RSSARSyERTiIRUCQSUyUSVScSWCkRWioRXCwRXy0RYS8RYzERZTMQZzQQaTYQazgQbDkPbjsPcD0PcT8PckAPdEIPdUQPdkUQd0cQeEkQeEoQeUwRek4Re08Se1ESfFITfFQTfVYUfVcVflkVfloWflwWf10Xf18Yf2AYgGIZgGQagGUagGcbgGgcgWocgWsdgW0dgW4egXAfgXIfgXMggXUhgXYhgXgigXkignsjgnwjgn4kgoAlgoElgYMmgYQmgYYngYgngYkogYspgYwpgY4qgZAqgZErgZMrgJQsgJYsgJgtgJktgJsuf5wuf54vf6Avf6EwfqMwfqUxfqYxfagyfaozfaszfK00fK40e7A1e7I1e7M2erU2erc3ebg3ebo4eLw5eL05d786d8A6dsI7dcQ8dcU8dMc9c8g+c8o+csw/cc1Acc9AcNBBb9JCb9NDbtVEbdZFbNhFbNlGa9tHatxIad5JaN9KaOBMZ+JNZuNOZeRPZOVQZOdSY+hTYulUYupWYetXYOxYYO1aX+5bXu9dXvBfXvFgXfJiXfJkXPNlXPRnXPRpXPVrXPZsXPZuXPdwXPdyXPh0XPh2XPl4Xfl5Xfl7Xfp9Xvp/XvqBX/uDX/uFYPuHYfyJYfyKYvyMY/yOZPyQZf2SZv2UZ/2WaP2Yaf2aav2ba/6dbP6fbf6hbv6jb/6lcf6ncv6pc/6qdP6sdv6ud/6weP6yev60e/62fP63fv65f/67gf69gv6/hP7Bhf7Ch/7EiP7Giv7IjP7Kjf7Mj/7NkP7Pkv7RlP7Tlf7Vl/7Xmf7Ymv3anP3cnv3eoP3gof3io/3jpf3lp/3nqf3pqv3rrPzsrvzusPzwsvzytPz0tvz2uPz3ufz5u/z7vfz9v2XLYBfYljPoAAAAAElFTkSuQmCC" /></g></g></g></g></g></g></svg>
6<svg viewBox="-8 -4.5 16 9" xmlns="http://www.w3.org/2000/svg" xmlns:xlink="http://www.w3.org/1999/xlink" version="1.1" preserveAspectRatio="none"><g stroke-width="0.05" transform="scale(1, -1)"><g><g stroke-width="0" fill="#FFFFFF" transform="translate(-8, -4.5)" fill-opacity="1"><rect width="16" height="9" /></g><g stroke-width="0.1" stroke="#000000" fill-opacity="0"><g transform="translate(0, 0)"><g transform="scale(0.0625, 9)"><g transform="scale(1, -1)"><image width="256" height="1" x="-128" y="-0.5" xlink:href="data:image/png;base64,iVBORw0KGgoAAAANSUhEUgAAAQAAAAABCAIAAAC+O+cgAAADDElEQVR4nAEBA/78AAAABAEABQEBBgEBCAIBCQICCwICDQMDDwMDEgQEFAUEFgYFGAYFGgcGHAgHHgkHIAoIIgsJJAwJJg0KKQ4LKxALLREMLxINMRMNNBQONhUOOBYPOxgPPRkQPxoQQhwQRB0RRx4RSSARSyERTiIRUCQSUyUSVScSWCkRWioRXCwRXy0RYS8RYzERZTMQZzQQaTYQazgQbDkPbjsPcD0PcT8PckAPdEIPdUQPdkUQd0cQeEkQeEoQeUwRek4Re08Se1ESfFITfFQTfVYUfVcVflkVfloWflwWf10Xf18Yf2AYgGIZgGQagGUagGcbgGgcgWocgWsdgW0dgW4egXAfgXIfgXMggXUhgXYhgXgigXkignsjgnwjgn4kgoAlgoElgYMmgYQmgYYngYgngYkogYspgYwpgY4qgZAqgZErgZMrgJQsgJYsgJgtgJktgJsuf5wuf54vf6Avf6EwfqMwfqUxfqYxfagyfaozfaszfK00fK40e7A1e7I1e7M2erU2erc3ebg3ebo4eLw5eL05d786d8A6dsI7dcQ8dcU8dMc9c8g+c8o+csw/cc1Acc9AcNBBb9JCb9NDbtVEbdZFbNhFbNlGa9tHatxIad5JaN9KaOBMZ+JNZuNOZeRPZOVQZOdSY+hTYulUYupWYetXYOxYYO1aX+5bXu9dXvBfXvFgXfJiXfJkXPNlXPRnXPRpXPVrXPZsXPZuXPdwXPdyXPh0XPh2XPl4Xfl5Xfl7Xfp9Xvp/XvqBX/uDX/uFYPuHYfyJYfyKYvyMY/yOZPyQZf2SZv2UZ/2WaP2Yaf2aav2ba/6dbP6fbf6hbv6jb/6lcf6ncv6pc/6qdP6sdv6ud/6weP6yev60e/62fP63fv65f/67gf69gv6/hP7Bhf7Ch/7EiP7Giv7IjP7Kjf7Mj/7NkP7Pkv7RlP7Tlf7Vl/7Xmf7Ymv3anP3cnv3eoP3gof3io/3jpf3lp/3nqf3pqv3rrPzsrvzusPzwsvzytPz0tvz2uPz3ufz5u/z7vfz9v2XLYBfYljPoAAAAAElFTkSuQmCC" /></g></g></g></g></g></g></svg>
7<svg viewBox="-8 -4.5 16 9" xmlns="http://www.w3.org/2000/svg" xmlns:xlink="http://www.w3.org/1999/xlink" version="1.1" preserveAspectRatio="none"><g stroke-width="0.05" transform="scale(1, -1)"><g><g stroke-width="0" fill="#FFFFFF" transform="translate(-8, -4.5)" fill-opacity="1"><rect width="16" height="9" /></g><g stroke-width="0.1" stroke="#000000" fill-opacity="0"><g transform="translate(0, 0)"><g transform="scale(0.0625, 9)"><g transform="scale(1, -1)"><image width="256" height="1" x="-128" y="-0.5" xlink:href="data:image/png;base64,iVBORw0KGgoAAAANSUhEUgAAAQAAAAABCAIAAAC+O+cgAAADDElEQVR4nAEBA/78AAAABAEABQEBBgEBCAIBCQICCwICDQMDDwMDEgQEFAUEFgYFGAYFGgcGHAgHHgkHIAoIIgsJJAwJJg0KKQ4LKxALLREMLxINMRMNNBQONhUOOBYPOxgPPRkQPxoQQhwQRB0RRx4RSSARSyERTiIRUCQSUyUSVScSWCkRWioRXCwRXy0RYS8RYzERZTMQZzQQaTYQazgQbDkPbjsPcD0PcT8PckAPdEIPdUQPdkUQd0cQeEkQeEoQeUwRek4Re08Se1ESfFITfFQTfVYUfVcVflkVfloWflwWf10Xf18Yf2AYgGIZgGQagGUagGcbgGgcgWocgWsdgW0dgW4egXAfgXIfgXMggXUhgXYhgXgigXkignsjgnwjgn4kgoAlgoElgYMmgYQmgYYngYgngYkogYspgYwpgY4qgZAqgZErgZMrgJQsgJYsgJgtgJktgJsuf5wuf54vf6Avf6EwfqMwfqUxfqYxfagyfaozfaszfK00fK40e7A1e7I1e7M2erU2erc3ebg3ebo4eLw5eL05d786d8A6dsI7dcQ8dcU8dMc9c8g+c8o+csw/cc1Acc9AcNBBb9JCb9NDbtVEbdZFbNhFbNlGa9tHatxIad5JaN9KaOBMZ+JNZuNOZeRPZOVQZOdSY+hTYulUYupWYetXYOxYYO1aX+5bXu9dXvBfXvFgXfJiXfJkXPNlXPRnXPRpXPVrXPZsXPZuXPdwXPdyXPh0XPh2XPl4Xfl5Xfl7Xfp9Xvp/XvqBX/uDX/uFYPuHYfyJYfyKYvyMY/yOZPyQZf2SZv2UZ/2WaP2Yaf2aav2ba/6dbP6fbf6hbv6jb/6lcf6ncv6pc/6qdP6sdv6ud/6weP6yev60e/62fP63fv65f/67gf69gv6/hP7Bhf7Ch/7EiP7Giv7IjP7Kjf7Mj/7NkP7Pkv7RlP7Tlf7Vl/7Xmf7Ymv3anP3cnv3eoP3gof3io/3jpf3lp/3nqf3pqv3rrPzsrvzusPzwsvzytPz0tvz2uPz3ufz5u/z7vfz9v2XLYBfYljPoAAAAAElFTkSuQmCC" /></g></g></g></g></g></g></svg>
8<svg viewBox="-8 -4.5 16 9" xmlns="http://www.w3.org/2000/svg" xmlns:xlink="http://www.w3.org/1999/xlink" version="1.1" preserveAspectRatio="none"><g stroke-width="0.05" transform="scale(1, -1)"><g><g stroke-width="0" fill="#FFFFFF" transform="translate(-8, -4.5)" fill-opacity="1"><rect width="16" height="9" /></g><g stroke-width="0.1" stroke="#000000" fill-opacity="0"><g transform="translate(0, 0)"><g transform="scale(0.0625, 9)"><g transform="scale(1, -1)"><image width="256" height="1" x="-128" y="-0.5" xlink:href="data:image/png;base64,iVBORw0KGgoAAAANSUhEUgAAAQAAAAABCAIAAAC+O+cgAAADDElEQVR4nAEBA/78AAAABAEABQEBBgEBCAIBCQICCwICDQMDDwMDEgQEFAUEFgYFGAYFGgcGHAgHHgkHIAoIIgsJJAwJJg0KKQ4LKxALLREMLxINMRMNNBQONhUOOBYPOxgPPRkQPxoQQhwQRB0RRx4RSSARSyERTiIRUCQSUyUSVScSWCkRWioRXCwRXy0RYS8RYzERZTMQZzQQaTYQazgQbDkPbjsPcD0PcT8PckAPdEIPdUQPdkUQd0cQeEkQeEoQeUwRek4Re08Se1ESfFITfFQTfVYUfVcVflkVfloWflwWf10Xf18Yf2AYgGIZgGQagGUagGcbgGgcgWocgWsdgW0dgW4egXAfgXIfgXMggXUhgXYhgXgigXkignsjgnwjgn4kgoAlgoElgYMmgYQmgYYngYgngYkogYspgYwpgY4qgZAqgZErgZMrgJQsgJYsgJgtgJktgJsuf5wuf54vf6Avf6EwfqMwfqUxfqYxfagyfaozfaszfK00fK40e7A1e7I1e7M2erU2erc3ebg3ebo4eLw5eL05d786d8A6dsI7dcQ8dcU8dMc9c8g+c8o+csw/cc1Acc9AcNBBb9JCb9NDbtVEbdZFbNhFbNlGa9tHatxIad5JaN9KaOBMZ+JNZuNOZeRPZOVQZOdSY+hTYulUYupWYetXYOxYYO1aX+5bXu9dXvBfXvFgXfJiXfJkXPNlXPRnXPRpXPVrXPZsXPZuXPdwXPdyXPh0XPh2XPl4Xfl5Xfl7Xfp9Xvp/XvqBX/uDX/uFYPuHYfyJYfyKYvyMY/yOZPyQZf2SZv2UZ/2WaP2Yaf2aav2ba/6dbP6fbf6hbv6jb/6lcf6ncv6pc/6qdP6sdv6ud/6weP6yev60e/62fP63fv65f/67gf69gv6/hP7Bhf7Ch/7EiP7Giv7IjP7Kjf7Mj/7NkP7Pkv7RlP7Tlf7Vl/7Xmf7Ymv3anP3cnv3eoP3gof3io/3jpf3lp/3nqf3pqv3rrPzsrvzusPzwsvzytPz0tvz2uPz3ufz5u/z7vfz9v2XLYBfYljPoAAAAAElFTkSuQmCC" /></g></g></g></g></g></g></svg>
9<svg viewBox="-8 -4.5 16 9" xmlns="http://www.w3.org/2000/svg" xmlns:xlink="http://www.w3.org/1999/xlink" version="1.1" preserveAspectRatio="none"><g stroke-width="0.05" transform="scale(1, -1)"><g><g stroke-width="0" fill="#FFFFFF" transform="translate(-8, -4.5)" fill-opacity="1"><rect width="16" height="9" /></g><g stroke-width="0.1" stroke="#000000" fill-opacity="0"><g transform="translate(0, 0)"><g transform="scale(0.0625, 9)"><g transform="scale(1, -1)"><image width="256" height="1" x="-128" y="-0.5" xlink:href="data:image/png;base64,iVBORw0KGgoAAAANSUhEUgAAAQAAAAABCAIAAAC+O+cgAAADDElEQVR4nAEBA/78AAAABAEABQEBBgEBCAIBCQICCwICDQMDDwMDEgQEFAUEFgYFGAYFGgcGHAgHHgkHIAoIIgsJJAwJJg0KKQ4LKxALLREMLxINMRMNNBQONhUOOBYPOxgPPRkQPxoQQhwQRB0RRx4RSSARSyERTiIRUCQSUyUSVScSWCkRWioRXCwRXy0RYS8RYzERZTMQZzQQaTYQazgQbDkPbjsPcD0PcT8PckAPdEIPdUQPdkUQd0cQeEkQeEoQeUwRek4Re08Se1ESfFITfFQTfVYUfVcVflkVfloWflwWf10Xf18Yf2AYgGIZgGQagGUagGcbgGgcgWocgWsdgW0dgW4egXAfgXIfgXMggXUhgXYhgXgigXkignsjgnwjgn4kgoAlgoElgYMmgYQmgYYngYgngYkogYspgYwpgY4qgZAqgZErgZMrgJQsgJYsgJgtgJktgJsuf5wuf54vf6Avf6EwfqMwfqUxfqYxfagyfaozfaszfK00fK40e7A1e7I1e7M2erU2erc3ebg3ebo4eLw5eL05d786d8A6dsI7dcQ8dcU8dMc9c8g+c8o+csw/cc1Acc9AcNBBb9JCb9NDbtVEbdZFbNhFbNlGa9tHatxIad5JaN9KaOBMZ+JNZuNOZeRPZOVQZOdSY+hTYulUYupWYetXYOxYYO1aX+5bXu9dXvBfXvFgXfJiXfJkXPNlXPRnXPRpXPVrXPZsXPZuXPdwXPdyXPh0XPh2XPl4Xfl5Xfl7Xfp9Xvp/XvqBX/uDX/uFYPuHYfyJYfyKYvyMY/yOZPyQZf2SZv2UZ/2WaP2Yaf2aav2ba/6dbP6fbf6hbv6jb/6lcf6ncv6pc/6qdP6sdv6ud/6weP6yev60e/62fP63fv65f/67gf69gv6/hP7Bhf7Ch/7EiP7Giv7IjP7Kjf7Mj/7NkP7Pkv7RlP7Tlf7Vl/7Xmf7Ymv3anP3cnv3eoP3gof3io/3jpf3lp/3nqf3pqv3rrPzsrvzusPzwsvzytPz0tvz2uPz3ufz5u/z7vfz9v2XLYBfYljPoAAAAAElFTkSuQmCC" /></g></g></g></g></g></g></svg>
