0<svg viewBox="-8 -4.5 16 9" xmlns="http://www.w3.org/2000/svg" xmlns:xlink="http://www.w3.org/1999/xlink" version="1.1" preserveAspectRatio="none"><g stroke-width="0.05" transform="scale(1, -1)"><g><g stroke-width="0" fill="#FFFFFF" transform="translate(-8, -4.5)" fill-opacity="1"><rect width="16" height="9" /></g><g stroke-width="0.1" stroke="#000000" fill-opacity="0"><g transform="translate(0, 0)"><g transform="scale(0.0625, 9)"><g transform="scale(1, -1)"><image width="256" height="1" x="-128" y="-0.5" xlink:href="data:image/png;base64,iVBORw0KGgoAAAANSUhEUgAAAQAAAAABCAIAAAC+O+cgAAADDElEQVR4nAEBA/78ACMXGycaKCscMy8ePzIgSjYjVDklXzsnaD4qckAse0Ivg0Qxi0U0k0Y2m0g5okk8qEk+r0pBtUpEu0tGwEtJxUtMyktOz0tR00pU10pW20lZ3klc4khf5Udh50Zk6kVn7ERq7kRt8EJv8kFy80B19T949j569z199zyA+DqD+TmF+TiI+TeL+TaN+TWQ+DOT+DKV9zGY9zCb9i+d9S6g9C2i8yyl8Sun8Cqq7yqs7Smv7Cix6ii06Ce25ie45Sa74ya94Sa/3yXB3CXD2iXG2CXI1iXK0yXM0SXOzybQzCbSyibUyCfWxSfYwyjZwCnbvinduyrfuCvgtizisy3jsS7lrjDmrDHoqTLppjTrpDXsoTftnznvnDrwmjzxlz7ylUDzkkL0kET1jUb2i0j3iEr3hk34hE/5gVH6f1T6fVb7eln7eFz8dl78dGH9cWT9b2b9bWn9a2z9aW/+Z3L+ZXX+Y3j+YXv+X379XYH9XIT9Wof9WIr8Vo38VZD7U5P7UZb6UJn6Tpz5TZ/4S6L4Sqb3SKn2R6z1Rq/0RLLzQ7XyQrjxQbvwP77vPsHtPcPsPMbrO8npOszoOc/nONHlN9TjNtfiNdngNNzfM97dMuDbMuPZMeXXMOfVL+nUL+zSLu7QLfDOLPHLLPPJK/XHK/fFKvjDKfrAKfu+KP28KP65J/+3J/+1Jv+yJv+wJf+tJf+rJP+oJP+mI/+jI/+gIv+eIv+bIf+ZIf+WIf+TIP+QIP+OH/+LH/+IHv+FHv+DHf+AHf99Hf96HP94HP91G/9yG/9vGv1sGvxqGfpnGflkGPdhGPZfGPRcF/JZFvBXFu5UFexRFepPFOhMFOZJE+RHE+JEEt9CEt0/Edo9ENg6ENU4D9M2D9AzDs4xDcsvDcktDMYqC8MoC8EmCr4kCbsjCbkhCLYfB7QdB7EbBq8aBawYBaoXBKgWBKUUA6MTAqESAp8RAZ0QAJsPAJoOAJgOAJYNAJUMAJQMAJMMAJIMAJELAJEMAJAMAJAMAJAMAHlHhr8+8wl1AAAAAElFTkSuQmCC" /></g></g></g></g></g></g></svg>
1<svg viewBox="-8 -4.5 16 9" xmlns="http://www.w3.org/2000/svg" xmlns:xlink="http://www.w3.org/1999/xlink" version="1.1" preserveAspectRatio="none"><g stroke-width="0.05" transform="scale(1, -1)"><g><g stroke-width="0" fill="#FFFFFF" transform="translate(-8, -4.5)" fill-opacity="1"><rect width="16" height="9" /></g><g stroke-width="0.1" stroke="#000000" fill-opacity="0"><g transform="translate(0, 0)"><g transform="scale(0.0625, 9)"><g transform="scale(1, -1)"><image width="256" height="1" x="-128" y="-0.5" xlink:href="data:image/png;base64,iVBORw0KGgoAAAANSUhEUgAAAQAAAAABCAIAAAC+O+cgAAADDElEQVR4nAEBA/78ACMXGycaKCscMy8ePzIgSjYjVDklXzsnaD4qckAse0Ivg0Qxi0U0k0Y2m0g5okk8qEk+r0pBtUpEu0tGwEtJxUtMyktOz0tR00pU10pW20lZ3klc4khf5Udh50Zk6kVn7ERq7kRt8EJv8kFy80B19T949j569z199zyA+DqD+TmF+TiI+TeL+TaN+TWQ+DOT+DKV9zGY9zCb9i+d9S6g9C2i8yyl8Sun8Cqq7yqs7Smv7Cix6ii06Ce25ie45Sa74ya94Sa/3yXB3CXD2iXG2CXI1iXK0yXM0SXOzybQzCbSyibUyCfWxSfYwyjZwCnbvinduyrfuCvgtizisy3jsS7lrjDmrDHoqTLppjTrpDXsoTftnznvnDrwmjzxlz7ylUDzkkL0kET1jUb2i0j3iEr3hk34hE/5gVH6f1T6fVb7eln7eFz8dl78dGH9cWT9b2b9bWn9a2z9aW/+Z3L+ZXX+Y3j+YXv+X379XYH9XIT9Wof9WIr8Vo38VZD7U5P7UZb6UJn6Tpz5TZ/4S6L4Sqb3SKn2R6z1Rq/0RLLzQ7XyQrjxQbvwP77vPsHtPcPsPMbrO8npOszoOc/nONHlN9TjNtfiNdngNNzfM97dMuDbMuPZMeXXMOfVL+nUL+zSLu7QLfDOLPHLLPPJK/XHK/fFKvjDKfrAKfu+KP28KP65J/+3J/+1Jv+yJv+wJf+tJf+rJP+oJP+mI/+jI/+gIv+eIv+bIf+ZIf+WIf+TIP+QIP+OH/+LH/+IHv+FHv+DHf+AHf99Hf96HP94HP91G/9yG/9vGv1sGvxqGfpnGflkGPdhGPZfGPRcF/JZFvBXFu5UFexRFepPFOhMFOZJE+RHE+JEEt9CEt0/Edo9ENg6ENU4D9M2D9AzDs4xDcsvDcktDMYqC8MoC8EmCr4kCbsjCbkhCLYfB7QdB7EbBq8aBawYBaoXBKgWBKUUA6MTAqESAp8RAZ0QAJsPAJoOAJgOAJYNAJUMAJQMAJMMAJIMAJELAJEMAJAMAJAMAJAMAHlHhr8+8wl1AAAAAElFTkSuQmCC" /></g></g></g></g></g></g></svg>
2<svg viewBox="-8 -4.5 16 9" xmlns="http://www.w3.org/2000/svg" xmlns:xlink="http://www.w3.org/1999/xlink" version="1.1" preserveAspectRatio="none"><g stroke-width="0.05" transform="scale(1, -1)"><g><g stroke-width="0" fill="#FFFFFF" transform="translate(-8, -4.5)" fill-opacity="1"><rect width="16" height="9" /></g><g stroke-width="0.1" stroke="#000000" fill-opacity="0"><g transform="translate(0, 0)"><g transform="scale(0.0625, 9)"><g transform="scale(1, -1)"><image width="256" height="1" x="-128" y="-0.5" xlink:href="data:image/png;base64,iVBORw0KGgoAAAANSUhEUgAAAQAAAAABCAIAAAC+O+cgAAADDElEQVR4nAEBA/78ACMXGycaKCscMy8ePzIgSjYjVDklXzsnaD4qckAse0Ivg0Qxi0U0k0Y2m0g5okk8qEk+r0pBtUpEu0tGwEtJxUtMyktOz0tR00pU10pW20lZ3klc4khf5Udh50Zk6kVn7ERq7kRt8EJv8kFy80B19T949j569z199zyA+DqD+TmF+TiI+TeL+TaN+TWQ+DOT+DKV9zGY9zCb9i+d9S6g9C2i8yyl8Sun8Cqq7yqs7Smv7Cix6ii06Ce25ie45Sa74ya94Sa/3yXB3CXD2iXG2CXI1iXK0yXM0SXOzybQzCbSyibUyCfWxSfYwyjZwCnbvinduyrfuCvgtizisy3jsS7lrjDmrDHoqTLppjTrpDXsoTftnznvnDrwmjzxlz7ylUDzkkL0kET1jUb2i0j3iEr3hk34hE/5gVH6f1T6fVb7eln7eFz8dl78dGH9cWT9b2b9bWn9a2z9aW/+Z3L+ZXX+Y3j+YXv+X379XYH9XIT9Wof9WIr8Vo38VZD7U5P7UZb6UJn6Tpz5TZ/4S6L4Sqb3SKn2R6z1Rq/0RLLzQ7XyQrjxQbvwP77vPsHtPcPsPMbrO8npOszoOc/nONHlN9TjNtfiNdngNNzfM97dMuDbMuPZMeXXMOfVL+nUL+zSLu7QLfDOLPHLLPPJK/XHK/fFKvjDKfrAKfu+KP28KP65J/+3J/+1Jv+yJv+wJf+tJf+rJP+oJP+mI/+jI/+gIv+eIv+bIf+ZIf+WIf+TIP+QIP+OH/+LH/+IHv+FHv+DHf+AHf99Hf96HP94HP91G/9yG/9vGv1sGvxqGfpnGflkGPdhGPZfGPRcF/JZFvBXFu5UFexRFepPFOhMFOZJE+RHE+JEEt9CEt0/Edo9ENg6ENU4D9M2D9AzDs4xDcsvDcktDMYqC8MoC8EmCr4kCbsjCbkhCLYfB7QdB7EbBq8aBawYBaoXBKgWBKUUA6MTAqESAp8RAZ0QAJsPAJoOAJgOAJYNAJUMAJQMAJMMAJIMAJELAJEMAJAMAJAMAJAMAHlHhr8+8wl1AAAAAElFTkSuQmCC" /></g></g></g></g></g></g></svg>
3<svg viewBox="-8 -4.5 16 9" xmlns="http://www.w3.org/2000/svg" xmlns:xlink="http://www.w3.org/1999/xlink" version="1.1" preserveAspectRatio="none"><g stroke-width="0.05" transform="scale(1, -1)"><g><g stroke-width="0" fill="#FFFFFF" transform="translate(-8, -4.5)" fill-opacity="1"><rect width="16" height="9" /></g><g stroke-width="0.1" stroke="#000000" fill-opacity="0"><g transform="translate(0, 0)"><g transform="scale(0.0625, 9)"><g transform="scale(1, -1)"><image width="256" height="1" x="-128" y="-0.5" xlink:href="data:image/png;base64,iVBORw0KGgoAAAANSUhEUgAAAQAAAAABCAIAAAC+O+cgAAADDElEQVR4nAEBA/78ACMXGycaKCscMy8ePzIgSjYjVDklXzsnaD4qckAse0Ivg0Qxi0U0k0Y2m0g5okk8qEk+r0pBtUpEu0tGwEtJxUtMyktOz0tR00pU10pW20lZ3klc4khf5Udh50Zk6kVn7ERq7kRt8EJv8kFy80B19T949j569z199zyA+DqD+TmF+TiI+TeL+TaN+TWQ+DOT+DKV9zGY9zCb9i+d9S6g9C2i8yyl8Sun8Cqq7yqs7Smv7Cix6ii06Ce25ie45Sa74ya94Sa/3yXB3CXD2iXG2CXI1iXK0yXM0SXOzybQzCbSyibUyCfWxSfYwyjZwCnbvinduyrfuCvgtizisy3jsS7lrjDmrDHoqTLppjTrpDXsoTftnznvnDrwmjzxlz7ylUDzkkL0kET1jUb2i0j3iEr3hk34hE/5gVH6f1T6fVb7eln7eFz8dl78dGH9cWT9b2b9bWn9a2z9aW/+Z3L+ZXX+Y3j+YXv+X379XYH9XIT9Wof9WIr8Vo38VZD7U5P7UZb6UJn6Tpz5TZ/4S6L4Sqb3SKn2R6z1Rq/0RLLzQ7XyQrjxQbvwP77vPsHtPcPsPMbrO8npOszoOc/nONHlN9TjNtfiNdngNNzfM97dMuDbMuPZMeXXMOfVL+nUL+zSLu7QLfDOLPHLLPPJK/XHK/fFKvjDKfrAKfu+KP28KP65J/+3J/+1Jv+yJv+wJf+tJf+rJP+oJP+mI/+jI/+gIv+eIv+bIf+ZIf+WIf+TIP+QIP+OH/+LH/+IHv+FHv+DHf+AHf99Hf96HP94HP91G/9yG/9vGv1sGvxqGfpnGflkGPdhGPZfGPRcF/JZFvBXFu5UFexRFepPFOhMFOZJE+RHE+JEEt9CEt0/Edo9ENg6ENU4D9M2D9AzDs4xDcsvDcktDMYqC8MoC8EmCr4kCbsjCbkhCLYfB7QdB7EbBq8aBawYBaoXBKgWBKUUA6MTAqESAp8RAZ0QAJsPAJoOAJgOAJYNAJUMAJQMAJMMAJIMAJELAJEMAJAMAJAMAJAMAHlHhr8+8wl1AAAAAElFTkSuQmCC" /></g></g></g></g></g></g></svg>
4<svg viewBox="-8 -4.5 16 9" xmlns="http://www.w3.org/2000/svg" xmlns:xlink="http://www.w3.org/1999/xlink" version="1.1" preserveAspectRatio="none"><g stroke-width="0.05" transform="scale(1, -1)"><g><g stroke-width="0" fill="#FFFFFF" transform="translate(-8, -4.5)" fill-opacity="1"><rect width="16" height="9" /></g><g stroke-width="0.1" stroke="#000000" fill-opacity="0"><g transform="translate(0, 0)"><g transform="scale(0.0625, 9)"><g transform="scale(1, -1)"><image width="256" height="1" x="-128" y="-0.5" xlink:href="data:image/png;base64,iVBORw0KGgoAAAANSUhEUgAAAQAAAAABCAIAAAC+O+cgAAADDElEQVR4nAEBA/78ACMXGycaKCscMy8ePzIgSjYjVDklXzsnaD4qckAse0Ivg0Qxi0U0k0Y2m0g5okk8qEk+r0pBtUpEu0tGwEtJxUtMyktOz0tR00pU10pW20lZ3klc4khf5Udh50Zk6kVn7ERq7kRt8EJv8kFy80B19T949j569z199zyA+DqD+TmF+TiI+TeL+TaN+TWQ+DOT+DKV9zGY9zCb9i+d9S6g9C2i8yyl8Sun8Cqq7yqs7Smv7Cix6ii06Ce25ie45Sa74ya94Sa/3yXB3CXD2iXG2CXI1iXK0yXM0SXOzybQzCbSyibUyCfWxSfYwyjZwCnbvinduyrfuCvgtizisy3jsS7lrjDmrDHoqTLppjTrpDXsoTftnznvnDrwmjzxlz7ylUDzkkL0kET1jUb2i0j3iEr3hk34hE/5gVH6f1T6fVb7eln7eFz8dl78dGH9cWT9b2b9bWn9a2z9aW/+Z3L+ZXX+Y3j+YXv+X379XYH9XIT9Wof9WIr8Vo38VZD7U5P7UZb6UJn6Tpz5TZ/4S6L4Sqb3SKn2R6z1Rq/0RLLzQ7XyQrjxQbvwP77vPsHtPcPsPMbrO8npOszoOc/nONHlN9TjNtfiNdngNNzfM97dMuDbMuPZMeXXMOfVL+nUL+zSLu7QLfDOLPHLLPPJK/XHK/fFKvjDKfrAKfu+KP28KP65J/+3J/+1Jv+yJv+wJf+tJf+rJP+oJP+mI/+jI/+gIv+eIv+bIf+ZIf+WIf+TIP+QIP+OH/+LH/+IHv+FHv+DHf+AHf99Hf96HP94HP91G/9yG/9vGv1sGvxqGfpnGflkGPdhGPZfGPRcF/JZFvBXFu5UFexRFepPFOhMFOZJE+RHE+JEEt9CEt0/Edo9ENg6ENU4D9M2D9AzDs4xDcsvDcktDMYqC8MoC8EmCr4kCbsjCbkhCLYfB7QdB7EbBq8aBawYBaoXBKgWBKUUA6MTAqESAp8RAZ0QAJsPAJoOAJgOAJYNAJUMAJQMAJMMAJIMAJELAJEMAJAMAJAMAJAMAHlHhr8+8wl1AAAAAElFTkSuQmCC" /></g></g></g></g></g></g></svg>
5<svg viewBox="-8 -4.5 16 9" xmlns="http://www.w3.org/2000/svg" xmlns:xlink="http://www.w3.org/1999/xlink" version="1.1" preserveAspectRatio="none"><g stroke-width="0.05" transform="scale(1, -1)"><g><g stroke-width="0" fill="#FFFFFF" transform="translate(-8, -4.5)" fill-opacity="1"><rect width="16" height="9" /></g><g stroke-width="0.1" stroke="#000000" fill-opacity="0"><g transform="translate(0, 0)"><g transform="scale(0.0625, 9)"><g transform="scale(1, -1)"><image width="256" height="1" x="-128" y="-0.5" xlink:href="data:image/png;base64,iVBORw0KGgoAAAANSUhEUgAAAQAAAAABCAIAAAC+O+cgAAADDElEQVR4nAEBA/78ACMXGycaKCscMy8ePzIgSjYjVDklXzsnaD4qckAse0Ivg0Qxi0U0k0Y2m0g5okk8qEk+r0pBtUpEu0tGwEtJxUtMyktOz0tR00pU10pW20lZ3klc4khf5Udh50Zk6kVn7ERq7kRt8EJv8kFy80B19T949j569z199zyA+DqD+TmF+TiI+TeL+TaN+TWQ+DOT+DKV9zGY9zCb9i+d9S6g9C2i8yyl8Sun8Cqq7yqs7Smv7Cix6ii06Ce25ie45Sa74ya94Sa/3yXB3CXD2iXG2CXI1iXK0yXM0SXOzybQzCbSyibUyCfWxSfYwyjZwCnbvinduyrfuCvgtizisy3jsS7lrjDmrDHoqTLppjTrpDXsoTftnznvnDrwmjzxlz7ylUDzkkL0kET1jUb2i0j3iEr3hk34hE/5gVH6f1T6fVb7eln7eFz8dl78dGH9cWT9b2b9bWn9a2z9aW/+Z3L+ZXX+Y3j+YXv+X379XYH9XIT9Wof9WIr8Vo38VZD7U5P7UZb6UJn6Tpz5TZ/4S6L4Sqb3SKn2R6z1Rq/0RLLzQ7XyQrjxQbvwP77vPsHtPcPsPMbrO8npOszoOc/nONHlN9TjNtfiNdngNNzfM97dMuDbMuPZMeXXMOfVL+nUL+zSLu7QLfDOLPHLLPPJK/XHK/fFKvjDKfrAKfu+KP28KP65J/+3J/+1Jv+yJv+wJf+tJf+rJP+oJP+mI/+jI/+gIv+eIv+bIf+ZIf+WIf+TIP+QIP+OH/+LH/+IHv+FHv+DHf+AHf99Hf96HP94HP91G/9yG/9vGv1sGvxqGfpnGflkGPdhGPZfGPRcF/JZFvBXFu5UFexRFepPFOhMFOZJE+RHE+JEEt9CEt0/Edo9ENg6ENU4D9M2D9AzDs4xDcsvDcktDMYqC8MoC8EmCr4kCbsjCbkhCLYfB7QdB7EbBq8aBawYBaoXBKgWBKUUA6MTAqESAp8RAZ0QAJsPAJoOAJgOAJYNAJUMAJQMAJMMAJIMAJELAJEMAJAMAJAMAJAMAHlHhr8+8wl1AAAAAElFTkSuQmCC" /></g></g></g></g></g></g></svg>
6<svg viewBox="-8 -4.5 16 9" xmlns="http://www.w3.org/2000/svg" xmlns:xlink="http://www.w3.org/1999/xlink" version="1.1" preserveAspectRatio="none"><g stroke-width="0.05" transform="scale(1, -1)"><g><g stroke-width="0" fill="#FFFFFF" transform="translate(-8, -4.5)" fill-opacity="1"><rect width="16" height="9" /></g><g stroke-width="0.1" stroke="#000000" fill-opacity="0"><g transform="translate(0, 0)"><g transform="scale(0.0625, 9)"><g transform="scale(1, -1)"><image width="256" height="1" x="-128" y="-0.5" xlink:href="data:image/png;base64,iVBORw0KGgoAAAANSUhEUgAAAQAAAAABCAIAAAC+O+cgAAADDElEQVR4nAEBA/78ACMXGycaKCscMy8ePzIgSjYjVDklXzsnaD4qckAse0Ivg0Qxi0U0k0Y2m0g5okk8qEk+r0pBtUpEu0tGwEtJxUtMyktOz0tR00pU10pW20lZ3klc4khf5Udh50Zk6kVn7ERq7kRt8EJv8kFy80B19T949j569z199zyA+DqD+TmF+TiI+TeL+TaN+TWQ+DOT+DKV9zGY9zCb9i+d9S6g9C2i8yyl8Sun8Cqq7yqs7Smv7Cix6ii06Ce25ie45Sa74ya94Sa/3yXB3CXD2iXG2CXI1iXK0yXM0SXOzybQzCbSyibUyCfWxSfYwyjZwCnbvinduyrfuCvgtizisy3jsS7lrjDmrDHoqTLppjTrpDXsoTftnznvnDrwmjzxlz7ylUDzkkL0kET1jUb2i0j3iEr3hk34hE/5gVH6f1T6fVb7eln7eFz8dl78dGH9cWT9b2b9bWn9a2z9aW/+Z3L+ZXX+Y3j+YXv+X379XYH9XIT9Wof9WIr8Vo38VZD7U5P7UZb6UJn6Tpz5TZ/4S6L4Sqb3SKn2R6z1Rq/0RLLzQ7XyQrjxQbvwP77vPsHtPcPsPMbrO8npOszoOc/nONHlN9TjNtfiNdngNNzfM97dMuDbMuPZMeXXMOfVL+nUL+zSLu7QLfDOLPHLLPPJK/XHK/fFKvjDKfrAKfu+KP28KP65J/+3J/+1Jv+yJv+wJf+tJf+rJP+oJP+mI/+jI/+gIv+eIv+bIf+ZIf+WIf+TIP+QIP+OH/+LH/+IHv+FHv+DHf+AHf99Hf96HP94HP91G/9yG/9vGv1sGvxqGfpnGflkGPdhGPZfGPRcF/JZFvBXFu5UFexRFepPFOhMFOZJE+RHE+JEEt9CEt0/Edo9ENg6ENU4D9M2D9AzDs4xDcsvDcktDMYqC8MoC8EmCr4kCbsjCbkhCLYfB7QdB7EbBq8aBawYBaoXBKgWBKUUA6MTAqESAp8RAZ0QAJsPAJoOAJgOAJYNAJUMAJQMAJMMAJIMAJELAJEMAJAMAJAMAJAMAHlHhr8+8wl1AAAAAElFTkSuQmCC" /></g></g></g></g></g></g></svg>
7<svg viewBox="-8 -4.5 16 9" xmlns="http://www.w3.org/2000/svg" xmlns:xlink="http://www.w3.org/1999/xlink" version="1.1" preserveAspectRatio="none"><g stroke-width="0.05" transform="scale(1, -1)"><g><g stroke-width="0" fill="#FFFFFF" transform="translate(-8, -4.5)" fill-opacity="1"><rect width="16" height="9" /></g><g stroke-width="0.1" stroke="#000000" fill-opacity="0"><g transform="translate(0, 0)"><g transform="scale(0.0625, 9)"><g transform="scale(1, -1)"><image width="256" height="1" x="-128" y="-0.5" xlink:href="data:image/png;base64,iVBORw0KGgoAAAANSUhEUgAAAQAAAAABCAIAAAC+O+cgAAADDElEQVR4nAEBA/78ACMXGycaKCscMy8ePzIgSjYjVDklXzsnaD4qckAse0Ivg0Qxi0U0k0Y2m0g5okk8qEk+r0pBtUpEu0tGwEtJxUtMyktOz0tR00pU10pW20lZ3klc4khf5Udh50Zk6kVn7ERq7kRt8EJv8kFy80B19T949j569z199zyA+DqD+TmF+TiI+TeL+TaN+TWQ+DOT+DKV9zGY9zCb9i+d9S6g9C2i8yyl8Sun8Cqq7yqs7Smv7Cix6ii06Ce25ie45Sa74ya94Sa/3yXB3CXD2iXG2CXI1iXK0yXM0SXOzybQzCbSyibUyCfWxSfYwyjZwCnbvinduyrfuCvgtizisy3jsS7lrjDmrDHoqTLppjTrpDXsoTftnznvnDrwmjzxlz7ylUDzkkL0kET1jUb2i0j3iEr3hk34hE/5gVH6f1T6fVb7eln7eFz8dl78dGH9cWT9b2b9bWn9a2z9aW/+Z3L+ZXX+Y3j+YXv+X379XYH9XIT9Wof9WIr8Vo38VZD7U5P7UZb6UJn6Tpz5TZ/4S6L4Sqb3SKn2R6z1Rq/0RLLzQ7XyQrjxQbvwP77vPsHtPcPsPMbrO8npOszoOc/nONHlN9TjNtfiNdngNNzfM97dMuDbMuPZMeXXMOfVL+nUL+zSLu7QLfDOLPHLLPPJK/XHK/fFKvjDKfrAKfu+KP28KP65J/+3J/+1Jv+yJv+wJf+tJf+rJP+oJP+mI/+jI/+gIv+eIv+bIf+ZIf+WIf+TIP+QIP+OH/+LH/+IHv+FHv+DHf+AHf99Hf96HP94HP91G/9yG/9vGv1sGvxqGfpnGflkGPdhGPZfGPRcF/JZFvBXFu5UFexRFepPFOhMFOZJE+RHE+JEEt9CEt0/Edo9ENg6ENU4D9M2D9AzDs4xDcsvDcktDMYqC8MoC8EmCr4kCbsjCbkhCLYfB7QdB7EbBq8aBawYBaoXBKgWBKUUA6MTAqESAp8RAZ0QAJsPAJoOAJgOAJYNAJUMAJQMAJMMAJIMAJELAJEMAJAMAJAMAJAMAHlHhr8+8wl1AAAAAElFTkSuQmCC" /></g></g></g></g></g></g></svg>
8<svg viewBox="-8 -4.5 16 9" xmlns="http://www.w3.org/2000/svg" xmlns:xlink="http://www.w3.org/1999/xlink" version="1.1" preserveAspectRatio="none"><g stroke-width="0.05" transform="scale(1, -1)"><g><g stroke-width="0" fill="#FFFFFF" transform="translate(-8, -4.5)" fill-opacity="1"><rect width="16" height="9" /></g><g stroke-width="0.1" stroke="#000000" fill-opacity="0"><g transform="translate(0, 0)"><g transform="scale(0.0625, 9)"><g transform="scale(1, -1)"><image width="256" height="1" x="-128" y="-0.5" xlink:href="data:image/png;base64,iVBORw0KGgoAAAANSUhEUgAAAQAAAAABCAIAAAC+O+cgAAADDElEQVR4nAEBA/78ACMXGycaKCscMy8ePzIgSjYjVDklXzsnaD4qckAse0Ivg0Qxi0U0k0Y2m0g5okk8qEk+r0pBtUpEu0tGwEtJxUtMyktOz0tR00pU10pW20lZ3klc4khf5Udh50Zk6kVn7ERq7kRt8EJv8kFy80B19T949j569z199zyA+DqD+TmF+TiI+TeL+TaN+TWQ+DOT+DKV9zGY9zCb9i+d9S6g9C2i8yyl8Sun8Cqq7yqs7Smv7Cix6ii06Ce25ie45Sa74ya94Sa/3yXB3CXD2iXG2CXI1iXK0yXM0SXOzybQzCbSyibUyCfWxSfYwyjZwCnbvinduyrfuCvgtizisy3jsS7lrjDmrDHoqTLppjTrpDXsoTftnznvnDrwmjzxlz7ylUDzkkL0kET1jUb2i0j3iEr3hk34hE/5gVH6f1T6fVb7eln7eFz8dl78dGH9cWT9b2b9bWn9a2z9aW/+Z3L+ZXX+Y3j+YXv+X379XYH9XIT9Wof9WIr8Vo38VZD7U5P7UZb6UJn6Tpz5TZ/4S6L4Sqb3SKn2R6z1Rq/0RLLzQ7XyQrjxQbvwP77vPsHtPcPsPMbrO8npOszoOc/nONHlN9TjNtfiNdngNNzfM97dMuDbMuPZMeXXMOfVL+nUL+zSLu7QLfDOLPHLLPPJK/XHK/fFKvjDKfrAKfu+KP28KP65J/+3J/+1Jv+yJv+wJf+tJf+rJP+oJP+mI/+jI/+gIv+eIv+bIf+ZIf+WIf+TIP+QIP+OH/+LH/+IHv+FHv+DHf+AHf99Hf96HP94HP91G/9yG/9vGv1sGvxqGfpnGflkGPdhGPZfGPRcF/JZFvBXFu5UFexRFepPFOhMFOZJE+RHE+JEEt9CEt0/Edo9ENg6ENU4D9M2D9AzDs4xDcsvDcktDMYqC8MoC8EmCr4kCbsjCbkhCLYfB7QdB7EbBq8aBawYBaoXBKgWBKUUA6MTAqESAp8RAZ0QAJsPAJoOAJgOAJYNAJUMAJQMAJMMAJIMAJELAJEMAJAMAJAMAJAMAHlHhr8+8wl1AAAAAElFTkSuQmCC" /></g></g></g></g></g></g></svg>
9<svg viewBox="-8 -4.5 16 9" xmlns="http://www.w3.org/2000/svg" xmlns:xlink="http://www.w3.org/1999/xlink" version="1.1" preserveAspectRatio="none"><g stroke-width="0.05" transform="scale(1, -1)"><g><g stroke-width="0" fill="#FFFFFF" transform="translate(-8, -4.5)" fill-opacity="1"><rect width="16" height="9" /></g><g stroke-width="0.1" stroke="#000000" fill-opacity="0"><g transform="translate(0, 0)"><g transform="scale(0.0625, 9)"><g transform="scale(1, -1)"><image width="256" height="1" x="-128" y="-0.5" xlink:href="data:image/png;base64,iVBORw0KGgoAAAANSUhEUgAAAQAAAAABCAIAAAC+O+cgAAADDElEQVR4nAEBA/78ACMXGycaKCscMy8ePzIgSjYjVDklXzsnaD4qckAse0Ivg0Qxi0U0k0Y2m0g5okk8qEk+r0pBtUpEu0tGwEtJxUtMyktOz0tR00pU10pW20lZ3klc4khf5Udh50Zk6kVn7ERq7kRt8EJv8kFy80B19T949j569z199zyA+DqD+TmF+TiI+TeL+TaN+TWQ+DOT+DKV9zGY9zCb9i+d9S6g9C2i8yyl8Sun8Cqq7yqs7Smv7Cix6ii06Ce25ie45Sa74ya94Sa/3yXB3CXD2iXG2CXI1iXK0yXM0SXOzybQzCbSyibUyCfWxSfYwyjZwCnbvinduyrfuCvgtizisy3jsS7lrjDmrDHoqTLppjTrpDXsoTftnznvnDrwmjzxlz7ylUDzkkL0kET1jUb2i0j3iEr3hk34hE/5gVH6f1T6fVb7eln7eFz8dl78dGH9cWT9b2b9bWn9a2z9aW/+Z3L+ZXX+Y3j+YXv+X379XYH9XIT9Wof9WIr8Vo38VZD7U5P7UZb6UJn6Tpz5TZ/4S6L4Sqb3SKn2R6z1Rq/0RLLzQ7XyQrjxQbvwP77vPsHtPcPsPMbrO8npOszoOc/nONHlN9TjNtfiNdngNNzfM97dMuDbMuPZMeXXMOfVL+nUL+zSLu7QLfDOLPHLLPPJK/XHK/fFKvjDKfrAKfu+KP28KP65J/+3J/+1Jv+yJv+wJf+tJf+rJP+oJP+mI/+jI/+gIv+eIv+bIf+ZIf+WIf+TIP+QIP+OH/+LH/+IHv+FHv+DHf+AHf99Hf96HP94HP91G/9yG/9vGv1sGvxqGfpnGflkGPdhGPZfGPRcF/JZFvBXFu5UFexRFepPFOhMFOZJE+RHE+JEEt9CEt0/Edo9ENg6ENU4D9M2D9AzDs4xDcsvDcktDMYqC8MoC8EmCr4kCbsjCbkhCLYfB7QdB7EbBq8aBawYBaoXBKgWBKUUA6MTAqESAp8RAZ0QAJsPAJoOAJgOAJYNAJUMAJQMAJMMAJIMAJELAJEMAJAMAJAMAJAMAHlHhr8+8wl1AAAAAElFTkSuQmCC" /></g></g></g></g></g></g></svg>
