0<svg viewBox="-8 -4.5 16 9" xmlns="http://www.w3.org/2000/svg" xmlns:xlink="http://www.w3.org/1999/xlink" version="1.1" preserveAspectRatio="none"><g stroke-width="0.05" transform="scale(1, -1)"><g><g stroke-width="0" fill="#FFFFFF" transform="translate(-8, -4.5)" fill-opacity="1"><rect width="16" height="9" /></g><g stroke-width="0.1" stroke="#000000" fill-opacity="0"><g transform="translate(0, 0)"><g transform="scale(0.0625, 9)"><g transform="scale(1, -1)"><image width="256" height="1" x="-128" y="-0.5" xlink:href="data:image/png;base64,iVBORw0KGgoAAAANSUhEUgAAAQAAAAABCAIAAAC+O+cgAAADDElEQVR4nAEBA/78AA0IhxAHiBMHiRYHihkGjBsGjR0GjiAGjyIGkCQGkSYFkSgFkioFkywFlC4FlS8FljEFlzMFlzUEmDcEmTgEmjoEmjwEmz4EnD8EnEEEnUMDnkQDnkYDn0gDn0kDoEsDoUwCoU4ColAColECo1MCo1UCpFYBpFgBpFkBpVsBpVwBpl4BpmABpmEAp2MAp2QAp2YAp2cAqGkAqGoAqGwAqG4AqG8AqHEAqHIBqHQBqHUBqHcBqHgBqHoCqHsCqH0DqH4DqIAEqIEEp4MFp4QFp4YGpocHpogIpooJpYsKpY0LpY4MpI8NpJEOo5IPo5QQopURoZYToZgUoJkVn5oWn5wXnp0YnZ4ZnaAanKEbm6IdmqMemqUfmaYgmKchl6gilqojlasklKwmlK0nk64okrApkbEqkLIrj7MsjrQujbUvjLYwi7cxirgyiboziLs0iLw1h703hr44hb85hMA6g8E7gsI8gcM9gMQ+f8VAfsZBfcdCfMhDe8lEespFestGecxHeMxJd81Kds5Ldc9MdNBNc9FOctJPcdNRcdRScNVTb9VUbtZVbddWbNhXa9lYatpaatpbadtcaNxdZ91eZt5fZd5hZN9iY+BjY+FkYuJlYeJmYONoX+RpXuVqXeVrXeZsXOduW+dvWuhwWelxWOlyV+p0V+t1Vut2Vex3VO15U+16Uu57Ue98Ue9+UPB/T/CATvGBTfGDTPKES/OFS/OHSvSISfSJSPWLR/WMRvaNRfaPRPeQRPeRQ/eTQviUQfiVQPmXP/mYPvmaPvqbPfqcPPqeO/ufOvuhOfuiOPyjOPylN/ymNvyoNfypNP2rM/2sM/2uMv2vMf2xMP2yL/20L/21Lv63Lf64LP66LP67K/69Kv6+Kv7AKf3CKf3DKP3FJ/3GJ/3IJ/3KJv3LJvzNJfzOJfzQJfzSJfvTJPvVJPvXJPrYJPraJPncJPndJfjfJfjhJffiJffkJfbmJvboJvXpJvXrJ/TtJ/PuJ/PwJ/LyJ/H0JvH1JfD3JPD5IWX/eGt2qrtjAAAAAElFTkSuQmCC" /></g></g></g></g></g></g></svg>
1<svg viewBox="-8 -4.5 16 9" xmlns="http://www.w3.org/2000/svg" xmlns:xlink="http://www.w3.org/1999/xlink" version="1.1" preserveAspectRatio="none"><g stroke-width="0.05" transform="scale(1, -1)"><g><g stroke-width="0" fill="#FFFFFF" transform="translate(-8, -4.5)" fill-opacity="1"><rect width="16" height="9" /></g><g stroke-width="0.1" stroke="#000000" fill-opacity="0"><g transform="translate(0, 0)"><g transform="scale(0.0625, 9)"><g transform="scale(1, -1)"><image width="256" height="1" x="-128" y="-0.5" xlink:href="data:image/png;base64,iVBORw0KGgoAAAANSUhEUgAAAQAAAAABCAIAAAC+O+cgAAADDElEQVR4nAEBA/78AA0IhxAHiBMHiRYHihkGjBsGjR0GjiAGjyIGkCQGkSYFkSgFkioFkywFlC4FlS8FljEFlzMFlzUEmDcEmTgEmjoEmjwEmz4EnD8EnEEEnUMDnkQDnkYDn0gDn0kDoEsDoUwCoU4ColAColECo1MCo1UCpFYBpFgBpFkBpVsBpVwBpl4BpmABpmEAp2MAp2QAp2YAp2cAqGkAqGoAqGwAqG4AqG8AqHEAqHIBqHQBqHUBqHcBqHgBqHoCqHsCqH0DqH4DqIAEqIEEp4MFp4QFp4YGpocHpogIpooJpYsKpY0LpY4MpI8NpJEOo5IPo5QQopURoZYToZgUoJkVn5oWn5wXnp0YnZ4ZnaAanKEbm6IdmqMemqUfmaYgmKchl6gilqojlasklKwmlK0nk64okrApkbEqkLIrj7MsjrQujbUvjLYwi7cxirgyiboziLs0iLw1h703hr44hb85hMA6g8E7gsI8gcM9gMQ+f8VAfsZBfcdCfMhDe8lEespFestGecxHeMxJd81Kds5Ldc9MdNBNc9FOctJPcdNRcdRScNVTb9VUbtZVbddWbNhXa9lYatpaatpbadtcaNxdZ91eZt5fZd5hZN9iY+BjY+FkYuJlYeJmYONoX+RpXuVqXeVrXeZsXOduW+dvWuhwWelxWOlyV+p0V+t1Vut2Vex3VO15U+16Uu57Ue98Ue9+UPB/T/CATvGBTfGDTPKES/OFS/OHSvSISfSJSPWLR/WMRvaNRfaPRPeQRPeRQ/eTQviUQfiVQPmXP/mYPvmaPvqbPfqcPPqeO/ufOvuhOfuiOPyjOPylN/ymNvyoNfypNP2rM/2sM/2uMv2vMf2xMP2yL/20L/21Lv63Lf64LP66LP67K/69Kv6+Kv7AKf3CKf3DKP3FJ/3GJ/3IJ/3KJv3LJvzNJfzOJfzQJfzSJfvTJPvVJPvXJPrYJPraJPncJPndJfjfJfjhJffiJffkJfbmJvboJvXpJvXrJ/TtJ/PuJ/PwJ/LyJ/H0JvH1JfD3JPD5IWX/eGt2qrtjAAAAAElFTkSuQmCC" /></g></g></g></g></g></g></svg>
2<svg viewBox="-8 -4.5 16 9" xmlns="http://www.w3.org/2000/svg" xmlns:xlink="http://www.w3.org/1999/xlink" version="1.1" preserveAspectRatio="none"><g stroke-width="0.05" transform="scale(1, -1)"><g><g stroke-width="0" fill="#FFFFFF" transform="translate(-8, -4.5)" fill-opacity="1"><rect width="16" height="9" /></g><g stroke-width="0.1" stroke="#000000" fill-opacity="0"><g transform="translate(0, 0)"><g transform="scale(0.0625, 9)"><g transform="scale(1, -1)"><image width="256" height="1" x="-128" y="-0.5" xlink:href="data:image/png;base64,iVBORw0KGgoAAAANSUhEUgAAAQAAAAABCAIAAAC+O+cgAAADDElEQVR4nAEBA/78AA0IhxAHiBMHiRYHihkGjBsGjR0GjiAGjyIGkCQGkSYFkSgFkioFkywFlC4FlS8FljEFlzMFlzUEmDcEmTgEmjoEmjwEmz4EnD8EnEEEnUMDnkQDnkYDn0gDn0kDoEsDoUwCoU4ColAColECo1MCo1UCpFYBpFgBpFkBpVsBpVwBpl4BpmABpmEAp2MAp2QAp2YAp2cAqGkAqGoAqGwAqG4AqG8AqHEAqHIBqHQBqHUBqHcBqHgBqHoCqHsCqH0DqH4DqIAEqIEEp4MFp4QFp4YGpocHpogIpooJpYsKpY0LpY4MpI8NpJEOo5IPo5QQopURoZYToZgUoJkVn5oWn5wXnp0YnZ4ZnaAanKEbm6IdmqMemqUfmaYgmKchl6gilqojlasklKwmlK0nk64okrApkbEqkLIrj7MsjrQujbUvjLYwi7cxirgyiboziLs0iLw1h703hr44hb85hMA6g8E7gsI8gcM9gMQ+f8VAfsZBfcdCfMhDe8lEespFestGecxHeMxJd81Kds5Ldc9MdNBNc9FOctJPcdNRcdRScNVTb9VUbtZVbddWbNhXa9lYatpaatpbadtcaNxdZ91eZt5fZd5hZN9iY+BjY+FkYuJlYeJmYONoX+RpXuVqXeVrXeZsXOduW+dvWuhwWelxWOlyV+p0V+t1Vut2Vex3VO15U+16Uu57Ue98Ue9+UPB/T/CATvGBTfGDTPKES/OFS/OHSvSISfSJSPWLR/WMRvaNRfaPRPeQRPeRQ/eTQviUQfiVQPmXP/mYPvmaPvqbPfqcPPqeO/ufOvuhOfuiOPyjOPylN/ymNvyoNfypNP2rM/2sM/2uMv2vMf2xMP2yL/20L/21Lv63Lf64LP66LP67K/69Kv6+Kv7AKf3CKf3DKP3FJ/3GJ/3IJ/3KJv3LJvzNJfzOJfzQJfzSJfvTJPvVJPvXJPrYJPraJPncJPndJfjfJfjhJffiJffkJfbmJvboJvXpJvXrJ/TtJ/PuJ/PwJ/LyJ/H0JvH1JfD3JPD5IWX/eGt2qrtjAAAAAElFTkSuQmCC" /></g></g></g></g></g></g></svg>
3<svg viewBox="-8 -4.5 16 9" xmlns="http://www.w3.org/2000/svg" xmlns:xlink="http://www.w3.org/1999/xlink" version="1.1" preserveAspectRatio="none"><g stroke-width="0.05" transform="scale(1, -1)"><g><g stroke-width="0" fill="#FFFFFF" transform="translate(-8, -4.5)" fill-opacity="1"><rect width="16" height="9" /></g><g stroke-width="0.1" stroke="#000000" fill-opacity="0"><g transform="translate(0, 0)"><g transform="scale(0.0625, 9)"><g transform="scale(1, -1)"><image width="256" height="1" x="-128" y="-0.5" xlink:href="data:image/png;base64,iVBORw0KGgoAAAANSUhEUgAAAQAAAAABCAIAAAC+O+cgAAADDElEQVR4nAEBA/78AA0IhxAHiBMHiRYHihkGjBsGjR0GjiAGjyIGkCQGkSYFkSgFkioFkywFlC4FlS8FljEFlzMFlzUEmDcEmTgEmjoEmjwEmz4EnD8EnEEEnUMDnkQDnkYDn0gDn0kDoEsDoUwCoU4ColAColECo1MCo1UCpFYBpFgBpFkBpVsBpVwBpl4BpmABpmEAp2MAp2QAp2YAp2cAqGkAqGoAqGwAqG4AqG8AqHEAqHIBqHQBqHUBqHcBqHgBqHoCqHsCqH0DqH4DqIAEqIEEp4MFp4QFp4YGpocHpogIpooJpYsKpY0LpY4MpI8NpJEOo5IPo5QQopURoZYToZgUoJkVn5oWn5wXnp0YnZ4ZnaAanKEbm6IdmqMemqUfmaYgmKchl6gilqojlasklKwmlK0nk64okrApkbEqkLIrj7MsjrQujbUvjLYwi7cxirgyiboziLs0iLw1h703hr44hb85hMA6g8E7gsI8gcM9gMQ+f8VAfsZBfcdCfMhDe8lEespFestGecxHeMxJd81Kds5Ldc9MdNBNc9FOctJPcdNRcdRScNVTb9VUbtZVbddWbNhXa9lYatpaatpbadtcaNxdZ91eZt5fZd5hZN9iY+BjY+FkYuJlYeJmYONoX+RpXuVqXeVrXeZsXOduW+dvWuhwWelxWOlyV+p0V+t1Vut2Vex3VO15U+16Uu57Ue98Ue9+UPB/T/CATvGBTfGDTPKES/OFS/OHSvSISfSJSPWLR/WMRvaNRfaPRPeQRPeRQ/eTQviUQfiVQPmXP/mYPvmaPvqbPfqcPPqeO/ufOvuhOfuiOPyjOPylN/ymNvyoNfypNP2rM/2sM/2uMv2vMf2xMP2yL/20L/21Lv63Lf64LP66LP67K/69Kv6+Kv7AKf3CKf3DKP3FJ/3GJ/3IJ/3KJv3LJvzNJfzOJfzQJfzSJfvTJPvVJPvXJPrYJPraJPncJPndJfjfJfjhJffiJffkJfbmJvboJvXpJvXrJ/TtJ/PuJ/PwJ/LyJ/H0JvH1JfD3JPD5IWX/eGt2qrtjAAAAAElFTkSuQmCC" /></g></g></g></g></g></g></svg>
4<svg viewBox="-8 -4.5 16 9" xmlns="http://www.w3.org/2000/svg" xmlns:xlink="http://www.w3.org/1999/xlink" version="1.1" preserveAspectRatio="none"><g stroke-width="0.05" transform="scale(1, -1)"><g><g stroke-width="0" fill="#FFFFFF" transform="translate(-8, -4.5)" fill-opacity="1"><rect width="16" height="9" /></g><g stroke-width="0.1" stroke="#000000" fill-opacity="0"><g transform="translate(0, 0)"><g transform="scale(0.0625, 9)"><g transform="scale(1, -1)"><image width="256" height="1" x="-128" y="-0.5" xlink:href="data:image/png;base64,iVBORw0KGgoAAAANSUhEUgAAAQAAAAABCAIAAAC+O+cgAAADDElEQVR4nAEBA/78AA0IhxAHiBMHiRYHihkGjBsGjR0GjiAGjyIGkCQGkSYFkSgFkioFkywFlC4FlS8FljEFlzMFlzUEmDcEmTgEmjoEmjwEmz4EnD8EnEEEnUMDnkQDnkYDn0gDn0kDoEsDoUwCoU4ColAColECo1MCo1UCpFYBpFgBpFkBpVsBpVwBpl4BpmABpmEAp2MAp2QAp2YAp2cAqGkAqGoAqGwAqG4AqG8AqHEAqHIBqHQBqHUBqHcBqHgBqHoCqHsCqH0DqH4DqIAEqIEEp4MFp4QFp4YGpocHpogIpooJpYsKpY0LpY4MpI8NpJEOo5IPo5QQopURoZYToZgUoJkVn5oWn5wXnp0YnZ4ZnaAanKEbm6IdmqMemqUfmaYgmKchl6gilqojlasklKwmlK0nk64okrApkbEqkLIrj7MsjrQujbUvjLYwi7cxirgyiboziLs0iLw1h703hr44hb85hMA6g8E7gsI8gcM9gMQ+f8VAfsZBfcdCfMhDe8lEespFestGecxHeMxJd81Kds5Ldc9MdNBNc9FOctJPcdNRcdRScNVTb9VUbtZVbddWbNhXa9lYatpaatpbadtcaNxdZ91eZt5fZd5hZN9iY+BjY+FkYuJlYeJmYONoX+RpXuVqXeVrXeZsXOduW+dvWuhwWelxWOlyV+p0V+t1Vut2Vex3VO15U+16Uu57Ue98Ue9+UPB/T/CATvGBTfGDTPKES/OFS/OHSvSISfSJSPWLR/WMRvaNRfaPRPeQRPeRQ/eTQviUQfiVQPmXP/mYPvmaPvqbPfqcPPqeO/ufOvuhOfuiOPyjOPylN/ymNvyoNfypNP2rM/2sM/2uMv2vMf2xMP2yL/20L/21Lv63Lf64LP66LP67K/69Kv6+Kv7AKf3CKf3DKP3FJ/3GJ/3IJ/3KJv3LJvzNJfzOJfzQJfzSJfvTJPvVJPvXJPrYJPraJPncJPndJfjfJfjhJffiJffkJfbmJvboJvXpJvXrJ/TtJ/PuJ/PwJ/LyJ/H0JvH1JfD3JPD5IWX/eGt2qrtjAAAAAElFTkSuQmCC" /></g></g></g></g></g></g></svg>
5<svg viewBox="-8 -4.5 16 9" xmlns="http://www.w3.org/2000/svg" xmlns:xlink="http://www.w3.org/1999/xlink" version="1.1" preserveAspectRatio="none"><g stroke-width="0.05" transform="scale(1, -1)"><g><g stroke-width="0" fill="#FFFFFF" transform="translate(-8, -4.5)" fill-opacity="1"><rect width="16" height="9" /></g><g stroke-width="0.1" stroke="#000000" fill-opacity="0"><g transform="translate(0, 0)"><g transform="scale(0.0625, 9)"><g transform="scale(1, -1)"><image width="256" height="1" x="-128" y="-0.5" xlink:href="data:image/png;base64,iVBORw0KGgoAAAANSUhEUgAAAQAAAAABCAIAAAC+O+cgAAADDElEQVR4nAEBA/78AA0IhxAHiBMHiRYHihkGjBsGjR0GjiAGjyIGkCQGkSYFkSgFkioFkywFlC4FlS8FljEFlzMFlzUEmDcEmTgEmjoEmjwEmz4EnD8EnEEEnUMDnkQDnkYDn0gDn0kDoEsDoUwCoU4ColAColECo1MCo1UCpFYBpFgBpFkBpVsBpVwBpl4BpmABpmEAp2MAp2QAp2YAp2cAqGkAqGoAqGwAqG4AqG8AqHEAqHIBqHQBqHUBqHcBqHgBqHoCqHsCqH0DqH4DqIAEqIEEp4MFp4QFp4YGpocHpogIpooJpYsKpY0LpY4MpI8NpJEOo5IPo5QQopURoZYToZgUoJkVn5oWn5wXnp0YnZ4ZnaAanKEbm6IdmqMemqUfmaYgmKchl6gilqojlasklKwmlK0nk64okrApkbEqkLIrj7MsjrQujbUvjLYwi7cxirgyiboziLs0iLw1h703hr44hb85hMA6g8E7gsI8gcM9gMQ+f8VAfsZBfcdCfMhDe8lEespFestGecxHeMxJd81Kds5Ldc9MdNBNc9FOctJPcdNRcdRScNVTb9VUbtZVbddWbNhXa9lYatpaatpbadtcaNxdZ91eZt5fZd5hZN9iY+BjY+FkYuJlYeJmYONoX+RpXuVqXeVrXeZsXOduW+dvWuhwWelxWOlyV+p0V+t1Vut2Vex3VO15U+16Uu57Ue98Ue9+UPB/T/CATvGBTfGDTPKES/OFS/OHSvSISfSJSPWLR/WMRvaNRfaPRPeQRPeRQ/eTQviUQfiVQPmXP/mYPvmaPvqbPfqcPPqeO/ufOvuhOfuiOPyjOPylN/ymNvyoNfypNP2rM/2sM/2uMv2vMf2xMP2yL/20L/21Lv63Lf64LP66LP67K/69Kv6+Kv7AKf3CKf3DKP3FJ/3GJ/3IJ/3KJv3LJvzNJfzOJfzQJfzSJfvTJPvVJPvXJPrYJPraJPncJPndJfjfJfjhJffiJffkJfbmJvboJvXpJvXrJ/TtJ/PuJ/PwJ/LyJ/H0JvH1JfD3JPD5IWX/eGt2qrtjAAAAAElFTkSuQmCC" /></g></g></g></g></g></g></svg>
6<svg viewBox="-8 -4.5 16 9" xmlns="http://www.w3.org/2000/svg" xmlns:xlink="http://www.w3.org/1999/xlink" version="1.1" preserveAspectRatio="none"><g stroke-width="0.05" transform="scale(1, -1)"><g><g stroke-width="0" fill="#FFFFFF" transform="translate(-8, -4.5)" fill-opacity="1"><rect width="16" height="9" /></g><g stroke-width="0.1" stroke="#000000" fill-opacity="0"><g transform="translate(0, 0)"><g transform="scale(0.0625, 9)"><g transform="scale(1, -1)"><image width="256" height="1" x="-128" y="-0.5" xlink:href="data:image/png;base64,iVBORw0KGgoAAAANSUhEUgAAAQAAAAABCAIAAAC+O+cgAAADDElEQVR4nAEBA/78AA0IhxAHiBMHiRYHihkGjBsGjR0GjiAGjyIGkCQGkSYFkSgFkioFkywFlC4FlS8FljEFlzMFlzUEmDcEmTgEmjoEmjwEmz4EnD8EnEEEnUMDnkQDnkYDn0gDn0kDoEsDoUwCoU4ColAColECo1MCo1UCpFYBpFgBpFkBpVsBpVwBpl4BpmABpmEAp2MAp2QAp2YAp2cAqGkAqGoAqGwAqG4AqG8AqHEAqHIBqHQBqHUBqHcBqHgBqHoCqHsCqH0DqH4DqIAEqIEEp4MFp4QFp4YGpocHpogIpooJpYsKpY0LpY4MpI8NpJEOo5IPo5QQopURoZYToZgUoJkVn5oWn5wXnp0YnZ4ZnaAanKEbm6IdmqMemqUfmaYgmKchl6gilqojlasklKwmlK0nk64okrApkbEqkLIrj7MsjrQujbUvjLYwi7cxirgyiboziLs0iLw1h703hr44hb85hMA6g8E7gsI8gcM9gMQ+f8VAfsZBfcdCfMhDe8lEespFestGecxHeMxJd81Kds5Ldc9MdNBNc9FOctJPcdNRcdRScNVTb9VUbtZVbddWbNhXa9lYatpaatpbadtcaNxdZ91eZt5fZd5hZN9iY+BjY+FkYuJlYeJmYONoX+RpXuVqXeVrXeZsXOduW+dvWuhwWelxWOlyV+p0V+t1Vut2Vex3VO15U+16Uu57Ue98Ue9+UPB/T/CATvGBTfGDTPKES/OFS/OHSvSISfSJSPWLR/WMRvaNRfaPRPeQRPeRQ/eTQviUQfiVQPmXP/mYPvmaPvqbPfqcPPqeO/ufOvuhOfuiOPyjOPylN/ymNvyoNfypNP2rM/2sM/2uMv2vMf2xMP2yL/20L/21Lv63Lf64LP66LP67K/69Kv6+Kv7AKf3CKf3DKP3FJ/3GJ/3IJ/3KJv3LJvzNJfzOJfzQJfzSJfvTJPvVJPvXJPrYJPraJPncJPndJfjfJfjhJffiJffkJfbmJvboJvXpJvXrJ/TtJ/PuJ/PwJ/LyJ/H0JvH1JfD3JPD5IWX/eGt2qrtjAAAAAElFTkSuQmCC" /></g></g></g></g></g></g></svg>
7<svg viewBox="-8 -4.5 16 9" xmlns="http://www.w3.org/2000/svg" xmlns:xlink="http://www.w3.org/1999/xlink" version="1.1" preserveAspectRatio="none"><g stroke-width="0.05" transform="scale(1, -1)"><g><g stroke-width="0" fill="#FFFFFF" transform="translate(-8, -4.5)" fill-opacity="1"><rect width="16" height="9" /></g><g stroke-width="0.1" stroke="#000000" fill-opacity="0"><g transform="translate(0, 0)"><g transform="scale(0.0625, 9)"><g transform="scale(1, -1)"><image width="256" height="1" x="-128" y="-0.5" xlink:href="data:image/png;base64,iVBORw0KGgoAAAANSUhEUgAAAQAAAAABCAIAAAC+O+cgAAADDElEQVR4nAEBA/78AA0IhxAHiBMHiRYHihkGjBsGjR0GjiAGjyIGkCQGkSYFkSgFkioFkywFlC4FlS8FljEFlzMFlzUEmDcEmTgEmjoEmjwEmz4EnD8EnEEEnUMDnkQDnkYDn0gDn0kDoEsDoUwCoU4ColAColECo1MCo1UCpFYBpFgBpFkBpVsBpVwBpl4BpmABpmEAp2MAp2QAp2YAp2cAqGkAqGoAqGwAqG4AqG8AqHEAqHIBqHQBqHUBqHcBqHgBqHoCqHsCqH0DqH4DqIAEqIEEp4MFp4QFp4YGpocHpogIpooJpYsKpY0LpY4MpI8NpJEOo5IPo5QQopURoZYToZgUoJkVn5oWn5wXnp0YnZ4ZnaAanKEbm6IdmqMemqUfmaYgmKchl6gilqojlasklKwmlK0nk64okrApkbEqkLIrj7MsjrQujbUvjLYwi7cxirgyiboziLs0iLw1h703hr44hb85hMA6g8E7gsI8gcM9gMQ+f8VAfsZBfcdCfMhDe8lEespFestGecxHeMxJd81Kds5Ldc9MdNBNc9FOctJPcdNRcdRScNVTb9VUbtZVbddWbNhXa9lYatpaatpbadtcaNxdZ91eZt5fZd5hZN9iY+BjY+FkYuJlYeJmYONoX+RpXuVqXeVrXeZsXOduW+dvWuhwWelxWOlyV+p0V+t1Vut2Vex3VO15U+16Uu57Ue98Ue9+UPB/T/CATvGBTfGDTPKES/OFS/OHSvSISfSJSPWLR/WMRvaNRfaPRPeQRPeRQ/eTQviUQfiVQPmXP/mYPvmaPvqbPfqcPPqeO/ufOvuhOfuiOPyjOPylN/ymNvyoNfypNP2rM/2sM/2uMv2vMf2xMP2yL/20L/21Lv63Lf64LP66LP67K/69Kv6+Kv7AKf3CKf3DKP3FJ/3GJ/3IJ/3KJv3LJvzNJfzOJfzQJfzSJfvTJPvVJPvXJPrYJPraJPncJPndJfjfJfjhJffiJffkJfbmJvboJvXpJvXrJ/TtJ/PuJ/PwJ/LyJ/H0JvH1JfD3JPD5IWX/eGt2qrtjAAAAAElFTkSuQmCC" /></g></g></g></g></g></g></svg>
8<svg viewBox="-8 -4.5 16 9" xmlns="http://www.w3.org/2000/svg" xmlns:xlink="http://www.w3.org/1999/xlink" version="1.1" preserveAspectRatio="none"><g stroke-width="0.05" transform="scale(1, -1)"><g><g stroke-width="0" fill="#FFFFFF" transform="translate(-8, -4.5)" fill-opacity="1"><rect width="16" height="9" /></g><g stroke-width="0.1" stroke="#000000" fill-opacity="0"><g transform="translate(0, 0)"><g transform="scale(0.0625, 9)"><g transform="scale(1, -1)"><image width="256" height="1" x="-128" y="-0.5" xlink:href="data:image/png;base64,iVBORw0KGgoAAAANSUhEUgAAAQAAAAABCAIAAAC+O+cgAAADDElEQVR4nAEBA/78AA0IhxAHiBMHiRYHihkGjBsGjR0GjiAGjyIGkCQGkSYFkSgFkioFkywFlC4FlS8FljEFlzMFlzUEmDcEmTgEmjoEmjwEmz4EnD8EnEEEnUMDnkQDnkYDn0gDn0kDoEsDoUwCoU4ColAColECo1MCo1UCpFYBpFgBpFkBpVsBpVwBpl4BpmABpmEAp2MAp2QAp2YAp2cAqGkAqGoAqGwAqG4AqG8AqHEAqHIBqHQBqHUBqHcBqHgBqHoCqHsCqH0DqH4DqIAEqIEEp4MFp4QFp4YGpocHpogIpooJpYsKpY0LpY4MpI8NpJEOo5IPo5QQopURoZYToZgUoJkVn5oWn5wXnp0YnZ4ZnaAanKEbm6IdmqMemqUfmaYgmKchl6gilqojlasklKwmlK0nk64okrApkbEqkLIrj7MsjrQujbUvjLYwi7cxirgyiboziLs0iLw1h703hr44hb85hMA6g8E7gsI8gcM9gMQ+f8VAfsZBfcdCfMhDe8lEespFestGecxHeMxJd81Kds5Ldc9MdNBNc9FOctJPcdNRcdRScNVTb9VUbtZVbddWbNhXa9lYatpaatpbadtcaNxdZ91eZt5fZd5hZN9iY+BjY+FkYuJlYeJmYONoX+RpXuVqXeVrXeZsXOduW+dvWuhwWelxWOlyV+p0V+t1Vut2Vex3VO15U+16Uu57Ue98Ue9+UPB/T/CATvGBTfGDTPKES/OFS/OHSvSISfSJSPWLR/WMRvaNRfaPRPeQRPeRQ/eTQviUQfiVQPmXP/mYPvmaPvqbPfqcPPqeO/ufOvuhOfuiOPyjOPylN/ymNvyoNfypNP2rM/2sM/2uMv2vMf2xMP2yL/20L/21Lv63Lf64LP66LP67K/69Kv6+Kv7AKf3CKf3DKP3FJ/3GJ/3IJ/3KJv3LJvzNJfzOJfzQJfzSJfvTJPvVJPvXJPrYJPraJPncJPndJfjfJfjhJffiJffkJfbmJvboJvXpJvXrJ/TtJ/PuJ/PwJ/LyJ/H0JvH1JfD3JPD5IWX/eGt2qrtjAAAAAElFTkSuQmCC" /></g></g></g></g></g></g></svg>
9<svg viewBox="-8 -4.5 16 9" xmlns="http://www.w3.org/2000/svg" xmlns:xlink="http://www.w3.org/1999/xlink" version="1.1" preserveAspectRatio="none"><g stroke-width="0.05" transform="scale(1, -1)"><g><g stroke-width="0" fill="#FFFFFF" transform="translate(-8, -4.5)" fill-opacity="1"><rect width="16" height="9" /></g><g stroke-width="0.1" stroke="#000000" fill-opacity="0"><g transform="translate(0, 0)"><g transform="scale(0.0625, 9)"><g transform="scale(1, -1)"><image width="256" height="1" x="-128" y="-0.5" xlink:href="data:image/png;base64,iVBORw0KGgoAAAANSUhEUgAAAQAAAAABCAIAAAC+O+cgAAADDElEQVR4nAEBA/78AA0IhxAHiBMHiRYHihkGjBsGjR0GjiAGjyIGkCQGkSYFkSgFkioFkywFlC4FlS8FljEFlzMFlzUEmDcEmTgEmjoEmjwEmz4EnD8EnEEEnUMDnkQDnkYDn0gDn0kDoEsDoUwCoU4ColAColECo1MCo1UCpFYBpFgBpFkBpVsBpVwBpl4BpmABpmEAp2MAp2QAp2YAp2cAqGkAqGoAqGwAqG4AqG8AqHEAqHIBqHQBqHUBqHcBqHgBqHoCqHsCqH0DqH4DqIAEqIEEp4MFp4QFp4YGpocHpogIpooJpYsKpY0LpY4MpI8NpJEOo5IPo5QQopURoZYToZgUoJkVn5oWn5wXnp0YnZ4ZnaAanKEbm6IdmqMemqUfmaYgmKchl6gilqojlasklKwmlK0nk64okrApkbEqkLIrj7MsjrQujbUvjLYwi7cxirgyiboziLs0iLw1h703hr44hb85hMA6g8E7gsI8gcM9gMQ+f8VAfsZBfcdCfMhDe8lEespFestGecxHeMxJd81Kds5Ldc9MdNBNc9FOctJPcdNRcdRScNVTb9VUbtZVbddWbNhXa9lYatpaatpbadtcaNxdZ91eZt5fZd5hZN9iY+BjY+FkYuJlYeJmYONoX+RpXuVqXeVrXeZsXOduW+dvWuhwWelxWOlyV+p0V+t1Vut2Vex3VO15U+16Uu57Ue98Ue9+UPB/T/CATvGBTfGDTPKES/OFS/OHSvSISfSJSPWLR/WMRvaNRfaPRPeQRPeRQ/eTQviUQfiVQPmXP/mYPvmaPvqbPfqcPPqeO/ufOvuhOfuiOPyjOPylN/ymNvyoNfypNP2rM/2sM/2uMv2vMf2xMP2yL/20L/21Lv63Lf64LP66LP67K/69Kv6+Kv7AKf3CKf3DKP3FJ/3GJ/3IJ/3KJv3LJvzNJfzOJfzQJfzSJfvTJPvVJPvXJPrYJPraJPncJPndJfjfJfjhJffiJffkJfbmJvboJvXpJvXrJ/TtJ/PuJ/PwJ/LyJ/H0JvH1JfD3JPD5IWX/eGt2qrtjAAAAAElFTkSuQmCC" /></g></g></g></g></g></g></svg>
