0<svg viewBox="-8 -4.5 16 9" xmlns="http://www.w3.org/2000/svg" xmlns:xlink="http://www.w3.org/1999/xlink" version="1.1" preserveAspectRatio="none"><g stroke-width="0.05" transform="scale(1, -1)"><g><g stroke-width="0" fill="#FFFFFF" transform="translate(-8, -4.5)" fill-opacity="1"><rect width="16" height="9" /></g><g stroke-width="0.1" stroke="#000000" fill-opacity="0"><g><circle /></g></g></g></g></svg>
1<svg viewBox="-8 -4.5 16 9" xmlns="http://www.w3.org/2000/svg" xmlns:xlink="http://www.w3.org/1999/xlink" version="1.1" preserveAspectRatio="none"><g stroke-width="0.05" transform="scale(1, -1)"><g><g stroke-width="0" fill="#FFFFFF" transform="translate(-8, -4.5)" fill-opacity="1"><rect width="16" height="9" /></g><g stroke-width="0.1" stroke="#000000" fill-opacity="0"><g><circle r="0.5" /></g></g></g></g></svg>
2<svg viewBox="-8 -4.5 16 9" xmlns="http://www.w3.org/2000/svg" xmlns:xlink="http://www.w3.org/1999/xlink" version="1.1" preserveAspectRatio="none"><g stroke-width="0.05" transform="scale(1, -1)"><g><g stroke-width="0" fill="#FFFFFF" transform="translate(-8, -4.5)" fill-opacity="1"><rect width="16" height="9" /></g><g stroke-width="0.1" stroke="#000000" fill-opacity="0"><g><circle r="1" /></g></g></g></g></svg>
3<svg viewBox="-8 -4.5 16 9" xmlns="http://www.w3.org/2000/svg" xmlns:xlink="http://www.w3.org/1999/xlink" version="1.1" preserveAspectRatio="none"><g stroke-width="0.05" transform="scale(1, -1)"><g><g stroke-width="0" fill="#FFFFFF" transform="translate(-8, -4.5)" fill-opacity="1"><rect width="16" height="9" /></g><g stroke-width="0.1" stroke="#000000" fill-opacity="0"><g><circle r="1.5" /></g></g></g></g></svg>
4<svg viewBox="-8 -4.5 16 9" xmlns="http://www.w3.org/2000/svg" xmlns:xlink="http://www.w3.org/1999/xlink" version="1.1" preserveAspectRatio="none"><g stroke-width="0.05" transform="scale(1, -1)"><g><g stroke-width="0" fill="#FFFFFF" transform="translate(-8, -4.5)" fill-opacity="1"><rect width="16" height="9" /></g><g stroke-width="0.1" stroke="#000000" fill-opacity="0"><g><circle r="2" /></g></g></g></g></svg>
5<svg viewBox="-8 -4.5 16 9" xmlns="http://www.w3.org/2000/svg" xmlns:xlink="http://www.w3.org/1999/xlink" version="1.1" preserveAspectRatio="none"><g stroke-width="0.05" transform="scale(1, -1)"><g><g stroke-width="0" fill="#FFFFFF" transform="translate(-8, -4.5)" fill-opacity="1"><rect width="16" height="9" /></g><g stroke-width="0.1" stroke="#000000" fill-opacity="0"><g><circle r="2.5" /></g></g></g></g></svg>
6<svg viewBox="-8 -4.5 16 9" xmlns="http://www.w3.org/2000/svg" xmlns:xlink="http://www.w3.org/1999/xlink" version="1.1" preserveAspectRatio="none"><g stroke-width="0.05" transform="scale(1, -1)"><g><g stroke-width="0" fill="#FFFFFF" transform="translate(-8, -4.5)" fill-opacity="1"><rect width="16" height="9" /></g><g stroke-width="0.1" stroke="#000000" fill-opacity="0"><g><circle r="3" /></g></g></g></g></svg>
7<svg viewBox="-8 -4.5 16 9" xmlns="http://www.w3.org/2000/svg" xmlns:xlink="http://www.w3.org/1999/xlink" version="1.1" preserveAspectRatio="none"><g stroke-width="0.05" transform="scale(1, -1)"><g><g stroke-width="0" fill="#FFFFFF" transform="translate(-8, -4.5)" fill-opacity="1"><rect width="16" height="9" /></g><g stroke-width="0.1" stroke="#000000" fill-opacity="0"><g><circle r="3.5" /></g></g></g></g></svg>
8<svg viewBox="-8 -4.5 16 9" xmlns="http://www.w3.org/2000/svg" xmlns:xlink="http://www.w3.org/1999/xlink" version="1.1" preserveAspectRatio="none"><g stroke-width="0.05" transform="scale(1, -1)"><g><g stroke-width="0" fill="#FFFFFF" transform="translate(-8, -4.5)" fill-opacity="1"><rect width="16" height="9" /></g><g stroke-width="0.1" stroke="#000000" fill-opacity="0"><g><circle r="4" /></g></g></g></g></svg>
9<svg viewBox="-8 -4.5 16 9" xmlns="http://www.w3.org/2000/svg" xmlns:xlink="http://www.w3.org/1999/xlink" version="1.1" preserveAspectRatio="none"><g stroke-width="0.05" transform="scale(1, -1)"><g><g stroke-width="0" fill="#FFFFFF" transform="translate(-8, -4.5)" fill-opacity="1"><rect width="16" height="9" /></g><g stroke-width="0.1" stroke="#000000" fill-opacity="0"><g><circle r="4.5" /></g></g></g></g></svg>
