0<svg viewBox="-8 -4.5 16 9" xmlns="http://www.w3.org/2000/svg" xmlns:xlink="http://www.w3.org/1999/xlink" version="1.1" preserveAspectRatio="none"><g stroke-width="0.05" transform="scale(1, -1)"><g><g stroke-width="0" fill="#FFFFFF" transform="translate(-8, -4.5)" fill-opacity="1"><rect width="16" height="9" /></g><g stroke-width="0.1" stroke="#000000" fill-opacity="0"><g transform="translate(0, 0)"><g transform="scale(0.0625, 9)"><g transform="scale(1, -1)"><image width="256" height="1" x="-128" y="-0.5" xlink:href="data:image/png;base64,iVBORw0KGgoAAAANSUhEUgAAAQAAAAABCAIAAAC+O+cgAAADDElEQVR4nAEBA/78AEQBVEQCVkUEV0UFWUYHWkYIXEYKXUYLXkcNYEcOYUcQY0cRZEcTZUgUZ0gWaEgXaUgYakgabEgbbUgcbkgdb0gfcEggcUghc0gjdEgkdUgldkgmd0goeEgpeUcqekcsekcte0cufEcvfUYwfkYyfkYzf0Y0gEU1gUU3gUU4gkQ5g0Q6g0Q7hEM9hEM+hUI/hUJAhkJBhkFCh0FEh0BFiEBGiD9HiD9IiT5JiT5KiT5Mij1Nij1OijxPijxQiztRiztSizpTizpUjDlVjDlWjDhYjDhZjDdajDdbjTZcjTZdjTVejTVfjTRgjTRhjTNijTNjjTJkjjJljjFmjjFnjjFojjBpjjBqji9rji9sji5tji5uji5vji1wji1xjixxjixyjixzjit0jit1jip2jip3jip4jil5jil6jil7jih8jih9jid+jid/jieAjiaBjiaCjiaCjiWDjiWEjiWFjiSGjiSHjiOIjiOJjiOKjSKLjSKMjSKNjSGOjSGPjSGQjSGRjCCSjCCSjCCTjB+UjB+Vix+Wix+Xix+Yix+Zih+aih6bih6ciR6diR+eiR+fiB+giB+hiB+hhx+ihyCjhiCkhiGlhSGmhSKnhSKohCOpgySqgyWrgiWsgiatgSetgSiugCmvfyqwfyyxfi2yfS6zfC+0fDG1ezK2ejS2eTW3eTe4eDi5dzq6dju7dT28dD+8c0C9ckK+cUS/cEbAb0jBbkrBbUzCbE7Da1DEalLFaVTFaFbGZ1jHZVrIZFzIY17JYmDKYGPLX2XLXmfMXGnNW2zNWm7OWHDPV3PQVnXQVHfRU3rRUXzSUH/TToHTTYTUS4bVSYnVSIvWRo7WRZDXQ5PXQZXYQJjYPpvZPJ3ZO6DaOaLaN6XbNqjbNKrcMq3cMLDdL7LdLbXeK7jeKbreKL3fJsDfJcLfI8XgIcjgIMrhH83hHdDhHNLiG9XiGtjiGdrjGd3jGN/jGOLkGOXkGefkGerlGuzlG+/lHPHlHfTmHvbmIPjmIfvnI/3nJRfpSnql8G/OAAAAAElFTkSuQmCC" /></g></g></g></g></g></g></svg>
1<svg viewBox="-8 -4.5 16 9" xmlns="http://www.w3.org/2000/svg" xmlns:xlink="http://www.w3.org/1999/xlink" version="1.1" preserveAspectRatio="none"><g stroke-width="0.05" transform="scale(1, -1)"><g><g stroke-width="0" fill="#FFFFFF" transform="translate(-8, -4.5)" fill-opacity="1"><rect width="16" height="9" /></g><g stroke-width="0.1" stroke="#000000" fill-opacity="0"><g transform="translate(0, 0)"><g transform="scale(0.0625, 9)"><g transform="scale(1, -1)"><image width="256" height="1" x="-128" y="-0.5" xlink:href="data:image/png;base64,iVBORw0KGgoAAAANSUhEUgAAAQAAAAABCAIAAAC+O+cgAAADDElEQVR4nAEBA/78AEQBVEQCVkUEV0UFWUYHWkYIXEYKXUYLXkcNYEcOYUcQY0cRZEcTZUgUZ0gWaEgXaUgYakgabEgbbUgcbkgdb0gfcEggcUghc0gjdEgkdUgldkgmd0goeEgpeUcqekcsekcte0cufEcvfUYwfkYyfkYzf0Y0gEU1gUU3gUU4gkQ5g0Q6g0Q7hEM9hEM+hUI/hUJAhkJBhkFCh0FEh0BFiEBGiD9HiD9IiT5JiT5KiT5Mij1Nij1OijxPijxQiztRiztSizpTizpUjDlVjDlWjDhYjDhZjDdajDdbjTZcjTZdjTVejTVfjTRgjTRhjTNijTNjjTJkjjJljjFmjjFnjjFojjBpjjBqji9rji9sji5tji5uji5vji1wji1xjixxjixyjixzjit0jit1jip2jip3jip4jil5jil6jil7jih8jih9jid+jid/jieAjiaBjiaCjiaCjiWDjiWEjiWFjiSGjiSHjiOIjiOJjiOKjSKLjSKMjSKNjSGOjSGPjSGQjSGRjCCSjCCSjCCTjB+UjB+Vix+Wix+Xix+Yix+Zih+aih6bih6ciR6diR+eiR+fiB+giB+hiB+hhx+ihyCjhiCkhiGlhSGmhSKnhSKohCOpgySqgyWrgiWsgiatgSetgSiugCmvfyqwfyyxfi2yfS6zfC+0fDG1ezK2ejS2eTW3eTe4eDi5dzq6dju7dT28dD+8c0C9ckK+cUS/cEbAb0jBbkrBbUzCbE7Da1DEalLFaVTFaFbGZ1jHZVrIZFzIY17JYmDKYGPLX2XLXmfMXGnNW2zNWm7OWHDPV3PQVnXQVHfRU3rRUXzSUH/TToHTTYTUS4bVSYnVSIvWRo7WRZDXQ5PXQZXYQJjYPpvZPJ3ZO6DaOaLaN6XbNqjbNKrcMq3cMLDdL7LdLbXeK7jeKbreKL3fJsDfJcLfI8XgIcjgIMrhH83hHdDhHNLiG9XiGtjiGdrjGd3jGN/jGOLkGOXkGefkGerlGuzlG+/lHPHlHfTmHvbmIPjmIfvnI/3nJRfpSnql8G/OAAAAAElFTkSuQmCC" /></g></g></g></g></g></g></svg>
2<svg viewBox="-8 -4.5 16 9" xmlns="http://www.w3.org/2000/svg" xmlns:xlink="http://www.w3.org/1999/xlink" version="1.1" preserveAspectRatio="none"><g stroke-width="0.05" transform="scale(1, -1)"><g><g stroke-width="0" fill="#FFFFFF" transform="translate(-8, -4.5)" fill-opacity="1"><rect width="16" height="9" /></g><g stroke-width="0.1" stroke="#000000" fill-opacity="0"><g transform="translate(0, 0)"><g transform="scale(0.0625, 9)"><g transform="scale(1, -1)"><image width="256" height="1" x="-128" y="-0.5" xlink:href="data:image/png;base64,iVBORw0KGgoAAAANSUhEUgAAAQAAAAABCAIAAAC+O+cgAAADDElEQVR4nAEBA/78AEQBVEQCVkUEV0UFWUYHWkYIXEYKXUYLXkcNYEcOYUcQY0cRZEcTZUgUZ0gWaEgXaUgYakgabEgbbUgcbkgdb0gfcEggcUghc0gjdEgkdUgldkgmd0goeEgpeUcqekcsekcte0cufEcvfUYwfkYyfkYzf0Y0gEU1gUU3gUU4gkQ5g0Q6g0Q7hEM9hEM+hUI/hUJAhkJBhkFCh0FEh0BFiEBGiD9HiD9IiT5JiT5KiT5Mij1Nij1OijxPijxQiztRiztSizpTizpUjDlVjDlWjDhYjDhZjDdajDdbjTZcjTZdjTVejTVfjTRgjTRhjTNijTNjjTJkjjJljjFmjjFnjjFojjBpjjBqji9rji9sji5tji5uji5vji1wji1xjixxjixyjixzjit0jit1jip2jip3jip4jil5jil6jil7jih8jih9jid+jid/jieAjiaBjiaCjiaCjiWDjiWEjiWFjiSGjiSHjiOIjiOJjiOKjSKLjSKMjSKNjSGOjSGPjSGQjSGRjCCSjCCSjCCTjB+UjB+Vix+Wix+Xix+Yix+Zih+aih6bih6ciR6diR+eiR+fiB+giB+hiB+hhx+ihyCjhiCkhiGlhSGmhSKnhSKohCOpgySqgyWrgiWsgiatgSetgSiugCmvfyqwfyyxfi2yfS6zfC+0fDG1ezK2ejS2eTW3eTe4eDi5dzq6dju7dT28dD+8c0C9ckK+cUS/cEbAb0jBbkrBbUzCbE7Da1DEalLFaVTFaFbGZ1jHZVrIZFzIY17JYmDKYGPLX2XLXmfMXGnNW2zNWm7OWHDPV3PQVnXQVHfRU3rRUXzSUH/TToHTTYTUS4bVSYnVSIvWRo7WRZDXQ5PXQZXYQJjYPpvZPJ3ZO6DaOaLaN6XbNqjbNKrcMq3cMLDdL7LdLbXeK7jeKbreKL3fJsDfJcLfI8XgIcjgIMrhH83hHdDhHNLiG9XiGtjiGdrjGd3jGN/jGOLkGOXkGefkGerlGuzlG+/lHPHlHfTmHvbmIPjmIfvnI/3nJRfpSnql8G/OAAAAAElFTkSuQmCC" /></g></g></g></g></g></g></svg>
3<svg viewBox="-8 -4.5 16 9" xmlns="http://www.w3.org/2000/svg" xmlns:xlink="http://www.w3.org/1999/xlink" version="1.1" preserveAspectRatio="none"><g stroke-width="0.05" transform="scale(1, -1)"><g><g stroke-width="0" fill="#FFFFFF" transform="translate(-8, -4.5)" fill-opacity="1"><rect width="16" height="9" /></g><g stroke-width="0.1" stroke="#000000" fill-opacity="0"><g transform="translate(0, 0)"><g transform="scale(0.0625, 9)"><g transform="scale(1, -1)"><image width="256" height="1" x="-128" y="-0.5" xlink:href="data:image/png;base64,iVBORw0KGgoAAAANSUhEUgAAAQAAAAABCAIAAAC+O+cgAAADDElEQVR4nAEBA/78AEQBVEQCVkUEV0UFWUYHWkYIXEYKXUYLXkcNYEcOYUcQY0cRZEcTZUgUZ0gWaEgXaUgYakgabEgbbUgcbkgdb0gfcEggcUghc0gjdEgkdUgldkgmd0goeEgpeUcqekcsekcte0cufEcvfUYwfkYyfkYzf0Y0gEU1gUU3gUU4gkQ5g0Q6g0Q7hEM9hEM+hUI/hUJAhkJBhkFCh0FEh0BFiEBGiD9HiD9IiT5JiT5KiT5Mij1Nij1OijxPijxQiztRiztSizpTizpUjDlVjDlWjDhYjDhZjDdajDdbjTZcjTZdjTVejTVfjTRgjTRhjTNijTNjjTJkjjJljjFmjjFnjjFojjBpjjBqji9rji9sji5tji5uji5vji1wji1xjixxjixyjixzjit0jit1jip2jip3jip4jil5jil6jil7jih8jih9jid+jid/jieAjiaBjiaCjiaCjiWDjiWEjiWFjiSGjiSHjiOIjiOJjiOKjSKLjSKMjSKNjSGOjSGPjSGQjSGRjCCSjCCSjCCTjB+UjB+Vix+Wix+Xix+Yix+Zih+aih6bih6ciR6diR+eiR+fiB+giB+hiB+hhx+ihyCjhiCkhiGlhSGmhSKnhSKohCOpgySqgyWrgiWsgiatgSetgSiugCmvfyqwfyyxfi2yfS6zfC+0fDG1ezK2ejS2eTW3eTe4eDi5dzq6dju7dT28dD+8c0C9ckK+cUS/cEbAb0jBbkrBbUzCbE7Da1DEalLFaVTFaFbGZ1jHZVrIZFzIY17JYmDKYGPLX2XLXmfMXGnNW2zNWm7OWHDPV3PQVnXQVHfRU3rRUXzSUH/TToHTTYTUS4bVSYnVSIvWRo7WRZDXQ5PXQZXYQJjYPpvZPJ3ZO6DaOaLaN6XbNqjbNKrcMq3cMLDdL7LdLbXeK7jeKbreKL3fJsDfJcLfI8XgIcjgIMrhH83hHdDhHNLiG9XiGtjiGdrjGd3jGN/jGOLkGOXkGefkGerlGuzlG+/lHPHlHfTmHvbmIPjmIfvnI/3nJRfpSnql8G/OAAAAAElFTkSuQmCC" /></g></g></g></g></g></g></svg>
4<svg viewBox="-8 -4.5 16 9" xmlns="http://www.w3.org/2000/svg" xmlns:xlink="http://www.w3.org/1999/xlink" version="1.1" preserveAspectRatio="none"><g stroke-width="0.05" transform="scale(1, -1)"><g><g stroke-width="0" fill="#FFFFFF" transform="translate(-8, -4.5)" fill-opacity="1"><rect width="16" height="9" /></g><g stroke-width="0.1" stroke="#000000" fill-opacity="0"><g transform="translate(0, 0)"><g transform="scale(0.0625, 9)"><g transform="scale(1, -1)"><image width="256" height="1" x="-128" y="-0.5" xlink:href="data:image/png;base64,iVBORw0KGgoAAAANSUhEUgAAAQAAAAABCAIAAAC+O+cgAAADDElEQVR4nAEBA/78AEQBVEQCVkUEV0UFWUYHWkYIXEYKXUYLXkcNYEcOYUcQY0cRZEcTZUgUZ0gWaEgXaUgYakgabEgbbUgcbkgdb0gfcEggcUghc0gjdEgkdUgldkgmd0goeEgpeUcqekcsekcte0cufEcvfUYwfkYyfkYzf0Y0gEU1gUU3gUU4gkQ5g0Q6g0Q7hEM9hEM+hUI/hUJAhkJBhkFCh0FEh0BFiEBGiD9HiD9IiT5JiT5KiT5Mij1Nij1OijxPijxQiztRiztSizpTizpUjDlVjDlWjDhYjDhZjDdajDdbjTZcjTZdjTVejTVfjTRgjTRhjTNijTNjjTJkjjJljjFmjjFnjjFojjBpjjBqji9rji9sji5tji5uji5vji1wji1xjixxjixyjixzjit0jit1jip2jip3jip4jil5jil6jil7jih8jih9jid+jid/jieAjiaBjiaCjiaCjiWDjiWEjiWFjiSGjiSHjiOIjiOJjiOKjSKLjSKMjSKNjSGOjSGPjSGQjSGRjCCSjCCSjCCTjB+UjB+Vix+Wix+Xix+Yix+Zih+aih6bih6ciR6diR+eiR+fiB+giB+hiB+hhx+ihyCjhiCkhiGlhSGmhSKnhSKohCOpgySqgyWrgiWsgiatgSetgSiugCmvfyqwfyyxfi2yfS6zfC+0fDG1ezK2ejS2eTW3eTe4eDi5dzq6dju7dT28dD+8c0C9ckK+cUS/cEbAb0jBbkrBbUzCbE7Da1DEalLFaVTFaFbGZ1jHZVrIZFzIY17JYmDKYGPLX2XLXmfMXGnNW2zNWm7OWHDPV3PQVnXQVHfRU3rRUXzSUH/TToHTTYTUS4bVSYnVSIvWRo7WRZDXQ5PXQZXYQJjYPpvZPJ3ZO6DaOaLaN6XbNqjbNKrcMq3cMLDdL7LdLbXeK7jeKbreKL3fJsDfJcLfI8XgIcjgIMrhH83hHdDhHNLiG9XiGtjiGdrjGd3jGN/jGOLkGOXkGefkGerlGuzlG+/lHPHlHfTmHvbmIPjmIfvnI/3nJRfpSnql8G/OAAAAAElFTkSuQmCC" /></g></g></g></g></g></g></svg>
5<svg viewBox="-8 -4.5 16 9" xmlns="http://www.w3.org/2000/svg" xmlns:xlink="http://www.w3.org/1999/xlink" version="1.1" preserveAspectRatio="none"><g stroke-width="0.05" transform="scale(1, -1)"><g><g stroke-width="0" fill="#FFFFFF" transform="translate(-8, -4.5)" fill-opacity="1"><rect width="16" height="9" /></g><g stroke-width="0.1" stroke="#000000" fill-opacity="0"><g transform="translate(0, 0)"><g transform="scale(0.0625, 9)"><g transform="scale(1, -1)"><image width="256" height="1" x="-128" y="-0.5" xlink:href="data:image/png;base64,iVBORw0KGgoAAAANSUhEUgAAAQAAAAABCAIAAAC+O+cgAAADDElEQVR4nAEBA/78AEQBVEQCVkUEV0UFWUYHWkYIXEYKXUYLXkcNYEcOYUcQY0cRZEcTZUgUZ0gWaEgXaUgYakgabEgbbUgcbkgdb0gfcEggcUghc0gjdEgkdUgldkgmd0goeEgpeUcqekcsekcte0cufEcvfUYwfkYyfkYzf0Y0gEU1gUU3gUU4gkQ5g0Q6g0Q7hEM9hEM+hUI/hUJAhkJBhkFCh0FEh0BFiEBGiD9HiD9IiT5JiT5KiT5Mij1Nij1OijxPijxQiztRiztSizpTizpUjDlVjDlWjDhYjDhZjDdajDdbjTZcjTZdjTVejTVfjTRgjTRhjTNijTNjjTJkjjJljjFmjjFnjjFojjBpjjBqji9rji9sji5tji5uji5vji1wji1xjixxjixyjixzjit0jit1jip2jip3jip4jil5jil6jil7jih8jih9jid+jid/jieAjiaBjiaCjiaCjiWDjiWEjiWFjiSGjiSHjiOIjiOJjiOKjSKLjSKMjSKNjSGOjSGPjSGQjSGRjCCSjCCSjCCTjB+UjB+Vix+Wix+Xix+Yix+Zih+aih6bih6ciR6diR+eiR+fiB+giB+hiB+hhx+ihyCjhiCkhiGlhSGmhSKnhSKohCOpgySqgyWrgiWsgiatgSetgSiugCmvfyqwfyyxfi2yfS6zfC+0fDG1ezK2ejS2eTW3eTe4eDi5dzq6dju7dT28dD+8c0C9ckK+cUS/cEbAb0jBbkrBbUzCbE7Da1DEalLFaVTFaFbGZ1jHZVrIZFzIY17JYmDKYGPLX2XLXmfMXGnNW2zNWm7OWHDPV3PQVnXQVHfRU3rRUXzSUH/TToHTTYTUS4bVSYnVSIvWRo7WRZDXQ5PXQZXYQJjYPpvZPJ3ZO6DaOaLaN6XbNqjbNKrcMq3cMLDdL7LdLbXeK7jeKbreKL3fJsDfJcLfI8XgIcjgIMrhH83hHdDhHNLiG9XiGtjiGdrjGd3jGN/jGOLkGOXkGefkGerlGuzlG+/lHPHlHfTmHvbmIPjmIfvnI/3nJRfpSnql8G/OAAAAAElFTkSuQmCC" /></g></g></g></g></g></g></svg>
6<svg viewBox="-8 -4.5 16 9" xmlns="http://www.w3.org/2000/svg" xmlns:xlink="http://www.w3.org/1999/xlink" version="1.1" preserveAspectRatio="none"><g stroke-width="0.05" transform="scale(1, -1)"><g><g stroke-width="0" fill="#FFFFFF" transform="translate(-8, -4.5)" fill-opacity="1"><rect width="16" height="9" /></g><g stroke-width="0.1" stroke="#000000" fill-opacity="0"><g transform="translate(0, 0)"><g transform="scale(0.0625, 9)"><g transform="scale(1, -1)"><image width="256" height="1" x="-128" y="-0.5" xlink:href="data:image/png;base64,iVBORw0KGgoAAAANSUhEUgAAAQAAAAABCAIAAAC+O+cgAAADDElEQVR4nAEBA/78AEQBVEQCVkUEV0UFWUYHWkYIXEYKXUYLXkcNYEcOYUcQY0cRZEcTZUgUZ0gWaEgXaUgYakgabEgbbUgcbkgdb0gfcEggcUghc0gjdEgkdUgldkgmd0goeEgpeUcqekcsekcte0cufEcvfUYwfkYyfkYzf0Y0gEU1gUU3gUU4gkQ5g0Q6g0Q7hEM9hEM+hUI/hUJAhkJBhkFCh0FEh0BFiEBGiD9HiD9IiT5JiT5KiT5Mij1Nij1OijxPijxQiztRiztSizpTizpUjDlVjDlWjDhYjDhZjDdajDdbjTZcjTZdjTVejTVfjTRgjTRhjTNijTNjjTJkjjJljjFmjjFnjjFojjBpjjBqji9rji9sji5tji5uji5vji1wji1xjixxjixyjixzjit0jit1jip2jip3jip4jil5jil6jil7jih8jih9jid+jid/jieAjiaBjiaCjiaCjiWDjiWEjiWFjiSGjiSHjiOIjiOJjiOKjSKLjSKMjSKNjSGOjSGPjSGQjSGRjCCSjCCSjCCTjB+UjB+Vix+Wix+Xix+Yix+Zih+aih6bih6ciR6diR+eiR+fiB+giB+hiB+hhx+ihyCjhiCkhiGlhSGmhSKnhSKohCOpgySqgyWrgiWsgiatgSetgSiugCmvfyqwfyyxfi2yfS6zfC+0fDG1ezK2ejS2eTW3eTe4eDi5dzq6dju7dT28dD+8c0C9ckK+cUS/cEbAb0jBbkrBbUzCbE7Da1DEalLFaVTFaFbGZ1jHZVrIZFzIY17JYmDKYGPLX2XLXmfMXGnNW2zNWm7OWHDPV3PQVnXQVHfRU3rRUXzSUH/TToHTTYTUS4bVSYnVSIvWRo7WRZDXQ5PXQZXYQJjYPpvZPJ3ZO6DaOaLaN6XbNqjbNKrcMq3cMLDdL7LdLbXeK7jeKbreKL3fJsDfJcLfI8XgIcjgIMrhH83hHdDhHNLiG9XiGtjiGdrjGd3jGN/jGOLkGOXkGefkGerlGuzlG+/lHPHlHfTmHvbmIPjmIfvnI/3nJRfpSnql8G/OAAAAAElFTkSuQmCC" /></g></g></g></g></g></g></svg>
7<svg viewBox="-8 -4.5 16 9" xmlns="http://www.w3.org/2000/svg" xmlns:xlink="http://www.w3.org/1999/xlink" version="1.1" preserveAspectRatio="none"><g stroke-width="0.05" transform="scale(1, -1)"><g><g stroke-width="0" fill="#FFFFFF" transform="translate(-8, -4.5)" fill-opacity="1"><rect width="16" height="9" /></g><g stroke-width="0.1" stroke="#000000" fill-opacity="0"><g transform="translate(0, 0)"><g transform="scale(0.0625, 9)"><g transform="scale(1, -1)"><image width="256" height="1" x="-128" y="-0.5" xlink:href="data:image/png;base64,iVBORw0KGgoAAAANSUhEUgAAAQAAAAABCAIAAAC+O+cgAAADDElEQVR4nAEBA/78AEQBVEQCVkUEV0UFWUYHWkYIXEYKXUYLXkcNYEcOYUcQY0cRZEcTZUgUZ0gWaEgXaUgYakgabEgbbUgcbkgdb0gfcEggcUghc0gjdEgkdUgldkgmd0goeEgpeUcqekcsekcte0cufEcvfUYwfkYyfkYzf0Y0gEU1gUU3gUU4gkQ5g0Q6g0Q7hEM9hEM+hUI/hUJAhkJBhkFCh0FEh0BFiEBGiD9HiD9IiT5JiT5KiT5Mij1Nij1OijxPijxQiztRiztSizpTizpUjDlVjDlWjDhYjDhZjDdajDdbjTZcjTZdjTVejTVfjTRgjTRhjTNijTNjjTJkjjJljjFmjjFnjjFojjBpjjBqji9rji9sji5tji5uji5vji1wji1xjixxjixyjixzjit0jit1jip2jip3jip4jil5jil6jil7jih8jih9jid+jid/jieAjiaBjiaCjiaCjiWDjiWEjiWFjiSGjiSHjiOIjiOJjiOKjSKLjSKMjSKNjSGOjSGPjSGQjSGRjCCSjCCSjCCTjB+UjB+Vix+Wix+Xix+Yix+Zih+aih6bih6ciR6diR+eiR+fiB+giB+hiB+hhx+ihyCjhiCkhiGlhSGmhSKnhSKohCOpgySqgyWrgiWsgiatgSetgSiugCmvfyqwfyyxfi2yfS6zfC+0fDG1ezK2ejS2eTW3eTe4eDi5dzq6dju7dT28dD+8c0C9ckK+cUS/cEbAb0jBbkrBbUzCbE7Da1DEalLFaVTFaFbGZ1jHZVrIZFzIY17JYmDKYGPLX2XLXmfMXGnNW2zNWm7OWHDPV3PQVnXQVHfRU3rRUXzSUH/TToHTTYTUS4bVSYnVSIvWRo7WRZDXQ5PXQZXYQJjYPpvZPJ3ZO6DaOaLaN6XbNqjbNKrcMq3cMLDdL7LdLbXeK7jeKbreKL3fJsDfJcLfI8XgIcjgIMrhH83hHdDhHNLiG9XiGtjiGdrjGd3jGN/jGOLkGOXkGefkGerlGuzlG+/lHPHlHfTmHvbmIPjmIfvnI/3nJRfpSnql8G/OAAAAAElFTkSuQmCC" /></g></g></g></g></g></g></svg>
8<svg viewBox="-8 -4.5 16 9" xmlns="http://www.w3.org/2000/svg" xmlns:xlink="http://www.w3.org/1999/xlink" version="1.1" preserveAspectRatio="none"><g stroke-width="0.05" transform="scale(1, -1)"><g><g stroke-width="0" fill="#FFFFFF" transform="translate(-8, -4.5)" fill-opacity="1"><rect width="16" height="9" /></g><g stroke-width="0.1" stroke="#000000" fill-opacity="0"><g transform="translate(0, 0)"><g transform="scale(0.0625, 9)"><g transform="scale(1, -1)"><image width="256" height="1" x="-128" y="-0.5" xlink:href="data:image/png;base64,iVBORw0KGgoAAAANSUhEUgAAAQAAAAABCAIAAAC+O+cgAAADDElEQVR4nAEBA/78AEQBVEQCVkUEV0UFWUYHWkYIXEYKXUYLXkcNYEcOYUcQY0cRZEcTZUgUZ0gWaEgXaUgYakgabEgbbUgcbkgdb0gfcEggcUghc0gjdEgkdUgldkgmd0goeEgpeUcqekcsekcte0cufEcvfUYwfkYyfkYzf0Y0gEU1gUU3gUU4gkQ5g0Q6g0Q7hEM9hEM+hUI/hUJAhkJBhkFCh0FEh0BFiEBGiD9HiD9IiT5JiT5KiT5Mij1Nij1OijxPijxQiztRiztSizpTizpUjDlVjDlWjDhYjDhZjDdajDdbjTZcjTZdjTVejTVfjTRgjTRhjTNijTNjjTJkjjJljjFmjjFnjjFojjBpjjBqji9rji9sji5tji5uji5vji1wji1xjixxjixyjixzjit0jit1jip2jip3jip4jil5jil6jil7jih8jih9jid+jid/jieAjiaBjiaCjiaCjiWDjiWEjiWFjiSGjiSHjiOIjiOJjiOKjSKLjSKMjSKNjSGOjSGPjSGQjSGRjCCSjCCSjCCTjB+UjB+Vix+Wix+Xix+Yix+Zih+aih6bih6ciR6diR+eiR+fiB+giB+hiB+hhx+ihyCjhiCkhiGlhSGmhSKnhSKohCOpgySqgyWrgiWsgiatgSetgSiugCmvfyqwfyyxfi2yfS6zfC+0fDG1ezK2ejS2eTW3eTe4eDi5dzq6dju7dT28dD+8c0C9ckK+cUS/cEbAb0jBbkrBbUzCbE7Da1DEalLFaVTFaFbGZ1jHZVrIZFzIY17JYmDKYGPLX2XLXmfMXGnNW2zNWm7OWHDPV3PQVnXQVHfRU3rRUXzSUH/TToHTTYTUS4bVSYnVSIvWRo7WRZDXQ5PXQZXYQJjYPpvZPJ3ZO6DaOaLaN6XbNqjbNKrcMq3cMLDdL7LdLbXeK7jeKbreKL3fJsDfJcLfI8XgIcjgIMrhH83hHdDhHNLiG9XiGtjiGdrjGd3jGN/jGOLkGOXkGefkGerlGuzlG+/lHPHlHfTmHvbmIPjmIfvnI/3nJRfpSnql8G/OAAAAAElFTkSuQmCC" /></g></g></g></g></g></g></svg>
9<svg viewBox="-8 -4.5 16 9" xmlns="http://www.w3.org/2000/svg" xmlns:xlink="http://www.w3.org/1999/xlink" version="1.1" preserveAspectRatio="none"><g stroke-width="0.05" transform="scale(1, -1)"><g><g stroke-width="0" fill="#FFFFFF" transform="translate(-8, -4.5)" fill-opacity="1"><rect width="16" height="9" /></g><g stroke-width="0.1" stroke="#000000" fill-opacity="0"><g transform="translate(0, 0)"><g transform="scale(0.0625, 9)"><g transform="scale(1, -1)"><image width="256" height="1" x="-128" y="-0.5" xlink:href="data:image/png;base64,iVBORw0KGgoAAAANSUhEUgAAAQAAAAABCAIAAAC+O+cgAAADDElEQVR4nAEBA/78AEQBVEQCVkUEV0UFWUYHWkYIXEYKXUYLXkcNYEcOYUcQY0cRZEcTZUgUZ0gWaEgXaUgYakgabEgbbUgcbkgdb0gfcEggcUghc0gjdEgkdUgldkgmd0goeEgpeUcqekcsekcte0cufEcvfUYwfkYyfkYzf0Y0gEU1gUU3gUU4gkQ5g0Q6g0Q7hEM9hEM+hUI/hUJAhkJBhkFCh0FEh0BFiEBGiD9HiD9IiT5JiT5KiT5Mij1Nij1OijxPijxQiztRiztSizpTizpUjDlVjDlWjDhYjDhZjDdajDdbjTZcjTZdjTVejTVfjTRgjTRhjTNijTNjjTJkjjJljjFmjjFnjjFojjBpjjBqji9rji9sji5tji5uji5vji1wji1xjixxjixyjixzjit0jit1jip2jip3jip4jil5jil6jil7jih8jih9jid+jid/jieAjiaBjiaCjiaCjiWDjiWEjiWFjiSGjiSHjiOIjiOJjiOKjSKLjSKMjSKNjSGOjSGPjSGQjSGRjCCSjCCSjCCTjB+UjB+Vix+Wix+Xix+Yix+Zih+aih6bih6ciR6diR+eiR+fiB+giB+hiB+hhx+ihyCjhiCkhiGlhSGmhSKnhSKohCOpgySqgyWrgiWsgiatgSetgSiugCmvfyqwfyyxfi2yfS6zfC+0fDG1ezK2ejS2eTW3eTe4eDi5dzq6dju7dT28dD+8c0C9ckK+cUS/cEbAb0jBbkrBbUzCbE7Da1DEalLFaVTFaFbGZ1jHZVrIZFzIY17JYmDKYGPLX2XLXmfMXGnNW2zNWm7OWHDPV3PQVnXQVHfRU3rRUXzSUH/TToHTTYTUS4bVSYnVSIvWRo7WRZDXQ5PXQZXYQJjYPpvZPJ3ZO6DaOaLaN6XbNqjbNKrcMq3cMLDdL7LdLbXeK7jeKbreKL3fJsDfJcLfI8XgIcjgIMrhH83hHdDhHNLiG9XiGtjiGdrjGd3jGN/jGOLkGOXkGefkGerlGuzlG+/lHPHlHfTmHvbmIPjmIfvnI/3nJRfpSnql8G/OAAAAAElFTkSuQmCC" /></g></g></g></g></g></g></svg>
