0<svg viewBox="-8 -4.5 16 9" xmlns="http://www.w3.org/2000/svg" xmlns:xlink="http://www.w3.org/1999/xlink" version="1.1" preserveAspectRatio="none"><g stroke-width="0.05" transform="scale(1, -1)"><g><g stroke-width="0" fill="#FFFFFF" transform="translate(-8, -4.5)" fill-opacity="1"><rect width="16" height="9" /></g><g stroke-width="0.1" stroke="#000000" fill-opacity="0"><g transform="translate(0, 0)"><g transform="scale(0.0625, 9)"><g transform="scale(1, -1)"><image width="256" height="1" x="-128" y="-0.5" xlink:href="data:image/png;base64,iVBORw0KGgoAAAANSUhEUgAAAQAAAAABCAIAAAC+O+cgAAAB3klEQVR4nBXQCWsIAACA0c8RC40sZ+4mljuWkPuIhUYWmVju3EcsGm2xplkYmms0FkazrMkma7LJ0EzWNBYmmxiaZU1m2SfvJzwE22FH7ILdsQ8OxCE4HMfgeJyMM3AuLsDFuAxX4hrciNtwN+7Dg3gYE/E4nsbzmIZX8Sbexrt4Hx/iYyzBl1iBb/Ejfsbv+BN/41+a5ZfUyzf5JB+kUl7JC3kmj+SB3JM7kiU3JF0uyTk5JcfkiBySAxItu2SrbJDVskKWyiKZL3NkukySUBktw2SwDJDe0k06Swdp+z+lFbbHTtgVe2BfHIRDcQSOxQk4BWfiPFyIS3A5rsK1uAm34x7cj7EYj0cxGVMwFS/jdczEbMzFfCzEYnyOZfga32M11mIdNmATtvBHGuWH1EqNVMkbKZdSeSJFUiB5kiO3JEOuSKqckWRJkgSJkxjZKztks6yTKImUCAmXMJklU2WijJOREiLB0k96SpAESoC0tg0GYCAGYS/sj8EYgqMwFCfiNJyNYRiOERiJUbget+BOjMYYjMMETMKTeBYvYjpmYBbmYB4WYBE+xVIsx0qswhr8ivXYiM0oLdIkDVInX6Ra3kmFlEmJFEuh5EuuZEumXJM0uSApckISJV5i/wHSroQXK5+ZtQAAAABJRU5ErkJggg==" /></g></g></g></g></g></g></svg>
1<svg viewBox="-8 -4.5 16 9" xmlns="http://www.w3.org/2000/svg" xmlns:xlink="http://www.w3.org/1999/xlink" version="1.1" preserveAspectRatio="none"><g stroke-width="0.05" transform="scale(1, -1)"><g><g stroke-width="0" fill="#FFFFFF" transform="translate(-8, -4.5)" fill-opacity="1"><rect width="16" height="9" /></g><g stroke-width="0.1" stroke="#000000" fill-opacity="0"><g transform="translate(0, 0)"><g transform="scale(0.0625, 9)"><g transform="scale(1, -1)"><image width="256" height="1" x="-128" y="-0.5" xlink:href="data:image/png;base64,iVBORw0KGgoAAAANSUhEUgAAAQAAAAABCAIAAAC+O+cgAAAB3klEQVR4nBXQCWsIAACA0c8RC40sZ+4mljuWkPuIhUYWmVju3EcsGm2xplkYmms0FkazrMkma7LJ0EzWNBYmmxiaZU1m2SfvJzwE22FH7ILdsQ8OxCE4HMfgeJyMM3AuLsDFuAxX4hrciNtwN+7Dg3gYE/E4nsbzmIZX8Sbexrt4Hx/iYyzBl1iBb/Ejfsbv+BN/41+a5ZfUyzf5JB+kUl7JC3kmj+SB3JM7kiU3JF0uyTk5JcfkiBySAxItu2SrbJDVskKWyiKZL3NkukySUBktw2SwDJDe0k06Swdp+z+lFbbHTtgVe2BfHIRDcQSOxQk4BWfiPFyIS3A5rsK1uAm34x7cj7EYj0cxGVMwFS/jdczEbMzFfCzEYnyOZfga32M11mIdNmATtvBHGuWH1EqNVMkbKZdSeSJFUiB5kiO3JEOuSKqckWRJkgSJkxjZKztks6yTKImUCAmXMJklU2WijJOREiLB0k96SpAESoC0tg0GYCAGYS/sj8EYgqMwFCfiNJyNYRiOERiJUbget+BOjMYYjMMETMKTeBYvYjpmYBbmYB4WYBE+xVIsx0qswhr8ivXYiM0oLdIkDVInX6Ra3kmFlEmJFEuh5EuuZEumXJM0uSApckISJV5i/wHSroQXK5+ZtQAAAABJRU5ErkJggg==" /></g></g></g></g></g></g></svg>
2<svg viewBox="-8 -4.5 16 9" xmlns="http://www.w3.org/2000/svg" xmlns:xlink="http://www.w3.org/1999/xlink" version="1.1" preserveAspectRatio="none"><g stroke-width="0.05" transform="scale(1, -1)"><g><g stroke-width="0" fill="#FFFFFF" transform="translate(-8, -4.5)" fill-opacity="1"><rect width="16" height="9" /></g><g stroke-width="0.1" stroke="#000000" fill-opacity="0"><g transform="translate(0, 0)"><g transform="scale(0.0625, 9)"><g transform="scale(1, -1)"><image width="256" height="1" x="-128" y="-0.5" xlink:href="data:image/png;base64,iVBORw0KGgoAAAANSUhEUgAAAQAAAAABCAIAAAC+O+cgAAAB3klEQVR4nBXQCWsIAACA0c8RC40sZ+4mljuWkPuIhUYWmVju3EcsGm2xplkYmms0FkazrMkma7LJ0EzWNBYmmxiaZU1m2SfvJzwE22FH7ILdsQ8OxCE4HMfgeJyMM3AuLsDFuAxX4hrciNtwN+7Dg3gYE/E4nsbzmIZX8Sbexrt4Hx/iYyzBl1iBb/Ejfsbv+BN/41+a5ZfUyzf5JB+kUl7JC3kmj+SB3JM7kiU3JF0uyTk5JcfkiBySAxItu2SrbJDVskKWyiKZL3NkukySUBktw2SwDJDe0k06Swdp+z+lFbbHTtgVe2BfHIRDcQSOxQk4BWfiPFyIS3A5rsK1uAm34x7cj7EYj0cxGVMwFS/jdczEbMzFfCzEYnyOZfga32M11mIdNmATtvBHGuWH1EqNVMkbKZdSeSJFUiB5kiO3JEOuSKqckWRJkgSJkxjZKztks6yTKImUCAmXMJklU2WijJOREiLB0k96SpAESoC0tg0GYCAGYS/sj8EYgqMwFCfiNJyNYRiOERiJUbget+BOjMYYjMMETMKTeBYvYjpmYBbmYB4WYBE+xVIsx0qswhr8ivXYiM0oLdIkDVInX6Ra3kmFlEmJFEuh5EuuZEumXJM0uSApckISJV5i/wHSroQXK5+ZtQAAAABJRU5ErkJggg==" /></g></g></g></g></g></g></svg>
3<svg viewBox="-8 -4.5 16 9" xmlns="http://www.w3.org/2000/svg" xmlns:xlink="http://www.w3.org/1999/xlink" version="1.1" preserveAspectRatio="none"><g stroke-width="0.05" transform="scale(1, -1)"><g><g stroke-width="0" fill="#FFFFFF" transform="translate(-8, -4.5)" fill-opacity="1"><rect width="16" height="9" /></g><g stroke-width="0.1" stroke="#000000" fill-opacity="0"><g transform="translate(0, 0)"><g transform="scale(0.0625, 9)"><g transform="scale(1, -1)"><image width="256" height="1" x="-128" y="-0.5" xlink:href="data:image/png;base64,iVBORw0KGgoAAAANSUhEUgAAAQAAAAABCAIAAAC+O+cgAAAB3klEQVR4nBXQCWsIAACA0c8RC40sZ+4mljuWkPuIhUYWmVju3EcsGm2xplkYmms0FkazrMkma7LJ0EzWNBYmmxiaZU1m2SfvJzwE22FH7ILdsQ8OxCE4HMfgeJyMM3AuLsDFuAxX4hrciNtwN+7Dg3gYE/E4nsbzmIZX8Sbexrt4Hx/iYyzBl1iBb/Ejfsbv+BN/41+a5ZfUyzf5JB+kUl7JC3kmj+SB3JM7kiU3JF0uyTk5JcfkiBySAxItu2SrbJDVskKWyiKZL3NkukySUBktw2SwDJDe0k06Swdp+z+lFbbHTtgVe2BfHIRDcQSOxQk4BWfiPFyIS3A5rsK1uAm34x7cj7EYj0cxGVMwFS/jdczEbMzFfCzEYnyOZfga32M11mIdNmATtvBHGuWH1EqNVMkbKZdSeSJFUiB5kiO3JEOuSKqckWRJkgSJkxjZKztks6yTKImUCAmXMJklU2WijJOREiLB0k96SpAESoC0tg0GYCAGYS/sj8EYgqMwFCfiNJyNYRiOERiJUbget+BOjMYYjMMETMKTeBYvYjpmYBbmYB4WYBE+xVIsx0qswhr8ivXYiM0oLdIkDVInX6Ra3kmFlEmJFEuh5EuuZEumXJM0uSApckISJV5i/wHSroQXK5+ZtQAAAABJRU5ErkJggg==" /></g></g></g></g></g></g></svg>
4<svg viewBox="-8 -4.5 16 9" xmlns="http://www.w3.org/2000/svg" xmlns:xlink="http://www.w3.org/1999/xlink" version="1.1" preserveAspectRatio="none"><g stroke-width="0.05" transform="scale(1, -1)"><g><g stroke-width="0" fill="#FFFFFF" transform="translate(-8, -4.5)" fill-opacity="1"><rect width="16" height="9" /></g><g stroke-width="0.1" stroke="#000000" fill-opacity="0"><g transform="translate(0, 0)"><g transform="scale(0.0625, 9)"><g transform="scale(1, -1)"><image width="256" height="1" x="-128" y="-0.5" xlink:href="data:image/png;base64,iVBORw0KGgoAAAANSUhEUgAAAQAAAAABCAIAAAC+O+cgAAAB3klEQVR4nBXQCWsIAACA0c8RC40sZ+4mljuWkPuIhUYWmVju3EcsGm2xplkYmms0FkazrMkma7LJ0EzWNBYmmxiaZU1m2SfvJzwE22FH7ILdsQ8OxCE4HMfgeJyMM3AuLsDFuAxX4hrciNtwN+7Dg3gYE/E4nsbzmIZX8Sbexrt4Hx/iYyzBl1iBb/Ejfsbv+BN/41+a5ZfUyzf5JB+kUl7JC3kmj+SB3JM7kiU3JF0uyTk5JcfkiBySAxItu2SrbJDVskKWyiKZL3NkukySUBktw2SwDJDe0k06Swdp+z+lFbbHTtgVe2BfHIRDcQSOxQk4BWfiPFyIS3A5rsK1uAm34x7cj7EYj0cxGVMwFS/jdczEbMzFfCzEYnyOZfga32M11mIdNmATtvBHGuWH1EqNVMkbKZdSeSJFUiB5kiO3JEOuSKqckWRJkgSJkxjZKztks6yTKImUCAmXMJklU2WijJOREiLB0k96SpAESoC0tg0GYCAGYS/sj8EYgqMwFCfiNJyNYRiOERiJUbget+BOjMYYjMMETMKTeBYvYjpmYBbmYB4WYBE+xVIsx0qswhr8ivXYiM0oLdIkDVInX6Ra3kmFlEmJFEuh5EuuZEumXJM0uSApckISJV5i/wHSroQXK5+ZtQAAAABJRU5ErkJggg==" /></g></g></g></g></g></g></svg>
5<svg viewBox="-8 -4.5 16 9" xmlns="http://www.w3.org/2000/svg" xmlns:xlink="http://www.w3.org/1999/xlink" version="1.1" preserveAspectRatio="none"><g stroke-width="0.05" transform="scale(1, -1)"><g><g stroke-width="0" fill="#FFFFFF" transform="translate(-8, -4.5)" fill-opacity="1"><rect width="16" height="9" /></g><g stroke-width="0.1" stroke="#000000" fill-opacity="0"><g transform="translate(0, 0)"><g transform="scale(0.0625, 9)"><g transform="scale(1, -1)"><image width="256" height="1" x="-128" y="-0.5" xlink:href="data:image/png;base64,iVBORw0KGgoAAAANSUhEUgAAAQAAAAABCAIAAAC+O+cgAAAB3klEQVR4nBXQCWsIAACA0c8RC40sZ+4mljuWkPuIhUYWmVju3EcsGm2xplkYmms0FkazrMkma7LJ0EzWNBYmmxiaZU1m2SfvJzwE22FH7ILdsQ8OxCE4HMfgeJyMM3AuLsDFuAxX4hrciNtwN+7Dg3gYE/E4nsbzmIZX8Sbexrt4Hx/iYyzBl1iBb/Ejfsbv+BN/41+a5ZfUyzf5JB+kUl7JC3kmj+SB3JM7kiU3JF0uyTk5JcfkiBySAxItu2SrbJDVskKWyiKZL3NkukySUBktw2SwDJDe0k06Swdp+z+lFbbHTtgVe2BfHIRDcQSOxQk4BWfiPFyIS3A5rsK1uAm34x7cj7EYj0cxGVMwFS/jdczEbMzFfCzEYnyOZfga32M11mIdNmATtvBHGuWH1EqNVMkbKZdSeSJFUiB5kiO3JEOuSKqckWRJkgSJkxjZKztks6yTKImUCAmXMJklU2WijJOREiLB0k96SpAESoC0tg0GYCAGYS/sj8EYgqMwFCfiNJyNYRiOERiJUbget+BOjMYYjMMETMKTeBYvYjpmYBbmYB4WYBE+xVIsx0qswhr8ivXYiM0oLdIkDVInX6Ra3kmFlEmJFEuh5EuuZEumXJM0uSApckISJV5i/wHSroQXK5+ZtQAAAABJRU5ErkJggg==" /></g></g></g></g></g></g></svg>
6<svg viewBox="-8 -4.5 16 9" xmlns="http://www.w3.org/2000/svg" xmlns:xlink="http://www.w3.org/1999/xlink" version="1.1" preserveAspectRatio="none"><g stroke-width="0.05" transform="scale(1, -1)"><g><g stroke-width="0" fill="#FFFFFF" transform="translate(-8, -4.5)" fill-opacity="1"><rect width="16" height="9" /></g><g stroke-width="0.1" stroke="#000000" fill-opacity="0"><g transform="translate(0, 0)"><g transform="scale(0.0625, 9)"><g transform="scale(1, -1)"><image width="256" height="1" x="-128" y="-0.5" xlink:href="data:image/png;base64,iVBORw0KGgoAAAANSUhEUgAAAQAAAAABCAIAAAC+O+cgAAAB3klEQVR4nBXQCWsIAACA0c8RC40sZ+4mljuWkPuIhUYWmVju3EcsGm2xplkYmms0FkazrMkma7LJ0EzWNBYmmxiaZU1m2SfvJzwE22FH7ILdsQ8OxCE4HMfgeJyMM3AuLsDFuAxX4hrciNtwN+7Dg3gYE/E4nsbzmIZX8Sbexrt4Hx/iYyzBl1iBb/Ejfsbv+BN/41+a5ZfUyzf5JB+kUl7JC3kmj+SB3JM7kiU3JF0uyTk5JcfkiBySAxItu2SrbJDVskKWyiKZL3NkukySUBktw2SwDJDe0k06Swdp+z+lFbbHTtgVe2BfHIRDcQSOxQk4BWfiPFyIS3A5rsK1uAm34x7cj7EYj0cxGVMwFS/jdczEbMzFfCzEYnyOZfga32M11mIdNmATtvBHGuWH1EqNVMkbKZdSeSJFUiB5kiO3JEOuSKqckWRJkgSJkxjZKztks6yTKImUCAmXMJklU2WijJOREiLB0k96SpAESoC0tg0GYCAGYS/sj8EYgqMwFCfiNJyNYRiOERiJUbget+BOjMYYjMMETMKTeBYvYjpmYBbmYB4WYBE+xVIsx0qswhr8ivXYiM0oLdIkDVInX6Ra3kmFlEmJFEuh5EuuZEumXJM0uSApckISJV5i/wHSroQXK5+ZtQAAAABJRU5ErkJggg==" /></g></g></g></g></g></g></svg>
7<svg viewBox="-8 -4.5 16 9" xmlns="http://www.w3.org/2000/svg" xmlns:xlink="http://www.w3.org/1999/xlink" version="1.1" preserveAspectRatio="none"><g stroke-width="0.05" transform="scale(1, -1)"><g><g stroke-width="0" fill="#FFFFFF" transform="translate(-8, -4.5)" fill-opacity="1"><rect width="16" height="9" /></g><g stroke-width="0.1" stroke="#000000" fill-opacity="0"><g transform="translate(0, 0)"><g transform="scale(0.0625, 9)"><g transform="scale(1, -1)"><image width="256" height="1" x="-128" y="-0.5" xlink:href="data:image/png;base64,iVBORw0KGgoAAAANSUhEUgAAAQAAAAABCAIAAAC+O+cgAAAB3klEQVR4nBXQCWsIAACA0c8RC40sZ+4mljuWkPuIhUYWmVju3EcsGm2xplkYmms0FkazrMkma7LJ0EzWNBYmmxiaZU1m2SfvJzwE22FH7ILdsQ8OxCE4HMfgeJyMM3AuLsDFuAxX4hrciNtwN+7Dg3gYE/E4nsbzmIZX8Sbexrt4Hx/iYyzBl1iBb/Ejfsbv+BN/41+a5ZfUyzf5JB+kUl7JC3kmj+SB3JM7kiU3JF0uyTk5JcfkiBySAxItu2SrbJDVskKWyiKZL3NkukySUBktw2SwDJDe0k06Swdp+z+lFbbHTtgVe2BfHIRDcQSOxQk4BWfiPFyIS3A5rsK1uAm34x7cj7EYj0cxGVMwFS/jdczEbMzFfCzEYnyOZfga32M11mIdNmATtvBHGuWH1EqNVMkbKZdSeSJFUiB5kiO3JEOuSKqckWRJkgSJkxjZKztks6yTKImUCAmXMJklU2WijJOREiLB0k96SpAESoC0tg0GYCAGYS/sj8EYgqMwFCfiNJyNYRiOERiJUbget+BOjMYYjMMETMKTeBYvYjpmYBbmYB4WYBE+xVIsx0qswhr8ivXYiM0oLdIkDVInX6Ra3kmFlEmJFEuh5EuuZEumXJM0uSApckISJV5i/wHSroQXK5+ZtQAAAABJRU5ErkJggg==" /></g></g></g></g></g></g></svg>
8<svg viewBox="-8 -4.5 16 9" xmlns="http://www.w3.org/2000/svg" xmlns:xlink="http://www.w3.org/1999/xlink" version="1.1" preserveAspectRatio="none"><g stroke-width="0.05" transform="scale(1, -1)"><g><g stroke-width="0" fill="#FFFFFF" transform="translate(-8, -4.5)" fill-opacity="1"><rect width="16" height="9" /></g><g stroke-width="0.1" stroke="#000000" fill-opacity="0"><g transform="translate(0, 0)"><g transform="scale(0.0625, 9)"><g transform="scale(1, -1)"><image width="256" height="1" x="-128" y="-0.5" xlink:href="data:image/png;base64,iVBORw0KGgoAAAANSUhEUgAAAQAAAAABCAIAAAC+O+cgAAAB3klEQVR4nBXQCWsIAACA0c8RC40sZ+4mljuWkPuIhUYWmVju3EcsGm2xplkYmms0FkazrMkma7LJ0EzWNBYmmxiaZU1m2SfvJzwE22FH7ILdsQ8OxCE4HMfgeJyMM3AuLsDFuAxX4hrciNtwN+7Dg3gYE/E4nsbzmIZX8Sbexrt4Hx/iYyzBl1iBb/Ejfsbv+BN/41+a5ZfUyzf5JB+kUl7JC3kmj+SB3JM7kiU3JF0uyTk5JcfkiBySAxItu2SrbJDVskKWyiKZL3NkukySUBktw2SwDJDe0k06Swdp+z+lFbbHTtgVe2BfHIRDcQSOxQk4BWfiPFyIS3A5rsK1uAm34x7cj7EYj0cxGVMwFS/jdczEbMzFfCzEYnyOZfga32M11mIdNmATtvBHGuWH1EqNVMkbKZdSeSJFUiB5kiO3JEOuSKqckWRJkgSJkxjZKztks6yTKImUCAmXMJklU2WijJOREiLB0k96SpAESoC0tg0GYCAGYS/sj8EYgqMwFCfiNJyNYRiOERiJUbget+BOjMYYjMMETMKTeBYvYjpmYBbmYB4WYBE+xVIsx0qswhr8ivXYiM0oLdIkDVInX6Ra3kmFlEmJFEuh5EuuZEumXJM0uSApckISJV5i/wHSroQXK5+ZtQAAAABJRU5ErkJggg==" /></g></g></g></g></g></g></svg>
9<svg viewBox="-8 -4.5 16 9" xmlns="http://www.w3.org/2000/svg" xmlns:xlink="http://www.w3.org/1999/xlink" version="1.1" preserveAspectRatio="none"><g stroke-width="0.05" transform="scale(1, -1)"><g><g stroke-width="0" fill="#FFFFFF" transform="translate(-8, -4.5)" fill-opacity="1"><rect width="16" height="9" /></g><g stroke-width="0.1" stroke="#000000" fill-opacity="0"><g transform="translate(0, 0)"><g transform="scale(0.0625, 9)"><g transform="scale(1, -1)"><image width="256" height="1" x="-128" y="-0.5" xlink:href="data:image/png;base64,iVBORw0KGgoAAAANSUhEUgAAAQAAAAABCAIAAAC+O+cgAAAB3klEQVR4nBXQCWsIAACA0c8RC40sZ+4mljuWkPuIhUYWmVju3EcsGm2xplkYmms0FkazrMkma7LJ0EzWNBYmmxiaZU1m2SfvJzwE22FH7ILdsQ8OxCE4HMfgeJyMM3AuLsDFuAxX4hrciNtwN+7Dg3gYE/E4nsbzmIZX8Sbexrt4Hx/iYyzBl1iBb/Ejfsbv+BN/41+a5ZfUyzf5JB+kUl7JC3kmj+SB3JM7kiU3JF0uyTk5JcfkiBySAxItu2SrbJDVskKWyiKZL3NkukySUBktw2SwDJDe0k06Swdp+z+lFbbHTtgVe2BfHIRDcQSOxQk4BWfiPFyIS3A5rsK1uAm34x7cj7EYj0cxGVMwFS/jdczEbMzFfCzEYnyOZfga32M11mIdNmATtvBHGuWH1EqNVMkbKZdSeSJFUiB5kiO3JEOuSKqckWRJkgSJkxjZKztks6yTKImUCAmXMJklU2WijJOREiLB0k96SpAESoC0tg0GYCAGYS/sj8EYgqMwFCfiNJyNYRiOERiJUbget+BOjMYYjMMETMKTeBYvYjpmYBbmYB4WYBE+xVIsx0qswhr8ivXYiM0oLdIkDVInX6Ra3kmFlEmJFEuh5EuuZEumXJM0uSApckISJV5i/wHSroQXK5+ZtQAAAABJRU5ErkJggg==" /></g></g></g></g></g></g></svg>
