0<svg viewBox="-8 -4.5 16 9" xmlns="http://www.w3.org/2000/svg" xmlns:xlink="http://www.w3.org/1999/xlink" version="1.1" preserveAspectRatio="none"><g stroke-width="0.05" transform="scale(1, -1)"><g><g stroke-width="0" fill="#FFFFFF" transform="translate(-8, -4.5)" fill-opacity="1"><rect width="16" height="9" /></g><g stroke-width="0.1" stroke="#000000" fill-opacity="0"><g transform="translate(0, 0)"><g transform="scale(0.0625, 9)"><g transform="scale(1, -1)"><image width="256" height="1" x="-128" y="-0.5" xlink:href="data:image/png;base64,iVBORw0KGgoAAAANSUhEUgAAAQAAAAABCAIAAAC+O+cgAAACVklEQVR4nB3CCUzNAQDH8e/MZrM1m1lma2bN1pqZWcMMa67F3GfuY7TEEpMjEZYjhMpVodyUJEkkISlJlFJJkujSffd6vff/mffZBwmLMIku0S6aRYOoE1WiUpSL7wbFBoUGeQa5Rr9so3+mMSDdGJhmtUuxDkq2Dk60Dom3Do21DrtrcbhpGR5lGRFhcbzYNzK0zym4zzmob1SgeXSAeYyfeayv2cWnd5xX74TNvRPXmia5m6YsNLnO6pnq2jN9XPdM5243++7ZdM2hax6dC+hcROcSOpbR4U77StpX07aWtvW0baR1E60etHjS4kXzNpq9afKhaSeNu2jcTcNe6v2o9+fvQf4eou4IdYHUHqP2BDUnqQ6m+ixVIVSF8ecCvy/xO5zKSCqv8iuaihtU3OLnHcrvUR7DjzjK4ilL4HsipUmUJvMthW+plKRR/JqidIoy+JpFYTaFORTk8uUzX/LJLyCviLwSPpfyqYxP5eRW8LGSnCpyavhQR3Y92Y28byarlcx2Mjt5102GiQwzby2kG7zR/6/FK5Fm+1Kkihe2KeK5eGabLJ6KJPHENlE8Fgm2j0S8eCjibB+IWBEj7ot7tnfFHXFb3BI3xQ1x3TZaRIlr4qq4IiJFhAgXl8UlcVFcEOdFmAgVIeKcOCvOiGBxWpwSQeKEOC6OiaMiUBwRh8UhESAOCH+xX+wTe8Ue4St2iZ1ih9guvMU2sVVsEZ7CQ2wSG8UGsU6sEavECrFcLBWLxUIxX8wVs4WbmCGmCVcxWUwU44WLGCNGCSfhKByEvbAT6B8DrYx5Ykn+OwAAAABJRU5ErkJggg==" /></g></g></g></g></g></g></svg>
1<svg viewBox="-8 -4.5 16 9" xmlns="http://www.w3.org/2000/svg" xmlns:xlink="http://www.w3.org/1999/xlink" version="1.1" preserveAspectRatio="none"><g stroke-width="0.05" transform="scale(1, -1)"><g><g stroke-width="0" fill="#FFFFFF" transform="translate(-8, -4.5)" fill-opacity="1"><rect width="16" height="9" /></g><g stroke-width="0.1" stroke="#000000" fill-opacity="0"><g transform="translate(0, 0)"><g transform="scale(0.0625, 9)"><g transform="scale(1, -1)"><image width="256" height="1" x="-128" y="-0.5" xlink:href="data:image/png;base64,iVBORw0KGgoAAAANSUhEUgAAAQAAAAABCAIAAAC+O+cgAAACVklEQVR4nB3CCUzNAQDH8e/MZrM1m1lma2bN1pqZWcMMa67F3GfuY7TEEpMjEZYjhMpVodyUJEkkISlJlFJJkujSffd6vff/mffZBwmLMIku0S6aRYOoE1WiUpSL7wbFBoUGeQa5Rr9so3+mMSDdGJhmtUuxDkq2Dk60Dom3Do21DrtrcbhpGR5lGRFhcbzYNzK0zym4zzmob1SgeXSAeYyfeayv2cWnd5xX74TNvRPXmia5m6YsNLnO6pnq2jN9XPdM5243++7ZdM2hax6dC+hcROcSOpbR4U77StpX07aWtvW0baR1E60etHjS4kXzNpq9afKhaSeNu2jcTcNe6v2o9+fvQf4eou4IdYHUHqP2BDUnqQ6m+ixVIVSF8ecCvy/xO5zKSCqv8iuaihtU3OLnHcrvUR7DjzjK4ilL4HsipUmUJvMthW+plKRR/JqidIoy+JpFYTaFORTk8uUzX/LJLyCviLwSPpfyqYxP5eRW8LGSnCpyavhQR3Y92Y28byarlcx2Mjt5102GiQwzby2kG7zR/6/FK5Fm+1Kkihe2KeK5eGabLJ6KJPHENlE8Fgm2j0S8eCjibB+IWBEj7ot7tnfFHXFb3BI3xQ1x3TZaRIlr4qq4IiJFhAgXl8UlcVFcEOdFmAgVIeKcOCvOiGBxWpwSQeKEOC6OiaMiUBwRh8UhESAOCH+xX+wTe8Ue4St2iZ1ih9guvMU2sVVsEZ7CQ2wSG8UGsU6sEavECrFcLBWLxUIxX8wVs4WbmCGmCVcxWUwU44WLGCNGCSfhKByEvbAT6B8DrYx5Ykn+OwAAAABJRU5ErkJggg==" /></g></g></g></g></g></g></svg>
2<svg viewBox="-8 -4.5 16 9" xmlns="http://www.w3.org/2000/svg" xmlns:xlink="http://www.w3.org/1999/xlink" version="1.1" preserveAspectRatio="none"><g stroke-width="0.05" transform="scale(1, -1)"><g><g stroke-width="0" fill="#FFFFFF" transform="translate(-8, -4.5)" fill-opacity="1"><rect width="16" height="9" /></g><g stroke-width="0.1" stroke="#000000" fill-opacity="0"><g transform="translate(0, 0)"><g transform="scale(0.0625, 9)"><g transform="scale(1, -1)"><image width="256" height="1" x="-128" y="-0.5" xlink:href="data:image/png;base64,iVBORw0KGgoAAAANSUhEUgAAAQAAAAABCAIAAAC+O+cgAAACVklEQVR4nB3CCUzNAQDH8e/MZrM1m1lma2bN1pqZWcMMa67F3GfuY7TEEpMjEZYjhMpVodyUJEkkISlJlFJJkujSffd6vff/mffZBwmLMIku0S6aRYOoE1WiUpSL7wbFBoUGeQa5Rr9so3+mMSDdGJhmtUuxDkq2Dk60Dom3Do21DrtrcbhpGR5lGRFhcbzYNzK0zym4zzmob1SgeXSAeYyfeayv2cWnd5xX74TNvRPXmia5m6YsNLnO6pnq2jN9XPdM5243++7ZdM2hax6dC+hcROcSOpbR4U77StpX07aWtvW0baR1E60etHjS4kXzNpq9afKhaSeNu2jcTcNe6v2o9+fvQf4eou4IdYHUHqP2BDUnqQ6m+ixVIVSF8ecCvy/xO5zKSCqv8iuaihtU3OLnHcrvUR7DjzjK4ilL4HsipUmUJvMthW+plKRR/JqidIoy+JpFYTaFORTk8uUzX/LJLyCviLwSPpfyqYxP5eRW8LGSnCpyavhQR3Y92Y28byarlcx2Mjt5102GiQwzby2kG7zR/6/FK5Fm+1Kkihe2KeK5eGabLJ6KJPHENlE8Fgm2j0S8eCjibB+IWBEj7ot7tnfFHXFb3BI3xQ1x3TZaRIlr4qq4IiJFhAgXl8UlcVFcEOdFmAgVIeKcOCvOiGBxWpwSQeKEOC6OiaMiUBwRh8UhESAOCH+xX+wTe8Ue4St2iZ1ih9guvMU2sVVsEZ7CQ2wSG8UGsU6sEavECrFcLBWLxUIxX8wVs4WbmCGmCVcxWUwU44WLGCNGCSfhKByEvbAT6B8DrYx5Ykn+OwAAAABJRU5ErkJggg==" /></g></g></g></g></g></g></svg>
3<svg viewBox="-8 -4.5 16 9" xmlns="http://www.w3.org/2000/svg" xmlns:xlink="http://www.w3.org/1999/xlink" version="1.1" preserveAspectRatio="none"><g stroke-width="0.05" transform="scale(1, -1)"><g><g stroke-width="0" fill="#FFFFFF" transform="translate(-8, -4.5)" fill-opacity="1"><rect width="16" height="9" /></g><g stroke-width="0.1" stroke="#000000" fill-opacity="0"><g transform="translate(0, 0)"><g transform="scale(0.0625, 9)"><g transform="scale(1, -1)"><image width="256" height="1" x="-128" y="-0.5" xlink:href="data:image/png;base64,iVBORw0KGgoAAAANSUhEUgAAAQAAAAABCAIAAAC+O+cgAAACVklEQVR4nB3CCUzNAQDH8e/MZrM1m1lma2bN1pqZWcMMa67F3GfuY7TEEpMjEZYjhMpVodyUJEkkISlJlFJJkujSffd6vff/mffZBwmLMIku0S6aRYOoE1WiUpSL7wbFBoUGeQa5Rr9so3+mMSDdGJhmtUuxDkq2Dk60Dom3Do21DrtrcbhpGR5lGRFhcbzYNzK0zym4zzmob1SgeXSAeYyfeayv2cWnd5xX74TNvRPXmia5m6YsNLnO6pnq2jN9XPdM5243++7ZdM2hax6dC+hcROcSOpbR4U77StpX07aWtvW0baR1E60etHjS4kXzNpq9afKhaSeNu2jcTcNe6v2o9+fvQf4eou4IdYHUHqP2BDUnqQ6m+ixVIVSF8ecCvy/xO5zKSCqv8iuaihtU3OLnHcrvUR7DjzjK4ilL4HsipUmUJvMthW+plKRR/JqidIoy+JpFYTaFORTk8uUzX/LJLyCviLwSPpfyqYxP5eRW8LGSnCpyavhQR3Y92Y28byarlcx2Mjt5102GiQwzby2kG7zR/6/FK5Fm+1Kkihe2KeK5eGabLJ6KJPHENlE8Fgm2j0S8eCjibB+IWBEj7ot7tnfFHXFb3BI3xQ1x3TZaRIlr4qq4IiJFhAgXl8UlcVFcEOdFmAgVIeKcOCvOiGBxWpwSQeKEOC6OiaMiUBwRh8UhESAOCH+xX+wTe8Ue4St2iZ1ih9guvMU2sVVsEZ7CQ2wSG8UGsU6sEavECrFcLBWLxUIxX8wVs4WbmCGmCVcxWUwU44WLGCNGCSfhKByEvbAT6B8DrYx5Ykn+OwAAAABJRU5ErkJggg==" /></g></g></g></g></g></g></svg>
4<svg viewBox="-8 -4.5 16 9" xmlns="http://www.w3.org/2000/svg" xmlns:xlink="http://www.w3.org/1999/xlink" version="1.1" preserveAspectRatio="none"><g stroke-width="0.05" transform="scale(1, -1)"><g><g stroke-width="0" fill="#FFFFFF" transform="translate(-8, -4.5)" fill-opacity="1"><rect width="16" height="9" /></g><g stroke-width="0.1" stroke="#000000" fill-opacity="0"><g transform="translate(0, 0)"><g transform="scale(0.0625, 9)"><g transform="scale(1, -1)"><image width="256" height="1" x="-128" y="-0.5" xlink:href="data:image/png;base64,iVBORw0KGgoAAAANSUhEUgAAAQAAAAABCAIAAAC+O+cgAAACVklEQVR4nB3CCUzNAQDH8e/MZrM1m1lma2bN1pqZWcMMa67F3GfuY7TEEpMjEZYjhMpVodyUJEkkISlJlFJJkujSffd6vff/mffZBwmLMIku0S6aRYOoE1WiUpSL7wbFBoUGeQa5Rr9so3+mMSDdGJhmtUuxDkq2Dk60Dom3Do21DrtrcbhpGR5lGRFhcbzYNzK0zym4zzmob1SgeXSAeYyfeayv2cWnd5xX74TNvRPXmia5m6YsNLnO6pnq2jN9XPdM5243++7ZdM2hax6dC+hcROcSOpbR4U77StpX07aWtvW0baR1E60etHjS4kXzNpq9afKhaSeNu2jcTcNe6v2o9+fvQf4eou4IdYHUHqP2BDUnqQ6m+ixVIVSF8ecCvy/xO5zKSCqv8iuaihtU3OLnHcrvUR7DjzjK4ilL4HsipUmUJvMthW+plKRR/JqidIoy+JpFYTaFORTk8uUzX/LJLyCviLwSPpfyqYxP5eRW8LGSnCpyavhQR3Y92Y28byarlcx2Mjt5102GiQwzby2kG7zR/6/FK5Fm+1Kkihe2KeK5eGabLJ6KJPHENlE8Fgm2j0S8eCjibB+IWBEj7ot7tnfFHXFb3BI3xQ1x3TZaRIlr4qq4IiJFhAgXl8UlcVFcEOdFmAgVIeKcOCvOiGBxWpwSQeKEOC6OiaMiUBwRh8UhESAOCH+xX+wTe8Ue4St2iZ1ih9guvMU2sVVsEZ7CQ2wSG8UGsU6sEavECrFcLBWLxUIxX8wVs4WbmCGmCVcxWUwU44WLGCNGCSfhKByEvbAT6B8DrYx5Ykn+OwAAAABJRU5ErkJggg==" /></g></g></g></g></g></g></svg>
5<svg viewBox="-8 -4.5 16 9" xmlns="http://www.w3.org/2000/svg" xmlns:xlink="http://www.w3.org/1999/xlink" version="1.1" preserveAspectRatio="none"><g stroke-width="0.05" transform="scale(1, -1)"><g><g stroke-width="0" fill="#FFFFFF" transform="translate(-8, -4.5)" fill-opacity="1"><rect width="16" height="9" /></g><g stroke-width="0.1" stroke="#000000" fill-opacity="0"><g transform="translate(0, 0)"><g transform="scale(0.0625, 9)"><g transform="scale(1, -1)"><image width="256" height="1" x="-128" y="-0.5" xlink:href="data:image/png;base64,iVBORw0KGgoAAAANSUhEUgAAAQAAAAABCAIAAAC+O+cgAAACVklEQVR4nB3CCUzNAQDH8e/MZrM1m1lma2bN1pqZWcMMa67F3GfuY7TEEpMjEZYjhMpVodyUJEkkISlJlFJJkujSffd6vff/mffZBwmLMIku0S6aRYOoE1WiUpSL7wbFBoUGeQa5Rr9so3+mMSDdGJhmtUuxDkq2Dk60Dom3Do21DrtrcbhpGR5lGRFhcbzYNzK0zym4zzmob1SgeXSAeYyfeayv2cWnd5xX74TNvRPXmia5m6YsNLnO6pnq2jN9XPdM5243++7ZdM2hax6dC+hcROcSOpbR4U77StpX07aWtvW0baR1E60etHjS4kXzNpq9afKhaSeNu2jcTcNe6v2o9+fvQf4eou4IdYHUHqP2BDUnqQ6m+ixVIVSF8ecCvy/xO5zKSCqv8iuaihtU3OLnHcrvUR7DjzjK4ilL4HsipUmUJvMthW+plKRR/JqidIoy+JpFYTaFORTk8uUzX/LJLyCviLwSPpfyqYxP5eRW8LGSnCpyavhQR3Y92Y28byarlcx2Mjt5102GiQwzby2kG7zR/6/FK5Fm+1Kkihe2KeK5eGabLJ6KJPHENlE8Fgm2j0S8eCjibB+IWBEj7ot7tnfFHXFb3BI3xQ1x3TZaRIlr4qq4IiJFhAgXl8UlcVFcEOdFmAgVIeKcOCvOiGBxWpwSQeKEOC6OiaMiUBwRh8UhESAOCH+xX+wTe8Ue4St2iZ1ih9guvMU2sVVsEZ7CQ2wSG8UGsU6sEavECrFcLBWLxUIxX8wVs4WbmCGmCVcxWUwU44WLGCNGCSfhKByEvbAT6B8DrYx5Ykn+OwAAAABJRU5ErkJggg==" /></g></g></g></g></g></g></svg>
6<svg viewBox="-8 -4.5 16 9" xmlns="http://www.w3.org/2000/svg" xmlns:xlink="http://www.w3.org/1999/xlink" version="1.1" preserveAspectRatio="none"><g stroke-width="0.05" transform="scale(1, -1)"><g><g stroke-width="0" fill="#FFFFFF" transform="translate(-8, -4.5)" fill-opacity="1"><rect width="16" height="9" /></g><g stroke-width="0.1" stroke="#000000" fill-opacity="0"><g transform="translate(0, 0)"><g transform="scale(0.0625, 9)"><g transform="scale(1, -1)"><image width="256" height="1" x="-128" y="-0.5" xlink:href="data:image/png;base64,iVBORw0KGgoAAAANSUhEUgAAAQAAAAABCAIAAAC+O+cgAAACVklEQVR4nB3CCUzNAQDH8e/MZrM1m1lma2bN1pqZWcMMa67F3GfuY7TEEpMjEZYjhMpVodyUJEkkISlJlFJJkujSffd6vff/mffZBwmLMIku0S6aRYOoE1WiUpSL7wbFBoUGeQa5Rr9so3+mMSDdGJhmtUuxDkq2Dk60Dom3Do21DrtrcbhpGR5lGRFhcbzYNzK0zym4zzmob1SgeXSAeYyfeayv2cWnd5xX74TNvRPXmia5m6YsNLnO6pnq2jN9XPdM5243++7ZdM2hax6dC+hcROcSOpbR4U77StpX07aWtvW0baR1E60etHjS4kXzNpq9afKhaSeNu2jcTcNe6v2o9+fvQf4eou4IdYHUHqP2BDUnqQ6m+ixVIVSF8ecCvy/xO5zKSCqv8iuaihtU3OLnHcrvUR7DjzjK4ilL4HsipUmUJvMthW+plKRR/JqidIoy+JpFYTaFORTk8uUzX/LJLyCviLwSPpfyqYxP5eRW8LGSnCpyavhQR3Y92Y28byarlcx2Mjt5102GiQwzby2kG7zR/6/FK5Fm+1Kkihe2KeK5eGabLJ6KJPHENlE8Fgm2j0S8eCjibB+IWBEj7ot7tnfFHXFb3BI3xQ1x3TZaRIlr4qq4IiJFhAgXl8UlcVFcEOdFmAgVIeKcOCvOiGBxWpwSQeKEOC6OiaMiUBwRh8UhESAOCH+xX+wTe8Ue4St2iZ1ih9guvMU2sVVsEZ7CQ2wSG8UGsU6sEavECrFcLBWLxUIxX8wVs4WbmCGmCVcxWUwU44WLGCNGCSfhKByEvbAT6B8DrYx5Ykn+OwAAAABJRU5ErkJggg==" /></g></g></g></g></g></g></svg>
7<svg viewBox="-8 -4.5 16 9" xmlns="http://www.w3.org/2000/svg" xmlns:xlink="http://www.w3.org/1999/xlink" version="1.1" preserveAspectRatio="none"><g stroke-width="0.05" transform="scale(1, -1)"><g><g stroke-width="0" fill="#FFFFFF" transform="translate(-8, -4.5)" fill-opacity="1"><rect width="16" height="9" /></g><g stroke-width="0.1" stroke="#000000" fill-opacity="0"><g transform="translate(0, 0)"><g transform="scale(0.0625, 9)"><g transform="scale(1, -1)"><image width="256" height="1" x="-128" y="-0.5" xlink:href="data:image/png;base64,iVBORw0KGgoAAAANSUhEUgAAAQAAAAABCAIAAAC+O+cgAAACVklEQVR4nB3CCUzNAQDH8e/MZrM1m1lma2bN1pqZWcMMa67F3GfuY7TEEpMjEZYjhMpVodyUJEkkISlJlFJJkujSffd6vff/mffZBwmLMIku0S6aRYOoE1WiUpSL7wbFBoUGeQa5Rr9so3+mMSDdGJhmtUuxDkq2Dk60Dom3Do21DrtrcbhpGR5lGRFhcbzYNzK0zym4zzmob1SgeXSAeYyfeayv2cWnd5xX74TNvRPXmia5m6YsNLnO6pnq2jN9XPdM5243++7ZdM2hax6dC+hcROcSOpbR4U77StpX07aWtvW0baR1E60etHjS4kXzNpq9afKhaSeNu2jcTcNe6v2o9+fvQf4eou4IdYHUHqP2BDUnqQ6m+ixVIVSF8ecCvy/xO5zKSCqv8iuaihtU3OLnHcrvUR7DjzjK4ilL4HsipUmUJvMthW+plKRR/JqidIoy+JpFYTaFORTk8uUzX/LJLyCviLwSPpfyqYxP5eRW8LGSnCpyavhQR3Y92Y28byarlcx2Mjt5102GiQwzby2kG7zR/6/FK5Fm+1Kkihe2KeK5eGabLJ6KJPHENlE8Fgm2j0S8eCjibB+IWBEj7ot7tnfFHXFb3BI3xQ1x3TZaRIlr4qq4IiJFhAgXl8UlcVFcEOdFmAgVIeKcOCvOiGBxWpwSQeKEOC6OiaMiUBwRh8UhESAOCH+xX+wTe8Ue4St2iZ1ih9guvMU2sVVsEZ7CQ2wSG8UGsU6sEavECrFcLBWLxUIxX8wVs4WbmCGmCVcxWUwU44WLGCNGCSfhKByEvbAT6B8DrYx5Ykn+OwAAAABJRU5ErkJggg==" /></g></g></g></g></g></g></svg>
8<svg viewBox="-8 -4.5 16 9" xmlns="http://www.w3.org/2000/svg" xmlns:xlink="http://www.w3.org/1999/xlink" version="1.1" preserveAspectRatio="none"><g stroke-width="0.05" transform="scale(1, -1)"><g><g stroke-width="0" fill="#FFFFFF" transform="translate(-8, -4.5)" fill-opacity="1"><rect width="16" height="9" /></g><g stroke-width="0.1" stroke="#000000" fill-opacity="0"><g transform="translate(0, 0)"><g transform="scale(0.0625, 9)"><g transform="scale(1, -1)"><image width="256" height="1" x="-128" y="-0.5" xlink:href="data:image/png;base64,iVBORw0KGgoAAAANSUhEUgAAAQAAAAABCAIAAAC+O+cgAAACVklEQVR4nB3CCUzNAQDH8e/MZrM1m1lma2bN1pqZWcMMa67F3GfuY7TEEpMjEZYjhMpVodyUJEkkISlJlFJJkujSffd6vff/mffZBwmLMIku0S6aRYOoE1WiUpSL7wbFBoUGeQa5Rr9so3+mMSDdGJhmtUuxDkq2Dk60Dom3Do21DrtrcbhpGR5lGRFhcbzYNzK0zym4zzmob1SgeXSAeYyfeayv2cWnd5xX74TNvRPXmia5m6YsNLnO6pnq2jN9XPdM5243++7ZdM2hax6dC+hcROcSOpbR4U77StpX07aWtvW0baR1E60etHjS4kXzNpq9afKhaSeNu2jcTcNe6v2o9+fvQf4eou4IdYHUHqP2BDUnqQ6m+ixVIVSF8ecCvy/xO5zKSCqv8iuaihtU3OLnHcrvUR7DjzjK4ilL4HsipUmUJvMthW+plKRR/JqidIoy+JpFYTaFORTk8uUzX/LJLyCviLwSPpfyqYxP5eRW8LGSnCpyavhQR3Y92Y28byarlcx2Mjt5102GiQwzby2kG7zR/6/FK5Fm+1Kkihe2KeK5eGabLJ6KJPHENlE8Fgm2j0S8eCjibB+IWBEj7ot7tnfFHXFb3BI3xQ1x3TZaRIlr4qq4IiJFhAgXl8UlcVFcEOdFmAgVIeKcOCvOiGBxWpwSQeKEOC6OiaMiUBwRh8UhESAOCH+xX+wTe8Ue4St2iZ1ih9guvMU2sVVsEZ7CQ2wSG8UGsU6sEavECrFcLBWLxUIxX8wVs4WbmCGmCVcxWUwU44WLGCNGCSfhKByEvbAT6B8DrYx5Ykn+OwAAAABJRU5ErkJggg==" /></g></g></g></g></g></g></svg>
9<svg viewBox="-8 -4.5 16 9" xmlns="http://www.w3.org/2000/svg" xmlns:xlink="http://www.w3.org/1999/xlink" version="1.1" preserveAspectRatio="none"><g stroke-width="0.05" transform="scale(1, -1)"><g><g stroke-width="0" fill="#FFFFFF" transform="translate(-8, -4.5)" fill-opacity="1"><rect width="16" height="9" /></g><g stroke-width="0.1" stroke="#000000" fill-opacity="0"><g transform="translate(0, 0)"><g transform="scale(0.0625, 9)"><g transform="scale(1, -1)"><image width="256" height="1" x="-128" y="-0.5" xlink:href="data:image/png;base64,iVBORw0KGgoAAAANSUhEUgAAAQAAAAABCAIAAAC+O+cgAAACVklEQVR4nB3CCUzNAQDH8e/MZrM1m1lma2bN1pqZWcMMa67F3GfuY7TEEpMjEZYjhMpVodyUJEkkISlJlFJJkujSffd6vff/mffZBwmLMIku0S6aRYOoE1WiUpSL7wbFBoUGeQa5Rr9so3+mMSDdGJhmtUuxDkq2Dk60Dom3Do21DrtrcbhpGR5lGRFhcbzYNzK0zym4zzmob1SgeXSAeYyfeayv2cWnd5xX74TNvRPXmia5m6YsNLnO6pnq2jN9XPdM5243++7ZdM2hax6dC+hcROcSOpbR4U77StpX07aWtvW0baR1E60etHjS4kXzNpq9afKhaSeNu2jcTcNe6v2o9+fvQf4eou4IdYHUHqP2BDUnqQ6m+ixVIVSF8ecCvy/xO5zKSCqv8iuaihtU3OLnHcrvUR7DjzjK4ilL4HsipUmUJvMthW+plKRR/JqidIoy+JpFYTaFORTk8uUzX/LJLyCviLwSPpfyqYxP5eRW8LGSnCpyavhQR3Y92Y28byarlcx2Mjt5102GiQwzby2kG7zR/6/FK5Fm+1Kkihe2KeK5eGabLJ6KJPHENlE8Fgm2j0S8eCjibB+IWBEj7ot7tnfFHXFb3BI3xQ1x3TZaRIlr4qq4IiJFhAgXl8UlcVFcEOdFmAgVIeKcOCvOiGBxWpwSQeKEOC6OiaMiUBwRh8UhESAOCH+xX+wTe8Ue4St2iZ1ih9guvMU2sVVsEZ7CQ2wSG8UGsU6sEavECrFcLBWLxUIxX8wVs4WbmCGmCVcxWUwU44WLGCNGCSfhKByEvbAT6B8DrYx5Ykn+OwAAAABJRU5ErkJggg==" /></g></g></g></g></g></g></svg>
