0<svg viewBox="-8 -4.5 16 9" xmlns="http://www.w3.org/2000/svg" xmlns:xlink="http://www.w3.org/1999/xlink" version="1.1" preserveAspectRatio="none"><g stroke-width="0.05" transform="scale(1, -1)"><g><g stroke-width="0" fill="#FFFFFF" transform="translate(-8, -4.5)" fill-opacity="1"><rect width="16" height="9" /></g><g stroke-width="0.1" stroke="#000000" fill-opacity="0"><g transform="translate(-8, 4.5)"><g stroke-width="0" transform="scale(1, -1)" fill-opacity="1"><svg viewBox="0 0 256 181" xmlns="http://www.w3.org/2000/svg" xmlns:xlink="http://www.w3.org/1999/xlink" version="1.1">  <g>    <path fill="#F97E2F" d="M0,180.6639 L60.221992,90.33195 L0,0 L45.165975,0 L105.387967,90.33195 L45.165975,180.6639 L0,180.6639 L0,180.6639 Z" />    <path fill="#95653A" d="M60.221992,180.6639 L120.443984,90.33195 L60.221992,0 L105.387967,0 L225.829875,180.6639 L180.6639,180.6639 L143.026971,124.207469 L105.387967,180.6639 L60.221992,180.6639 L60.221992,180.6639 Z" />    <path fill="#F97E2F" d="M205.757262,127.970954 L185.684647,97.860996 L255.941909,97.858921 L255.941909,127.970954 L205.757262,127.970954 L205.757262,127.970954 Z" />    <path fill="#F97E2F" d="M175.647303,82.804979 L155.572614,52.695021 L255.941909,52.692946 L255.941909,82.804979 L175.647303,82.804979 L175.647303,82.804979 Z" />  </g></svg></g></g></g></g></g></svg>
1<svg viewBox="-8 -4.5 16 9" xmlns="http://www.w3.org/2000/svg" xmlns:xlink="http://www.w3.org/1999/xlink" version="1.1" preserveAspectRatio="none"><g stroke-width="0.05" transform="scale(1, -1)"><g><g stroke-width="0" fill="#FFFFFF" transform="translate(-8, -4.5)" fill-opacity="1"><rect width="16" height="9" /></g><g stroke-width="0.1" stroke="#000000" fill-opacity="0"><g transform="translate(-8, 4.5)"><g stroke-width="0" transform="scale(1, -1)" fill-opacity="1"><svg viewBox="0 0 256 181" xmlns="http://www.w3.org/2000/svg" xmlns:xlink="http://www.w3.org/1999/xlink" version="1.1">  <g>    <path fill="#F97E2F" d="M0,180.6639 L60.221992,90.33195 L0,0 L45.165975,0 L105.387967,90.33195 L45.165975,180.6639 L0,180.6639 L0,180.6639 Z" />    <path fill="#95653A" d="M60.221992,180.6639 L120.443984,90.33195 L60.221992,0 L105.387967,0 L225.829875,180.6639 L180.6639,180.6639 L143.026971,124.207469 L105.387967,180.6639 L60.221992,180.6639 L60.221992,180.6639 Z" />    <path fill="#F97E2F" d="M205.757262,127.970954 L185.684647,97.860996 L255.941909,97.858921 L255.941909,127.970954 L205.757262,127.970954 L205.757262,127.970954 Z" />    <path fill="#F97E2F" d="M175.647303,82.804979 L155.572614,52.695021 L255.941909,52.692946 L255.941909,82.804979 L175.647303,82.804979 L175.647303,82.804979 Z" />  </g></svg></g></g></g></g></g></svg>
2<svg viewBox="-8 -4.5 16 9" xmlns="http://www.w3.org/2000/svg" xmlns:xlink="http://www.w3.org/1999/xlink" version="1.1" preserveAspectRatio="none"><g stroke-width="0.05" transform="scale(1, -1)"><g><g stroke-width="0" fill="#FFFFFF" transform="translate(-8, -4.5)" fill-opacity="1"><rect width="16" height="9" /></g><g stroke-width="0.1" stroke="#000000" fill-opacity="0"><g transform="translate(-8, 4.5)"><g stroke-width="0" transform="scale(1, -1)" fill-opacity="1"><svg viewBox="0 0 256 181" xmlns="http://www.w3.org/2000/svg" xmlns:xlink="http://www.w3.org/1999/xlink" version="1.1">  <g>    <path fill="#F97E2F" d="M0,180.6639 L60.221992,90.33195 L0,0 L45.165975,0 L105.387967,90.33195 L45.165975,180.6639 L0,180.6639 L0,180.6639 Z" />    <path fill="#95653A" d="M60.221992,180.6639 L120.443984,90.33195 L60.221992,0 L105.387967,0 L225.829875,180.6639 L180.6639,180.6639 L143.026971,124.207469 L105.387967,180.6639 L60.221992,180.6639 L60.221992,180.6639 Z" />    <path fill="#F97E2F" d="M205.757262,127.970954 L185.684647,97.860996 L255.941909,97.858921 L255.941909,127.970954 L205.757262,127.970954 L205.757262,127.970954 Z" />    <path fill="#F97E2F" d="M175.647303,82.804979 L155.572614,52.695021 L255.941909,52.692946 L255.941909,82.804979 L175.647303,82.804979 L175.647303,82.804979 Z" />  </g></svg></g></g></g></g></g></svg>
3<svg viewBox="-8 -4.5 16 9" xmlns="http://www.w3.org/2000/svg" xmlns:xlink="http://www.w3.org/1999/xlink" version="1.1" preserveAspectRatio="none"><g stroke-width="0.05" transform="scale(1, -1)"><g><g stroke-width="0" fill="#FFFFFF" transform="translate(-8, -4.5)" fill-opacity="1"><rect width="16" height="9" /></g><g stroke-width="0.1" stroke="#000000" fill-opacity="0"><g transform="translate(-8, 4.5)"><g stroke-width="0" transform="scale(1, -1)" fill-opacity="1"><svg viewBox="0 0 256 181" xmlns="http://www.w3.org/2000/svg" xmlns:xlink="http://www.w3.org/1999/xlink" version="1.1">  <g>    <path fill="#F97E2F" d="M0,180.6639 L60.221992,90.33195 L0,0 L45.165975,0 L105.387967,90.33195 L45.165975,180.6639 L0,180.6639 L0,180.6639 Z" />    <path fill="#95653A" d="M60.221992,180.6639 L120.443984,90.33195 L60.221992,0 L105.387967,0 L225.829875,180.6639 L180.6639,180.6639 L143.026971,124.207469 L105.387967,180.6639 L60.221992,180.6639 L60.221992,180.6639 Z" />    <path fill="#F97E2F" d="M205.757262,127.970954 L185.684647,97.860996 L255.941909,97.858921 L255.941909,127.970954 L205.757262,127.970954 L205.757262,127.970954 Z" />    <path fill="#F97E2F" d="M175.647303,82.804979 L155.572614,52.695021 L255.941909,52.692946 L255.941909,82.804979 L175.647303,82.804979 L175.647303,82.804979 Z" />  </g></svg></g></g></g></g></g></svg>
4<svg viewBox="-8 -4.5 16 9" xmlns="http://www.w3.org/2000/svg" xmlns:xlink="http://www.w3.org/1999/xlink" version="1.1" preserveAspectRatio="none"><g stroke-width="0.05" transform="scale(1, -1)"><g><g stroke-width="0" fill="#FFFFFF" transform="translate(-8, -4.5)" fill-opacity="1"><rect width="16" height="9" /></g><g stroke-width="0.1" stroke="#000000" fill-opacity="0"><g transform="translate(-8, 4.5)"><g stroke-width="0" transform="scale(1, -1)" fill-opacity="1"><svg viewBox="0 0 256 181" xmlns="http://www.w3.org/2000/svg" xmlns:xlink="http://www.w3.org/1999/xlink" version="1.1">  <g>    <path fill="#F97E2F" d="M0,180.6639 L60.221992,90.33195 L0,0 L45.165975,0 L105.387967,90.33195 L45.165975,180.6639 L0,180.6639 L0,180.6639 Z" />    <path fill="#95653A" d="M60.221992,180.6639 L120.443984,90.33195 L60.221992,0 L105.387967,0 L225.829875,180.6639 L180.6639,180.6639 L143.026971,124.207469 L105.387967,180.6639 L60.221992,180.6639 L60.221992,180.6639 Z" />    <path fill="#F97E2F" d="M205.757262,127.970954 L185.684647,97.860996 L255.941909,97.858921 L255.941909,127.970954 L205.757262,127.970954 L205.757262,127.970954 Z" />    <path fill="#F97E2F" d="M175.647303,82.804979 L155.572614,52.695021 L255.941909,52.692946 L255.941909,82.804979 L175.647303,82.804979 L175.647303,82.804979 Z" />  </g></svg></g></g></g></g></g></svg>
5<svg viewBox="-8 -4.5 16 9" xmlns="http://www.w3.org/2000/svg" xmlns:xlink="http://www.w3.org/1999/xlink" version="1.1" preserveAspectRatio="none"><g stroke-width="0.05" transform="scale(1, -1)"><g><g stroke-width="0" fill="#FFFFFF" transform="translate(-8, -4.5)" fill-opacity="1"><rect width="16" height="9" /></g><g stroke-width="0.1" stroke="#000000" fill-opacity="0"><g transform="translate(-8, 4.5)"><g stroke-width="0" transform="scale(1, -1)" fill-opacity="1"><svg viewBox="0 0 256 181" xmlns="http://www.w3.org/2000/svg" xmlns:xlink="http://www.w3.org/1999/xlink" version="1.1">  <g>    <path fill="#F97E2F" d="M0,180.6639 L60.221992,90.33195 L0,0 L45.165975,0 L105.387967,90.33195 L45.165975,180.6639 L0,180.6639 L0,180.6639 Z" />    <path fill="#95653A" d="M60.221992,180.6639 L120.443984,90.33195 L60.221992,0 L105.387967,0 L225.829875,180.6639 L180.6639,180.6639 L143.026971,124.207469 L105.387967,180.6639 L60.221992,180.6639 L60.221992,180.6639 Z" />    <path fill="#F97E2F" d="M205.757262,127.970954 L185.684647,97.860996 L255.941909,97.858921 L255.941909,127.970954 L205.757262,127.970954 L205.757262,127.970954 Z" />    <path fill="#F97E2F" d="M175.647303,82.804979 L155.572614,52.695021 L255.941909,52.692946 L255.941909,82.804979 L175.647303,82.804979 L175.647303,82.804979 Z" />  </g></svg></g></g></g></g></g></svg>
6<svg viewBox="-8 -4.5 16 9" xmlns="http://www.w3.org/2000/svg" xmlns:xlink="http://www.w3.org/1999/xlink" version="1.1" preserveAspectRatio="none"><g stroke-width="0.05" transform="scale(1, -1)"><g><g stroke-width="0" fill="#FFFFFF" transform="translate(-8, -4.5)" fill-opacity="1"><rect width="16" height="9" /></g><g stroke-width="0.1" stroke="#000000" fill-opacity="0"><g transform="translate(-8, 4.5)"><g stroke-width="0" transform="scale(1, -1)" fill-opacity="1"><svg viewBox="0 0 256 181" xmlns="http://www.w3.org/2000/svg" xmlns:xlink="http://www.w3.org/1999/xlink" version="1.1">  <g>    <path fill="#F97E2F" d="M0,180.6639 L60.221992,90.33195 L0,0 L45.165975,0 L105.387967,90.33195 L45.165975,180.6639 L0,180.6639 L0,180.6639 Z" />    <path fill="#95653A" d="M60.221992,180.6639 L120.443984,90.33195 L60.221992,0 L105.387967,0 L225.829875,180.6639 L180.6639,180.6639 L143.026971,124.207469 L105.387967,180.6639 L60.221992,180.6639 L60.221992,180.6639 Z" />    <path fill="#F97E2F" d="M205.757262,127.970954 L185.684647,97.860996 L255.941909,97.858921 L255.941909,127.970954 L205.757262,127.970954 L205.757262,127.970954 Z" />    <path fill="#F97E2F" d="M175.647303,82.804979 L155.572614,52.695021 L255.941909,52.692946 L255.941909,82.804979 L175.647303,82.804979 L175.647303,82.804979 Z" />  </g></svg></g></g></g></g></g></svg>
7<svg viewBox="-8 -4.5 16 9" xmlns="http://www.w3.org/2000/svg" xmlns:xlink="http://www.w3.org/1999/xlink" version="1.1" preserveAspectRatio="none"><g stroke-width="0.05" transform="scale(1, -1)"><g><g stroke-width="0" fill="#FFFFFF" transform="translate(-8, -4.5)" fill-opacity="1"><rect width="16" height="9" /></g><g stroke-width="0.1" stroke="#000000" fill-opacity="0"><g transform="translate(-8, 4.5)"><g stroke-width="0" transform="scale(1, -1)" fill-opacity="1"><svg viewBox="0 0 256 181" xmlns="http://www.w3.org/2000/svg" xmlns:xlink="http://www.w3.org/1999/xlink" version="1.1">  <g>    <path fill="#F97E2F" d="M0,180.6639 L60.221992,90.33195 L0,0 L45.165975,0 L105.387967,90.33195 L45.165975,180.6639 L0,180.6639 L0,180.6639 Z" />    <path fill="#95653A" d="M60.221992,180.6639 L120.443984,90.33195 L60.221992,0 L105.387967,0 L225.829875,180.6639 L180.6639,180.6639 L143.026971,124.207469 L105.387967,180.6639 L60.221992,180.6639 L60.221992,180.6639 Z" />    <path fill="#F97E2F" d="M205.757262,127.970954 L185.684647,97.860996 L255.941909,97.858921 L255.941909,127.970954 L205.757262,127.970954 L205.757262,127.970954 Z" />    <path fill="#F97E2F" d="M175.647303,82.804979 L155.572614,52.695021 L255.941909,52.692946 L255.941909,82.804979 L175.647303,82.804979 L175.647303,82.804979 Z" />  </g></svg></g></g></g></g></g></svg>
8<svg viewBox="-8 -4.5 16 9" xmlns="http://www.w3.org/2000/svg" xmlns:xlink="http://www.w3.org/1999/xlink" version="1.1" preserveAspectRatio="none"><g stroke-width="0.05" transform="scale(1, -1)"><g><g stroke-width="0" fill="#FFFFFF" transform="translate(-8, -4.5)" fill-opacity="1"><rect width="16" height="9" /></g><g stroke-width="0.1" stroke="#000000" fill-opacity="0"><g transform="translate(-8, 4.5)"><g stroke-width="0" transform="scale(1, -1)" fill-opacity="1"><svg viewBox="0 0 256 181" xmlns="http://www.w3.org/2000/svg" xmlns:xlink="http://www.w3.org/1999/xlink" version="1.1">  <g>    <path fill="#F97E2F" d="M0,180.6639 L60.221992,90.33195 L0,0 L45.165975,0 L105.387967,90.33195 L45.165975,180.6639 L0,180.6639 L0,180.6639 Z" />    <path fill="#95653A" d="M60.221992,180.6639 L120.443984,90.33195 L60.221992,0 L105.387967,0 L225.829875,180.6639 L180.6639,180.6639 L143.026971,124.207469 L105.387967,180.6639 L60.221992,180.6639 L60.221992,180.6639 Z" />    <path fill="#F97E2F" d="M205.757262,127.970954 L185.684647,97.860996 L255.941909,97.858921 L255.941909,127.970954 L205.757262,127.970954 L205.757262,127.970954 Z" />    <path fill="#F97E2F" d="M175.647303,82.804979 L155.572614,52.695021 L255.941909,52.692946 L255.941909,82.804979 L175.647303,82.804979 L175.647303,82.804979 Z" />  </g></svg></g></g></g></g></g></svg>
9<svg viewBox="-8 -4.5 16 9" xmlns="http://www.w3.org/2000/svg" xmlns:xlink="http://www.w3.org/1999/xlink" version="1.1" preserveAspectRatio="none"><g stroke-width="0.05" transform="scale(1, -1)"><g><g stroke-width="0" fill="#FFFFFF" transform="translate(-8, -4.5)" fill-opacity="1"><rect width="16" height="9" /></g><g stroke-width="0.1" stroke="#000000" fill-opacity="0"><g transform="translate(-8, 4.5)"><g stroke-width="0" transform="scale(1, -1)" fill-opacity="1"><svg viewBox="0 0 256 181" xmlns="http://www.w3.org/2000/svg" xmlns:xlink="http://www.w3.org/1999/xlink" version="1.1">  <g>    <path fill="#F97E2F" d="M0,180.6639 L60.221992,90.33195 L0,0 L45.165975,0 L105.387967,90.33195 L45.165975,180.6639 L0,180.6639 L0,180.6639 Z" />    <path fill="#95653A" d="M60.221992,180.6639 L120.443984,90.33195 L60.221992,0 L105.387967,0 L225.829875,180.6639 L180.6639,180.6639 L143.026971,124.207469 L105.387967,180.6639 L60.221992,180.6639 L60.221992,180.6639 Z" />    <path fill="#F97E2F" d="M205.757262,127.970954 L185.684647,97.860996 L255.941909,97.858921 L255.941909,127.970954 L205.757262,127.970954 L205.757262,127.970954 Z" />    <path fill="#F97E2F" d="M175.647303,82.804979 L155.572614,52.695021 L255.941909,52.692946 L255.941909,82.804979 L175.647303,82.804979 L175.647303,82.804979 Z" />  </g></svg></g></g></g></g></g></svg>
