0<svg viewBox="-8 -4.5 16 9" xmlns="http://www.w3.org/2000/svg" xmlns:xlink="http://www.w3.org/1999/xlink" version="1.1" preserveAspectRatio="none"><g stroke-width="0.05" transform="scale(1, -1)"><g><g stroke-width="0" fill="#000000" transform="translate(-8, -4.5)" fill-opacity="1"><rect width="16" height="9" /></g><filter id="blur" width="300%" height="300%" x="-100%" y="-100%">  <feGaussianBlur result="blur" stdDeviation="0.2" /></filter><filter id="goo" width="300%" height="300%" x="-100%" y="-100%">  <feGaussianBlur result="blur" stdDeviation="0.2" />  <feColorMatrix result="goo" values="1 0 0 0 0 0 1 0 0 0 0 0 1 0 0 0 0 0 20 -10" />  <feComposite in="SourceGraphic" in2="goo" operator="atop" /></filter><g transform="translate(0, 2.2)"><g fill="#FF0000"><g transform="translate(0, 0)"><circle r="1" /></g><g transform="translate(0, 0)"><circle r="1" /></g></g></g><g fill="#FF0000" filter="url(#blur)"><g transform="translate(0, 0)"><circle r="1" /></g><g transform="translate(0, 0)"><circle r="1" /></g></g><g transform="translate(0, -2.2)"><g fill="#FF0000" filter="url(#goo)"><g transform="translate(0, 0)"><circle r="1" /></g><g transform="translate(0, 0)"><circle r="1" /></g></g></g></g></g></svg>
1<svg viewBox="-8 -4.5 16 9" xmlns="http://www.w3.org/2000/svg" xmlns:xlink="http://www.w3.org/1999/xlink" version="1.1" preserveAspectRatio="none"><g stroke-width="0.05" transform="scale(1, -1)"><g><g stroke-width="0" fill="#000000" transform="translate(-8, -4.5)" fill-opacity="1"><rect width="16" height="9" /></g><filter id="blur" width="300%" height="300%" x="-100%" y="-100%">  <feGaussianBlur result="blur" stdDeviation="0.2" /></filter><filter id="goo" width="300%" height="300%" x="-100%" y="-100%">  <feGaussianBlur result="blur" stdDeviation="0.2" />  <feColorMatrix result="goo" values="1 0 0 0 0 0 1 0 0 0 0 0 1 0 0 0 0 0 20 -10" />  <feComposite in="SourceGraphic" in2="goo" operator="atop" /></filter><g transform="translate(0, 2.2)"><g fill="#FF0000"><g transform="translate(-0.148148, 0)"><circle r="1" /></g><g transform="translate(0.148148, 0)"><circle r="1" /></g></g></g><g fill="#FF0000" filter="url(#blur)"><g transform="translate(-0.148148, 0)"><circle r="1" /></g><g transform="translate(0.148148, 0)"><circle r="1" /></g></g><g transform="translate(0, -2.2)"><g fill="#FF0000" filter="url(#goo)"><g transform="translate(-0.148148, 0)"><circle r="1" /></g><g transform="translate(0.148148, 0)"><circle r="1" /></g></g></g></g></g></svg>
2<svg viewBox="-8 -4.5 16 9" xmlns="http://www.w3.org/2000/svg" xmlns:xlink="http://www.w3.org/1999/xlink" version="1.1" preserveAspectRatio="none"><g stroke-width="0.05" transform="scale(1, -1)"><g><g stroke-width="0" fill="#000000" transform="translate(-8, -4.5)" fill-opacity="1"><rect width="16" height="9" /></g><filter id="blur" width="300%" height="300%" x="-100%" y="-100%">  <feGaussianBlur result="blur" stdDeviation="0.2" /></filter><filter id="goo" width="300%" height="300%" x="-100%" y="-100%">  <feGaussianBlur result="blur" stdDeviation="0.2" />  <feColorMatrix result="goo" values="1 0 0 0 0 0 1 0 0 0 0 0 1 0 0 0 0 0 20 -10" />  <feComposite in="SourceGraphic" in2="goo" operator="atop" /></filter><g transform="translate(0, 2.2)"><g fill="#FF0000"><g transform="translate(-0.592593, 0)"><circle r="1" /></g><g transform="translate(0.592593, 0)"><circle r="1" /></g></g></g><g fill="#FF0000" filter="url(#blur)"><g transform="translate(-0.592593, 0)"><circle r="1" /></g><g transform="translate(0.592593, 0)"><circle r="1" /></g></g><g transform="translate(0, -2.2)"><g fill="#FF0000" filter="url(#goo)"><g transform="translate(-0.592593, 0)"><circle r="1" /></g><g transform="translate(0.592593, 0)"><circle r="1" /></g></g></g></g></g></svg>
3<svg viewBox="-8 -4.5 16 9" xmlns="http://www.w3.org/2000/svg" xmlns:xlink="http://www.w3.org/1999/xlink" version="1.1" preserveAspectRatio="none"><g stroke-width="0.05" transform="scale(1, -1)"><g><g stroke-width="0" fill="#000000" transform="translate(-8, -4.5)" fill-opacity="1"><rect width="16" height="9" /></g><filter id="blur" width="300%" height="300%" x="-100%" y="-100%">  <feGaussianBlur result="blur" stdDeviation="0.2" /></filter><filter id="goo" width="300%" height="300%" x="-100%" y="-100%">  <feGaussianBlur result="blur" stdDeviation="0.2" />  <feColorMatrix result="goo" values="1 0 0 0 0 0 1 0 0 0 0 0 1 0 0 0 0 0 20 -10" />  <feComposite in="SourceGraphic" in2="goo" operator="atop" /></filter><g transform="translate(0, 2.2)"><g fill="#FF0000"><g transform="translate(-1.166667, 0)"><circle r="1" /></g><g transform="translate(1.166667, 0)"><circle r="1" /></g></g></g><g fill="#FF0000" filter="url(#blur)"><g transform="translate(-1.166667, 0)"><circle r="1" /></g><g transform="translate(1.166667, 0)"><circle r="1" /></g></g><g transform="translate(0, -2.2)"><g fill="#FF0000" filter="url(#goo)"><g transform="translate(-1.166667, 0)"><circle r="1" /></g><g transform="translate(1.166667, 0)"><circle r="1" /></g></g></g></g></g></svg>
4<svg viewBox="-8 -4.5 16 9" xmlns="http://www.w3.org/2000/svg" xmlns:xlink="http://www.w3.org/1999/xlink" version="1.1" preserveAspectRatio="none"><g stroke-width="0.05" transform="scale(1, -1)"><g><g stroke-width="0" fill="#000000" transform="translate(-8, -4.5)" fill-opacity="1"><rect width="16" height="9" /></g><filter id="blur" width="300%" height="300%" x="-100%" y="-100%">  <feGaussianBlur result="blur" stdDeviation="0.2" /></filter><filter id="goo" width="300%" height="300%" x="-100%" y="-100%">  <feGaussianBlur result="blur" stdDeviation="0.2" />  <feColorMatrix result="goo" values="1 0 0 0 0 0 1 0 0 0 0 0 1 0 0 0 0 0 20 -10" />  <feComposite in="SourceGraphic" in2="goo" operator="atop" /></filter><g transform="translate(0, 2.2)"><g fill="#FF0000"><g transform="translate(-1.462963, 0)"><circle r="1" /></g><g transform="translate(1.462963, 0)"><circle r="1" /></g></g></g><g fill="#FF0000" filter="url(#blur)"><g transform="translate(-1.462963, 0)"><circle r="1" /></g><g transform="translate(1.462963, 0)"><circle r="1" /></g></g><g transform="translate(0, -2.2)"><g fill="#FF0000" filter="url(#goo)"><g transform="translate(-1.462963, 0)"><circle r="1" /></g><g transform="translate(1.462963, 0)"><circle r="1" /></g></g></g></g></g></svg>
5<svg viewBox="-8 -4.5 16 9" xmlns="http://www.w3.org/2000/svg" xmlns:xlink="http://www.w3.org/1999/xlink" version="1.1" preserveAspectRatio="none"><g stroke-width="0.05" transform="scale(1, -1)"><g><g stroke-width="0" fill="#000000" transform="translate(-8, -4.5)" fill-opacity="1"><rect width="16" height="9" /></g><filter id="blur" width="300%" height="300%" x="-100%" y="-100%">  <feGaussianBlur result="blur" stdDeviation="0.2" /></filter><filter id="goo" width="300%" height="300%" x="-100%" y="-100%">  <feGaussianBlur result="blur" stdDeviation="0.2" />  <feColorMatrix result="goo" values="1 0 0 0 0 0 1 0 0 0 0 0 1 0 0 0 0 0 20 -10" />  <feComposite in="SourceGraphic" in2="goo" operator="atop" /></filter><g transform="translate(0, 2.2)"><g fill="#FF0000"><g transform="translate(-1.462963, 0)"><circle r="1" /></g><g transform="translate(1.462963, 0)"><circle r="1" /></g></g></g><g fill="#FF0000" filter="url(#blur)"><g transform="translate(-1.462963, 0)"><circle r="1" /></g><g transform="translate(1.462963, 0)"><circle r="1" /></g></g><g transform="translate(0, -2.2)"><g fill="#FF0000" filter="url(#goo)"><g transform="translate(-1.462963, 0)"><circle r="1" /></g><g transform="translate(1.462963, 0)"><circle r="1" /></g></g></g></g></g></svg>
6<svg viewBox="-8 -4.5 16 9" xmlns="http://www.w3.org/2000/svg" xmlns:xlink="http://www.w3.org/1999/xlink" version="1.1" preserveAspectRatio="none"><g stroke-width="0.05" transform="scale(1, -1)"><g><g stroke-width="0" fill="#000000" transform="translate(-8, -4.5)" fill-opacity="1"><rect width="16" height="9" /></g><filter id="blur" width="300%" height="300%" x="-100%" y="-100%">  <feGaussianBlur result="blur" stdDeviation="0.2" /></filter><filter id="goo" width="300%" height="300%" x="-100%" y="-100%">  <feGaussianBlur result="blur" stdDeviation="0.2" />  <feColorMatrix result="goo" values="1 0 0 0 0 0 1 0 0 0 0 0 1 0 0 0 0 0 20 -10" />  <feComposite in="SourceGraphic" in2="goo" operator="atop" /></filter><g transform="translate(0, 2.2)"><g fill="#FF0000"><g transform="translate(-1.166667, 0)"><circle r="1" /></g><g transform="translate(1.166667, 0)"><circle r="1" /></g></g></g><g fill="#FF0000" filter="url(#blur)"><g transform="translate(-1.166667, 0)"><circle r="1" /></g><g transform="translate(1.166667, 0)"><circle r="1" /></g></g><g transform="translate(0, -2.2)"><g fill="#FF0000" filter="url(#goo)"><g transform="translate(-1.166667, 0)"><circle r="1" /></g><g transform="translate(1.166667, 0)"><circle r="1" /></g></g></g></g></g></svg>
7<svg viewBox="-8 -4.5 16 9" xmlns="http://www.w3.org/2000/svg" xmlns:xlink="http://www.w3.org/1999/xlink" version="1.1" preserveAspectRatio="none"><g stroke-width="0.05" transform="scale(1, -1)"><g><g stroke-width="0" fill="#000000" transform="translate(-8, -4.5)" fill-opacity="1"><rect width="16" height="9" /></g><filter id="blur" width="300%" height="300%" x="-100%" y="-100%">  <feGaussianBlur result="blur" stdDeviation="0.2" /></filter><filter id="goo" width="300%" height="300%" x="-100%" y="-100%">  <feGaussianBlur result="blur" stdDeviation="0.2" />  <feColorMatrix result="goo" values="1 0 0 0 0 0 1 0 0 0 0 0 1 0 0 0 0 0 20 -10" />  <feComposite in="SourceGraphic" in2="goo" operator="atop" /></filter><g transform="translate(0, 2.2)"><g fill="#FF0000"><g transform="translate(-0.592593, 0)"><circle r="1" /></g><g transform="translate(0.592593, 0)"><circle r="1" /></g></g></g><g fill="#FF0000" filter="url(#blur)"><g transform="translate(-0.592593, 0)"><circle r="1" /></g><g transform="translate(0.592593, 0)"><circle r="1" /></g></g><g transform="translate(0, -2.2)"><g fill="#FF0000" filter="url(#goo)"><g transform="translate(-0.592593, 0)"><circle r="1" /></g><g transform="translate(0.592593, 0)"><circle r="1" /></g></g></g></g></g></svg>
8<svg viewBox="-8 -4.5 16 9" xmlns="http://www.w3.org/2000/svg" xmlns:xlink="http://www.w3.org/1999/xlink" version="1.1" preserveAspectRatio="none"><g stroke-width="0.05" transform="scale(1, -1)"><g><g stroke-width="0" fill="#000000" transform="translate(-8, -4.5)" fill-opacity="1"><rect width="16" height="9" /></g><filter id="blur" width="300%" height="300%" x="-100%" y="-100%">  <feGaussianBlur result="blur" stdDeviation="0.2" /></filter><filter id="goo" width="300%" height="300%" x="-100%" y="-100%">  <feGaussianBlur result="blur" stdDeviation="0.2" />  <feColorMatrix result="goo" values="1 0 0 0 0 0 1 0 0 0 0 0 1 0 0 0 0 0 20 -10" />  <feComposite in="SourceGraphic" in2="goo" operator="atop" /></filter><g transform="translate(0, 2.2)"><g fill="#FF0000"><g transform="translate(-0.148148, 0)"><circle r="1" /></g><g transform="translate(0.148148, 0)"><circle r="1" /></g></g></g><g fill="#FF0000" filter="url(#blur)"><g transform="translate(-0.148148, 0)"><circle r="1" /></g><g transform="translate(0.148148, 0)"><circle r="1" /></g></g><g transform="translate(0, -2.2)"><g fill="#FF0000" filter="url(#goo)"><g transform="translate(-0.148148, 0)"><circle r="1" /></g><g transform="translate(0.148148, 0)"><circle r="1" /></g></g></g></g></g></svg>
9<svg viewBox="-8 -4.5 16 9" xmlns="http://www.w3.org/2000/svg" xmlns:xlink="http://www.w3.org/1999/xlink" version="1.1" preserveAspectRatio="none"><g stroke-width="0.05" transform="scale(1, -1)"><g><g stroke-width="0" fill="#000000" transform="translate(-8, -4.5)" fill-opacity="1"><rect width="16" height="9" /></g><filter id="blur" width="300%" height="300%" x="-100%" y="-100%">  <feGaussianBlur result="blur" stdDeviation="0.2" /></filter><filter id="goo" width="300%" height="300%" x="-100%" y="-100%">  <feGaussianBlur result="blur" stdDeviation="0.2" />  <feColorMatrix result="goo" values="1 0 0 0 0 0 1 0 0 0 0 0 1 0 0 0 0 0 20 -10" />  <feComposite in="SourceGraphic" in2="goo" operator="atop" /></filter><g transform="translate(0, 2.2)"><g fill="#FF0000"><g transform="translate(0, 0)"><circle r="1" /></g><g transform="translate(0, 0)"><circle r="1" /></g></g></g><g fill="#FF0000" filter="url(#blur)"><g transform="translate(0, 0)"><circle r="1" /></g><g transform="translate(0, 0)"><circle r="1" /></g></g><g transform="translate(0, -2.2)"><g fill="#FF0000" filter="url(#goo)"><g transform="translate(0, 0)"><circle r="1" /></g><g transform="translate(0, 0)"><circle r="1" /></g></g></g></g></g></svg>
