0<svg viewBox="-8 -4.5 16 9" xmlns="http://www.w3.org/2000/svg" xmlns:xlink="http://www.w3.org/1999/xlink" version="1.1" preserveAspectRatio="none"><g stroke-width="0.05" transform="scale(1, -1)"><g><g stroke-width="0" fill="#FCFCFC" transform="translate(-8, -4.5)" fill-opacity="1"><rect width="16" height="9" /></g><g><g stroke-width="0.025" stroke="#808080"><g><g transform="translate(0, -5)"><line x1="-16" x2="16" /></g><g transform="translate(0, -4)"><line x1="-16" x2="16" /></g><g transform="translate(0, -3)"><line x1="-16" x2="16" /></g><g transform="translate(0, -2)"><line x1="-16" x2="16" /></g><g transform="translate(0, -1)"><line x1="-16" x2="16" /></g><g transform="translate(0, 0)"><line x1="-16" x2="16" /></g><g transform="translate(0, 1)"><line x1="-16" x2="16" /></g><g transform="translate(0, 2)"><line x1="-16" x2="16" /></g><g transform="translate(0, 3)"><line x1="-16" x2="16" /></g><g transform="translate(0, 4)"><line x1="-16" x2="16" /></g></g><g><g transform="translate(-8, 0)"><line y1="-9" y2="9" /></g><g transform="translate(-7, 0)"><line y1="-9" y2="9" /></g><g transform="translate(-6, 0)"><line y1="-9" y2="9" /></g><g transform="translate(-5, 0)"><line y1="-9" y2="9" /></g><g transform="translate(-4, 0)"><line y1="-9" y2="9" /></g><g transform="translate(-3, 0)"><line y1="-9" y2="9" /></g><g transform="translate(-2, 0)"><line y1="-9" y2="9" /></g><g transform="translate(-1, 0)"><line y1="-9" y2="9" /></g><g transform="translate(0, 0)"><line y1="-9" y2="9" /></g><g transform="translate(1, 0)"><line y1="-9" y2="9" /></g><g transform="translate(2, 0)"><line y1="-9" y2="9" /></g><g transform="translate(3, 0)"><line y1="-9" y2="9" /></g><g transform="translate(4, 0)"><line y1="-9" y2="9" /></g><g transform="translate(5, 0)"><line y1="-9" y2="9" /></g><g transform="translate(6, 0)"><line y1="-9" y2="9" /></g><g transform="translate(7, 0)"><line y1="-9" y2="9" /></g><g transform="translate(8, 0)"><line y1="-9" y2="9" /></g></g></g><line stroke="#808080" x1="-16" x2="16" /><line stroke="#808080" y1="-9" y2="9" /><path stroke-width="0.1" stroke="#000000" fill-opacity="0" d="M-7.95,4.5 C-7.95,3.5 0,4.5 0,3.5 C0,4.5 7.95,3.5 7.95,4.5" /><g transform="translate(0, 3)"><g><g transform="translate(0, 0)"><g stroke-width="0.4" stroke="#FCFCFC" transform="scale(1, -1)" fill-opacity="0" text-anchor="middle"><text font-size="2">16 units</text></g></g><g transform="translate(0, 0)"><g transform="scale(1, -1)" text-anchor="middle"><text font-size="2">16 units</text></g></g></g></g><path stroke-width="0.1" stroke="#000000" fill-opacity="0" d="M-8,-4.45 C-7,-4.45 -8,0 -7,0 C-8,0 -7,4.45 -8,4.45" /><g transform="translate(-6.5, 0)"><g transform="rotate(90)"><g><g transform="translate(0, 0)"><g stroke-width="0.4" stroke="#FCFCFC" transform="scale(1, -1)" fill-opacity="0" text-anchor="middle"><text font-size="2">9 units</text></g></g><g transform="translate(0, 0)"><g transform="scale(1, -1)" text-anchor="middle"><text font-size="2">9 units</text></g></g></g></g></g></g><g transform="translate(0, 0)"><g><g transform="translate(0, -0.5)"><g transform="scale(0.5)"><g><g transform="translate(0, 0)"><g stroke-width="0.4" stroke="#FCFCFC" transform="scale(1, -1)" fill-opacity="0" text-anchor="middle"><text font-size="2">0.0,0.0</text></g></g><g transform="translate(0, 0)"><g transform="scale(1, -1)" text-anchor="middle"><text font-size="2">0.0,0.0</text></g></g></g></g></g><circle fill="#FF0000" r="0.1" /></g></g></g></g></svg>
1<svg viewBox="-8 -4.5 16 9" xmlns="http://www.w3.org/2000/svg" xmlns:xlink="http://www.w3.org/1999/xlink" version="1.1" preserveAspectRatio="none"><g stroke-width="0.05" transform="scale(1, -1)"><g><g stroke-width="0" fill="#FCFCFC" transform="translate(-8, -4.5)" fill-opacity="1"><rect width="16" height="9" /></g><g><g stroke-width="0.025" stroke="#808080"><g><g transform="translate(0, -5)"><line x1="-16" x2="16" /></g><g transform="translate(0, -4)"><line x1="-16" x2="16" /></g><g transform="translate(0, -3)"><line x1="-16" x2="16" /></g><g transform="translate(0, -2)"><line x1="-16" x2="16" /></g><g transform="translate(0, -1)"><line x1="-16" x2="16" /></g><g transform="translate(0, 0)"><line x1="-16" x2="16" /></g><g transform="translate(0, 1)"><line x1="-16" x2="16" /></g><g transform="translate(0, 2)"><line x1="-16" x2="16" /></g><g transform="translate(0, 3)"><line x1="-16" x2="16" /></g><g transform="translate(0, 4)"><line x1="-16" x2="16" /></g></g><g><g transform="translate(-8, 0)"><line y1="-9" y2="9" /></g><g transform="translate(-7, 0)"><line y1="-9" y2="9" /></g><g transform="translate(-6, 0)"><line y1="-9" y2="9" /></g><g transform="translate(-5, 0)"><line y1="-9" y2="9" /></g><g transform="translate(-4, 0)"><line y1="-9" y2="9" /></g><g transform="translate(-3, 0)"><line y1="-9" y2="9" /></g><g transform="translate(-2, 0)"><line y1="-9" y2="9" /></g><g transform="translate(-1, 0)"><line y1="-9" y2="9" /></g><g transform="translate(0, 0)"><line y1="-9" y2="9" /></g><g transform="translate(1, 0)"><line y1="-9" y2="9" /></g><g transform="translate(2, 0)"><line y1="-9" y2="9" /></g><g transform="translate(3, 0)"><line y1="-9" y2="9" /></g><g transform="translate(4, 0)"><line y1="-9" y2="9" /></g><g transform="translate(5, 0)"><line y1="-9" y2="9" /></g><g transform="translate(6, 0)"><line y1="-9" y2="9" /></g><g transform="translate(7, 0)"><line y1="-9" y2="9" /></g><g transform="translate(8, 0)"><line y1="-9" y2="9" /></g></g></g><line stroke="#808080" x1="-16" x2="16" /><line stroke="#808080" y1="-9" y2="9" /><path stroke-width="0.1" stroke="#000000" fill-opacity="0" d="M-7.95,4.5 C-7.95,3.5 0,4.5 0,3.5 C0,4.5 7.95,3.5 7.95,4.5" /><g transform="translate(0, 3)"><g><g transform="translate(0, 0)"><g stroke-width="0.4" stroke="#FCFCFC" transform="scale(1, -1)" fill-opacity="0" text-anchor="middle"><text font-size="2">16 units</text></g></g><g transform="translate(0, 0)"><g transform="scale(1, -1)" text-anchor="middle"><text font-size="2">16 units</text></g></g></g></g><path stroke-width="0.1" stroke="#000000" fill-opacity="0" d="M-8,-4.45 C-7,-4.45 -8,0 -7,0 C-8,0 -7,4.45 -8,4.45" /><g transform="translate(-6.5, 0)"><g transform="rotate(90)"><g><g transform="translate(0, 0)"><g stroke-width="0.4" stroke="#FCFCFC" transform="scale(1, -1)" fill-opacity="0" text-anchor="middle"><text font-size="2">9 units</text></g></g><g transform="translate(0, 0)"><g transform="scale(1, -1)" text-anchor="middle"><text font-size="2">9 units</text></g></g></g></g></g></g><g transform="translate(2.042429, 1.429136)"><g><g transform="translate(0, -0.5)"><g transform="scale(0.5)"><g><g transform="translate(0, 0)"><g stroke-width="0.4" stroke="#FCFCFC" transform="scale(1, -1)" fill-opacity="0" text-anchor="middle"><text font-size="2">2.0,1.4</text></g></g><g transform="translate(0, 0)"><g transform="scale(1, -1)" text-anchor="middle"><text font-size="2">2.0,1.4</text></g></g></g></g></g><circle fill="#FF0000" r="0.1" /></g></g></g></g></svg>
2<svg viewBox="-8 -4.5 16 9" xmlns="http://www.w3.org/2000/svg" xmlns:xlink="http://www.w3.org/1999/xlink" version="1.1" preserveAspectRatio="none"><g stroke-width="0.05" transform="scale(1, -1)"><g><g stroke-width="0" fill="#FCFCFC" transform="translate(-8, -4.5)" fill-opacity="1"><rect width="16" height="9" /></g><g><g stroke-width="0.025" stroke="#808080"><g><g transform="translate(0, -5)"><line x1="-16" x2="16" /></g><g transform="translate(0, -4)"><line x1="-16" x2="16" /></g><g transform="translate(0, -3)"><line x1="-16" x2="16" /></g><g transform="translate(0, -2)"><line x1="-16" x2="16" /></g><g transform="translate(0, -1)"><line x1="-16" x2="16" /></g><g transform="translate(0, 0)"><line x1="-16" x2="16" /></g><g transform="translate(0, 1)"><line x1="-16" x2="16" /></g><g transform="translate(0, 2)"><line x1="-16" x2="16" /></g><g transform="translate(0, 3)"><line x1="-16" x2="16" /></g><g transform="translate(0, 4)"><line x1="-16" x2="16" /></g></g><g><g transform="translate(-8, 0)"><line y1="-9" y2="9" /></g><g transform="translate(-7, 0)"><line y1="-9" y2="9" /></g><g transform="translate(-6, 0)"><line y1="-9" y2="9" /></g><g transform="translate(-5, 0)"><line y1="-9" y2="9" /></g><g transform="translate(-4, 0)"><line y1="-9" y2="9" /></g><g transform="translate(-3, 0)"><line y1="-9" y2="9" /></g><g transform="translate(-2, 0)"><line y1="-9" y2="9" /></g><g transform="translate(-1, 0)"><line y1="-9" y2="9" /></g><g transform="translate(0, 0)"><line y1="-9" y2="9" /></g><g transform="translate(1, 0)"><line y1="-9" y2="9" /></g><g transform="translate(2, 0)"><line y1="-9" y2="9" /></g><g transform="translate(3, 0)"><line y1="-9" y2="9" /></g><g transform="translate(4, 0)"><line y1="-9" y2="9" /></g><g transform="translate(5, 0)"><line y1="-9" y2="9" /></g><g transform="translate(6, 0)"><line y1="-9" y2="9" /></g><g transform="translate(7, 0)"><line y1="-9" y2="9" /></g><g transform="translate(8, 0)"><line y1="-9" y2="9" /></g></g></g><line stroke="#808080" x1="-16" x2="16" /><line stroke="#808080" y1="-9" y2="9" /><path stroke-width="0.1" stroke="#000000" fill-opacity="0" d="M-7.95,4.5 C-7.95,3.5 0,4.5 0,3.5 C0,4.5 7.95,3.5 7.95,4.5" /><g transform="translate(0, 3)"><g><g transform="translate(0, 0)"><g stroke-width="0.4" stroke="#FCFCFC" transform="scale(1, -1)" fill-opacity="0" text-anchor="middle"><text font-size="2">16 units</text></g></g><g transform="translate(0, 0)"><g transform="scale(1, -1)" text-anchor="middle"><text font-size="2">16 units</text></g></g></g></g><path stroke-width="0.1" stroke="#000000" fill-opacity="0" d="M-8,-4.45 C-7,-4.45 -8,0 -7,0 C-8,0 -7,4.45 -8,4.45" /><g transform="translate(-6.5, 0)"><g transform="rotate(90)"><g><g transform="translate(0, 0)"><g stroke-width="0.4" stroke="#FCFCFC" transform="scale(1, -1)" fill-opacity="0" text-anchor="middle"><text font-size="2">9 units</text></g></g><g transform="translate(0, 0)"><g transform="scale(1, -1)" text-anchor="middle"><text font-size="2">9 units</text></g></g></g></g></g></g><g transform="translate(2.833502, 1.593384)"><g><g transform="translate(0, -0.5)"><g transform="scale(0.5)"><g><g transform="translate(0, 0)"><g stroke-width="0.4" stroke="#FCFCFC" transform="scale(1, -1)" fill-opacity="0" text-anchor="middle"><text font-size="2">2.8,1.6</text></g></g><g transform="translate(0, 0)"><g transform="scale(1, -1)" text-anchor="middle"><text font-size="2">2.8,1.6</text></g></g></g></g></g><circle fill="#FF0000" r="0.1" /></g></g></g></g></svg>
3<svg viewBox="-8 -4.5 16 9" xmlns="http://www.w3.org/2000/svg" xmlns:xlink="http://www.w3.org/1999/xlink" version="1.1" preserveAspectRatio="none"><g stroke-width="0.05" transform="scale(1, -1)"><g><g stroke-width="0" fill="#FCFCFC" transform="translate(-8, -4.5)" fill-opacity="1"><rect width="16" height="9" /></g><g><g stroke-width="0.025" stroke="#808080"><g><g transform="translate(0, -5)"><line x1="-16" x2="16" /></g><g transform="translate(0, -4)"><line x1="-16" x2="16" /></g><g transform="translate(0, -3)"><line x1="-16" x2="16" /></g><g transform="translate(0, -2)"><line x1="-16" x2="16" /></g><g transform="translate(0, -1)"><line x1="-16" x2="16" /></g><g transform="translate(0, 0)"><line x1="-16" x2="16" /></g><g transform="translate(0, 1)"><line x1="-16" x2="16" /></g><g transform="translate(0, 2)"><line x1="-16" x2="16" /></g><g transform="translate(0, 3)"><line x1="-16" x2="16" /></g><g transform="translate(0, 4)"><line x1="-16" x2="16" /></g></g><g><g transform="translate(-8, 0)"><line y1="-9" y2="9" /></g><g transform="translate(-7, 0)"><line y1="-9" y2="9" /></g><g transform="translate(-6, 0)"><line y1="-9" y2="9" /></g><g transform="translate(-5, 0)"><line y1="-9" y2="9" /></g><g transform="translate(-4, 0)"><line y1="-9" y2="9" /></g><g transform="translate(-3, 0)"><line y1="-9" y2="9" /></g><g transform="translate(-2, 0)"><line y1="-9" y2="9" /></g><g transform="translate(-1, 0)"><line y1="-9" y2="9" /></g><g transform="translate(0, 0)"><line y1="-9" y2="9" /></g><g transform="translate(1, 0)"><line y1="-9" y2="9" /></g><g transform="translate(2, 0)"><line y1="-9" y2="9" /></g><g transform="translate(3, 0)"><line y1="-9" y2="9" /></g><g transform="translate(4, 0)"><line y1="-9" y2="9" /></g><g transform="translate(5, 0)"><line y1="-9" y2="9" /></g><g transform="translate(6, 0)"><line y1="-9" y2="9" /></g><g transform="translate(7, 0)"><line y1="-9" y2="9" /></g><g transform="translate(8, 0)"><line y1="-9" y2="9" /></g></g></g><line stroke="#808080" x1="-16" x2="16" /><line stroke="#808080" y1="-9" y2="9" /><path stroke-width="0.1" stroke="#000000" fill-opacity="0" d="M-7.95,4.5 C-7.95,3.5 0,4.5 0,3.5 C0,4.5 7.95,3.5 7.95,4.5" /><g transform="translate(0, 3)"><g><g transform="translate(0, 0)"><g stroke-width="0.4" stroke="#FCFCFC" transform="scale(1, -1)" fill-opacity="0" text-anchor="middle"><text font-size="2">16 units</text></g></g><g transform="translate(0, 0)"><g transform="scale(1, -1)" text-anchor="middle"><text font-size="2">16 units</text></g></g></g></g><path stroke-width="0.1" stroke="#000000" fill-opacity="0" d="M-8,-4.45 C-7,-4.45 -8,0 -7,0 C-8,0 -7,4.45 -8,4.45" /><g transform="translate(-6.5, 0)"><g transform="rotate(90)"><g><g transform="translate(0, 0)"><g stroke-width="0.4" stroke="#FCFCFC" transform="scale(1, -1)" fill-opacity="0" text-anchor="middle"><text font-size="2">9 units</text></g></g><g transform="translate(0, 0)"><g transform="scale(1, -1)" text-anchor="middle"><text font-size="2">9 units</text></g></g></g></g></g></g><g transform="translate(-4, 3)"><g><g transform="translate(0, -0.5)"><g transform="scale(0.5)"><g><g transform="translate(0, 0)"><g stroke-width="0.4" stroke="#FCFCFC" transform="scale(1, -1)" fill-opacity="0" text-anchor="middle"><text font-size="2">-4.0,3.0</text></g></g><g transform="translate(0, 0)"><g transform="scale(1, -1)" text-anchor="middle"><text font-size="2">-4.0,3.0</text></g></g></g></g></g><circle fill="#FF0000" r="0.1" /></g></g></g></g></svg>
4<svg viewBox="-8 -4.5 16 9" xmlns="http://www.w3.org/2000/svg" xmlns:xlink="http://www.w3.org/1999/xlink" version="1.1" preserveAspectRatio="none"><g stroke-width="0.05" transform="scale(1, -1)"><g><g stroke-width="0" fill="#FCFCFC" transform="translate(-8, -4.5)" fill-opacity="1"><rect width="16" height="9" /></g><g><g stroke-width="0.025" stroke="#808080"><g><g transform="translate(0, -5)"><line x1="-16" x2="16" /></g><g transform="translate(0, -4)"><line x1="-16" x2="16" /></g><g transform="translate(0, -3)"><line x1="-16" x2="16" /></g><g transform="translate(0, -2)"><line x1="-16" x2="16" /></g><g transform="translate(0, -1)"><line x1="-16" x2="16" /></g><g transform="translate(0, 0)"><line x1="-16" x2="16" /></g><g transform="translate(0, 1)"><line x1="-16" x2="16" /></g><g transform="translate(0, 2)"><line x1="-16" x2="16" /></g><g transform="translate(0, 3)"><line x1="-16" x2="16" /></g><g transform="translate(0, 4)"><line x1="-16" x2="16" /></g></g><g><g transform="translate(-8, 0)"><line y1="-9" y2="9" /></g><g transform="translate(-7, 0)"><line y1="-9" y2="9" /></g><g transform="translate(-6, 0)"><line y1="-9" y2="9" /></g><g transform="translate(-5, 0)"><line y1="-9" y2="9" /></g><g transform="translate(-4, 0)"><line y1="-9" y2="9" /></g><g transform="translate(-3, 0)"><line y1="-9" y2="9" /></g><g transform="translate(-2, 0)"><line y1="-9" y2="9" /></g><g transform="translate(-1, 0)"><line y1="-9" y2="9" /></g><g transform="translate(0, 0)"><line y1="-9" y2="9" /></g><g transform="translate(1, 0)"><line y1="-9" y2="9" /></g><g transform="translate(2, 0)"><line y1="-9" y2="9" /></g><g transform="translate(3, 0)"><line y1="-9" y2="9" /></g><g transform="translate(4, 0)"><line y1="-9" y2="9" /></g><g transform="translate(5, 0)"><line y1="-9" y2="9" /></g><g transform="translate(6, 0)"><line y1="-9" y2="9" /></g><g transform="translate(7, 0)"><line y1="-9" y2="9" /></g><g transform="translate(8, 0)"><line y1="-9" y2="9" /></g></g></g><line stroke="#808080" x1="-16" x2="16" /><line stroke="#808080" y1="-9" y2="9" /><path stroke-width="0.1" stroke="#000000" fill-opacity="0" d="M-7.95,4.5 C-7.95,3.5 0,4.5 0,3.5 C0,4.5 7.95,3.5 7.95,4.5" /><g transform="translate(0, 3)"><g><g transform="translate(0, 0)"><g stroke-width="0.4" stroke="#FCFCFC" transform="scale(1, -1)" fill-opacity="0" text-anchor="middle"><text font-size="2">16 units</text></g></g><g transform="translate(0, 0)"><g transform="scale(1, -1)" text-anchor="middle"><text font-size="2">16 units</text></g></g></g></g><path stroke-width="0.1" stroke="#000000" fill-opacity="0" d="M-8,-4.45 C-7,-4.45 -8,0 -7,0 C-8,0 -7,4.45 -8,4.45" /><g transform="translate(-6.5, 0)"><g transform="rotate(90)"><g><g transform="translate(0, 0)"><g stroke-width="0.4" stroke="#FCFCFC" transform="scale(1, -1)" fill-opacity="0" text-anchor="middle"><text font-size="2">9 units</text></g></g><g transform="translate(0, 0)"><g transform="scale(1, -1)" text-anchor="middle"><text font-size="2">9 units</text></g></g></g></g></g></g><g transform="translate(-2.751145, -1.838519)"><g><g transform="translate(0, -0.5)"><g transform="scale(0.5)"><g><g transform="translate(0, 0)"><g stroke-width="0.4" stroke="#FCFCFC" transform="scale(1, -1)" fill-opacity="0" text-anchor="middle"><text font-size="2">-2.8,-1.8</text></g></g><g transform="translate(0, 0)"><g transform="scale(1, -1)" text-anchor="middle"><text font-size="2">-2.8,-1.8</text></g></g></g></g></g><circle fill="#FF0000" r="0.1" /></g></g></g></g></svg>
5<svg viewBox="-8 -4.5 16 9" xmlns="http://www.w3.org/2000/svg" xmlns:xlink="http://www.w3.org/1999/xlink" version="1.1" preserveAspectRatio="none"><g stroke-width="0.05" transform="scale(1, -1)"><g><g stroke-width="0" fill="#FCFCFC" transform="translate(-8, -4.5)" fill-opacity="1"><rect width="16" height="9" /></g><g><g stroke-width="0.025" stroke="#808080"><g><g transform="translate(0, -5)"><line x1="-16" x2="16" /></g><g transform="translate(0, -4)"><line x1="-16" x2="16" /></g><g transform="translate(0, -3)"><line x1="-16" x2="16" /></g><g transform="translate(0, -2)"><line x1="-16" x2="16" /></g><g transform="translate(0, -1)"><line x1="-16" x2="16" /></g><g transform="translate(0, 0)"><line x1="-16" x2="16" /></g><g transform="translate(0, 1)"><line x1="-16" x2="16" /></g><g transform="translate(0, 2)"><line x1="-16" x2="16" /></g><g transform="translate(0, 3)"><line x1="-16" x2="16" /></g><g transform="translate(0, 4)"><line x1="-16" x2="16" /></g></g><g><g transform="translate(-8, 0)"><line y1="-9" y2="9" /></g><g transform="translate(-7, 0)"><line y1="-9" y2="9" /></g><g transform="translate(-6, 0)"><line y1="-9" y2="9" /></g><g transform="translate(-5, 0)"><line y1="-9" y2="9" /></g><g transform="translate(-4, 0)"><line y1="-9" y2="9" /></g><g transform="translate(-3, 0)"><line y1="-9" y2="9" /></g><g transform="translate(-2, 0)"><line y1="-9" y2="9" /></g><g transform="translate(-1, 0)"><line y1="-9" y2="9" /></g><g transform="translate(0, 0)"><line y1="-9" y2="9" /></g><g transform="translate(1, 0)"><line y1="-9" y2="9" /></g><g transform="translate(2, 0)"><line y1="-9" y2="9" /></g><g transform="translate(3, 0)"><line y1="-9" y2="9" /></g><g transform="translate(4, 0)"><line y1="-9" y2="9" /></g><g transform="translate(5, 0)"><line y1="-9" y2="9" /></g><g transform="translate(6, 0)"><line y1="-9" y2="9" /></g><g transform="translate(7, 0)"><line y1="-9" y2="9" /></g><g transform="translate(8, 0)"><line y1="-9" y2="9" /></g></g></g><line stroke="#808080" x1="-16" x2="16" /><line stroke="#808080" y1="-9" y2="9" /><path stroke-width="0.1" stroke="#000000" fill-opacity="0" d="M-7.95,4.5 C-7.95,3.5 0,4.5 0,3.5 C0,4.5 7.95,3.5 7.95,4.5" /><g transform="translate(0, 3)"><g><g transform="translate(0, 0)"><g stroke-width="0.4" stroke="#FCFCFC" transform="scale(1, -1)" fill-opacity="0" text-anchor="middle"><text font-size="2">16 units</text></g></g><g transform="translate(0, 0)"><g transform="scale(1, -1)" text-anchor="middle"><text font-size="2">16 units</text></g></g></g></g><path stroke-width="0.1" stroke="#000000" fill-opacity="0" d="M-8,-4.45 C-7,-4.45 -8,0 -7,0 C-8,0 -7,4.45 -8,4.45" /><g transform="translate(-6.5, 0)"><g transform="rotate(90)"><g><g transform="translate(0, 0)"><g stroke-width="0.4" stroke="#FCFCFC" transform="scale(1, -1)" fill-opacity="0" text-anchor="middle"><text font-size="2">9 units</text></g></g><g transform="translate(0, 0)"><g transform="scale(1, -1)" text-anchor="middle"><text font-size="2">9 units</text></g></g></g></g></g></g><g transform="translate(-2.413885, -2.025885)"><g><g transform="translate(0, -0.5)"><g transform="scale(0.5)"><g><g transform="translate(0, 0)"><g stroke-width="0.4" stroke="#FCFCFC" transform="scale(1, -1)" fill-opacity="0" text-anchor="middle"><text font-size="2">-2.4,-2.0</text></g></g><g transform="translate(0, 0)"><g transform="scale(1, -1)" text-anchor="middle"><text font-size="2">-2.4,-2.0</text></g></g></g></g></g><circle fill="#FF0000" r="0.1" /></g></g></g></g></svg>
6<svg viewBox="-8 -4.5 16 9" xmlns="http://www.w3.org/2000/svg" xmlns:xlink="http://www.w3.org/1999/xlink" version="1.1" preserveAspectRatio="none"><g stroke-width="0.05" transform="scale(1, -1)"><g><g stroke-width="0" fill="#FCFCFC" transform="translate(-8, -4.5)" fill-opacity="1"><rect width="16" height="9" /></g><g><g stroke-width="0.025" stroke="#808080"><g><g transform="translate(0, -5)"><line x1="-16" x2="16" /></g><g transform="translate(0, -4)"><line x1="-16" x2="16" /></g><g transform="translate(0, -3)"><line x1="-16" x2="16" /></g><g transform="translate(0, -2)"><line x1="-16" x2="16" /></g><g transform="translate(0, -1)"><line x1="-16" x2="16" /></g><g transform="translate(0, 0)"><line x1="-16" x2="16" /></g><g transform="translate(0, 1)"><line x1="-16" x2="16" /></g><g transform="translate(0, 2)"><line x1="-16" x2="16" /></g><g transform="translate(0, 3)"><line x1="-16" x2="16" /></g><g transform="translate(0, 4)"><line x1="-16" x2="16" /></g></g><g><g transform="translate(-8, 0)"><line y1="-9" y2="9" /></g><g transform="translate(-7, 0)"><line y1="-9" y2="9" /></g><g transform="translate(-6, 0)"><line y1="-9" y2="9" /></g><g transform="translate(-5, 0)"><line y1="-9" y2="9" /></g><g transform="translate(-4, 0)"><line y1="-9" y2="9" /></g><g transform="translate(-3, 0)"><line y1="-9" y2="9" /></g><g transform="translate(-2, 0)"><line y1="-9" y2="9" /></g><g transform="translate(-1, 0)"><line y1="-9" y2="9" /></g><g transform="translate(0, 0)"><line y1="-9" y2="9" /></g><g transform="translate(1, 0)"><line y1="-9" y2="9" /></g><g transform="translate(2, 0)"><line y1="-9" y2="9" /></g><g transform="translate(3, 0)"><line y1="-9" y2="9" /></g><g transform="translate(4, 0)"><line y1="-9" y2="9" /></g><g transform="translate(5, 0)"><line y1="-9" y2="9" /></g><g transform="translate(6, 0)"><line y1="-9" y2="9" /></g><g transform="translate(7, 0)"><line y1="-9" y2="9" /></g><g transform="translate(8, 0)"><line y1="-9" y2="9" /></g></g></g><line stroke="#808080" x1="-16" x2="16" /><line stroke="#808080" y1="-9" y2="9" /><path stroke-width="0.1" stroke="#000000" fill-opacity="0" d="M-7.95,4.5 C-7.95,3.5 0,4.5 0,3.5 C0,4.5 7.95,3.5 7.95,4.5" /><g transform="translate(0, 3)"><g><g transform="translate(0, 0)"><g stroke-width="0.4" stroke="#FCFCFC" transform="scale(1, -1)" fill-opacity="0" text-anchor="middle"><text font-size="2">16 units</text></g></g><g transform="translate(0, 0)"><g transform="scale(1, -1)" text-anchor="middle"><text font-size="2">16 units</text></g></g></g></g><path stroke-width="0.1" stroke="#000000" fill-opacity="0" d="M-8,-4.45 C-7,-4.45 -8,0 -7,0 C-8,0 -7,4.45 -8,4.45" /><g transform="translate(-6.5, 0)"><g transform="rotate(90)"><g><g transform="translate(0, 0)"><g stroke-width="0.4" stroke="#FCFCFC" transform="scale(1, -1)" fill-opacity="0" text-anchor="middle"><text font-size="2">9 units</text></g></g><g transform="translate(0, 0)"><g transform="scale(1, -1)" text-anchor="middle"><text font-size="2">9 units</text></g></g></g></g></g></g><g transform="translate(5, -2)"><g><g transform="translate(0, -0.5)"><g transform="scale(0.5)"><g><g transform="translate(0, 0)"><g stroke-width="0.4" stroke="#FCFCFC" transform="scale(1, -1)" fill-opacity="0" text-anchor="middle"><text font-size="2">5.0,-2.0</text></g></g><g transform="translate(0, 0)"><g transform="scale(1, -1)" text-anchor="middle"><text font-size="2">5.0,-2.0</text></g></g></g></g></g><circle fill="#FF0000" r="0.1" /></g></g></g></g></svg>
7<svg viewBox="-8 -4.5 16 9" xmlns="http://www.w3.org/2000/svg" xmlns:xlink="http://www.w3.org/1999/xlink" version="1.1" preserveAspectRatio="none"><g stroke-width="0.05" transform="scale(1, -1)"><g><g stroke-width="0" fill="#FCFCFC" transform="translate(-8, -4.5)" fill-opacity="1"><rect width="16" height="9" /></g><g><g stroke-width="0.025" stroke="#808080"><g><g transform="translate(0, -5)"><line x1="-16" x2="16" /></g><g transform="translate(0, -4)"><line x1="-16" x2="16" /></g><g transform="translate(0, -3)"><line x1="-16" x2="16" /></g><g transform="translate(0, -2)"><line x1="-16" x2="16" /></g><g transform="translate(0, -1)"><line x1="-16" x2="16" /></g><g transform="translate(0, 0)"><line x1="-16" x2="16" /></g><g transform="translate(0, 1)"><line x1="-16" x2="16" /></g><g transform="translate(0, 2)"><line x1="-16" x2="16" /></g><g transform="translate(0, 3)"><line x1="-16" x2="16" /></g><g transform="translate(0, 4)"><line x1="-16" x2="16" /></g></g><g><g transform="translate(-8, 0)"><line y1="-9" y2="9" /></g><g transform="translate(-7, 0)"><line y1="-9" y2="9" /></g><g transform="translate(-6, 0)"><line y1="-9" y2="9" /></g><g transform="translate(-5, 0)"><line y1="-9" y2="9" /></g><g transform="translate(-4, 0)"><line y1="-9" y2="9" /></g><g transform="translate(-3, 0)"><line y1="-9" y2="9" /></g><g transform="translate(-2, 0)"><line y1="-9" y2="9" /></g><g transform="translate(-1, 0)"><line y1="-9" y2="9" /></g><g transform="translate(0, 0)"><line y1="-9" y2="9" /></g><g transform="translate(1, 0)"><line y1="-9" y2="9" /></g><g transform="translate(2, 0)"><line y1="-9" y2="9" /></g><g transform="translate(3, 0)"><line y1="-9" y2="9" /></g><g transform="translate(4, 0)"><line y1="-9" y2="9" /></g><g transform="translate(5, 0)"><line y1="-9" y2="9" /></g><g transform="translate(6, 0)"><line y1="-9" y2="9" /></g><g transform="translate(7, 0)"><line y1="-9" y2="9" /></g><g transform="translate(8, 0)"><line y1="-9" y2="9" /></g></g></g><line stroke="#808080" x1="-16" x2="16" /><line stroke="#808080" y1="-9" y2="9" /><path stroke-width="0.1" stroke="#000000" fill-opacity="0" d="M-7.95,4.5 C-7.95,3.5 0,4.5 0,3.5 C0,4.5 7.95,3.5 7.95,4.5" /><g transform="translate(0, 3)"><g><g transform="translate(0, 0)"><g stroke-width="0.4" stroke="#FCFCFC" transform="scale(1, -1)" fill-opacity="0" text-anchor="middle"><text font-size="2">16 units</text></g></g><g transform="translate(0, 0)"><g transform="scale(1, -1)" text-anchor="middle"><text font-size="2">16 units</text></g></g></g></g><path stroke-width="0.1" stroke="#000000" fill-opacity="0" d="M-8,-4.45 C-7,-4.45 -8,0 -7,0 C-8,0 -7,4.45 -8,4.45" /><g transform="translate(-6.5, 0)"><g transform="rotate(90)"><g><g transform="translate(0, 0)"><g stroke-width="0.4" stroke="#FCFCFC" transform="scale(1, -1)" fill-opacity="0" text-anchor="middle"><text font-size="2">9 units</text></g></g><g transform="translate(0, 0)"><g transform="scale(1, -1)" text-anchor="middle"><text font-size="2">9 units</text></g></g></g></g></g></g><g transform="translate(2.884641, 1.167604)"><g><g transform="translate(0, -0.5)"><g transform="scale(0.5)"><g><g transform="translate(0, 0)"><g stroke-width="0.4" stroke="#FCFCFC" transform="scale(1, -1)" fill-opacity="0" text-anchor="middle"><text font-size="2">2.9,1.2</text></g></g><g transform="translate(0, 0)"><g transform="scale(1, -1)" text-anchor="middle"><text font-size="2">2.9,1.2</text></g></g></g></g></g><circle fill="#FF0000" r="0.1" /></g></g></g></g></svg>
8<svg viewBox="-8 -4.5 16 9" xmlns="http://www.w3.org/2000/svg" xmlns:xlink="http://www.w3.org/1999/xlink" version="1.1" preserveAspectRatio="none"><g stroke-width="0.05" transform="scale(1, -1)"><g><g stroke-width="0" fill="#FCFCFC" transform="translate(-8, -4.5)" fill-opacity="1"><rect width="16" height="9" /></g><g><g stroke-width="0.025" stroke="#808080"><g><g transform="translate(0, -5)"><line x1="-16" x2="16" /></g><g transform="translate(0, -4)"><line x1="-16" x2="16" /></g><g transform="translate(0, -3)"><line x1="-16" x2="16" /></g><g transform="translate(0, -2)"><line x1="-16" x2="16" /></g><g transform="translate(0, -1)"><line x1="-16" x2="16" /></g><g transform="translate(0, 0)"><line x1="-16" x2="16" /></g><g transform="translate(0, 1)"><line x1="-16" x2="16" /></g><g transform="translate(0, 2)"><line x1="-16" x2="16" /></g><g transform="translate(0, 3)"><line x1="-16" x2="16" /></g><g transform="translate(0, 4)"><line x1="-16" x2="16" /></g></g><g><g transform="translate(-8, 0)"><line y1="-9" y2="9" /></g><g transform="translate(-7, 0)"><line y1="-9" y2="9" /></g><g transform="translate(-6, 0)"><line y1="-9" y2="9" /></g><g transform="translate(-5, 0)"><line y1="-9" y2="9" /></g><g transform="translate(-4, 0)"><line y1="-9" y2="9" /></g><g transform="translate(-3, 0)"><line y1="-9" y2="9" /></g><g transform="translate(-2, 0)"><line y1="-9" y2="9" /></g><g transform="translate(-1, 0)"><line y1="-9" y2="9" /></g><g transform="translate(0, 0)"><line y1="-9" y2="9" /></g><g transform="translate(1, 0)"><line y1="-9" y2="9" /></g><g transform="translate(2, 0)"><line y1="-9" y2="9" /></g><g transform="translate(3, 0)"><line y1="-9" y2="9" /></g><g transform="translate(4, 0)"><line y1="-9" y2="9" /></g><g transform="translate(5, 0)"><line y1="-9" y2="9" /></g><g transform="translate(6, 0)"><line y1="-9" y2="9" /></g><g transform="translate(7, 0)"><line y1="-9" y2="9" /></g><g transform="translate(8, 0)"><line y1="-9" y2="9" /></g></g></g><line stroke="#808080" x1="-16" x2="16" /><line stroke="#808080" y1="-9" y2="9" /><path stroke-width="0.1" stroke="#000000" fill-opacity="0" d="M-7.95,4.5 C-7.95,3.5 0,4.5 0,3.5 C0,4.5 7.95,3.5 7.95,4.5" /><g transform="translate(0, 3)"><g><g transform="translate(0, 0)"><g stroke-width="0.4" stroke="#FCFCFC" transform="scale(1, -1)" fill-opacity="0" text-anchor="middle"><text font-size="2">16 units</text></g></g><g transform="translate(0, 0)"><g transform="scale(1, -1)" text-anchor="middle"><text font-size="2">16 units</text></g></g></g></g><path stroke-width="0.1" stroke="#000000" fill-opacity="0" d="M-8,-4.45 C-7,-4.45 -8,0 -7,0 C-8,0 -7,4.45 -8,4.45" /><g transform="translate(-6.5, 0)"><g transform="rotate(90)"><g><g transform="translate(0, 0)"><g stroke-width="0.4" stroke="#FCFCFC" transform="scale(1, -1)" fill-opacity="0" text-anchor="middle"><text font-size="2">9 units</text></g></g><g transform="translate(0, 0)"><g transform="scale(1, -1)" text-anchor="middle"><text font-size="2">9 units</text></g></g></g></g></g></g><g transform="translate(1.021215, 0.510607)"><g><g transform="translate(0, -0.5)"><g transform="scale(0.5)"><g><g transform="translate(0, 0)"><g stroke-width="0.4" stroke="#FCFCFC" transform="scale(1, -1)" fill-opacity="0" text-anchor="middle"><text font-size="2">1.0,0.5</text></g></g><g transform="translate(0, 0)"><g transform="scale(1, -1)" text-anchor="middle"><text font-size="2">1.0,0.5</text></g></g></g></g></g><circle fill="#FF0000" r="0.1" /></g></g></g></g></svg>
9<svg viewBox="-8 -4.5 16 9" xmlns="http://www.w3.org/2000/svg" xmlns:xlink="http://www.w3.org/1999/xlink" version="1.1" preserveAspectRatio="none"><g stroke-width="0.05" transform="scale(1, -1)"><g><g stroke-width="0" fill="#FCFCFC" transform="translate(-8, -4.5)" fill-opacity="1"><rect width="16" height="9" /></g><g><g stroke-width="0.025" stroke="#808080"><g><g transform="translate(0, -5)"><line x1="-16" x2="16" /></g><g transform="translate(0, -4)"><line x1="-16" x2="16" /></g><g transform="translate(0, -3)"><line x1="-16" x2="16" /></g><g transform="translate(0, -2)"><line x1="-16" x2="16" /></g><g transform="translate(0, -1)"><line x1="-16" x2="16" /></g><g transform="translate(0, 0)"><line x1="-16" x2="16" /></g><g transform="translate(0, 1)"><line x1="-16" x2="16" /></g><g transform="translate(0, 2)"><line x1="-16" x2="16" /></g><g transform="translate(0, 3)"><line x1="-16" x2="16" /></g><g transform="translate(0, 4)"><line x1="-16" x2="16" /></g></g><g><g transform="translate(-8, 0)"><line y1="-9" y2="9" /></g><g transform="translate(-7, 0)"><line y1="-9" y2="9" /></g><g transform="translate(-6, 0)"><line y1="-9" y2="9" /></g><g transform="translate(-5, 0)"><line y1="-9" y2="9" /></g><g transform="translate(-4, 0)"><line y1="-9" y2="9" /></g><g transform="translate(-3, 0)"><line y1="-9" y2="9" /></g><g transform="translate(-2, 0)"><line y1="-9" y2="9" /></g><g transform="translate(-1, 0)"><line y1="-9" y2="9" /></g><g transform="translate(0, 0)"><line y1="-9" y2="9" /></g><g transform="translate(1, 0)"><line y1="-9" y2="9" /></g><g transform="translate(2, 0)"><line y1="-9" y2="9" /></g><g transform="translate(3, 0)"><line y1="-9" y2="9" /></g><g transform="translate(4, 0)"><line y1="-9" y2="9" /></g><g transform="translate(5, 0)"><line y1="-9" y2="9" /></g><g transform="translate(6, 0)"><line y1="-9" y2="9" /></g><g transform="translate(7, 0)"><line y1="-9" y2="9" /></g><g transform="translate(8, 0)"><line y1="-9" y2="9" /></g></g></g><line stroke="#808080" x1="-16" x2="16" /><line stroke="#808080" y1="-9" y2="9" /><path stroke-width="0.1" stroke="#000000" fill-opacity="0" d="M-7.95,4.5 C-7.95,3.5 0,4.5 0,3.5 C0,4.5 7.95,3.5 7.95,4.5" /><g transform="translate(0, 3)"><g><g transform="translate(0, 0)"><g stroke-width="0.4" stroke="#FCFCFC" transform="scale(1, -1)" fill-opacity="0" text-anchor="middle"><text font-size="2">16 units</text></g></g><g transform="translate(0, 0)"><g transform="scale(1, -1)" text-anchor="middle"><text font-size="2">16 units</text></g></g></g></g><path stroke-width="0.1" stroke="#000000" fill-opacity="0" d="M-8,-4.45 C-7,-4.45 -8,0 -7,0 C-8,0 -7,4.45 -8,4.45" /><g transform="translate(-6.5, 0)"><g transform="rotate(90)"><g><g transform="translate(0, 0)"><g stroke-width="0.4" stroke="#FCFCFC" transform="scale(1, -1)" fill-opacity="0" text-anchor="middle"><text font-size="2">9 units</text></g></g><g transform="translate(0, 0)"><g transform="scale(1, -1)" text-anchor="middle"><text font-size="2">9 units</text></g></g></g></g></g></g><g transform="translate(0, 0)"><g><g transform="translate(0, -0.5)"><g transform="scale(0.5)"><g><g transform="translate(0, 0)"><g stroke-width="0.4" stroke="#FCFCFC" transform="scale(1, -1)" fill-opacity="0" text-anchor="middle"><text font-size="2">0.0,0.0</text></g></g><g transform="translate(0, 0)"><g transform="scale(1, -1)" text-anchor="middle"><text font-size="2">0.0,0.0</text></g></g></g></g></g><circle fill="#FF0000" r="0.1" /></g></g></g></g></svg>
