0<svg viewBox="-8 -4.5 16 9" xmlns="http://www.w3.org/2000/svg" xmlns:xlink="http://www.w3.org/1999/xlink" version="1.1" preserveAspectRatio="none"><g stroke-width="0.05" transform="scale(1, -1)"><g><g stroke-width="0" fill="#000000" transform="translate(-8, -4.5)" fill-opacity="1"><rect width="16" height="9" /></g><g stroke-width="0.01" stroke="#FFFFFF" transform="scale(2)" fill-opacity="0"><g transform="translate(0, 0)"><g transform="scale(1, -1)" text-anchor="middle"><text font-size="2">\begin{align*}\sum_{k=1}^\infty {1 \over k^2} = {\pi^2 \over 6}\end{align*}</text></g></g></g><g stroke-width="0.01" fill="#FFFFFF" transform="scale(2)" fill-opacity="0"><g transform="translate(0, 0)"><g transform="scale(1, -1)" text-anchor="middle"><text font-size="2">\begin{align*}\sum_{k=1}^\infty {1 \over k^2} = {\pi^2 \over 6}\end{align*}</text></g></g></g></g></g></svg>
1<svg viewBox="-8 -4.5 16 9" xmlns="http://www.w3.org/2000/svg" xmlns:xlink="http://www.w3.org/1999/xlink" version="1.1" preserveAspectRatio="none"><g stroke-width="0.05" transform="scale(1, -1)"><g><g stroke-width="0" fill="#000000" transform="translate(-8, -4.5)" fill-opacity="1"><rect width="16" height="9" /></g><g stroke-width="0.01" stroke="#FFFFFF" transform="scale(2)" fill-opacity="0"><g transform="translate(0, 0)"><g transform="scale(1, -1)" text-anchor="middle"><text font-size="2">\begin{align*}\sum_{k=1}^\infty {1 \over k^2} = {\pi^2 \over 6}\end{align*}</text></g></g></g><g stroke-width="0.01" fill="#FFFFFF" transform="scale(2)" fill-opacity="0.222222"><g transform="translate(0, 0)"><g transform="scale(1, -1)" text-anchor="middle"><text font-size="2">\begin{align*}\sum_{k=1}^\infty {1 \over k^2} = {\pi^2 \over 6}\end{align*}</text></g></g></g></g></g></svg>
2<svg viewBox="-8 -4.5 16 9" xmlns="http://www.w3.org/2000/svg" xmlns:xlink="http://www.w3.org/1999/xlink" version="1.1" preserveAspectRatio="none"><g stroke-width="0.05" transform="scale(1, -1)"><g><g stroke-width="0" fill="#000000" transform="translate(-8, -4.5)" fill-opacity="1"><rect width="16" height="9" /></g><g stroke-width="0.01" stroke="#FFFFFF" transform="scale(2)" fill-opacity="0"><g transform="translate(0, 0)"><g transform="scale(1, -1)" text-anchor="middle"><text font-size="2">\begin{align*}\sum_{k=1}^\infty {1 \over k^2} = {\pi^2 \over 6}\end{align*}</text></g></g></g><g stroke-width="0.01" fill="#FFFFFF" transform="scale(2)" fill-opacity="0.444444"><g transform="translate(0, 0)"><g transform="scale(1, -1)" text-anchor="middle"><text font-size="2">\begin{align*}\sum_{k=1}^\infty {1 \over k^2} = {\pi^2 \over 6}\end{align*}</text></g></g></g></g></g></svg>
3<svg viewBox="-8 -4.5 16 9" xmlns="http://www.w3.org/2000/svg" xmlns:xlink="http://www.w3.org/1999/xlink" version="1.1" preserveAspectRatio="none"><g stroke-width="0.05" transform="scale(1, -1)"><g><g stroke-width="0" fill="#000000" transform="translate(-8, -4.5)" fill-opacity="1"><rect width="16" height="9" /></g><g stroke-width="0.01" stroke="#FFFFFF" transform="scale(2)" fill-opacity="0"><g transform="translate(0, 0)"><g transform="scale(1, -1)" text-anchor="middle"><text font-size="2">\begin{align*}\sum_{k=1}^\infty {1 \over k^2} = {\pi^2 \over 6}\end{align*}</text></g></g></g><g stroke-width="0.01" fill="#FFFFFF" transform="scale(2)" fill-opacity="0.666667"><g transform="translate(0, 0)"><g transform="scale(1, -1)" text-anchor="middle"><text font-size="2">\begin{align*}\sum_{k=1}^\infty {1 \over k^2} = {\pi^2 \over 6}\end{align*}</text></g></g></g></g></g></svg>
4<svg viewBox="-8 -4.5 16 9" xmlns="http://www.w3.org/2000/svg" xmlns:xlink="http://www.w3.org/1999/xlink" version="1.1" preserveAspectRatio="none"><g stroke-width="0.05" transform="scale(1, -1)"><g><g stroke-width="0" fill="#000000" transform="translate(-8, -4.5)" fill-opacity="1"><rect width="16" height="9" /></g><g stroke-width="0.01" stroke="#FFFFFF" transform="scale(2)" fill-opacity="0"><g transform="translate(0, 0)"><g transform="scale(1, -1)" text-anchor="middle"><text font-size="2">\begin{align*}\sum_{k=1}^\infty {1 \over k^2} = {\pi^2 \over 6}\end{align*}</text></g></g></g><g stroke-width="0.01" fill="#FFFFFF" transform="scale(2)" fill-opacity="0.888889"><g transform="translate(0, 0)"><g transform="scale(1, -1)" text-anchor="middle"><text font-size="2">\begin{align*}\sum_{k=1}^\infty {1 \over k^2} = {\pi^2 \over 6}\end{align*}</text></g></g></g></g></g></svg>
5<svg viewBox="-8 -4.5 16 9" xmlns="http://www.w3.org/2000/svg" xmlns:xlink="http://www.w3.org/1999/xlink" version="1.1" preserveAspectRatio="none"><g stroke-width="0.05" transform="scale(1, -1)"><g><g stroke-width="0" fill="#000000" transform="translate(-8, -4.5)" fill-opacity="1"><rect width="16" height="9" /></g><g stroke-width="0.01" stroke="#FFFFFF" transform="scale(2)" fill-opacity="0"><g transform="translate(0, 0)"><g transform="scale(1, -1)" text-anchor="middle"><text font-size="2">\begin{align*}\sum_{k=1}^\infty {1 \over k^2} = {\pi^2 \over 6}\end{align*}</text></g></g></g><g stroke-width="0.01" fill="#FFFFFF" transform="scale(2)" fill-opacity="0.888889"><g transform="translate(0, 0)"><g transform="scale(1, -1)" text-anchor="middle"><text font-size="2">\begin{align*}\sum_{k=1}^\infty {1 \over k^2} = {\pi^2 \over 6}\end{align*}</text></g></g></g></g></g></svg>
6<svg viewBox="-8 -4.5 16 9" xmlns="http://www.w3.org/2000/svg" xmlns:xlink="http://www.w3.org/1999/xlink" version="1.1" preserveAspectRatio="none"><g stroke-width="0.05" transform="scale(1, -1)"><g><g stroke-width="0" fill="#000000" transform="translate(-8, -4.5)" fill-opacity="1"><rect width="16" height="9" /></g><g stroke-width="0.01" stroke="#FFFFFF" transform="scale(2)" fill-opacity="0"><g transform="translate(0, 0)"><g transform="scale(1, -1)" text-anchor="middle"><text font-size="2">\begin{align*}\sum_{k=1}^\infty {1 \over k^2} = {\pi^2 \over 6}\end{align*}</text></g></g></g><g stroke-width="0.01" fill="#FFFFFF" transform="scale(2)" fill-opacity="0.666667"><g transform="translate(0, 0)"><g transform="scale(1, -1)" text-anchor="middle"><text font-size="2">\begin{align*}\sum_{k=1}^\infty {1 \over k^2} = {\pi^2 \over 6}\end{align*}</text></g></g></g></g></g></svg>
7<svg viewBox="-8 -4.5 16 9" xmlns="http://www.w3.org/2000/svg" xmlns:xlink="http://www.w3.org/1999/xlink" version="1.1" preserveAspectRatio="none"><g stroke-width="0.05" transform="scale(1, -1)"><g><g stroke-width="0" fill="#000000" transform="translate(-8, -4.5)" fill-opacity="1"><rect width="16" height="9" /></g><g stroke-width="0.01" stroke="#FFFFFF" transform="scale(2)" fill-opacity="0"><g transform="translate(0, 0)"><g transform="scale(1, -1)" text-anchor="middle"><text font-size="2">\begin{align*}\sum_{k=1}^\infty {1 \over k^2} = {\pi^2 \over 6}\end{align*}</text></g></g></g><g stroke-width="0.01" fill="#FFFFFF" transform="scale(2)" fill-opacity="0.444444"><g transform="translate(0, 0)"><g transform="scale(1, -1)" text-anchor="middle"><text font-size="2">\begin{align*}\sum_{k=1}^\infty {1 \over k^2} = {\pi^2 \over 6}\end{align*}</text></g></g></g></g></g></svg>
8<svg viewBox="-8 -4.5 16 9" xmlns="http://www.w3.org/2000/svg" xmlns:xlink="http://www.w3.org/1999/xlink" version="1.1" preserveAspectRatio="none"><g stroke-width="0.05" transform="scale(1, -1)"><g><g stroke-width="0" fill="#000000" transform="translate(-8, -4.5)" fill-opacity="1"><rect width="16" height="9" /></g><g stroke-width="0.01" stroke="#FFFFFF" transform="scale(2)" fill-opacity="0"><g transform="translate(0, 0)"><g transform="scale(1, -1)" text-anchor="middle"><text font-size="2">\begin{align*}\sum_{k=1}^\infty {1 \over k^2} = {\pi^2 \over 6}\end{align*}</text></g></g></g><g stroke-width="0.01" fill="#FFFFFF" transform="scale(2)" fill-opacity="0.222222"><g transform="translate(0, 0)"><g transform="scale(1, -1)" text-anchor="middle"><text font-size="2">\begin{align*}\sum_{k=1}^\infty {1 \over k^2} = {\pi^2 \over 6}\end{align*}</text></g></g></g></g></g></svg>
9<svg viewBox="-8 -4.5 16 9" xmlns="http://www.w3.org/2000/svg" xmlns:xlink="http://www.w3.org/1999/xlink" version="1.1" preserveAspectRatio="none"><g stroke-width="0.05" transform="scale(1, -1)"><g><g stroke-width="0" fill="#000000" transform="translate(-8, -4.5)" fill-opacity="1"><rect width="16" height="9" /></g><g stroke-width="0.01" stroke="#FFFFFF" transform="scale(2)" fill-opacity="0"><g transform="translate(0, 0)"><g transform="scale(1, -1)" text-anchor="middle"><text font-size="2">\begin{align*}\sum_{k=1}^\infty {1 \over k^2} = {\pi^2 \over 6}\end{align*}</text></g></g></g><g stroke-width="0.01" fill="#FFFFFF" transform="scale(2)" fill-opacity="0"><g transform="translate(0, 0)"><g transform="scale(1, -1)" text-anchor="middle"><text font-size="2">\begin{align*}\sum_{k=1}^\infty {1 \over k^2} = {\pi^2 \over 6}\end{align*}</text></g></g></g></g></g></svg>
